BUILD unit=cn-cy-100c-01-V2-LOCATIONS__mismatch00 elapsed=0.000000s result=PASS_REUSED_BYTE_IDENTICAL_AFTER_EQUIVALENCE reused=true
BUILD unit=cn-cy-100c-01-V2-LOCATIONS__mismatch25 elapsed=0.000000s result=PASS_REUSED_BYTE_IDENTICAL_AFTER_EQUIVALENCE reused=true
BUILD unit=cn-cy-100c-01-V2-LOCATIONS__mismatch50 elapsed=0.000000s result=PASS_REUSED_BYTE_IDENTICAL_AFTER_EQUIVALENCE reused=true
BUILD unit=cn-cy-100c-02-V2-LOCATIONS__mismatch00 elapsed=0.000000s result=PASS_REUSED_BYTE_IDENTICAL_AFTER_EQUIVALENCE reused=true
BUILD unit=cn-cy-100c-02-V2-LOCATIONS__mismatch25 elapsed=0.000000s result=PASS_REUSED_BYTE_IDENTICAL_AFTER_EQUIVALENCE reused=true
BUILD unit=cn-cy-100c-02-V2-LOCATIONS__mismatch50 elapsed=0.000000s result=PASS_REUSED_BYTE_IDENTICAL_AFTER_EQUIVALENCE reused=true
BUILD unit=cn-cy-100c-03-V2-LOCATIONS__mismatch00 elapsed=0.000000s result=PASS_REUSED_BYTE_IDENTICAL_AFTER_EQUIVALENCE reused=true
BUILD unit=cn-cy-100c-03-V2-LOCATIONS__mismatch25 elapsed=0.000000s result=PASS_REUSED_BYTE_IDENTICAL_AFTER_EQUIVALENCE reused=true
BUILD unit=cn-cy-100c-03-V2-LOCATIONS__mismatch50 elapsed=0.000000s result=PASS_REUSED_BYTE_IDENTICAL_AFTER_EQUIVALENCE reused=true
BUILD unit=cn-cy-150c-01-V2-LOCATIONS__mismatch00 elapsed=0.000000s result=PASS_REUSED_BYTE_IDENTICAL_AFTER_EQUIVALENCE reused=true
BUILD unit=cn-cy-150c-01-V2-LOCATIONS__mismatch25 elapsed=0.000000s result=PASS_REUSED_BYTE_IDENTICAL_AFTER_EQUIVALENCE reused=true
BUILD unit=cn-cy-150c-01-V2-LOCATIONS__mismatch50 elapsed=0.000000s result=PASS_REUSED_BYTE_IDENTICAL_AFTER_EQUIVALENCE reused=true
BUILD unit=cn-cy-150c-02-V2-LOCATIONS__mismatch00 elapsed=0.000000s result=PASS_REUSED_BYTE_IDENTICAL_AFTER_EQUIVALENCE reused=true
BUILD unit=cn-cy-150c-02-V2-LOCATIONS__mismatch25 elapsed=0.000000s result=PASS_REUSED_BYTE_IDENTICAL_AFTER_EQUIVALENCE reused=true
BUILD unit=cn-cy-150c-02-V2-LOCATIONS__mismatch50 elapsed=0.000000s result=PASS_REUSED_BYTE_IDENTICAL_AFTER_EQUIVALENCE reused=true
BUILD unit=cn-cy-150c-03-V2-LOCATIONS__mismatch00 elapsed=0.000000s result=PASS_REUSED_BYTE_IDENTICAL_AFTER_EQUIVALENCE reused=true
BUILD unit=cn-cy-150c-03-V2-LOCATIONS__mismatch25 elapsed=0.000000s result=PASS_REUSED_BYTE_IDENTICAL_AFTER_EQUIVALENCE reused=true
BUILD unit=cn-cy-150c-03-V2-LOCATIONS__mismatch50 elapsed=0.000000s result=PASS_REUSED_BYTE_IDENTICAL_AFTER_EQUIVALENCE reused=true
BUILD unit=cn-cy-200c-01-V2-LOCATIONS__mismatch00 elapsed=0.000000s result=PASS_REUSED_BYTE_IDENTICAL_AFTER_EQUIVALENCE reused=true
BUILD unit=cn-cy-200c-01-V2-LOCATIONS__mismatch25 elapsed=0.000000s result=PASS_REUSED_BYTE_IDENTICAL_AFTER_EQUIVALENCE reused=true
BUILD unit=cn-cy-200c-01-V2-LOCATIONS__mismatch50 elapsed=0.000000s result=PASS_REUSED_BYTE_IDENTICAL_AFTER_EQUIVALENCE reused=true
BUILD unit=cn-cy-200c-02-V2-LOCATIONS__mismatch00 elapsed=0.000000s result=PASS_REUSED_BYTE_IDENTICAL_AFTER_EQUIVALENCE reused=true
BUILD unit=cn-cy-200c-02-V2-LOCATIONS__mismatch25 elapsed=0.000000s result=PASS_REUSED_BYTE_IDENTICAL_AFTER_EQUIVALENCE reused=true
BUILD unit=cn-cy-200c-02-V2-LOCATIONS__mismatch50 elapsed=0.000000s result=PASS_REUSED_BYTE_IDENTICAL_AFTER_EQUIVALENCE reused=true
BUILD unit=cn-cy-200c-03-V2-LOCATIONS__mismatch00 elapsed=0.000000s result=PASS_REUSED_BYTE_IDENTICAL_AFTER_EQUIVALENCE reused=true
BUILD unit=cn-cy-200c-03-V2-LOCATIONS__mismatch25 elapsed=0.000000s result=PASS_REUSED_BYTE_IDENTICAL_AFTER_EQUIVALENCE reused=true
BUILD unit=cn-cy-200c-03-V2-LOCATIONS__mismatch50 elapsed=0.000000s result=PASS_REUSED_BYTE_IDENTICAL_AFTER_EQUIVALENCE reused=true
BUILD unit=cn-cy-50c-01-V2-LOCATIONS__mismatch00 elapsed=0.000000s result=PASS_REUSED_BYTE_IDENTICAL_AFTER_EQUIVALENCE reused=true
BUILD unit=cn-cy-50c-01-V2-LOCATIONS__mismatch25 elapsed=0.000000s result=PASS_REUSED_BYTE_IDENTICAL_AFTER_EQUIVALENCE reused=true
BUILD unit=cn-cy-50c-01-V2-LOCATIONS__mismatch50 elapsed=0.000000s result=PASS_REUSED_BYTE_IDENTICAL_AFTER_EQUIVALENCE reused=true
BUILD unit=cn-cy-50c-02-V2-LOCATIONS__mismatch00 elapsed=0.000000s result=PASS_REUSED_BYTE_IDENTICAL_AFTER_EQUIVALENCE reused=true
BUILD unit=cn-cy-50c-02-V2-LOCATIONS__mismatch25 elapsed=0.000000s result=PASS_REUSED_BYTE_IDENTICAL_AFTER_EQUIVALENCE reused=true
BUILD unit=cn-cy-50c-02-V2-LOCATIONS__mismatch50 elapsed=0.000000s result=PASS_REUSED_BYTE_IDENTICAL_AFTER_EQUIVALENCE reused=true
BUILD unit=cn-cy-50c-03-V2-LOCATIONS__mismatch00 elapsed=0.000000s result=PASS_REUSED_BYTE_IDENTICAL_AFTER_EQUIVALENCE reused=true
BUILD unit=cn-cy-50c-03-V2-LOCATIONS__mismatch25 elapsed=0.000000s result=PASS_REUSED_BYTE_IDENTICAL_AFTER_EQUIVALENCE reused=true
BUILD unit=cn-cy-50c-03-V2-LOCATIONS__mismatch50 elapsed=0.000000s result=PASS_REUSED_BYTE_IDENTICAL_AFTER_EQUIVALENCE reused=true
BUILD unit=cn-cy-75c-01-V2-LOCATIONS__mismatch00 elapsed=0.000000s result=PASS_REUSED_BYTE_IDENTICAL_AFTER_EQUIVALENCE reused=true
BUILD unit=cn-cy-75c-01-V2-LOCATIONS__mismatch25 elapsed=0.000000s result=PASS_REUSED_BYTE_IDENTICAL_AFTER_EQUIVALENCE reused=true
BUILD unit=cn-cy-75c-01-V2-LOCATIONS__mismatch50 elapsed=0.000000s result=PASS_REUSED_BYTE_IDENTICAL_AFTER_EQUIVALENCE reused=true
BUILD unit=cn-cy-75c-02-V2-LOCATIONS__mismatch00 elapsed=0.000000s result=PASS_REUSED_BYTE_IDENTICAL_AFTER_EQUIVALENCE reused=true
BUILD unit=cn-cy-75c-02-V2-LOCATIONS__mismatch25 elapsed=0.000000s result=PASS_REUSED_BYTE_IDENTICAL_AFTER_EQUIVALENCE reused=true
BUILD unit=cn-cy-75c-02-V2-LOCATIONS__mismatch50 elapsed=0.000000s result=PASS_REUSED_BYTE_IDENTICAL_AFTER_EQUIVALENCE reused=true
BUILD unit=cn-cy-75c-03-V2-LOCATIONS__mismatch00 elapsed=0.000000s result=PASS_REUSED_BYTE_IDENTICAL_AFTER_EQUIVALENCE reused=true
BUILD unit=cn-cy-75c-03-V2-LOCATIONS__mismatch25 elapsed=0.000000s result=PASS_REUSED_BYTE_IDENTICAL_AFTER_EQUIVALENCE reused=true
BUILD unit=cn-cy-75c-03-V2-LOCATIONS__mismatch50 elapsed=0.000000s result=PASS_REUSED_BYTE_IDENTICAL_AFTER_EQUIVALENCE reused=true
BUILD unit=cn-jjj-100c-01-V2-LOCATIONS__mismatch00 elapsed=0.000000s result=PASS_REUSED_BYTE_IDENTICAL_AFTER_EQUIVALENCE reused=true
BUILD unit=cn-jjj-100c-01-V2-LOCATIONS__mismatch25 elapsed=0.000000s result=PASS_REUSED_BYTE_IDENTICAL_AFTER_EQUIVALENCE reused=true
BUILD unit=cn-jjj-100c-01-V2-LOCATIONS__mismatch50 elapsed=0.000000s result=INFEASIBLE_INPUT reused=true
BUILD unit=cn-jjj-100c-02-V2-LOCATIONS__mismatch00 elapsed=0.000000s result=PASS_REUSED_BYTE_IDENTICAL_AFTER_EQUIVALENCE reused=true
BUILD unit=cn-jjj-100c-02-V2-LOCATIONS__mismatch25 elapsed=0.000000s result=PASS_REUSED_BYTE_IDENTICAL_AFTER_EQUIVALENCE reused=true
BUILD unit=cn-jjj-100c-02-V2-LOCATIONS__mismatch50 elapsed=0.000000s result=INFEASIBLE_INPUT reused=true
BUILD unit=cn-jjj-100c-03-V2-LOCATIONS__mismatch00 elapsed=0.000000s result=PASS_REUSED_BYTE_IDENTICAL_AFTER_EQUIVALENCE reused=true
BUILD unit=cn-jjj-100c-03-V2-LOCATIONS__mismatch25 elapsed=0.000000s result=PASS_REUSED_BYTE_IDENTICAL_AFTER_EQUIVALENCE reused=true
BUILD unit=cn-jjj-100c-03-V2-LOCATIONS__mismatch50 elapsed=0.000000s result=INFEASIBLE_INPUT reused=true
BUILD unit=cn-jjj-150c-01-V2-LOCATIONS__mismatch00 elapsed=0.000000s result=PASS_REUSED_BYTE_IDENTICAL_AFTER_EQUIVALENCE reused=true
BUILD unit=cn-jjj-150c-01-V2-LOCATIONS__mismatch25 elapsed=0.000000s result=PASS_REUSED_BYTE_IDENTICAL_AFTER_EQUIVALENCE reused=true
BUILD unit=cn-jjj-150c-02-V2-LOCATIONS__mismatch00 elapsed=0.083658s result=PASS_INPUT_MAPPING_AND_ROUTE_GROUPS_ONLY reused=false
BUILD unit=cn-jjj-150c-02-V2-LOCATIONS__mismatch25 elapsed=0.132624s result=PASS_INPUT_MAPPING_AND_ROUTE_GROUPS_ONLY reused=false
BUILD unit=cn-jjj-150c-03-V2-LOCATIONS__mismatch00 elapsed=0.083268s result=PASS_INPUT_MAPPING_AND_ROUTE_GROUPS_ONLY reused=false
BUILD unit=cn-jjj-150c-03-V2-LOCATIONS__mismatch25 elapsed=0.186255s result=PASS_INPUT_MAPPING_AND_ROUTE_GROUPS_ONLY reused=false
BUILD unit=cn-jjj-200c-01-V2-LOCATIONS__mismatch00 elapsed=0.158349s result=PASS_INPUT_MAPPING_AND_ROUTE_GROUPS_ONLY reused=false
BUILD unit=cn-jjj-200c-01-V2-LOCATIONS__mismatch25 elapsed=0.361281s result=PASS_INPUT_MAPPING_AND_ROUTE_GROUPS_ONLY reused=false
Traceback (most recent call last):
  File "/Volumes/移动硬盘（512G）/ReSETP/baselines/china_e3_e7/e3e6_inputs_20260730/build_inputs.py", line 1000, in run_build
    for future in as_completed(futures):
                  ~~~~~~~~~~~~^^^^^^^^^
  File "/opt/anaconda3/lib/python3.13/concurrent/futures/_base.py", line 243, in as_completed
    waiter.event.wait(wait_timeout)
    ~~~~~~~~~~~~~~~~~^^^^^^^^^^^^^^
  File "/opt/anaconda3/lib/python3.13/threading.py", line 659, in wait
    signaled = self._cond.wait(timeout)
  File "/opt/anaconda3/lib/python3.13/threading.py", line 359, in wait
    waiter.acquire()
    ~~~~~~~~~~~~~~^^
KeyboardInterrupt

During handling of the above exception, another exception occurred:

Traceback (most recent call last):
  File "/Volumes/移动硬盘（512G）/ReSETP/baselines/china_e3_e7/e3e6_inputs_20260730/build_inputs.py", line 1137, in <module>
    main()
    ~~~~^^
  File "/Volumes/移动硬盘（512G）/ReSETP/baselines/china_e3_e7/e3e6_inputs_20260730/build_inputs.py", line 1133, in main
    run_build(args.workers)
    ~~~~~~~~~^^^^^^^^^^^^^^
  File "/Volumes/移动硬盘（512G）/ReSETP/baselines/china_e3_e7/e3e6_inputs_20260730/build_inputs.py", line 996, in run_build
    with ProcessPoolExecutor(max_workers=workers) as pool:
         ~~~~~~~~~~~~~~~~~~~^^^^^^^^^^^^^^^^^^^^^
  File "/opt/anaconda3/lib/python3.13/concurrent/futures/_base.py", line 647, in __exit__
    self.shutdown(wait=True)
    ~~~~~~~~~~~~~^^^^^^^^^^^
  File "/opt/anaconda3/lib/python3.13/concurrent/futures/process.py", line 851, in shutdown
    self._executor_manager_thread.join()
    ~~~~~~~~~~~~~~~~~~~~~~~~~~~~~~~~~~^^
  File "/opt/anaconda3/lib/python3.13/threading.py", line 1094, in join
    self._handle.join(timeout)
    ~~~~~~~~~~~~~~~~~^^^^^^^^^
KeyboardInterrupt
