BUILD unit=cn-cy-100c-01-V2-LOCATIONS__mismatch00 elapsed=0.000000s result=PASS_REUSED_BYTE_IDENTICAL_AFTER_EQUIVALENCE reused=true
BUILD unit=cn-cy-100c-01-V2-LOCATIONS__mismatch25 elapsed=0.000000s result=PASS_REUSED_BYTE_IDENTICAL_AFTER_EQUIVALENCE reused=true
BUILD unit=cn-cy-100c-01-V2-LOCATIONS__mismatch50 elapsed=0.000000s result=PASS_REUSED_BYTE_IDENTICAL_AFTER_EQUIVALENCE reused=true
BUILD unit=cn-cy-100c-02-V2-LOCATIONS__mismatch00 elapsed=0.000000s result=PASS_REUSED_BYTE_IDENTICAL_AFTER_EQUIVALENCE reused=true
BUILD unit=cn-cy-100c-02-V2-LOCATIONS__mismatch25 elapsed=0.000000s result=PASS_REUSED_BYTE_IDENTICAL_AFTER_EQUIVALENCE reused=true
BUILD unit=cn-cy-100c-02-V2-LOCATIONS__mismatch50 elapsed=0.000000s result=PASS_REUSED_BYTE_IDENTICAL_AFTER_EQUIVALENCE reused=true
BUILD unit=cn-cy-100c-03-V2-LOCATIONS__mismatch00 elapsed=0.000000s result=PASS_REUSED_BYTE_IDENTICAL_AFTER_EQUIVALENCE reused=true
BUILD unit=cn-cy-100c-03-V2-LOCATIONS__mismatch25 elapsed=0.000000s result=PASS_REUSED_BYTE_IDENTICAL_AFTER_EQUIVALENCE reused=true
BUILD unit=cn-cy-100c-03-V2-LOCATIONS__mismatch50 elapsed=0.000000s result=PASS_REUSED_BYTE_IDENTICAL_AFTER_EQUIVALENCE reused=true
BUILD unit=cn-cy-150c-01-V2-LOCATIONS__mismatch00 elapsed=0.000000s result=PASS_REUSED_BYTE_IDENTICAL_AFTER_EQUIVALENCE reused=true
BUILD unit=cn-cy-150c-01-V2-LOCATIONS__mismatch25 elapsed=0.000000s result=PASS_REUSED_BYTE_IDENTICAL_AFTER_EQUIVALENCE reused=true
BUILD unit=cn-cy-150c-01-V2-LOCATIONS__mismatch50 elapsed=0.000000s result=PASS_REUSED_BYTE_IDENTICAL_AFTER_EQUIVALENCE reused=true
BUILD unit=cn-cy-150c-02-V2-LOCATIONS__mismatch00 elapsed=0.000000s result=PASS_REUSED_BYTE_IDENTICAL_AFTER_EQUIVALENCE reused=true
BUILD unit=cn-cy-150c-02-V2-LOCATIONS__mismatch25 elapsed=0.000000s result=PASS_REUSED_BYTE_IDENTICAL_AFTER_EQUIVALENCE reused=true
BUILD unit=cn-cy-150c-02-V2-LOCATIONS__mismatch50 elapsed=0.000000s result=PASS_REUSED_BYTE_IDENTICAL_AFTER_EQUIVALENCE reused=true
BUILD unit=cn-cy-150c-03-V2-LOCATIONS__mismatch00 elapsed=0.000000s result=PASS_REUSED_BYTE_IDENTICAL_AFTER_EQUIVALENCE reused=true
BUILD unit=cn-cy-150c-03-V2-LOCATIONS__mismatch25 elapsed=0.000000s result=PASS_REUSED_BYTE_IDENTICAL_AFTER_EQUIVALENCE reused=true
BUILD unit=cn-cy-150c-03-V2-LOCATIONS__mismatch50 elapsed=0.000000s result=PASS_REUSED_BYTE_IDENTICAL_AFTER_EQUIVALENCE reused=true
BUILD unit=cn-cy-200c-01-V2-LOCATIONS__mismatch00 elapsed=0.000000s result=PASS_REUSED_BYTE_IDENTICAL_AFTER_EQUIVALENCE reused=true
BUILD unit=cn-cy-200c-01-V2-LOCATIONS__mismatch25 elapsed=0.000000s result=PASS_REUSED_BYTE_IDENTICAL_AFTER_EQUIVALENCE reused=true
BUILD unit=cn-cy-200c-01-V2-LOCATIONS__mismatch50 elapsed=0.000000s result=PASS_REUSED_BYTE_IDENTICAL_AFTER_EQUIVALENCE reused=true
BUILD unit=cn-cy-200c-02-V2-LOCATIONS__mismatch00 elapsed=0.000000s result=PASS_REUSED_BYTE_IDENTICAL_AFTER_EQUIVALENCE reused=true
BUILD unit=cn-cy-200c-02-V2-LOCATIONS__mismatch25 elapsed=0.000000s result=PASS_REUSED_BYTE_IDENTICAL_AFTER_EQUIVALENCE reused=true
BUILD unit=cn-cy-200c-02-V2-LOCATIONS__mismatch50 elapsed=0.000000s result=PASS_REUSED_BYTE_IDENTICAL_AFTER_EQUIVALENCE reused=true
BUILD unit=cn-cy-200c-03-V2-LOCATIONS__mismatch00 elapsed=0.000000s result=PASS_REUSED_BYTE_IDENTICAL_AFTER_EQUIVALENCE reused=true
BUILD unit=cn-cy-200c-03-V2-LOCATIONS__mismatch25 elapsed=0.000000s result=PASS_REUSED_BYTE_IDENTICAL_AFTER_EQUIVALENCE reused=true
BUILD unit=cn-cy-200c-03-V2-LOCATIONS__mismatch50 elapsed=0.000000s result=PASS_REUSED_BYTE_IDENTICAL_AFTER_EQUIVALENCE reused=true
BUILD unit=cn-cy-50c-01-V2-LOCATIONS__mismatch00 elapsed=0.000000s result=PASS_REUSED_BYTE_IDENTICAL_AFTER_EQUIVALENCE reused=true
BUILD unit=cn-cy-50c-01-V2-LOCATIONS__mismatch25 elapsed=0.000000s result=PASS_REUSED_BYTE_IDENTICAL_AFTER_EQUIVALENCE reused=true
BUILD unit=cn-cy-50c-01-V2-LOCATIONS__mismatch50 elapsed=0.000000s result=PASS_REUSED_BYTE_IDENTICAL_AFTER_EQUIVALENCE reused=true
BUILD unit=cn-cy-50c-02-V2-LOCATIONS__mismatch00 elapsed=0.000000s result=PASS_REUSED_BYTE_IDENTICAL_AFTER_EQUIVALENCE reused=true
BUILD unit=cn-cy-50c-02-V2-LOCATIONS__mismatch25 elapsed=0.000000s result=PASS_REUSED_BYTE_IDENTICAL_AFTER_EQUIVALENCE reused=true
BUILD unit=cn-cy-50c-02-V2-LOCATIONS__mismatch50 elapsed=0.000000s result=PASS_REUSED_BYTE_IDENTICAL_AFTER_EQUIVALENCE reused=true
BUILD unit=cn-cy-50c-03-V2-LOCATIONS__mismatch00 elapsed=0.000000s result=PASS_REUSED_BYTE_IDENTICAL_AFTER_EQUIVALENCE reused=true
BUILD unit=cn-cy-50c-03-V2-LOCATIONS__mismatch25 elapsed=0.000000s result=PASS_REUSED_BYTE_IDENTICAL_AFTER_EQUIVALENCE reused=true
BUILD unit=cn-cy-50c-03-V2-LOCATIONS__mismatch50 elapsed=0.000000s result=PASS_REUSED_BYTE_IDENTICAL_AFTER_EQUIVALENCE reused=true
BUILD unit=cn-cy-75c-01-V2-LOCATIONS__mismatch00 elapsed=0.000000s result=PASS_REUSED_BYTE_IDENTICAL_AFTER_EQUIVALENCE reused=true
BUILD unit=cn-cy-75c-01-V2-LOCATIONS__mismatch25 elapsed=0.000000s result=PASS_REUSED_BYTE_IDENTICAL_AFTER_EQUIVALENCE reused=true
BUILD unit=cn-cy-75c-01-V2-LOCATIONS__mismatch50 elapsed=0.000000s result=PASS_REUSED_BYTE_IDENTICAL_AFTER_EQUIVALENCE reused=true
BUILD unit=cn-cy-75c-02-V2-LOCATIONS__mismatch00 elapsed=0.000000s result=PASS_REUSED_BYTE_IDENTICAL_AFTER_EQUIVALENCE reused=true
BUILD unit=cn-cy-75c-02-V2-LOCATIONS__mismatch25 elapsed=0.000000s result=PASS_REUSED_BYTE_IDENTICAL_AFTER_EQUIVALENCE reused=true
BUILD unit=cn-cy-75c-02-V2-LOCATIONS__mismatch50 elapsed=0.000000s result=PASS_REUSED_BYTE_IDENTICAL_AFTER_EQUIVALENCE reused=true
BUILD unit=cn-cy-75c-03-V2-LOCATIONS__mismatch00 elapsed=0.000000s result=PASS_REUSED_BYTE_IDENTICAL_AFTER_EQUIVALENCE reused=true
BUILD unit=cn-cy-75c-03-V2-LOCATIONS__mismatch25 elapsed=0.000000s result=PASS_REUSED_BYTE_IDENTICAL_AFTER_EQUIVALENCE reused=true
BUILD unit=cn-cy-75c-03-V2-LOCATIONS__mismatch50 elapsed=0.000000s result=PASS_REUSED_BYTE_IDENTICAL_AFTER_EQUIVALENCE reused=true
BUILD unit=cn-jjj-100c-01-V2-LOCATIONS__mismatch00 elapsed=0.000000s result=PASS_REUSED_BYTE_IDENTICAL_AFTER_EQUIVALENCE reused=true
BUILD unit=cn-jjj-100c-01-V2-LOCATIONS__mismatch25 elapsed=0.000000s result=PASS_REUSED_BYTE_IDENTICAL_AFTER_EQUIVALENCE reused=true
BUILD unit=cn-jjj-100c-01-V2-LOCATIONS__mismatch50 elapsed=0.000000s result=INFEASIBLE_INPUT reused=true
BUILD unit=cn-jjj-100c-02-V2-LOCATIONS__mismatch00 elapsed=0.000000s result=PASS_REUSED_BYTE_IDENTICAL_AFTER_EQUIVALENCE reused=true
BUILD unit=cn-jjj-100c-02-V2-LOCATIONS__mismatch25 elapsed=0.000000s result=PASS_REUSED_BYTE_IDENTICAL_AFTER_EQUIVALENCE reused=true
BUILD unit=cn-jjj-100c-02-V2-LOCATIONS__mismatch50 elapsed=0.000000s result=INFEASIBLE_INPUT reused=true
BUILD unit=cn-jjj-100c-03-V2-LOCATIONS__mismatch00 elapsed=0.000000s result=PASS_REUSED_BYTE_IDENTICAL_AFTER_EQUIVALENCE reused=true
BUILD unit=cn-jjj-100c-03-V2-LOCATIONS__mismatch25 elapsed=0.000000s result=PASS_REUSED_BYTE_IDENTICAL_AFTER_EQUIVALENCE reused=true
BUILD unit=cn-jjj-100c-03-V2-LOCATIONS__mismatch50 elapsed=0.000000s result=INFEASIBLE_INPUT reused=true
BUILD unit=cn-jjj-150c-01-V2-LOCATIONS__mismatch00 elapsed=0.000000s result=PASS_REUSED_BYTE_IDENTICAL_AFTER_EQUIVALENCE reused=true
BUILD unit=cn-jjj-150c-01-V2-LOCATIONS__mismatch25 elapsed=0.000000s result=PASS_REUSED_BYTE_IDENTICAL_AFTER_EQUIVALENCE reused=true
BUILD unit=cn-jjj-150c-02-V2-LOCATIONS__mismatch00 elapsed=0.082327s result=PASS_INPUT_MAPPING_AND_ROUTE_GROUPS_ONLY reused=false
BUILD unit=cn-jjj-150c-03-V2-LOCATIONS__mismatch00 elapsed=0.082151s result=PASS_INPUT_MAPPING_AND_ROUTE_GROUPS_ONLY reused=false
BUILD unit=cn-jjj-150c-02-V2-LOCATIONS__mismatch25 elapsed=2.025566s result=PASS_INPUT_MAPPING_AND_ROUTE_GROUPS_ONLY reused=false
BUILD unit=cn-jjj-150c-03-V2-LOCATIONS__mismatch25 elapsed=3.963386s result=PASS_INPUT_MAPPING_AND_ROUTE_GROUPS_ONLY reused=false
BUILD unit=cn-jjj-200c-01-V2-LOCATIONS__mismatch00 elapsed=0.142908s result=PASS_INPUT_MAPPING_AND_ROUTE_GROUPS_ONLY reused=false
BUILD unit=cn-jjj-200c-01-V2-LOCATIONS__mismatch25 elapsed=3.173389s result=PASS_INPUT_MAPPING_AND_ROUTE_GROUPS_ONLY reused=false
/opt/anaconda3/lib/python3.13/multiprocessing/resource_tracker.py:324: UserWarning: resource_tracker: There appear to be 5 leaked semaphore objects to clean up at shutdown: {'/mp-i0z02rap', '/mp-5mje8tck', '/mp-at7yk85h', '/mp-4n772ohn', '/mp-r4_tee_r'}
  warnings.warn(
