BUILD unit=cn-cy-100c-01-V2-LOCATIONS__mismatch00 elapsed=0.000000s result=PASS_REUSED_BYTE_IDENTICAL_AFTER_EQUIVALENCE reused=true
BUILD unit=cn-cy-100c-01-V2-LOCATIONS__mismatch25 elapsed=0.000000s result=PASS_REUSED_BYTE_IDENTICAL_AFTER_EQUIVALENCE reused=true
BUILD unit=cn-cy-100c-01-V2-LOCATIONS__mismatch50 elapsed=0.000000s result=PASS_REUSED_BYTE_IDENTICAL_AFTER_EQUIVALENCE reused=true
BUILD unit=cn-cy-100c-02-V2-LOCATIONS__mismatch00 elapsed=0.000000s result=PASS_REUSED_BYTE_IDENTICAL_AFTER_EQUIVALENCE reused=true
BUILD unit=cn-cy-100c-02-V2-LOCATIONS__mismatch25 elapsed=0.000000s result=PASS_REUSED_BYTE_IDENTICAL_AFTER_EQUIVALENCE reused=true
BUILD unit=cn-cy-100c-02-V2-LOCATIONS__mismatch50 elapsed=0.000000s result=PASS_REUSED_BYTE_IDENTICAL_AFTER_EQUIVALENCE reused=true
BUILD unit=cn-cy-100c-03-V2-LOCATIONS__mismatch00 elapsed=0.000000s result=PASS_REUSED_BYTE_IDENTICAL_AFTER_EQUIVALENCE reused=true
BUILD unit=cn-cy-100c-03-V2-LOCATIONS__mismatch25 elapsed=0.000000s result=PASS_REUSED_BYTE_IDENTICAL_AFTER_EQUIVALENCE reused=true
BUILD unit=cn-cy-100c-03-V2-LOCATIONS__mismatch50 elapsed=0.000000s result=PASS_REUSED_BYTE_IDENTICAL_AFTER_EQUIVALENCE reused=true
BUILD unit=cn-cy-150c-01-V2-LOCATIONS__mismatch00 elapsed=0.000000s result=PASS_REUSED_BYTE_IDENTICAL_AFTER_EQUIVALENCE reused=true
BUILD unit=cn-cy-150c-01-V2-LOCATIONS__mismatch25 elapsed=0.000000s result=PASS_REUSED_BYTE_IDENTICAL_AFTER_EQUIVALENCE reused=true
BUILD unit=cn-cy-150c-01-V2-LOCATIONS__mismatch50 elapsed=0.000000s result=PASS_REUSED_BYTE_IDENTICAL_AFTER_EQUIVALENCE reused=true
BUILD unit=cn-cy-150c-02-V2-LOCATIONS__mismatch00 elapsed=0.000000s result=PASS_REUSED_BYTE_IDENTICAL_AFTER_EQUIVALENCE reused=true
BUILD unit=cn-cy-150c-02-V2-LOCATIONS__mismatch25 elapsed=0.000000s result=PASS_REUSED_BYTE_IDENTICAL_AFTER_EQUIVALENCE reused=true
BUILD unit=cn-cy-150c-02-V2-LOCATIONS__mismatch50 elapsed=0.000000s result=PASS_REUSED_BYTE_IDENTICAL_AFTER_EQUIVALENCE reused=true
BUILD unit=cn-cy-150c-03-V2-LOCATIONS__mismatch00 elapsed=0.000000s result=PASS_REUSED_BYTE_IDENTICAL_AFTER_EQUIVALENCE reused=true
BUILD unit=cn-cy-150c-03-V2-LOCATIONS__mismatch25 elapsed=0.000000s result=PASS_REUSED_BYTE_IDENTICAL_AFTER_EQUIVALENCE reused=true
BUILD unit=cn-cy-150c-03-V2-LOCATIONS__mismatch50 elapsed=0.000000s result=PASS_REUSED_BYTE_IDENTICAL_AFTER_EQUIVALENCE reused=true
BUILD unit=cn-cy-200c-01-V2-LOCATIONS__mismatch00 elapsed=0.000000s result=PASS_REUSED_BYTE_IDENTICAL_AFTER_EQUIVALENCE reused=true
BUILD unit=cn-cy-200c-01-V2-LOCATIONS__mismatch25 elapsed=0.000000s result=PASS_REUSED_BYTE_IDENTICAL_AFTER_EQUIVALENCE reused=true
BUILD unit=cn-cy-200c-01-V2-LOCATIONS__mismatch50 elapsed=0.000000s result=PASS_REUSED_BYTE_IDENTICAL_AFTER_EQUIVALENCE reused=true
BUILD unit=cn-cy-200c-02-V2-LOCATIONS__mismatch00 elapsed=0.000000s result=PASS_REUSED_BYTE_IDENTICAL_AFTER_EQUIVALENCE reused=true
BUILD unit=cn-cy-200c-02-V2-LOCATIONS__mismatch25 elapsed=0.000000s result=PASS_REUSED_BYTE_IDENTICAL_AFTER_EQUIVALENCE reused=true
BUILD unit=cn-cy-200c-02-V2-LOCATIONS__mismatch50 elapsed=0.000000s result=PASS_REUSED_BYTE_IDENTICAL_AFTER_EQUIVALENCE reused=true
BUILD unit=cn-cy-200c-03-V2-LOCATIONS__mismatch00 elapsed=0.000000s result=PASS_REUSED_BYTE_IDENTICAL_AFTER_EQUIVALENCE reused=true
BUILD unit=cn-cy-200c-03-V2-LOCATIONS__mismatch25 elapsed=0.000000s result=PASS_REUSED_BYTE_IDENTICAL_AFTER_EQUIVALENCE reused=true
BUILD unit=cn-cy-200c-03-V2-LOCATIONS__mismatch50 elapsed=0.000000s result=PASS_REUSED_BYTE_IDENTICAL_AFTER_EQUIVALENCE reused=true
BUILD unit=cn-cy-50c-01-V2-LOCATIONS__mismatch00 elapsed=0.000000s result=PASS_REUSED_BYTE_IDENTICAL_AFTER_EQUIVALENCE reused=true
BUILD unit=cn-cy-50c-01-V2-LOCATIONS__mismatch25 elapsed=0.000000s result=PASS_REUSED_BYTE_IDENTICAL_AFTER_EQUIVALENCE reused=true
BUILD unit=cn-cy-50c-01-V2-LOCATIONS__mismatch50 elapsed=0.000000s result=PASS_REUSED_BYTE_IDENTICAL_AFTER_EQUIVALENCE reused=true
BUILD unit=cn-cy-50c-02-V2-LOCATIONS__mismatch00 elapsed=0.000000s result=PASS_REUSED_BYTE_IDENTICAL_AFTER_EQUIVALENCE reused=true
BUILD unit=cn-cy-50c-02-V2-LOCATIONS__mismatch25 elapsed=0.000000s result=PASS_REUSED_BYTE_IDENTICAL_AFTER_EQUIVALENCE reused=true
BUILD unit=cn-cy-50c-02-V2-LOCATIONS__mismatch50 elapsed=0.000000s result=PASS_REUSED_BYTE_IDENTICAL_AFTER_EQUIVALENCE reused=true
BUILD unit=cn-cy-50c-03-V2-LOCATIONS__mismatch00 elapsed=0.000000s result=PASS_REUSED_BYTE_IDENTICAL_AFTER_EQUIVALENCE reused=true
BUILD unit=cn-cy-50c-03-V2-LOCATIONS__mismatch25 elapsed=0.000000s result=PASS_REUSED_BYTE_IDENTICAL_AFTER_EQUIVALENCE reused=true
BUILD unit=cn-cy-50c-03-V2-LOCATIONS__mismatch50 elapsed=0.000000s result=PASS_REUSED_BYTE_IDENTICAL_AFTER_EQUIVALENCE reused=true
BUILD unit=cn-cy-75c-01-V2-LOCATIONS__mismatch00 elapsed=0.000000s result=PASS_REUSED_BYTE_IDENTICAL_AFTER_EQUIVALENCE reused=true
BUILD unit=cn-cy-75c-01-V2-LOCATIONS__mismatch25 elapsed=0.000000s result=PASS_REUSED_BYTE_IDENTICAL_AFTER_EQUIVALENCE reused=true
BUILD unit=cn-cy-75c-01-V2-LOCATIONS__mismatch50 elapsed=0.000000s result=PASS_REUSED_BYTE_IDENTICAL_AFTER_EQUIVALENCE reused=true
BUILD unit=cn-cy-75c-02-V2-LOCATIONS__mismatch00 elapsed=0.000000s result=PASS_REUSED_BYTE_IDENTICAL_AFTER_EQUIVALENCE reused=true
BUILD unit=cn-cy-75c-02-V2-LOCATIONS__mismatch25 elapsed=0.000000s result=PASS_REUSED_BYTE_IDENTICAL_AFTER_EQUIVALENCE reused=true
BUILD unit=cn-cy-75c-02-V2-LOCATIONS__mismatch50 elapsed=0.000000s result=PASS_REUSED_BYTE_IDENTICAL_AFTER_EQUIVALENCE reused=true
BUILD unit=cn-cy-75c-03-V2-LOCATIONS__mismatch00 elapsed=0.000000s result=PASS_REUSED_BYTE_IDENTICAL_AFTER_EQUIVALENCE reused=true
BUILD unit=cn-cy-75c-03-V2-LOCATIONS__mismatch25 elapsed=0.000000s result=PASS_REUSED_BYTE_IDENTICAL_AFTER_EQUIVALENCE reused=true
BUILD unit=cn-cy-75c-03-V2-LOCATIONS__mismatch50 elapsed=0.000000s result=PASS_REUSED_BYTE_IDENTICAL_AFTER_EQUIVALENCE reused=true
BUILD unit=cn-jjj-100c-01-V2-LOCATIONS__mismatch00 elapsed=0.000000s result=PASS_REUSED_BYTE_IDENTICAL_AFTER_EQUIVALENCE reused=true
BUILD unit=cn-jjj-100c-01-V2-LOCATIONS__mismatch25 elapsed=0.000000s result=PASS_REUSED_BYTE_IDENTICAL_AFTER_EQUIVALENCE reused=true
BUILD unit=cn-jjj-100c-01-V2-LOCATIONS__mismatch50 elapsed=0.000000s result=INFEASIBLE_INPUT reused=true
BUILD unit=cn-jjj-100c-02-V2-LOCATIONS__mismatch00 elapsed=0.000000s result=PASS_REUSED_BYTE_IDENTICAL_AFTER_EQUIVALENCE reused=true
BUILD unit=cn-jjj-100c-02-V2-LOCATIONS__mismatch25 elapsed=0.000000s result=PASS_REUSED_BYTE_IDENTICAL_AFTER_EQUIVALENCE reused=true
BUILD unit=cn-jjj-100c-02-V2-LOCATIONS__mismatch50 elapsed=0.000000s result=INFEASIBLE_INPUT reused=true
BUILD unit=cn-jjj-100c-03-V2-LOCATIONS__mismatch00 elapsed=0.000000s result=PASS_REUSED_BYTE_IDENTICAL_AFTER_EQUIVALENCE reused=true
BUILD unit=cn-jjj-100c-03-V2-LOCATIONS__mismatch25 elapsed=0.000000s result=PASS_REUSED_BYTE_IDENTICAL_AFTER_EQUIVALENCE reused=true
BUILD unit=cn-jjj-100c-03-V2-LOCATIONS__mismatch50 elapsed=0.000000s result=INFEASIBLE_INPUT reused=true
BUILD unit=cn-jjj-150c-01-V2-LOCATIONS__mismatch00 elapsed=0.000000s result=PASS_REUSED_BYTE_IDENTICAL_AFTER_EQUIVALENCE reused=true
BUILD unit=cn-jjj-150c-01-V2-LOCATIONS__mismatch25 elapsed=0.000000s result=PASS_REUSED_BYTE_IDENTICAL_AFTER_EQUIVALENCE reused=true
BUILD unit=cn-jjj-150c-02-V2-LOCATIONS__mismatch00 elapsed=0.122711s result=PASS_INPUT_MAPPING_AND_ROUTE_GROUPS_ONLY reused=resume
BUILD unit=cn-jjj-150c-02-V2-LOCATIONS__mismatch25 elapsed=0.188259s result=PASS_INPUT_MAPPING_AND_ROUTE_GROUPS_ONLY reused=resume
BUILD unit=cn-jjj-150c-03-V2-LOCATIONS__mismatch00 elapsed=0.146139s result=PASS_INPUT_MAPPING_AND_ROUTE_GROUPS_ONLY reused=resume
BUILD unit=cn-jjj-150c-03-V2-LOCATIONS__mismatch25 elapsed=0.257033s result=PASS_INPUT_MAPPING_AND_ROUTE_GROUPS_ONLY reused=resume
BUILD unit=cn-jjj-200c-01-V2-LOCATIONS__mismatch00 elapsed=0.193200s result=PASS_INPUT_MAPPING_AND_ROUTE_GROUPS_ONLY reused=resume
BUILD unit=cn-jjj-200c-01-V2-LOCATIONS__mismatch25 elapsed=0.249155s result=PASS_INPUT_MAPPING_AND_ROUTE_GROUPS_ONLY reused=resume
BUILD unit=cn-jjj-200c-02-V2-LOCATIONS__mismatch00 elapsed=0.189473s result=PASS_INPUT_MAPPING_AND_ROUTE_GROUPS_ONLY reused=resume
BUILD unit=cn-jjj-200c-02-V2-LOCATIONS__mismatch25 elapsed=2.615333s result=PASS_INPUT_MAPPING_AND_ROUTE_GROUPS_ONLY reused=resume
BUILD unit=cn-jjj-200c-03-V2-LOCATIONS__mismatch00 elapsed=0.182808s result=PASS_INPUT_MAPPING_AND_ROUTE_GROUPS_ONLY reused=resume
BUILD unit=cn-jjj-200c-03-V2-LOCATIONS__mismatch25 elapsed=0.527524s result=PASS_INPUT_MAPPING_AND_ROUTE_GROUPS_ONLY reused=resume
BUILD unit=cn-jjj-200c-03-V2-LOCATIONS__mismatch50 elapsed=4.430344s result=INFEASIBLE_INPUT reused=resume
BUILD unit=cn-jjj-50c-01-V2-LOCATIONS__mismatch00 elapsed=0.025123s result=PASS_INPUT_MAPPING_AND_ROUTE_GROUPS_ONLY reused=resume
BUILD unit=cn-jjj-50c-01-V2-LOCATIONS__mismatch25 elapsed=0.023026s result=PASS_INPUT_MAPPING_AND_ROUTE_GROUPS_ONLY reused=resume
BUILD unit=cn-jjj-50c-01-V2-LOCATIONS__mismatch50 elapsed=0.140533s result=INFEASIBLE_INPUT reused=resume
BUILD unit=cn-jjj-50c-02-V2-LOCATIONS__mismatch00 elapsed=0.024117s result=PASS_INPUT_MAPPING_AND_ROUTE_GROUPS_ONLY reused=resume
BUILD unit=cn-jjj-50c-02-V2-LOCATIONS__mismatch25 elapsed=0.023779s result=PASS_INPUT_MAPPING_AND_ROUTE_GROUPS_ONLY reused=resume
BUILD unit=cn-jjj-50c-02-V2-LOCATIONS__mismatch50 elapsed=0.149633s result=INFEASIBLE_INPUT reused=resume
BUILD unit=cn-jjj-50c-03-V2-LOCATIONS__mismatch00 elapsed=0.023208s result=PASS_INPUT_MAPPING_AND_ROUTE_GROUPS_ONLY reused=resume
BUILD unit=cn-jjj-50c-03-V2-LOCATIONS__mismatch25 elapsed=0.114411s result=INFEASIBLE_INPUT reused=resume
BUILD unit=cn-jjj-50c-03-V2-LOCATIONS__mismatch50 elapsed=0.190993s result=INFEASIBLE_INPUT reused=resume
BUILD unit=cn-jjj-75c-01-V2-LOCATIONS__mismatch00 elapsed=0.051315s result=PASS_INPUT_MAPPING_AND_ROUTE_GROUPS_ONLY reused=resume
BUILD unit=cn-jjj-75c-01-V2-LOCATIONS__mismatch25 elapsed=0.233033s result=INFEASIBLE_INPUT reused=resume
BUILD unit=cn-jjj-75c-01-V2-LOCATIONS__mismatch50 elapsed=0.243553s result=INFEASIBLE_INPUT reused=resume
BUILD unit=cn-jjj-75c-02-V2-LOCATIONS__mismatch00 elapsed=0.031750s result=PASS_INPUT_MAPPING_AND_ROUTE_GROUPS_ONLY reused=resume
BUILD unit=cn-jjj-75c-02-V2-LOCATIONS__mismatch25 elapsed=0.037407s result=PASS_INPUT_MAPPING_AND_ROUTE_GROUPS_ONLY reused=resume
BUILD unit=cn-jjj-75c-02-V2-LOCATIONS__mismatch50 elapsed=0.311710s result=INFEASIBLE_INPUT reused=resume
BUILD unit=cn-jjj-75c-03-V2-LOCATIONS__mismatch00 elapsed=0.044246s result=PASS_INPUT_MAPPING_AND_ROUTE_GROUPS_ONLY reused=resume
BUILD unit=cn-jjj-75c-03-V2-LOCATIONS__mismatch25 elapsed=0.162613s result=INFEASIBLE_INPUT reused=resume
BUILD unit=cn-jjj-75c-03-V2-LOCATIONS__mismatch50 elapsed=0.326787s result=INFEASIBLE_INPUT reused=resume
BUILD unit=cn-prd-100c-01-V2-LOCATIONS__mismatch00 elapsed=0.084586s result=PASS_INPUT_MAPPING_AND_ROUTE_GROUPS_ONLY reused=resume
BUILD unit=cn-prd-100c-01-V2-LOCATIONS__mismatch25 elapsed=0.055205s result=PASS_INPUT_MAPPING_AND_ROUTE_GROUPS_ONLY reused=resume
BUILD unit=cn-prd-100c-01-V2-LOCATIONS__mismatch50 elapsed=0.054711s result=PASS_INPUT_MAPPING_AND_ROUTE_GROUPS_ONLY reused=resume
BUILD unit=cn-prd-100c-02-V2-LOCATIONS__mismatch00 elapsed=0.054854s result=PASS_INPUT_MAPPING_AND_ROUTE_GROUPS_ONLY reused=resume
BUILD unit=cn-prd-100c-02-V2-LOCATIONS__mismatch25 elapsed=0.046854s result=PASS_INPUT_MAPPING_AND_ROUTE_GROUPS_ONLY reused=resume
BUILD unit=cn-prd-100c-02-V2-LOCATIONS__mismatch50 elapsed=0.053753s result=PASS_INPUT_MAPPING_AND_ROUTE_GROUPS_ONLY reused=resume
BUILD unit=cn-prd-100c-03-V2-LOCATIONS__mismatch00 elapsed=0.052265s result=PASS_INPUT_MAPPING_AND_ROUTE_GROUPS_ONLY reused=resume
BUILD unit=cn-prd-100c-03-V2-LOCATIONS__mismatch25 elapsed=0.058687s result=PASS_INPUT_MAPPING_AND_ROUTE_GROUPS_ONLY reused=resume
BUILD unit=cn-prd-100c-03-V2-LOCATIONS__mismatch50 elapsed=0.047739s result=PASS_INPUT_MAPPING_AND_ROUTE_GROUPS_ONLY reused=resume
BUILD unit=cn-prd-150c-01-V2-LOCATIONS__mismatch00 elapsed=0.096594s result=PASS_INPUT_MAPPING_AND_ROUTE_GROUPS_ONLY reused=resume
BUILD unit=cn-prd-150c-01-V2-LOCATIONS__mismatch25 elapsed=0.142056s result=PASS_INPUT_MAPPING_AND_ROUTE_GROUPS_ONLY reused=resume
BUILD unit=cn-prd-150c-01-V2-LOCATIONS__mismatch50 elapsed=25.437438s result=PASS_INPUT_MAPPING_AND_ROUTE_GROUPS_ONLY reused=resume
BUILD unit=cn-prd-150c-02-V2-LOCATIONS__mismatch00 elapsed=0.123070s result=PASS_INPUT_MAPPING_AND_ROUTE_GROUPS_ONLY reused=resume
BUILD unit=cn-prd-150c-02-V2-LOCATIONS__mismatch25 elapsed=0.105881s result=PASS_INPUT_MAPPING_AND_ROUTE_GROUPS_ONLY reused=resume
BUILD unit=cn-prd-150c-03-V2-LOCATIONS__mismatch00 elapsed=0.093243s result=PASS_INPUT_MAPPING_AND_ROUTE_GROUPS_ONLY reused=resume
BUILD unit=cn-prd-150c-03-V2-LOCATIONS__mismatch25 elapsed=0.100575s result=PASS_INPUT_MAPPING_AND_ROUTE_GROUPS_ONLY reused=resume
BUILD unit=cn-prd-150c-03-V2-LOCATIONS__mismatch50 elapsed=709.260325s result=PASS_INPUT_MAPPING_AND_ROUTE_GROUPS_ONLY reused=resume
BUILD unit=cn-prd-200c-01-V2-LOCATIONS__mismatch00 elapsed=0.158401s result=PASS_INPUT_MAPPING_AND_ROUTE_GROUPS_ONLY reused=resume
BUILD unit=cn-prd-200c-01-V2-LOCATIONS__mismatch25 elapsed=0.174834s result=PASS_INPUT_MAPPING_AND_ROUTE_GROUPS_ONLY reused=resume
BUILD unit=cn-prd-200c-02-V2-LOCATIONS__mismatch00 elapsed=0.152312s result=PASS_INPUT_MAPPING_AND_ROUTE_GROUPS_ONLY reused=resume
BUILD unit=cn-prd-200c-02-V2-LOCATIONS__mismatch25 elapsed=0.155806s result=PASS_INPUT_MAPPING_AND_ROUTE_GROUPS_ONLY reused=resume
