BUILD unit=cn-cy-100c-01-V2-LOCATIONS__mismatch00 elapsed=0.000000s result=PASS_REUSED_BYTE_IDENTICAL_AFTER_EQUIVALENCE reused=true
BUILD unit=cn-cy-100c-01-V2-LOCATIONS__mismatch25 elapsed=0.000000s result=PASS_REUSED_BYTE_IDENTICAL_AFTER_EQUIVALENCE reused=true
BUILD unit=cn-cy-100c-01-V2-LOCATIONS__mismatch50 elapsed=0.000000s result=PASS_REUSED_BYTE_IDENTICAL_AFTER_EQUIVALENCE reused=true
BUILD unit=cn-cy-100c-02-V2-LOCATIONS__mismatch00 elapsed=0.000000s result=PASS_REUSED_BYTE_IDENTICAL_AFTER_EQUIVALENCE reused=true
BUILD unit=cn-cy-100c-02-V2-LOCATIONS__mismatch25 elapsed=0.000000s result=PASS_REUSED_BYTE_IDENTICAL_AFTER_EQUIVALENCE reused=true
BUILD unit=cn-cy-100c-02-V2-LOCATIONS__mismatch50 elapsed=0.000000s result=PASS_REUSED_BYTE_IDENTICAL_AFTER_EQUIVALENCE reused=true
BUILD unit=cn-cy-100c-03-V2-LOCATIONS__mismatch00 elapsed=0.000000s result=PASS_REUSED_BYTE_IDENTICAL_AFTER_EQUIVALENCE reused=true
BUILD unit=cn-cy-100c-03-V2-LOCATIONS__mismatch25 elapsed=0.000000s result=PASS_REUSED_BYTE_IDENTICAL_AFTER_EQUIVALENCE reused=true
BUILD unit=cn-cy-100c-03-V2-LOCATIONS__mismatch50 elapsed=0.000000s result=PASS_REUSED_BYTE_IDENTICAL_AFTER_EQUIVALENCE reused=true
BUILD unit=cn-cy-150c-01-V2-LOCATIONS__mismatch00 elapsed=0.000000s result=PASS_REUSED_BYTE_IDENTICAL_AFTER_EQUIVALENCE reused=true
BUILD unit=cn-cy-150c-01-V2-LOCATIONS__mismatch25 elapsed=0.000000s result=PASS_REUSED_BYTE_IDENTICAL_AFTER_EQUIVALENCE reused=true
BUILD unit=cn-cy-150c-01-V2-LOCATIONS__mismatch50 elapsed=0.000000s result=PASS_REUSED_BYTE_IDENTICAL_AFTER_EQUIVALENCE reused=true
BUILD unit=cn-cy-150c-02-V2-LOCATIONS__mismatch00 elapsed=0.000000s result=PASS_REUSED_BYTE_IDENTICAL_AFTER_EQUIVALENCE reused=true
BUILD unit=cn-cy-150c-02-V2-LOCATIONS__mismatch25 elapsed=0.000000s result=PASS_REUSED_BYTE_IDENTICAL_AFTER_EQUIVALENCE reused=true
BUILD unit=cn-cy-150c-02-V2-LOCATIONS__mismatch50 elapsed=0.000000s result=PASS_REUSED_BYTE_IDENTICAL_AFTER_EQUIVALENCE reused=true
BUILD unit=cn-cy-150c-03-V2-LOCATIONS__mismatch00 elapsed=0.000000s result=PASS_REUSED_BYTE_IDENTICAL_AFTER_EQUIVALENCE reused=true
BUILD unit=cn-cy-150c-03-V2-LOCATIONS__mismatch25 elapsed=0.000000s result=PASS_REUSED_BYTE_IDENTICAL_AFTER_EQUIVALENCE reused=true
BUILD unit=cn-cy-150c-03-V2-LOCATIONS__mismatch50 elapsed=0.000000s result=PASS_REUSED_BYTE_IDENTICAL_AFTER_EQUIVALENCE reused=true
BUILD unit=cn-cy-200c-01-V2-LOCATIONS__mismatch00 elapsed=0.000000s result=PASS_REUSED_BYTE_IDENTICAL_AFTER_EQUIVALENCE reused=true
BUILD unit=cn-cy-200c-01-V2-LOCATIONS__mismatch25 elapsed=0.000000s result=PASS_REUSED_BYTE_IDENTICAL_AFTER_EQUIVALENCE reused=true
BUILD unit=cn-cy-200c-01-V2-LOCATIONS__mismatch50 elapsed=0.000000s result=PASS_REUSED_BYTE_IDENTICAL_AFTER_EQUIVALENCE reused=true
BUILD unit=cn-cy-200c-02-V2-LOCATIONS__mismatch00 elapsed=0.000000s result=PASS_REUSED_BYTE_IDENTICAL_AFTER_EQUIVALENCE reused=true
BUILD unit=cn-cy-200c-02-V2-LOCATIONS__mismatch25 elapsed=0.000000s result=PASS_REUSED_BYTE_IDENTICAL_AFTER_EQUIVALENCE reused=true
BUILD unit=cn-cy-200c-02-V2-LOCATIONS__mismatch50 elapsed=0.000000s result=PASS_REUSED_BYTE_IDENTICAL_AFTER_EQUIVALENCE reused=true
BUILD unit=cn-cy-200c-03-V2-LOCATIONS__mismatch00 elapsed=0.000000s result=PASS_REUSED_BYTE_IDENTICAL_AFTER_EQUIVALENCE reused=true
BUILD unit=cn-cy-200c-03-V2-LOCATIONS__mismatch25 elapsed=0.000000s result=PASS_REUSED_BYTE_IDENTICAL_AFTER_EQUIVALENCE reused=true
BUILD unit=cn-cy-200c-03-V2-LOCATIONS__mismatch50 elapsed=0.000000s result=PASS_REUSED_BYTE_IDENTICAL_AFTER_EQUIVALENCE reused=true
BUILD unit=cn-cy-50c-01-V2-LOCATIONS__mismatch00 elapsed=0.000000s result=PASS_REUSED_BYTE_IDENTICAL_AFTER_EQUIVALENCE reused=true
BUILD unit=cn-cy-50c-01-V2-LOCATIONS__mismatch25 elapsed=0.000000s result=PASS_REUSED_BYTE_IDENTICAL_AFTER_EQUIVALENCE reused=true
BUILD unit=cn-cy-50c-01-V2-LOCATIONS__mismatch50 elapsed=0.000000s result=PASS_REUSED_BYTE_IDENTICAL_AFTER_EQUIVALENCE reused=true
BUILD unit=cn-cy-50c-02-V2-LOCATIONS__mismatch00 elapsed=0.000000s result=PASS_REUSED_BYTE_IDENTICAL_AFTER_EQUIVALENCE reused=true
BUILD unit=cn-cy-50c-02-V2-LOCATIONS__mismatch25 elapsed=0.000000s result=PASS_REUSED_BYTE_IDENTICAL_AFTER_EQUIVALENCE reused=true
BUILD unit=cn-cy-50c-02-V2-LOCATIONS__mismatch50 elapsed=0.000000s result=PASS_REUSED_BYTE_IDENTICAL_AFTER_EQUIVALENCE reused=true
BUILD unit=cn-cy-50c-03-V2-LOCATIONS__mismatch00 elapsed=0.000000s result=PASS_REUSED_BYTE_IDENTICAL_AFTER_EQUIVALENCE reused=true
BUILD unit=cn-cy-50c-03-V2-LOCATIONS__mismatch25 elapsed=0.000000s result=PASS_REUSED_BYTE_IDENTICAL_AFTER_EQUIVALENCE reused=true
BUILD unit=cn-cy-50c-03-V2-LOCATIONS__mismatch50 elapsed=0.000000s result=PASS_REUSED_BYTE_IDENTICAL_AFTER_EQUIVALENCE reused=true
BUILD unit=cn-cy-75c-01-V2-LOCATIONS__mismatch00 elapsed=0.000000s result=PASS_REUSED_BYTE_IDENTICAL_AFTER_EQUIVALENCE reused=true
BUILD unit=cn-cy-75c-01-V2-LOCATIONS__mismatch25 elapsed=0.000000s result=PASS_REUSED_BYTE_IDENTICAL_AFTER_EQUIVALENCE reused=true
BUILD unit=cn-cy-75c-01-V2-LOCATIONS__mismatch50 elapsed=0.000000s result=PASS_REUSED_BYTE_IDENTICAL_AFTER_EQUIVALENCE reused=true
BUILD unit=cn-cy-75c-02-V2-LOCATIONS__mismatch00 elapsed=0.000000s result=PASS_REUSED_BYTE_IDENTICAL_AFTER_EQUIVALENCE reused=true
BUILD unit=cn-cy-75c-02-V2-LOCATIONS__mismatch25 elapsed=0.000000s result=PASS_REUSED_BYTE_IDENTICAL_AFTER_EQUIVALENCE reused=true
BUILD unit=cn-cy-75c-02-V2-LOCATIONS__mismatch50 elapsed=0.000000s result=PASS_REUSED_BYTE_IDENTICAL_AFTER_EQUIVALENCE reused=true
BUILD unit=cn-cy-75c-03-V2-LOCATIONS__mismatch00 elapsed=0.000000s result=PASS_REUSED_BYTE_IDENTICAL_AFTER_EQUIVALENCE reused=true
BUILD unit=cn-cy-75c-03-V2-LOCATIONS__mismatch25 elapsed=0.000000s result=PASS_REUSED_BYTE_IDENTICAL_AFTER_EQUIVALENCE reused=true
BUILD unit=cn-cy-75c-03-V2-LOCATIONS__mismatch50 elapsed=0.000000s result=PASS_REUSED_BYTE_IDENTICAL_AFTER_EQUIVALENCE reused=true
BUILD unit=cn-jjj-100c-01-V2-LOCATIONS__mismatch00 elapsed=0.000000s result=PASS_REUSED_BYTE_IDENTICAL_AFTER_EQUIVALENCE reused=true
BUILD unit=cn-jjj-100c-01-V2-LOCATIONS__mismatch25 elapsed=0.000000s result=PASS_REUSED_BYTE_IDENTICAL_AFTER_EQUIVALENCE reused=true
BUILD unit=cn-jjj-100c-01-V2-LOCATIONS__mismatch50 elapsed=0.000000s result=INFEASIBLE_INPUT reused=true
BUILD unit=cn-jjj-100c-02-V2-LOCATIONS__mismatch00 elapsed=0.000000s result=PASS_REUSED_BYTE_IDENTICAL_AFTER_EQUIVALENCE reused=true
BUILD unit=cn-jjj-100c-02-V2-LOCATIONS__mismatch25 elapsed=0.000000s result=PASS_REUSED_BYTE_IDENTICAL_AFTER_EQUIVALENCE reused=true
BUILD unit=cn-jjj-100c-02-V2-LOCATIONS__mismatch50 elapsed=0.000000s result=INFEASIBLE_INPUT reused=true
BUILD unit=cn-jjj-100c-03-V2-LOCATIONS__mismatch00 elapsed=0.000000s result=PASS_REUSED_BYTE_IDENTICAL_AFTER_EQUIVALENCE reused=true
BUILD unit=cn-jjj-100c-03-V2-LOCATIONS__mismatch25 elapsed=0.000000s result=PASS_REUSED_BYTE_IDENTICAL_AFTER_EQUIVALENCE reused=true
BUILD unit=cn-jjj-100c-03-V2-LOCATIONS__mismatch50 elapsed=0.000000s result=INFEASIBLE_INPUT reused=true
BUILD unit=cn-jjj-150c-01-V2-LOCATIONS__mismatch00 elapsed=0.000000s result=PASS_REUSED_BYTE_IDENTICAL_AFTER_EQUIVALENCE reused=true
BUILD unit=cn-jjj-150c-01-V2-LOCATIONS__mismatch25 elapsed=0.000000s result=PASS_REUSED_BYTE_IDENTICAL_AFTER_EQUIVALENCE reused=true
BUILD unit=cn-jjj-150c-02-V2-LOCATIONS__mismatch00 elapsed=0.084742s result=PASS_INPUT_MAPPING_AND_ROUTE_GROUPS_ONLY reused=false
BUILD unit=cn-jjj-150c-02-V2-LOCATIONS__mismatch25 elapsed=0.138230s result=PASS_INPUT_MAPPING_AND_ROUTE_GROUPS_ONLY reused=false
BUILD unit=cn-jjj-150c-03-V2-LOCATIONS__mismatch00 elapsed=0.085676s result=PASS_INPUT_MAPPING_AND_ROUTE_GROUPS_ONLY reused=false
BUILD unit=cn-jjj-150c-03-V2-LOCATIONS__mismatch25 elapsed=0.251268s result=PASS_INPUT_MAPPING_AND_ROUTE_GROUPS_ONLY reused=false
BUILD unit=cn-jjj-200c-01-V2-LOCATIONS__mismatch00 elapsed=0.145909s result=PASS_INPUT_MAPPING_AND_ROUTE_GROUPS_ONLY reused=false
BUILD unit=cn-jjj-200c-01-V2-LOCATIONS__mismatch25 elapsed=0.252641s result=PASS_INPUT_MAPPING_AND_ROUTE_GROUPS_ONLY reused=false
/opt/anaconda3/lib/python3.13/multiprocessing/resource_tracker.py:324: UserWarning: resource_tracker: There appear to be 5 leaked semaphore objects to clean up at shutdown: {'/mp-cskmhrur', '/mp-7vd4etj6', '/mp-04e0l0so', '/mp-tsvc3ey9', '/mp-0ntsxzq_'}
  warnings.warn(
