2026-06-29 08:35:49	Pilot22 start
2026-06-29 08:35:49	StageA EXPLORATORY run learned_destroy bundle=models/data_bundle/generated_instances/E-UK25_08__curric_d2_s3_seed8_24h seed=101
2026-06-29 08:36:01	StageA EXPLORATORY run operator_select bundle=models/data_bundle/generated_instances/E-UK25_08__curric_d2_s3_seed8_24h seed=101
2026-06-29 08:36:11	StageA EXPLORATORY run random_operator bundle=models/data_bundle/generated_instances/E-UK25_08__curric_d2_s3_seed8_24h seed=101
2026-06-29 08:36:15	StageA EXPLORATORY run worst_removal_fixed bundle=models/data_bundle/generated_instances/E-UK25_08__curric_d2_s3_seed8_24h seed=101
2026-06-29 08:36:21	StageA EXPLORATORY run learned_destroy bundle=models/data_bundle/generated_instances/E-UK25_08__curric_d2_s3_seed8_24h seed=102
2026-06-29 08:36:32	StageA EXPLORATORY run operator_select bundle=models/data_bundle/generated_instances/E-UK25_08__curric_d2_s3_seed8_24h seed=102
2026-06-29 08:36:41	StageA EXPLORATORY run random_operator bundle=models/data_bundle/generated_instances/E-UK25_08__curric_d2_s3_seed8_24h seed=102
2026-06-29 08:36:46	StageA EXPLORATORY run worst_removal_fixed bundle=models/data_bundle/generated_instances/E-UK25_08__curric_d2_s3_seed8_24h seed=102
2026-06-29 08:36:51	StageA EXPLORATORY run learned_destroy bundle=models/data_bundle/generated_instances/E-UK25_09__curric_d2_s3_seed9_24h seed=101
2026-06-29 08:37:04	StageA EXPLORATORY run operator_select bundle=models/data_bundle/generated_instances/E-UK25_09__curric_d2_s3_seed9_24h seed=101
2026-06-29 08:37:16	StageA EXPLORATORY run random_operator bundle=models/data_bundle/generated_instances/E-UK25_09__curric_d2_s3_seed9_24h seed=101
2026-06-29 08:37:20	StageA EXPLORATORY run worst_removal_fixed bundle=models/data_bundle/generated_instances/E-UK25_09__curric_d2_s3_seed9_24h seed=101
2026-06-29 08:37:26	StageA EXPLORATORY run learned_destroy bundle=models/data_bundle/generated_instances/E-UK25_09__curric_d2_s3_seed9_24h seed=102
2026-06-29 08:37:39	StageA EXPLORATORY run operator_select bundle=models/data_bundle/generated_instances/E-UK25_09__curric_d2_s3_seed9_24h seed=102
2026-06-29 08:37:50	StageA EXPLORATORY run random_operator bundle=models/data_bundle/generated_instances/E-UK25_09__curric_d2_s3_seed9_24h seed=102
2026-06-29 08:37:55	StageA EXPLORATORY run worst_removal_fixed bundle=models/data_bundle/generated_instances/E-UK25_09__curric_d2_s3_seed9_24h seed=102
2026-06-29 08:38:02	StageA EXPLORATORY run learned_destroy bundle=models/data_bundle/generated_instances/E-UK50_04__curric_d2_s3_seed4_24h seed=101
2026-06-29 08:38:51	StageA EXPLORATORY run operator_select bundle=models/data_bundle/generated_instances/E-UK50_04__curric_d2_s3_seed4_24h seed=101
2026-06-29 08:39:27	StageA EXPLORATORY run random_operator bundle=models/data_bundle/generated_instances/E-UK50_04__curric_d2_s3_seed4_24h seed=101
2026-06-29 08:39:39	StageA EXPLORATORY run worst_removal_fixed bundle=models/data_bundle/generated_instances/E-UK50_04__curric_d2_s3_seed4_24h seed=101
2026-06-29 08:40:02	StageA EXPLORATORY run learned_destroy bundle=models/data_bundle/generated_instances/E-UK50_04__curric_d2_s3_seed4_24h seed=102
2026-06-29 08:40:51	StageA EXPLORATORY run operator_select bundle=models/data_bundle/generated_instances/E-UK50_04__curric_d2_s3_seed4_24h seed=102
2026-06-29 08:41:28	StageA EXPLORATORY run random_operator bundle=models/data_bundle/generated_instances/E-UK50_04__curric_d2_s3_seed4_24h seed=102
2026-06-29 08:41:43	StageA EXPLORATORY run worst_removal_fixed bundle=models/data_bundle/generated_instances/E-UK50_04__curric_d2_s3_seed4_24h seed=102
2026-06-29 08:42:05	StageA EXPLORATORY verdict=EXPLORATORY_MIXED_GAP: Pilot21 ckpt gap is -15.934%; Stage B still proceeds with the grounded fixes
2026-06-29 08:42:06	StageB validation initial bundle=models/data_bundle/generated_instances/E-UK25_08__curric_d2_s3_seed8_24h seed=301
2026-06-29 08:42:09	StageB validation initial bundle=models/data_bundle/generated_instances/E-UK25_09__curric_d2_s3_seed9_24h seed=301
2026-06-29 08:42:11	StageB validation initial bundle=models/data_bundle/generated_instances/E-UK50_04__curric_d2_s3_seed4_24h seed=301
2026-06-29 08:42:39	StageB update 0 group=0 entropy=21.936705946922302 val_gain=
2026-06-29 08:43:04	StageB update 1 group=1 entropy=23.043514847755432 val_gain=
2026-06-29 08:43:29	StageB update 2 group=2 entropy=22.726031184196472 val_gain=
2026-06-29 08:43:59	StageB update 3 group=3 entropy=23.399592399597168 val_gain=
2026-06-29 08:44:24	StageB update 4 group=4 entropy=22.381820678710938 val_gain=
2026-06-29 08:44:47	StageB update 5 group=5 entropy=22.58197283744812 val_gain=
2026-06-29 08:45:16	StageB update 6 group=6 entropy=24.345012068748474 val_gain=
2026-06-29 08:45:41	StageB update 7 group=7 entropy=23.599448919296265 val_gain=
2026-06-29 08:46:11	StageB update 8 group=8 entropy=24.648322820663452 val_gain=
2026-06-29 08:46:41	StageB validation update_0010 bundle=models/data_bundle/generated_instances/E-UK25_08__curric_d2_s3_seed8_24h seed=301
2026-06-29 08:46:43	StageB validation update_0010 bundle=models/data_bundle/generated_instances/E-UK25_09__curric_d2_s3_seed9_24h seed=301
2026-06-29 08:46:46	StageB validation update_0010 bundle=models/data_bundle/generated_instances/E-UK50_04__curric_d2_s3_seed4_24h seed=301
2026-06-29 08:46:51	StageB update 9 group=9 entropy=24.31856369972229 val_gain=7.587181018026766
2026-06-29 08:46:51	StageB checkpoint solver\reports\dr_alns_ppo_v3_block_dr_alns\async_pilot\pilot22_grounded_fixes\checkpoints\pilot22_learned_destroy_update_0010.pt
2026-06-29 08:47:18	StageB update 10 group=10 entropy=23.401652336120605 val_gain=
2026-06-29 08:47:42	StageB update 11 group=11 entropy=23.514943957328796 val_gain=
2026-06-29 08:48:12	StageB update 12 group=12 entropy=24.116737365722656 val_gain=
2026-06-29 08:48:37	StageB update 13 group=13 entropy=23.953544855117798 val_gain=
2026-06-29 08:49:02	StageB update 14 group=14 entropy=23.47225034236908 val_gain=
2026-06-29 08:49:36	StageB update 15 group=15 entropy=24.596289038658142 val_gain=
2026-06-29 08:50:11	StageB update 16 group=16 entropy=25.64793026447296 val_gain=
2026-06-29 08:50:39	StageB update 17 group=17 entropy=25.66810691356659 val_gain=
2026-06-29 08:51:08	StageB update 18 group=18 entropy=24.22121298313141 val_gain=
2026-06-29 08:51:35	StageB validation update_0020 bundle=models/data_bundle/generated_instances/E-UK25_08__curric_d2_s3_seed8_24h seed=301
2026-06-29 08:51:46	StageB validation update_0020 bundle=models/data_bundle/generated_instances/E-UK25_09__curric_d2_s3_seed9_24h seed=301
2026-06-29 08:51:53	StageB validation update_0020 bundle=models/data_bundle/generated_instances/E-UK50_04__curric_d2_s3_seed4_24h seed=301
2026-06-29 08:52:52	StageB update 19 group=19 entropy=25.176711559295654 val_gain=4.223748838216476
2026-06-29 08:52:52	StageB checkpoint solver\reports\dr_alns_ppo_v3_block_dr_alns\async_pilot\pilot22_grounded_fixes\checkpoints\pilot22_learned_destroy_update_0020.pt
2026-06-29 08:53:21	StageB update 20 group=20 entropy=24.303276538848877 val_gain=
2026-06-29 08:53:55	StageB update 21 group=21 entropy=24.644634246826172 val_gain=
2026-06-29 08:54:26	StageB update 22 group=22 entropy=25.459581971168518 val_gain=
2026-06-29 08:54:53	StageB update 23 group=23 entropy=26.302698373794556 val_gain=
2026-06-29 08:55:22	StageB update 24 group=24 entropy=25.736233711242676 val_gain=
2026-06-29 08:55:47	StageB update 25 group=25 entropy=24.57933211326599 val_gain=
2026-06-29 08:56:13	StageB update 26 group=26 entropy=25.382603526115417 val_gain=
2026-06-29 08:56:42	StageB update 27 group=27 entropy=25.632787585258484 val_gain=
2026-06-29 08:57:09	StageB update 28 group=28 entropy=25.245314598083496 val_gain=
2026-06-29 08:57:35	StageB validation update_0030 bundle=models/data_bundle/generated_instances/E-UK25_08__curric_d2_s3_seed8_24h seed=301
2026-06-29 08:57:44	StageB validation update_0030 bundle=models/data_bundle/generated_instances/E-UK25_09__curric_d2_s3_seed9_24h seed=301
2026-06-29 08:57:54	StageB validation update_0030 bundle=models/data_bundle/generated_instances/E-UK50_04__curric_d2_s3_seed4_24h seed=301
2026-06-29 08:58:46	StageB update 29 group=29 entropy=25.68509554862976 val_gain=6.133199928831998
2026-06-29 08:58:46	StageB checkpoint solver\reports\dr_alns_ppo_v3_block_dr_alns\async_pilot\pilot22_grounded_fixes\checkpoints\pilot22_learned_destroy_update_0030.pt
2026-06-29 08:59:19	StageB update 30 group=30 entropy=25.08470892906189 val_gain=
2026-06-29 08:59:45	StageB update 31 group=31 entropy=25.910811185836792 val_gain=
2026-06-29 09:00:13	StageB update 32 group=32 entropy=26.687809705734253 val_gain=
2026-06-29 09:00:42	StageB update 33 group=33 entropy=26.010650992393494 val_gain=
2026-06-29 09:01:16	StageB update 34 group=34 entropy=25.815956354141235 val_gain=
2026-06-29 09:01:44	StageB update 35 group=35 entropy=26.475361227989197 val_gain=
2026-06-29 09:02:17	StageB update 36 group=36 entropy=25.72948396205902 val_gain=
2026-06-29 09:02:45	StageB update 37 group=37 entropy=27.002477288246155 val_gain=
2026-06-29 09:03:17	StageB update 38 group=38 entropy=27.398059248924255 val_gain=
2026-06-29 09:03:50	StageB validation update_0040 bundle=models/data_bundle/generated_instances/E-UK25_08__curric_d2_s3_seed8_24h seed=301
2026-06-29 09:03:59	StageB validation update_0040 bundle=models/data_bundle/generated_instances/E-UK25_09__curric_d2_s3_seed9_24h seed=301
2026-06-29 09:04:15	StageB validation update_0040 bundle=models/data_bundle/generated_instances/E-UK50_04__curric_d2_s3_seed4_24h seed=301
2026-06-29 09:05:02	StageB update 39 group=39 entropy=26.54900860786438 val_gain=7.887885733269474
2026-06-29 09:05:02	StageB checkpoint solver\reports\dr_alns_ppo_v3_block_dr_alns\async_pilot\pilot22_grounded_fixes\checkpoints\pilot22_learned_destroy_update_0040.pt
2026-06-29 09:05:35	StageB update 40 group=40 entropy=26.306467413902283 val_gain=
2026-06-29 09:06:03	StageB update 41 group=41 entropy=26.87009358406067 val_gain=
2026-06-29 09:06:38	StageB update 42 group=42 entropy=27.219687581062317 val_gain=
2026-06-29 09:07:07	StageB update 43 group=43 entropy=27.048264861106873 val_gain=
2026-06-29 09:07:44	StageB update 44 group=44 entropy=27.530760407447815 val_gain=
2026-06-29 09:08:23	StageB update 45 group=45 entropy=28.39144492149353 val_gain=
2026-06-29 09:08:55	StageB update 46 group=46 entropy=27.01649308204651 val_gain=
2026-06-29 09:09:27	StageB update 47 group=47 entropy=27.827885508537292 val_gain=
2026-06-29 09:10:06	StageB update 48 group=48 entropy=27.21733593940735 val_gain=
2026-06-29 09:10:38	StageB validation update_0050 bundle=models/data_bundle/generated_instances/E-UK25_08__curric_d2_s3_seed8_24h seed=301
2026-06-29 09:10:49	StageB validation update_0050 bundle=models/data_bundle/generated_instances/E-UK25_09__curric_d2_s3_seed9_24h seed=301
2026-06-29 09:10:58	StageB validation update_0050 bundle=models/data_bundle/generated_instances/E-UK50_04__curric_d2_s3_seed4_24h seed=301
2026-06-29 09:11:49	StageB update 49 group=49 entropy=28.13744366168976 val_gain=5.848013512307808
2026-06-29 09:11:49	StageB checkpoint solver\reports\dr_alns_ppo_v3_block_dr_alns\async_pilot\pilot22_grounded_fixes\checkpoints\pilot22_learned_destroy_update_0050.pt
2026-06-29 09:12:22	StageB update 50 group=50 entropy=27.68911588191986 val_gain=
2026-06-29 09:13:03	StageB update 51 group=51 entropy=28.43728804588318 val_gain=
2026-06-29 09:13:43	StageB update 52 group=52 entropy=29.15859854221344 val_gain=
2026-06-29 09:14:19	StageB update 53 group=53 entropy=28.98457646369934 val_gain=
2026-06-29 09:15:01	StageB update 54 group=54 entropy=29.1991548538208 val_gain=
2026-06-29 09:15:37	StageB update 55 group=55 entropy=29.21880006790161 val_gain=
2026-06-29 09:16:20	StageB update 56 group=56 entropy=29.052098155021667 val_gain=
2026-06-29 09:17:04	StageB update 57 group=57 entropy=28.52139687538147 val_gain=
2026-06-29 09:17:45	StageB update 58 group=58 entropy=28.672569513320923 val_gain=
2026-06-29 09:18:19	StageB validation update_0060 bundle=models/data_bundle/generated_instances/E-UK25_08__curric_d2_s3_seed8_24h seed=301
2026-06-29 09:18:30	StageB validation update_0060 bundle=models/data_bundle/generated_instances/E-UK25_09__curric_d2_s3_seed9_24h seed=301
2026-06-29 09:18:41	StageB validation update_0060 bundle=models/data_bundle/generated_instances/E-UK50_04__curric_d2_s3_seed4_24h seed=301
2026-06-29 09:19:16	StageB update 59 group=59 entropy=28.64150333404541 val_gain=1.0992665548736669
2026-06-29 09:19:16	StageB checkpoint solver\reports\dr_alns_ppo_v3_block_dr_alns\async_pilot\pilot22_grounded_fixes\checkpoints\pilot22_learned_destroy_update_0060.pt
2026-06-29 09:19:59	StageB update 60 group=60 entropy=28.83081579208374 val_gain=
2026-06-29 09:20:34	StageB update 61 group=61 entropy=28.140204429626465 val_gain=
2026-06-29 09:21:08	StageB update 62 group=62 entropy=28.54944336414337 val_gain=
2026-06-29 09:21:49	StageB update 63 group=63 entropy=26.883092164993286 val_gain=
2026-06-29 09:22:36	StageB update 64 group=64 entropy=30.07558500766754 val_gain=
2026-06-29 09:23:14	StageB update 65 group=65 entropy=30.52225625514984 val_gain=
2026-06-29 09:24:00	StageB update 66 group=66 entropy=30.475221991539 val_gain=
2026-06-29 09:24:37	StageB update 67 group=67 entropy=30.55228853225708 val_gain=
2026-06-29 09:25:16	StageB update 68 group=68 entropy=30.21924591064453 val_gain=
2026-06-29 09:26:02	StageB validation update_0070 bundle=models/data_bundle/generated_instances/E-UK25_08__curric_d2_s3_seed8_24h seed=301
2026-06-29 09:26:08	StageB validation update_0070 bundle=models/data_bundle/generated_instances/E-UK25_09__curric_d2_s3_seed9_24h seed=301
2026-06-29 09:26:17	StageB validation update_0070 bundle=models/data_bundle/generated_instances/E-UK50_04__curric_d2_s3_seed4_24h seed=301
2026-06-29 09:26:53	StageB update 69 group=69 entropy=30.54439425468445 val_gain=6.08290497908741
2026-06-29 09:26:53	StageB checkpoint solver\reports\dr_alns_ppo_v3_block_dr_alns\async_pilot\pilot22_grounded_fixes\checkpoints\pilot22_learned_destroy_update_0070.pt
2026-06-29 09:27:44	StageB update 70 group=70 entropy=30.98581051826477 val_gain=
2026-06-29 09:28:21	StageB update 71 group=71 entropy=30.766178607940674 val_gain=
2026-06-29 09:29:06	StageB update 72 group=72 entropy=30.738194823265076 val_gain=
2026-06-29 09:29:48	StageB update 73 group=73 entropy=30.76922309398651 val_gain=
2026-06-29 09:30:33	StageB update 74 group=74 entropy=31.111087322235107 val_gain=
2026-06-29 09:31:23	StageB update 75 group=75 entropy=30.650909543037415 val_gain=
2026-06-29 09:32:16	StageB update 76 group=76 entropy=31.013750910758972 val_gain=
2026-06-29 09:32:56	StageB update 77 group=77 entropy=30.999783754348755 val_gain=
2026-06-29 09:33:45	StageB update 78 group=78 entropy=30.710834503173828 val_gain=
2026-06-29 09:34:28	StageB validation update_0080 bundle=models/data_bundle/generated_instances/E-UK25_08__curric_d2_s3_seed8_24h seed=301
2026-06-29 09:34:35	StageB validation update_0080 bundle=models/data_bundle/generated_instances/E-UK25_09__curric_d2_s3_seed9_24h seed=301
2026-06-29 09:34:45	StageB validation update_0080 bundle=models/data_bundle/generated_instances/E-UK50_04__curric_d2_s3_seed4_24h seed=301
2026-06-29 09:35:21	StageB update 79 group=79 entropy=31.00293517112732 val_gain=6.105208053147746
2026-06-29 09:35:21	StageB checkpoint solver\reports\dr_alns_ppo_v3_block_dr_alns\async_pilot\pilot22_grounded_fixes\checkpoints\pilot22_learned_destroy_update_0080.pt
2026-06-29 09:36:12	StageB update 80 group=80 entropy=31.13446879386902 val_gain=
2026-06-29 09:37:00	StageB update 81 group=81 entropy=30.659674286842346 val_gain=
2026-06-29 09:37:58	StageB update 82 group=82 entropy=30.661143898963928 val_gain=
2026-06-29 09:38:40	StageB update 83 group=83 entropy=31.009761095046997 val_gain=
2026-06-29 09:39:32	StageB update 84 group=84 entropy=31.359818935394287 val_gain=
2026-06-29 09:40:18	StageB update 85 group=85 entropy=31.603281259536743 val_gain=
2026-06-29 09:41:12	StageB update 86 group=86 entropy=31.771251440048218 val_gain=
2026-06-29 09:42:10	StageB update 87 group=87 entropy=31.771637558937073 val_gain=
2026-06-29 09:43:05	StageB update 88 group=88 entropy=31.749436020851135 val_gain=
2026-06-29 09:43:51	StageB validation update_0090 bundle=models/data_bundle/generated_instances/E-UK25_08__curric_d2_s3_seed8_24h seed=301
2026-06-29 09:44:09	StageB validation update_0090 bundle=models/data_bundle/generated_instances/E-UK25_09__curric_d2_s3_seed9_24h seed=301
2026-06-29 09:44:19	StageB validation update_0090 bundle=models/data_bundle/generated_instances/E-UK50_04__curric_d2_s3_seed4_24h seed=301
2026-06-29 09:44:52	StageB update 89 group=89 entropy=31.935611248016357 val_gain=3.3024612570261285
2026-06-29 09:44:52	StageB checkpoint solver\reports\dr_alns_ppo_v3_block_dr_alns\async_pilot\pilot22_grounded_fixes\checkpoints\pilot22_learned_destroy_update_0090.pt
2026-06-29 09:45:48	StageB update 90 group=90 entropy=31.83806836605072 val_gain=
2026-06-29 09:46:31	StageB update 91 group=91 entropy=31.746800184249878 val_gain=
2026-06-29 09:47:15	StageB update 92 group=92 entropy=32.04262137413025 val_gain=
2026-06-29 09:48:13	StageB update 93 group=93 entropy=31.785844564437866 val_gain=
2026-06-29 09:49:11	StageB update 94 group=94 entropy=31.636592030525208 val_gain=
2026-06-29 09:49:54	StageB update 95 group=95 entropy=31.762426495552063 val_gain=
2026-06-29 09:50:55	StageB update 96 group=96 entropy=31.71207344532013 val_gain=
2026-06-29 09:51:36	StageB update 97 group=97 entropy=31.716626524925232 val_gain=
2026-06-29 09:52:34	StageB update 98 group=98 entropy=31.768181443214417 val_gain=
2026-06-29 09:53:27	StageB validation update_0100 bundle=models/data_bundle/generated_instances/E-UK25_08__curric_d2_s3_seed8_24h seed=301
2026-06-29 09:53:36	StageB validation update_0100 bundle=models/data_bundle/generated_instances/E-UK25_09__curric_d2_s3_seed9_24h seed=301
2026-06-29 09:53:46	StageB validation update_0100 bundle=models/data_bundle/generated_instances/E-UK50_04__curric_d2_s3_seed4_24h seed=301
2026-06-29 09:54:15	StageB update 99 group=99 entropy=31.672825574874878 val_gain=1.7601763321982136
2026-06-29 09:54:15	StageB checkpoint solver\reports\dr_alns_ppo_v3_block_dr_alns\async_pilot\pilot22_grounded_fixes\checkpoints\pilot22_learned_destroy_update_0100.pt
2026-06-29 09:55:09	StageB update 100 group=100 entropy=31.708153247833252 val_gain=
2026-06-29 09:55:49	StageB update 101 group=101 entropy=31.73204255104065 val_gain=
2026-06-29 09:56:38	StageB update 102 group=102 entropy=31.425269842147827 val_gain=
2026-06-29 09:57:15	StageB update 103 group=103 entropy=31.370866298675537 val_gain=
2026-06-29 09:58:00	StageB update 104 group=104 entropy=31.3478125333786 val_gain=
2026-06-29 09:58:40	StageB update 105 group=105 entropy=31.087529182434082 val_gain=
2026-06-29 09:59:20	StageB update 106 group=106 entropy=30.931263089179993 val_gain=
2026-06-29 09:59:55	StageB update 107 group=107 entropy=30.39418876171112 val_gain=
2026-06-29 10:00:39	StageB update 108 group=108 entropy=30.94025468826294 val_gain=
2026-06-29 10:01:15	StageB validation update_0110 bundle=models/data_bundle/generated_instances/E-UK25_08__curric_d2_s3_seed8_24h seed=301
2026-06-29 10:01:22	StageB validation update_0110 bundle=models/data_bundle/generated_instances/E-UK25_09__curric_d2_s3_seed9_24h seed=301
2026-06-29 10:01:30	StageB validation update_0110 bundle=models/data_bundle/generated_instances/E-UK50_04__curric_d2_s3_seed4_24h seed=301
2026-06-29 10:02:01	StageB update 109 group=109 entropy=31.416765451431274 val_gain=4.969450063306658
2026-06-29 10:02:01	StageB checkpoint solver\reports\dr_alns_ppo_v3_block_dr_alns\async_pilot\pilot22_grounded_fixes\checkpoints\pilot22_learned_destroy_update_0110.pt
2026-06-29 10:02:47	StageB update 110 group=110 entropy=31.41485297679901 val_gain=
2026-06-29 10:03:34	StageB update 111 group=111 entropy=31.33291482925415 val_gain=
2026-06-29 10:04:28	StageB update 112 group=112 entropy=31.420681357383728 val_gain=
2026-06-29 10:05:05	StageB update 113 group=113 entropy=31.39922845363617 val_gain=
2026-06-29 10:05:51	StageB update 114 group=114 entropy=31.257893681526184 val_gain=
2026-06-29 10:06:27	StageB update 115 group=115 entropy=31.216384172439575 val_gain=
2026-06-29 10:07:12	StageB update 116 group=116 entropy=31.178547501564026 val_gain=
2026-06-29 10:07:59	StageB update 117 group=117 entropy=31.017342567443848 val_gain=
2026-06-29 10:08:45	StageB update 118 group=118 entropy=31.34802007675171 val_gain=
2026-06-29 10:09:21	StageB validation update_0120 bundle=models/data_bundle/generated_instances/E-UK25_08__curric_d2_s3_seed8_24h seed=301
2026-06-29 10:09:29	StageB validation update_0120 bundle=models/data_bundle/generated_instances/E-UK25_09__curric_d2_s3_seed9_24h seed=301
2026-06-29 10:09:38	StageB validation update_0120 bundle=models/data_bundle/generated_instances/E-UK50_04__curric_d2_s3_seed4_24h seed=301
2026-06-29 10:10:06	StageB update 119 group=119 entropy=29.25400686264038 val_gain=8.201125186281493
2026-06-29 10:10:06	StageB checkpoint solver\reports\dr_alns_ppo_v3_block_dr_alns\async_pilot\pilot22_grounded_fixes\checkpoints\pilot22_learned_destroy_update_0120.pt
2026-06-29 10:10:56	StageB update 120 group=120 entropy=31.137605667114258 val_gain=
2026-06-29 10:11:33	StageB update 121 group=121 entropy=31.22131848335266 val_gain=
2026-06-29 10:12:13	StageB update 122 group=122 entropy=31.193641185760498 val_gain=
2026-06-29 10:13:06	StageB update 123 group=123 entropy=31.171571135520935 val_gain=
2026-06-29 10:13:54	StageB update 124 group=124 entropy=31.124852538108826 val_gain=
2026-06-29 10:14:34	StageB update 125 group=125 entropy=31.14065909385681 val_gain=
2026-06-29 10:15:26	StageB update 126 group=126 entropy=30.962911367416382 val_gain=
2026-06-29 10:16:02	StageB update 127 group=127 entropy=30.817250967025757 val_gain=
2026-06-29 10:16:41	StageB update 128 group=128 entropy=30.793241143226624 val_gain=
2026-06-29 10:17:23	StageB validation update_0130 bundle=models/data_bundle/generated_instances/E-UK25_08__curric_d2_s3_seed8_24h seed=301
2026-06-29 10:17:31	StageB validation update_0130 bundle=models/data_bundle/generated_instances/E-UK25_09__curric_d2_s3_seed9_24h seed=301
2026-06-29 10:17:40	StageB validation update_0130 bundle=models/data_bundle/generated_instances/E-UK50_04__curric_d2_s3_seed4_24h seed=301
2026-06-29 10:18:09	StageB update 129 group=129 entropy=29.336567640304565 val_gain=11.506677666418925
2026-06-29 10:18:09	StageB checkpoint solver\reports\dr_alns_ppo_v3_block_dr_alns\async_pilot\pilot22_grounded_fixes\checkpoints\pilot22_learned_destroy_update_0130.pt
2026-06-29 10:18:53	StageB update 130 group=130 entropy=30.04363453388214 val_gain=
2026-06-29 10:19:29	StageB update 131 group=131 entropy=30.78273344039917 val_gain=
2026-06-29 10:20:16	StageB update 132 group=132 entropy=30.871982216835022 val_gain=
2026-06-29 10:20:53	StageB update 133 group=133 entropy=30.97829008102417 val_gain=
2026-06-29 10:21:45	StageB update 134 group=134 entropy=30.937302231788635 val_gain=
2026-06-29 10:22:31	StageB update 135 group=135 entropy=30.988747477531433 val_gain=
2026-06-29 10:23:19	StageB update 136 group=136 entropy=30.97712516784668 val_gain=
2026-06-29 10:23:56	StageB update 137 group=137 entropy=30.92442798614502 val_gain=
2026-06-29 10:24:40	StageB update 138 group=138 entropy=30.88366138935089 val_gain=
2026-06-29 10:25:16	StageB validation update_0140 bundle=models/data_bundle/generated_instances/E-UK25_08__curric_d2_s3_seed8_24h seed=301
2026-06-29 10:25:24	StageB validation update_0140 bundle=models/data_bundle/generated_instances/E-UK25_09__curric_d2_s3_seed9_24h seed=301
2026-06-29 10:25:34	StageB validation update_0140 bundle=models/data_bundle/generated_instances/E-UK50_04__curric_d2_s3_seed4_24h seed=301
2026-06-29 10:26:02	StageB update 139 group=139 entropy=30.85264503955841 val_gain=9.038057697641873
2026-06-29 10:26:02	StageB checkpoint solver\reports\dr_alns_ppo_v3_block_dr_alns\async_pilot\pilot22_grounded_fixes\checkpoints\pilot22_learned_destroy_update_0140.pt
2026-06-29 10:26:47	StageB update 140 group=140 entropy=30.773801445961 val_gain=
2026-06-29 10:27:41	StageB update 141 group=141 entropy=30.751709818840027 val_gain=
2026-06-29 10:28:34	StageB update 142 group=142 entropy=30.583544731140137 val_gain=
2026-06-29 10:29:11	StageB update 143 group=143 entropy=30.61847960948944 val_gain=
2026-06-29 10:30:04	StageB update 144 group=144 entropy=30.477547764778137 val_gain=
2026-06-29 10:30:41	StageB update 145 group=145 entropy=30.582852244377136 val_gain=
2026-06-29 10:31:19	StageB update 146 group=146 entropy=30.42488729953766 val_gain=
2026-06-29 10:32:09	StageB update 147 group=147 entropy=30.764887928962708 val_gain=
2026-06-29 10:33:01	StageB update 148 group=148 entropy=30.77910029888153 val_gain=
2026-06-29 10:33:39	StageB validation update_0150 bundle=models/data_bundle/generated_instances/E-UK25_08__curric_d2_s3_seed8_24h seed=301
2026-06-29 10:33:48	StageB validation update_0150 bundle=models/data_bundle/generated_instances/E-UK25_09__curric_d2_s3_seed9_24h seed=301
2026-06-29 10:33:57	StageB validation update_0150 bundle=models/data_bundle/generated_instances/E-UK50_04__curric_d2_s3_seed4_24h seed=301
2026-06-29 10:34:24	StageB update 149 group=149 entropy=30.751627445220947 val_gain=3.366553167664564
2026-06-29 10:34:24	StageB checkpoint solver\reports\dr_alns_ppo_v3_block_dr_alns\async_pilot\pilot22_grounded_fixes\checkpoints\pilot22_learned_destroy_update_0150.pt
2026-06-29 10:35:07	StageB update 150 group=150 entropy=30.609069347381592 val_gain=
2026-06-29 10:35:42	StageB update 151 group=151 entropy=30.757983565330505 val_gain=
2026-06-29 10:36:39	StageB update 152 group=152 entropy=30.960411310195923 val_gain=
2026-06-29 10:37:21	StageB update 153 group=153 entropy=30.75227439403534 val_gain=
2026-06-29 10:38:04	StageB update 154 group=154 entropy=30.846951842308044 val_gain=
2026-06-29 10:38:40	StageB update 155 group=155 entropy=30.89499020576477 val_gain=
2026-06-29 10:39:31	StageB update 156 group=156 entropy=30.87180519104004 val_gain=
2026-06-29 10:40:08	StageB update 157 group=157 entropy=30.806163549423218 val_gain=
2026-06-29 10:40:49	StageB update 158 group=158 entropy=31.25102925300598 val_gain=
2026-06-29 10:41:34	StageB validation update_0160 bundle=models/data_bundle/generated_instances/E-UK25_08__curric_d2_s3_seed8_24h seed=301
2026-06-29 10:41:44	StageB validation update_0160 bundle=models/data_bundle/generated_instances/E-UK25_09__curric_d2_s3_seed9_24h seed=301
2026-06-29 10:41:54	StageB validation update_0160 bundle=models/data_bundle/generated_instances/E-UK50_04__curric_d2_s3_seed4_24h seed=301
2026-06-29 10:42:26	StageB update 159 group=159 entropy=30.889532923698425 val_gain=2.652386030628606
2026-06-29 10:42:26	StageB checkpoint solver\reports\dr_alns_ppo_v3_block_dr_alns\async_pilot\pilot22_grounded_fixes\checkpoints\pilot22_learned_destroy_update_0160.pt
2026-06-29 10:43:16	StageB update 160 group=160 entropy=29.997716307640076 val_gain=
2026-06-29 10:43:53	StageB update 161 group=161 entropy=30.724712133407593 val_gain=
2026-06-29 10:44:42	StageB update 162 group=162 entropy=30.85143530368805 val_gain=
2026-06-29 10:45:18	StageB update 163 group=163 entropy=30.904075622558594 val_gain=
2026-06-29 10:46:04	StageB update 164 group=164 entropy=30.88647449016571 val_gain=
2026-06-29 10:46:46	StageB update 165 group=165 entropy=30.921414494514465 val_gain=
2026-06-29 10:47:32	StageB update 166 group=166 entropy=30.84327793121338 val_gain=
2026-06-29 10:48:07	StageB update 167 group=167 entropy=30.835047006607056 val_gain=
2026-06-29 10:49:05	StageB update 168 group=168 entropy=30.745230197906494 val_gain=
2026-06-29 10:49:42	StageB validation update_0170 bundle=models/data_bundle/generated_instances/E-UK25_08__curric_d2_s3_seed8_24h seed=301
2026-06-29 10:49:52	StageB validation update_0170 bundle=models/data_bundle/generated_instances/E-UK25_09__curric_d2_s3_seed9_24h seed=301
2026-06-29 10:49:59	StageB validation update_0170 bundle=models/data_bundle/generated_instances/E-UK50_04__curric_d2_s3_seed4_24h seed=301
2026-06-29 10:50:40	StageB update 169 group=169 entropy=30.749470949172974 val_gain=3.4615577644881204
2026-06-29 10:50:40	StageB checkpoint solver\reports\dr_alns_ppo_v3_block_dr_alns\async_pilot\pilot22_grounded_fixes\checkpoints\pilot22_learned_destroy_update_0170.pt
2026-06-29 10:51:22	StageB update 170 group=170 entropy=30.88292133808136 val_gain=
2026-06-29 10:52:07	StageB update 171 group=171 entropy=30.72081696987152 val_gain=
2026-06-29 10:52:54	StageB update 172 group=172 entropy=30.788807272911072 val_gain=
2026-06-29 10:53:29	StageB update 173 group=173 entropy=30.468721389770508 val_gain=
2026-06-29 10:54:17	StageB update 174 group=174 entropy=30.682047724723816 val_gain=
2026-06-29 10:54:58	StageB update 175 group=175 entropy=30.741211771965027 val_gain=
2026-06-29 10:55:47	StageB update 176 group=176 entropy=30.73269522190094 val_gain=
2026-06-29 10:56:49	StageB update 177 group=177 entropy=30.749067544937134 val_gain=
2026-06-29 10:57:42	StageB update 178 group=178 entropy=30.707661747932434 val_gain=
2026-06-29 10:58:22	StageB validation update_0180 bundle=models/data_bundle/generated_instances/E-UK25_08__curric_d2_s3_seed8_24h seed=301
2026-06-29 10:58:32	StageB validation update_0180 bundle=models/data_bundle/generated_instances/E-UK25_09__curric_d2_s3_seed9_24h seed=301
2026-06-29 10:58:43	StageB validation update_0180 bundle=models/data_bundle/generated_instances/E-UK50_04__curric_d2_s3_seed4_24h seed=301
2026-06-29 10:59:14	StageB update 179 group=179 entropy=30.388331532478333 val_gain=0.5992273561467986
2026-06-29 10:59:14	StageB checkpoint solver\reports\dr_alns_ppo_v3_block_dr_alns\async_pilot\pilot22_grounded_fixes\checkpoints\pilot22_learned_destroy_update_0180.pt
2026-06-29 11:00:04	StageB update 180 group=180 entropy=30.675364136695862 val_gain=
2026-06-29 11:00:46	StageB update 181 group=181 entropy=30.45988643169403 val_gain=
2026-06-29 11:01:34	StageB update 182 group=182 entropy=30.725078463554382 val_gain=
2026-06-29 11:02:22	StageB update 183 group=183 entropy=30.46396517753601 val_gain=
2026-06-29 11:03:15	StageB update 184 group=184 entropy=30.51297175884247 val_gain=
2026-06-29 11:03:56	StageB update 185 group=185 entropy=30.627593994140625 val_gain=
2026-06-29 11:04:48	StageB update 186 group=186 entropy=30.646000862121582 val_gain=
2026-06-29 11:05:29	StageB update 187 group=187 entropy=30.48499310016632 val_gain=
2026-06-29 11:06:16	StageB update 188 group=188 entropy=30.898136138916016 val_gain=
2026-06-29 11:07:12	StageB validation update_0190 bundle=models/data_bundle/generated_instances/E-UK25_08__curric_d2_s3_seed8_24h seed=301
2026-06-29 11:07:19	StageB validation update_0190 bundle=models/data_bundle/generated_instances/E-UK25_09__curric_d2_s3_seed9_24h seed=301
2026-06-29 11:07:28	StageB validation update_0190 bundle=models/data_bundle/generated_instances/E-UK50_04__curric_d2_s3_seed4_24h seed=301
2026-06-29 11:08:03	StageB update 189 group=189 entropy=30.673073410987854 val_gain=5.829337081202535
2026-06-29 11:08:03	StageB checkpoint solver\reports\dr_alns_ppo_v3_block_dr_alns\async_pilot\pilot22_grounded_fixes\checkpoints\pilot22_learned_destroy_update_0190.pt
2026-06-29 11:08:54	StageB update 190 group=190 entropy=30.63354241847992 val_gain=
2026-06-29 11:09:35	StageB update 191 group=191 entropy=30.823799967765808 val_gain=
2026-06-29 11:10:28	StageB update 192 group=192 entropy=30.655526995658875 val_gain=
2026-06-29 11:11:08	StageB update 193 group=193 entropy=30.86670994758606 val_gain=
2026-06-29 11:11:52	StageB update 194 group=194 entropy=29.802766799926758 val_gain=
2026-06-29 11:12:52	StageB update 195 group=195 entropy=30.79852819442749 val_gain=
2026-06-29 11:13:42	StageB update 196 group=196 entropy=30.828364968299866 val_gain=
2026-06-29 11:14:22	StageB update 197 group=197 entropy=30.681556344032288 val_gain=
2026-06-29 11:15:13	StageB update 198 group=198 entropy=30.656850695610046 val_gain=
2026-06-29 11:15:54	StageB validation update_0200 bundle=models/data_bundle/generated_instances/E-UK25_08__curric_d2_s3_seed8_24h seed=301
2026-06-29 11:16:05	StageB validation update_0200 bundle=models/data_bundle/generated_instances/E-UK25_09__curric_d2_s3_seed9_24h seed=301
2026-06-29 11:16:16	StageB validation update_0200 bundle=models/data_bundle/generated_instances/E-UK50_04__curric_d2_s3_seed4_24h seed=301
2026-06-29 11:17:02	StageB update 199 group=199 entropy=30.668880820274353 val_gain=4.4961626861893205
2026-06-29 11:17:02	StageB checkpoint solver\reports\dr_alns_ppo_v3_block_dr_alns\async_pilot\pilot22_grounded_fixes\checkpoints\pilot22_learned_destroy_update_0200.pt
2026-06-29 11:17:46	StageB update 200 group=200 entropy=30.89483070373535 val_gain=
2026-06-29 11:18:40	StageB update 201 group=201 entropy=30.760682582855225 val_gain=
2026-06-29 11:19:31	StageB update 202 group=202 entropy=30.81492054462433 val_gain=
2026-06-29 11:20:12	StageB update 203 group=203 entropy=30.535452842712402 val_gain=
2026-06-29 11:21:03	StageB update 204 group=204 entropy=30.778794407844543 val_gain=
2026-06-29 11:21:46	StageB update 205 group=205 entropy=30.795512318611145 val_gain=
2026-06-29 11:22:30	StageB update 206 group=206 entropy=30.94024693965912 val_gain=
2026-06-29 11:23:23	StageB update 207 group=207 entropy=30.902788758277893 val_gain=
2026-06-29 11:24:13	StageB update 208 group=208 entropy=30.900580406188965 val_gain=
2026-06-29 11:24:51	StageB validation update_0210 bundle=models/data_bundle/generated_instances/E-UK25_08__curric_d2_s3_seed8_24h seed=301
2026-06-29 11:25:01	StageB validation update_0210 bundle=models/data_bundle/generated_instances/E-UK25_09__curric_d2_s3_seed9_24h seed=301
2026-06-29 11:25:12	StageB validation update_0210 bundle=models/data_bundle/generated_instances/E-UK50_04__curric_d2_s3_seed4_24h seed=301
2026-06-29 11:25:51	StageB update 209 group=209 entropy=30.00924789905548 val_gain=3.696322905414831
2026-06-29 11:25:51	StageB checkpoint solver\reports\dr_alns_ppo_v3_block_dr_alns\async_pilot\pilot22_grounded_fixes\checkpoints\pilot22_learned_destroy_update_0210.pt
2026-06-29 11:26:40	StageB update 210 group=210 entropy=30.732247471809387 val_gain=
2026-06-29 11:27:20	StageB update 211 group=211 entropy=30.812832713127136 val_gain=
2026-06-29 11:28:12	StageB update 212 group=212 entropy=31.053853034973145 val_gain=
2026-06-29 11:29:08	StageB update 213 group=213 entropy=30.919608116149902 val_gain=
2026-06-29 11:30:01	StageB update 214 group=214 entropy=30.529086589813232 val_gain=
2026-06-29 11:30:43	StageB update 215 group=215 entropy=30.730573177337646 val_gain=
2026-06-29 11:31:51	StageB update 216 group=216 entropy=31.006187558174133 val_gain=
2026-06-29 11:32:33	StageB update 217 group=217 entropy=30.85850238800049 val_gain=
2026-06-29 11:33:15	StageB update 218 group=218 entropy=30.783467292785645 val_gain=
2026-06-29 11:34:09	StageB validation update_0220 bundle=models/data_bundle/generated_instances/E-UK25_08__curric_d2_s3_seed8_24h seed=301
2026-06-29 11:34:18	StageB validation update_0220 bundle=models/data_bundle/generated_instances/E-UK25_09__curric_d2_s3_seed9_24h seed=301
2026-06-29 11:34:27	StageB validation update_0220 bundle=models/data_bundle/generated_instances/E-UK50_04__curric_d2_s3_seed4_24h seed=301
2026-06-29 11:35:18	StageB update 219 group=219 entropy=30.858222007751465 val_gain=4.396599529107435
2026-06-29 11:35:18	StageB checkpoint solver\reports\dr_alns_ppo_v3_block_dr_alns\async_pilot\pilot22_grounded_fixes\checkpoints\pilot22_learned_destroy_update_0220.pt
2026-06-29 11:36:14	StageB update 220 group=220 entropy=31.013185024261475 val_gain=
2026-06-29 11:36:56	StageB update 221 group=221 entropy=30.702211260795593 val_gain=
2026-06-29 11:37:46	StageB update 222 group=222 entropy=30.958826780319214 val_gain=
2026-06-29 11:38:29	StageB update 223 group=223 entropy=30.938130021095276 val_gain=
2026-06-29 11:39:27	StageB update 224 group=224 entropy=30.799171328544617 val_gain=
2026-06-29 11:40:20	StageB update 225 group=225 entropy=30.937852025032043 val_gain=
2026-06-29 11:41:15	StageB update 226 group=226 entropy=30.669408082962036 val_gain=
2026-06-29 11:41:56	StageB update 227 group=227 entropy=30.63200068473816 val_gain=
2026-06-29 11:42:46	StageB update 228 group=228 entropy=30.746336221694946 val_gain=
2026-06-29 11:43:27	StageB validation update_0230 bundle=models/data_bundle/generated_instances/E-UK25_08__curric_d2_s3_seed8_24h seed=301
2026-06-29 11:43:36	StageB validation update_0230 bundle=models/data_bundle/generated_instances/E-UK25_09__curric_d2_s3_seed9_24h seed=301
2026-06-29 11:43:48	StageB validation update_0230 bundle=models/data_bundle/generated_instances/E-UK50_04__curric_d2_s3_seed4_24h seed=301
2026-06-29 11:44:19	StageB update 229 group=229 entropy=30.906241416931152 val_gain=1.5901247897544966
2026-06-29 11:44:19	StageB checkpoint solver\reports\dr_alns_ppo_v3_block_dr_alns\async_pilot\pilot22_grounded_fixes\checkpoints\pilot22_learned_destroy_update_0230.pt
2026-06-29 11:45:01	StageB update 230 group=230 entropy=30.403406381607056 val_gain=
2026-06-29 11:45:57	StageB update 231 group=231 entropy=30.718400597572327 val_gain=
2026-06-29 11:46:52	StageB update 232 group=232 entropy=30.399668335914612 val_gain=
2026-06-29 11:47:33	StageB update 233 group=233 entropy=30.42317271232605 val_gain=
2026-06-29 11:48:25	StageB update 234 group=234 entropy=30.758292078971863 val_gain=
2026-06-29 11:49:10	StageB update 235 group=235 entropy=30.70958709716797 val_gain=
2026-06-29 11:49:57	StageB update 236 group=236 entropy=29.744069814682007 val_gain=
2026-06-29 11:50:59	StageB update 237 group=237 entropy=30.926018238067627 val_gain=
2026-06-29 11:51:48	StageB update 238 group=238 entropy=29.942396998405457 val_gain=
2026-06-29 11:52:28	StageB validation update_0240 bundle=models/data_bundle/generated_instances/E-UK25_08__curric_d2_s3_seed8_24h seed=301
2026-06-29 11:52:39	StageB validation update_0240 bundle=models/data_bundle/generated_instances/E-UK25_09__curric_d2_s3_seed9_24h seed=301
2026-06-29 11:52:49	StageB validation update_0240 bundle=models/data_bundle/generated_instances/E-UK50_04__curric_d2_s3_seed4_24h seed=301
2026-06-29 11:53:22	StageB update 239 group=239 entropy=29.853218913078308 val_gain=8.120622618314101
2026-06-29 11:53:22	StageB checkpoint solver\reports\dr_alns_ppo_v3_block_dr_alns\async_pilot\pilot22_grounded_fixes\checkpoints\pilot22_learned_destroy_update_0240.pt
2026-06-29 11:54:15	StageB update 240 group=240 entropy=30.97979235649109 val_gain=
2026-06-29 11:54:53	StageB update 241 group=241 entropy=30.10883665084839 val_gain=
2026-06-29 11:55:31	StageB update 242 group=242 entropy=29.886196613311768 val_gain=
2026-06-29 11:56:17	StageB update 243 group=243 entropy=30.920178413391113 val_gain=
2026-06-29 11:56:58	StageB update 244 group=244 entropy=30.241042971611023 val_gain=
2026-06-29 11:57:34	StageB update 245 group=245 entropy=29.870721340179443 val_gain=
2026-06-29 11:58:27	StageB update 246 group=246 entropy=30.937610745429993 val_gain=
2026-06-29 11:59:06	StageB update 247 group=247 entropy=30.877289056777954 val_gain=
2026-06-29 11:59:48	StageB update 248 group=248 entropy=30.216099500656128 val_gain=
2026-06-29 12:00:42	StageB validation update_0250 bundle=models/data_bundle/generated_instances/E-UK25_08__curric_d2_s3_seed8_24h seed=301
2026-06-29 12:00:51	StageB validation update_0250 bundle=models/data_bundle/generated_instances/E-UK25_09__curric_d2_s3_seed9_24h seed=301
2026-06-29 12:00:59	StageB validation update_0250 bundle=models/data_bundle/generated_instances/E-UK50_04__curric_d2_s3_seed4_24h seed=301
2026-06-29 12:01:35	StageB update 249 group=249 entropy=30.964274883270264 val_gain=2.4096715037784153
2026-06-29 12:01:35	StageB checkpoint solver\reports\dr_alns_ppo_v3_block_dr_alns\async_pilot\pilot22_grounded_fixes\checkpoints\pilot22_learned_destroy_update_0250.pt
2026-06-29 12:01:35	StageB validation final bundle=models/data_bundle/generated_instances/E-UK25_08__curric_d2_s3_seed8_24h seed=301
2026-06-29 12:01:43	StageB validation final bundle=models/data_bundle/generated_instances/E-UK25_09__curric_d2_s3_seed9_24h seed=301
2026-06-29 12:01:51	StageB validation final bundle=models/data_bundle/generated_instances/E-UK50_04__curric_d2_s3_seed4_24h seed=301
2026-06-29 12:02:26	StageB verdict=HALT_LEARNER_NO_VALIDATION_GAIN: best_validation_gain=11.507%, final_validation_gain=2.410%, gain_slope=-0.102373, finite_losses=True, kl_ok=False, zero_violations=True, entropy_floor_ok=True
2026-06-29 12:02:26	HALT HALT_LEARNER_NO_VALIDATION_GAIN: best_validation_gain=11.507%, final_validation_gain=2.410%, gain_slope=-0.102373, finite_losses=True, kl_ok=False, zero_violations=True, entropy_floor_ok=True
