DONE T26__CY__COST_CARBON__S2026080204 FULL_PASS_ZERO_VIOLATIONS
DONE T26__CY__COST_CARBON__S2026080206 FULL_PASS_ZERO_VIOLATIONS
DONE T26__CY__COST_CARBON__S2026080205 FULL_PASS_ZERO_VIOLATIONS
DONE T26__CY__COST_CARBON__S2026080207 FULL_PASS_ZERO_VIOLATIONS
DONE T26__CY__COST_CARBON__S2026080209 FULL_PASS_ZERO_VIOLATIONS
DONE T26__CY__COST_CARBON__S2026080208 FULL_PASS_ZERO_VIOLATIONS
DONE T26__CY__COST_CARBON__S2026080210 FULL_PASS_ZERO_VIOLATIONS
DONE T26__JJJ__ASAP__S2026080201 FULL_PASS_ZERO_VIOLATIONS
DONE T26__JJJ__ASAP__S2026080202 FULL_PASS_ZERO_VIOLATIONS
BATCH_SUMMARY {"batch_index": 3, "batch_wall_seconds": 2564.3282690409997, "blas_threads_per_process": 1, "completed_at_utc": "2026-08-06T02:12:24Z", "failed_count": 0, "load_average_after": [2.575684, 3.314453, 10.106934], "load_average_before": [25.908691, 175.113281, 136.655762], "max_tasks_per_child": 1, "maximum_configured_compute_threads": 9, "started_at_unit_offset": 15, "successful_count": 9, "task_ids": ["T26__CY__COST_CARBON__S2026080204", "T26__CY__COST_CARBON__S2026080205", "T26__CY__COST_CARBON__S2026080206", "T26__CY__COST_CARBON__S2026080207", "T26__CY__COST_CARBON__S2026080208", "T26__CY__COST_CARBON__S2026080209", "T26__CY__COST_CARBON__S2026080210", "T26__JJJ__ASAP__S2026080201", "T26__JJJ__ASAP__S2026080202"], "unit_count": 9, "unit_wall_seconds_median": 698.9332774580016, "unit_worker_count": 3}
DONE T26__JJJ__ASAP__S2026080204 FULL_PASS_ZERO_VIOLATIONS
DONE T26__JJJ__ASAP__S2026080205 FULL_PASS_ZERO_VIOLATIONS
DONE T26__JJJ__ASAP__S2026080203 FULL_PASS_ZERO_VIOLATIONS
DONE T26__JJJ__ASAP__S2026080207 FULL_PASS_ZERO_VIOLATIONS
DONE T26__JJJ__ASAP__S2026080206 FULL_PASS_ZERO_VIOLATIONS
DONE T26__JJJ__ASAP__S2026080208 FULL_PASS_ZERO_VIOLATIONS
DONE T26__JJJ__ASAP__S2026080210 FULL_PASS_ZERO_VIOLATIONS
DONE T26__JJJ__ASAP__S2026080209 FULL_PASS_ZERO_VIOLATIONS
DONE T26__JJJ__COST__S2026080201 FULL_PASS_ZERO_VIOLATIONS
BATCH_SUMMARY {"batch_index": 4, "batch_wall_seconds": 2272.086569000001, "blas_threads_per_process": 1, "completed_at_utc": "2026-08-06T02:50:16Z", "failed_count": 0, "load_average_after": [2.773926, 2.763184, 3.666992], "load_average_before": [2.575684, 3.314453, 10.106934], "max_tasks_per_child": 1, "maximum_configured_compute_threads": 9, "started_at_unit_offset": 24, "successful_count": 9, "task_ids": ["T26__JJJ__ASAP__S2026080203", "T26__JJJ__ASAP__S2026080204", "T26__JJJ__ASAP__S2026080205", "T26__JJJ__ASAP__S2026080206", "T26__JJJ__ASAP__S2026080207", "T26__JJJ__ASAP__S2026080208", "T26__JJJ__ASAP__S2026080209", "T26__JJJ__ASAP__S2026080210", "T26__JJJ__COST__S2026080201"], "unit_count": 9, "unit_wall_seconds_median": 640.1520990419995, "unit_worker_count": 3}
DONE T26__JJJ__COST__S2026080202 FULL_PASS_ZERO_VIOLATIONS
DONE T26__JJJ__COST__S2026080203 FULL_PASS_ZERO_VIOLATIONS
DONE T26__JJJ__COST__S2026080204 FULL_PASS_ZERO_VIOLATIONS
DONE T26__JJJ__COST__S2026080206 FULL_PASS_ZERO_VIOLATIONS
DONE T26__JJJ__COST__S2026080207 FULL_PASS_ZERO_VIOLATIONS
DONE T26__JJJ__COST__S2026080205 FULL_PASS_ZERO_VIOLATIONS
DONE T26__JJJ__COST__S2026080208 FULL_PASS_ZERO_VIOLATIONS
DONE T26__JJJ__COST__S2026080210 FULL_PASS_ZERO_VIOLATIONS
DONE T26__JJJ__COST__S2026080209 FULL_PASS_ZERO_VIOLATIONS
BATCH_SUMMARY {"batch_index": 5, "batch_wall_seconds": 2228.830670541998, "blas_threads_per_process": 1, "completed_at_utc": "2026-08-06T03:27:25Z", "failed_count": 0, "load_average_after": [2.268066, 3.03418, 3.654297], "load_average_before": [2.773926, 2.763184, 3.666992], "max_tasks_per_child": 1, "maximum_configured_compute_threads": 9, "started_at_unit_offset": 33, "successful_count": 9, "task_ids": ["T26__JJJ__COST__S2026080202", "T26__JJJ__COST__S2026080203", "T26__JJJ__COST__S2026080204", "T26__JJJ__COST__S2026080205", "T26__JJJ__COST__S2026080206", "T26__JJJ__COST__S2026080207", "T26__JJJ__COST__S2026080208", "T26__JJJ__COST__S2026080209", "T26__JJJ__COST__S2026080210"], "unit_count": 9, "unit_wall_seconds_median": 635.1719866250005, "unit_worker_count": 3}
DONE T26__JJJ__COST_CARBON__S2026080202 FULL_PASS_ZERO_VIOLATIONS
DONE T26__JJJ__COST_CARBON__S2026080203 FULL_PASS_ZERO_VIOLATIONS
DONE T26__JJJ__COST_CARBON__S2026080201 FULL_PASS_ZERO_VIOLATIONS
DONE T26__JJJ__COST_CARBON__S2026080204 FULL_PASS_ZERO_VIOLATIONS
DONE T26__JJJ__COST_CARBON__S2026080206 FULL_PASS_ZERO_VIOLATIONS
DONE T26__JJJ__COST_CARBON__S2026080205 FULL_PASS_ZERO_VIOLATIONS
DONE T26__JJJ__COST_CARBON__S2026080207 FULL_PASS_ZERO_VIOLATIONS
DONE T26__JJJ__COST_CARBON__S2026080208 FULL_PASS_ZERO_VIOLATIONS
DONE T26__JJJ__COST_CARBON__S2026080209 FULL_PASS_ZERO_VIOLATIONS
BATCH_SUMMARY {"batch_index": 6, "batch_wall_seconds": 2434.249284292, "blas_threads_per_process": 1, "completed_at_utc": "2026-08-06T04:07:59Z", "failed_count": 0, "load_average_after": [2.083496, 3.090332, 3.574707], "load_average_before": [2.268066, 3.03418, 3.654297], "max_tasks_per_child": 1, "maximum_configured_compute_threads": 9, "started_at_unit_offset": 42, "successful_count": 9, "task_ids": ["T26__JJJ__COST_CARBON__S2026080201", "T26__JJJ__COST_CARBON__S2026080202", "T26__JJJ__COST_CARBON__S2026080203", "T26__JJJ__COST_CARBON__S2026080204", "T26__JJJ__COST_CARBON__S2026080205", "T26__JJJ__COST_CARBON__S2026080206", "T26__JJJ__COST_CARBON__S2026080207", "T26__JJJ__COST_CARBON__S2026080208", "T26__JJJ__COST_CARBON__S2026080209"], "unit_count": 9, "unit_wall_seconds_median": 686.413478292001, "unit_worker_count": 3}
DONE T26__PRD__ASAP__S2026080202 FULL_PASS_ZERO_VIOLATIONS
DONE T26__JJJ__COST_CARBON__S2026080210 FULL_PASS_ZERO_VIOLATIONS
DONE T26__PRD__ASAP__S2026080201 FULL_PASS_ZERO_VIOLATIONS
DONE T26__PRD__ASAP__S2026080203 FULL_PASS_ZERO_VIOLATIONS
DONE T26__PRD__ASAP__S2026080204 FULL_PASS_ZERO_VIOLATIONS
DONE T26__PRD__ASAP__S2026080205 FULL_PASS_ZERO_VIOLATIONS
DONE T26__PRD__ASAP__S2026080206 FULL_PASS_ZERO_VIOLATIONS
DONE T26__PRD__ASAP__S2026080207 FULL_PASS_ZERO_VIOLATIONS
DONE T26__PRD__ASAP__S2026080208 FULL_PASS_ZERO_VIOLATIONS
BATCH_SUMMARY {"batch_index": 7, "batch_wall_seconds": 2196.7968688329966, "blas_threads_per_process": 1, "completed_at_utc": "2026-08-06T04:44:36Z", "failed_count": 0, "load_average_after": [1.782227, 2.685547, 3.299316], "load_average_before": [2.083496, 3.090332, 3.574707], "max_tasks_per_child": 1, "maximum_configured_compute_threads": 9, "started_at_unit_offset": 51, "successful_count": 9, "task_ids": ["T26__JJJ__COST_CARBON__S2026080210", "T26__PRD__ASAP__S2026080201", "T26__PRD__ASAP__S2026080202", "T26__PRD__ASAP__S2026080203", "T26__PRD__ASAP__S2026080204", "T26__PRD__ASAP__S2026080205", "T26__PRD__ASAP__S2026080206", "T26__PRD__ASAP__S2026080207", "T26__PRD__ASAP__S2026080208"], "unit_count": 9, "unit_wall_seconds_median": 687.640236416999, "unit_worker_count": 3}
DONE T26__PRD__ASAP__S2026080210 FULL_PASS_ZERO_VIOLATIONS
DONE T26__PRD__ASAP__S2026080209 FULL_PASS_ZERO_VIOLATIONS
/opt/anaconda3/lib/python3.13/multiprocessing/resource_tracker.py:324: UserWarning: resource_tracker: There appear to be 5 leaked semaphore objects to clean up at shutdown: {'/mp-gdl2hg5t', '/mp-exbfmf52', '/mp-9idb4gab', '/mp-2t2tlv_b', '/mp-5bopyq5e'}
  warnings.warn(
