Traceback (most recent call last):
  File "/Volumes/移动硬盘（512G）/ReSETP/baselines/e3_ablation/e3_v3_runner.py", line 1100, in <module>
    raise SystemExit(main())
                     ~~~~^^
  File "/Volumes/移动硬盘（512G）/ReSETP/baselines/e3_ablation/e3_v3_runner.py", line 1093, in main
    list(pool.map(launch, commands))
    ~~~~^^^^^^^^^^^^^^^^^^^^^^^^^^^^
  File "/opt/anaconda3/lib/python3.13/concurrent/futures/_base.py", line 619, in result_iterator
    yield _result_or_cancel(fs.pop())
          ~~~~~~~~~~~~~~~~~^^^^^^^^^^
  File "/opt/anaconda3/lib/python3.13/concurrent/futures/_base.py", line 317, in _result_or_cancel
    return fut.result(timeout)
           ~~~~~~~~~~^^^^^^^^^
  File "/opt/anaconda3/lib/python3.13/concurrent/futures/_base.py", line 456, in result
    return self.__get_result()
           ~~~~~~~~~~~~~~~~~^^
  File "/opt/anaconda3/lib/python3.13/concurrent/futures/_base.py", line 401, in __get_result
    raise self._exception
  File "/opt/anaconda3/lib/python3.13/concurrent/futures/thread.py", line 59, in run
    result = self.fn(*self.args, **self.kwargs)
  File "/Volumes/移动硬盘（512G）/ReSETP/baselines/e3_ablation/e3_v3_runner.py", line 1090, in launch
    raise RuntimeError((completed.stderr or completed.stdout)[-4000:])
RuntimeError: Traceback (most recent call last):
  File "/Volumes/移动硬盘（512G）/ReSETP/baselines/e3_ablation/e3_v3_runner.py", line 1100, in <module>
    raise SystemExit(main())
                     ~~~~^^
  File "/Volumes/移动硬盘（512G）/ReSETP/baselines/e3_ablation/e3_v3_runner.py", line 1063, in main
    run_seed_plan(read_json(Path(args.seed_plan_json)), out)
    ~~~~~~~~~~~~~^^^^^^^^^^^^^^^^^^^^^^^^^^^^^^^^^^^^^^^^^^^
  File "/Volumes/移动硬盘（512G）/ReSETP/baselines/e3_ablation/e3_v3_runner.py", line 871, in run_seed_plan
    row = run_row(spec, manifests[size], out, independent_by_size.get(size))
  File "/Volumes/移动硬盘（512G）/ReSETP/baselines/e3_ablation/e3_v3_runner.py", line 845, in run_row
    else _run_cooperative(spec, manifest, independent_row or {}, out)
         ~~~~~~~~~~~~~~~~^^^^^^^^^^^^^^^^^^^^^^^^^^^^^^^^^^^^^^^^^^^^
  File "/Volumes/移动硬盘（512G）/ReSETP/baselines/e3_ablation/e3_v3_runner.py", line 647, in _run_cooperative
    initial, start_source = _initial_for_cooperation(
                            ~~~~~~~~~~~~~~~~~~~~~~~~^
        manifest,
        ^^^^^^^^^
    ...<5 lines>...
        independent_profit if settings["fairness_enabled"] else None,
        ^^^^^^^^^^^^^^^^^^^^^^^^^^^^^^^^^^^^^^^^^^^^^^^^^^^^^^^^^^^^^
    )
    ^
  File "/Volumes/移动硬盘（512G）/ReSETP/baselines/e3_ablation/e3_v3_runner.py", line 628, in _initial_for_cooperation
    raise ValueError("neither independently constructed short-route start satisfies the frozen assets and fairness contract")
ValueError: neither independently constructed short-route start satisfies the frozen assets and fairness contract

