Traceback (most recent call last):
  File "/Volumes/移动硬盘（512G）/ReSETP/baselines/e3_ablation/e3_v3_runner.py", line 1003, in main
    list(pool.map(launch, commands))
    ~~~~^^^^^^^^^^^^^^^^^^^^^^^^^^^^
  File "/opt/anaconda3/lib/python3.13/concurrent/futures/_base.py", line 619, in result_iterator
    yield _result_or_cancel(fs.pop())
          ~~~~~~~~~~~~~~~~~^^^^^^^^^^
  File "/opt/anaconda3/lib/python3.13/concurrent/futures/_base.py", line 317, in _result_or_cancel
    return fut.result(timeout)
           ~~~~~~~~~~^^^^^^^^^
  File "/opt/anaconda3/lib/python3.13/concurrent/futures/_base.py", line 456, in result
    return self.__get_result()
           ~~~~~~~~~~~~~~~~~^^
  File "/opt/anaconda3/lib/python3.13/concurrent/futures/_base.py", line 401, in __get_result
    raise self._exception
  File "/opt/anaconda3/lib/python3.13/concurrent/futures/thread.py", line 59, in run
    result = self.fn(*self.args, **self.kwargs)
  File "/Volumes/移动硬盘（512G）/ReSETP/baselines/e3_ablation/e3_v3_runner.py", line 1000, in launch
    raise RuntimeError((completed.stderr or completed.stdout)[-4000:])
RuntimeError: Traceback (most recent call last):
  File "/Volumes/移动硬盘（512G）/ReSETP/baselines/e3_ablation/e3_v3_runner.py", line 1010, in <module>
    raise SystemExit(main())
                     ~~~~^^
  File "/Volumes/移动硬盘（512G）/ReSETP/baselines/e3_ablation/e3_v3_runner.py", line 973, in main
    run_seed_plan(read_json(Path(args.seed_plan_json)), out)
    ~~~~~~~~~~~~~^^^^^^^^^^^^^^^^^^^^^^^^^^^^^^^^^^^^^^^^^^^
  File "/Volumes/移动硬盘（512G）/ReSETP/baselines/e3_ablation/e3_v3_runner.py", line 786, in run_seed_plan
    raise ValueError(f"{row['run_id']} stopped: {row.get('reason', '')}")
ValueError: E3__100c__M0__seed1__fee0__eval4000 stopped: Violation(type='FLEET_SIZE', vehicle_id='', location='cv', detail='CV physical vehicles 8 exceed available fuel vehicles 7', severity='hard'); Violation(type='ROUTE_STRUCTURE', vehicle_id='', location='E3_STRICT_MULTITRIP_V2', detail='实体油车数量超过上限', severity='hard')


During handling of the above exception, another exception occurred:

Traceback (most recent call last):
  File "/Volumes/移动硬盘（512G）/ReSETP/baselines/e3_ablation/e3_v3_runner.py", line 1010, in <module>
    raise SystemExit(main())
                     ~~~~^^
  File "/Volumes/移动硬盘（512G）/ReSETP/baselines/e3_ablation/e3_v3_runner.py", line 1002, in main
    with concurrent.futures.ThreadPoolExecutor(max_workers=min(max(1, int(args.workers)), len(commands))) as pool:
         ~~~~~~~~~~~~~~~~~~~~~~~~~~~~~~~~~~~~~^^^^^^^^^^^^^^^^^^^^^^^^^^^^^^^^^^^^^^^^^^^^^^^^^^^^^^^^^^^
  File "/opt/anaconda3/lib/python3.13/concurrent/futures/_base.py", line 647, in __exit__
    self.shutdown(wait=True)
    ~~~~~~~~~~~~~^^^^^^^^^^^
  File "/opt/anaconda3/lib/python3.13/concurrent/futures/thread.py", line 239, in shutdown
    t.join()
    ~~~~~~^^
  File "/opt/anaconda3/lib/python3.13/threading.py", line 1094, in join
    self._handle.join(timeout)
    ~~~~~~~~~~~~~~~~~^^^^^^^^^
KeyboardInterrupt
