Traceback (most recent call last):
  File "/Volumes/移动硬盘（512G）/ReSETP/baselines/e3_ablation/e3_v3_runner.py", line 1011, in <module>
    raise SystemExit(main())
                     ~~~~^^
  File "/Volumes/移动硬盘（512G）/ReSETP/baselines/e3_ablation/e3_v3_runner.py", line 1004, in main
    list(pool.map(launch, commands))
    ~~~~^^^^^^^^^^^^^^^^^^^^^^^^^^^^
  File "/opt/anaconda3/lib/python3.13/concurrent/futures/_base.py", line 619, in result_iterator
    yield _result_or_cancel(fs.pop())
          ~~~~~~~~~~~~~~~~~^^^^^^^^^^
  File "/opt/anaconda3/lib/python3.13/concurrent/futures/_base.py", line 317, in _result_or_cancel
    return fut.result(timeout)
           ~~~~~~~~~~^^^^^^^^^
  File "/opt/anaconda3/lib/python3.13/concurrent/futures/_base.py", line 456, in result
    return self.__get_result()
           ~~~~~~~~~~~~~~~~~^^
  File "/opt/anaconda3/lib/python3.13/concurrent/futures/_base.py", line 401, in __get_result
    raise self._exception
  File "/opt/anaconda3/lib/python3.13/concurrent/futures/thread.py", line 59, in run
    result = self.fn(*self.args, **self.kwargs)
  File "/Volumes/移动硬盘（512G）/ReSETP/baselines/e3_ablation/e3_v3_runner.py", line 1001, in launch
    raise RuntimeError((completed.stderr or completed.stdout)[-4000:])
RuntimeError: Traceback (most recent call last):
  File "/Volumes/移动硬盘（512G）/ReSETP/baselines/e3_ablation/e3_v3_runner.py", line 1011, in <module>
    raise SystemExit(main())
                     ~~~~^^
  File "/Volumes/移动硬盘（512G）/ReSETP/baselines/e3_ablation/e3_v3_runner.py", line 974, in main
    run_seed_plan(read_json(Path(args.seed_plan_json)), out)
    ~~~~~~~~~~~~~^^^^^^^^^^^^^^^^^^^^^^^^^^^^^^^^^^^^^^^^^^^
  File "/Volumes/移动硬盘（512G）/ReSETP/baselines/e3_ablation/e3_v3_runner.py", line 782, in run_seed_plan
    row = run_row(spec, manifests[size], out, independent_by_size.get(size))
  File "/Volumes/移动硬盘（512G）/ReSETP/baselines/e3_ablation/e3_v3_runner.py", line 752, in run_row
    raise ValueError(f"stale or failed resumable row exists: {row_path}")
ValueError: stale or failed resumable row exists: /Volumes/移动硬盘（512G）/ReSETP/baselines/e3_ablation/e3_v8_clean_20260713/runs/E3__200c__M0__seed1__fee0__eval4000.json

