[S2] 0 new units complete; 810 remaining; 6 workers
[S2] cn-cy-100c-01-V2-LOCATIONS seed=2 mode=cv_only status=OK cost=5216.405501467507
[S2] cn-cy-100c-01-V2-LOCATIONS seed=3 mode=cv_only status=OK cost=5216.40978652702
[S2] cn-cy-100c-01-V2-LOCATIONS seed=1 mode=cv_only status=OK cost=5216.405501467507
[S2] cn-cy-100c-01-V2-LOCATIONS seed=2 mode=naive_ev status=OK cost=5165.108320704227
[S2] cn-cy-100c-01-V2-LOCATIONS seed=5 mode=cv_only status=OK cost=5254.664111420113
[S2] cn-cy-100c-01-V2-LOCATIONS seed=4 mode=cv_only status=OK cost=5216.40978652702
[S2] cn-cy-100c-01-V2-LOCATIONS seed=1 mode=naive_ev status=OK cost=5166.558111258914
[S2] cn-cy-100c-01-V2-LOCATIONS seed=3 mode=naive_ev status=OK cost=5158.272031908577
[S2] cn-cy-100c-02-V2-LOCATIONS seed=1 mode=cv_only status=OK cost=4813.21328471388
[S2] cn-cy-100c-02-V2-LOCATIONS seed=2 mode=cv_only status=OK cost=4819.514455515152
[S2] cn-cy-100c-01-V2-LOCATIONS seed=5 mode=naive_ev status=OK cost=5161.41388446487
[S2] cn-cy-100c-01-V2-LOCATIONS seed=4 mode=naive_ev status=OK cost=5158.272031908577
[S2] cn-cy-100c-02-V2-LOCATIONS seed=1 mode=naive_ev status=OK cost=4814.0139497521795
[S2] cn-cy-100c-02-V2-LOCATIONS seed=3 mode=cv_only status=OK cost=5020.317356717968
[S2] cn-cy-100c-02-V2-LOCATIONS seed=2 mode=naive_ev status=OK cost=4950.061790923849
[S2] cn-cy-100c-02-V2-LOCATIONS seed=4 mode=cv_only status=OK cost=4813.968943158632
[S2] cn-cy-100c-02-V2-LOCATIONS seed=3 mode=naive_ev status=OK cost=4842.386209381389
[S2] cn-cy-100c-02-V2-LOCATIONS seed=5 mode=cv_only status=OK cost=5019.914656430727
[S2] cn-cy-100c-03-V2-LOCATIONS seed=1 mode=cv_only status=OK cost=4757.197324708852
[S2] cn-cy-100c-02-V2-LOCATIONS seed=4 mode=naive_ev status=OK cost=4813.21328471388
[S2] cn-cy-100c-02-V2-LOCATIONS seed=5 mode=naive_ev status=OK cost=4948.924035833735
[S2] cn-cy-100c-03-V2-LOCATIONS seed=2 mode=cv_only status=OK cost=4756.1941504550305
[S2] cn-cy-100c-03-V2-LOCATIONS seed=1 mode=naive_ev status=OK cost=4717.576312564921
[S2] cn-cy-100c-03-V2-LOCATIONS seed=3 mode=cv_only status=OK cost=4756.1941504550305
[S2] cn-cy-100c-03-V2-LOCATIONS seed=4 mode=cv_only status=OK cost=4757.197324708852
[S2] cn-cy-10c-01-V2-LOCATIONS seed=1 mode=cv_only status=OK cost=591.032394171866
[S2] cn-cy-10c-01-V2-LOCATIONS seed=1 mode=naive_ev status=OK cost=579.2642466516072
[S2] cn-cy-10c-01-V2-LOCATIONS seed=2 mode=cv_only status=OK cost=591.032394171866
[S2] cn-cy-10c-01-V2-LOCATIONS seed=2 mode=naive_ev status=OK cost=579.2642466516072
[S2] cn-cy-10c-01-V2-LOCATIONS seed=3 mode=cv_only status=OK cost=591.032394171866
[S2] cn-cy-10c-01-V2-LOCATIONS seed=3 mode=naive_ev status=OK cost=579.2642466516072
[S2] cn-cy-10c-01-V2-LOCATIONS seed=4 mode=cv_only status=OK cost=591.032394171866
[S2] cn-cy-10c-01-V2-LOCATIONS seed=4 mode=naive_ev status=OK cost=579.2642466516072
[S2] cn-cy-10c-01-V2-LOCATIONS seed=5 mode=cv_only status=OK cost=591.032394171866
[S2] cn-cy-100c-03-V2-LOCATIONS seed=2 mode=naive_ev status=OK cost=4717.703683123738
[S2] cn-cy-10c-01-V2-LOCATIONS seed=5 mode=naive_ev status=OK cost=579.2642466516072
[S2] cn-cy-10c-02-V2-LOCATIONS seed=1 mode=cv_only status=OK cost=633.8356528797758
[S2] cn-cy-10c-02-V2-LOCATIONS seed=1 mode=naive_ev status=OK cost=633.8356528797758
[S2] cn-cy-10c-02-V2-LOCATIONS seed=2 mode=cv_only status=OK cost=633.8356528797758
[S2] cn-cy-10c-02-V2-LOCATIONS seed=3 mode=cv_only status=OK cost=633.8356528797758
[S2] cn-cy-10c-02-V2-LOCATIONS seed=2 mode=naive_ev status=OK cost=633.8356528797758
[S2] cn-cy-10c-02-V2-LOCATIONS seed=4 mode=cv_only status=OK cost=633.8356528797758
[S2] cn-cy-10c-02-V2-LOCATIONS seed=3 mode=naive_ev status=OK cost=633.8356528797758
[S2] cn-cy-10c-02-V2-LOCATIONS seed=5 mode=cv_only status=OK cost=633.8356528797758
[S2] cn-cy-10c-02-V2-LOCATIONS seed=4 mode=naive_ev status=OK cost=633.8356528797758
[S2] cn-cy-10c-03-V2-LOCATIONS seed=1 mode=cv_only status=OK cost=657.8829667695985
[S2] cn-cy-10c-02-V2-LOCATIONS seed=5 mode=naive_ev status=OK cost=633.8356528797758
[S2] cn-cy-10c-03-V2-LOCATIONS seed=1 mode=naive_ev status=OK cost=657.8829667695985
[S2] cn-cy-10c-03-V2-LOCATIONS seed=2 mode=cv_only status=OK cost=657.8829667695985
[S2] cn-cy-10c-03-V2-LOCATIONS seed=3 mode=cv_only status=OK cost=657.8829667695985
[S2] cn-cy-10c-03-V2-LOCATIONS seed=2 mode=naive_ev status=OK cost=657.8829667695985
[S2] cn-cy-10c-03-V2-LOCATIONS seed=4 mode=cv_only status=OK cost=657.8829667695985
[S2] cn-cy-10c-03-V2-LOCATIONS seed=3 mode=naive_ev status=OK cost=657.8829667695985
[S2] cn-cy-10c-03-V2-LOCATIONS seed=5 mode=cv_only status=OK cost=657.8829667695985
[S2] cn-cy-10c-03-V2-LOCATIONS seed=4 mode=naive_ev status=OK cost=657.8829667695985
[S2] cn-cy-10c-03-V2-LOCATIONS seed=5 mode=naive_ev status=OK cost=657.8829667695985
[S2] cn-cy-100c-03-V2-LOCATIONS seed=5 mode=cv_only status=OK cost=4756.1941504550305
[S2] cn-cy-100c-03-V2-LOCATIONS seed=3 mode=naive_ev status=OK cost=4717.703683123738
[S2] cn-cy-100c-03-V2-LOCATIONS seed=4 mode=naive_ev status=OK cost=4717.56219821049
[S2] cn-cy-100c-03-V2-LOCATIONS seed=5 mode=naive_ev status=OK cost=4717.703683123738
[S2] cn-cy-150c-01-V2-LOCATIONS seed=1 mode=naive_ev status=OK cost=7246.913031817849
[S2] cn-cy-150c-01-V2-LOCATIONS seed=2 mode=cv_only status=OK cost=7307.199481599131
[S2] cn-cy-150c-01-V2-LOCATIONS seed=1 mode=cv_only status=OK cost=7307.667751641774
[S2] cn-cy-150c-01-V2-LOCATIONS seed=3 mode=cv_only status=OK cost=7307.199481599131
[S2] cn-cy-150c-01-V2-LOCATIONS seed=4 mode=cv_only status=OK cost=7307.199481599131
[S2] cn-cy-150c-01-V2-LOCATIONS seed=3 mode=naive_ev status=OK cost=7247.641361913535
[S2] cn-cy-150c-01-V2-LOCATIONS seed=5 mode=cv_only status=OK cost=7307.199481599131
[S2] cn-cy-150c-01-V2-LOCATIONS seed=4 mode=naive_ev status=OK cost=7243.590363808704
[S2] cn-cy-150c-01-V2-LOCATIONS seed=2 mode=naive_ev status=OK cost=7243.046669547315
[S2] cn-cy-150c-01-V2-LOCATIONS seed=5 mode=naive_ev status=OK cost=7247.890547118015
[S2] cn-cy-150c-02-V2-LOCATIONS seed=1 mode=cv_only status=OK cost=7567.394881369034
[S2] cn-cy-150c-02-V2-LOCATIONS seed=2 mode=cv_only status=OK cost=7642.144487261664
[S2] cn-cy-150c-02-V2-LOCATIONS seed=3 mode=cv_only status=OK cost=7600.428580920041
[S2] cn-cy-150c-02-V2-LOCATIONS seed=4 mode=cv_only status=OK cost=7573.880824278732
[S2] cn-cy-150c-02-V2-LOCATIONS seed=2 mode=naive_ev status=OK cost=7556.537242678564
[S2] cn-cy-150c-02-V2-LOCATIONS seed=1 mode=naive_ev status=OK cost=7557.381947115222
[S2] cn-cy-150c-02-V2-LOCATIONS seed=5 mode=cv_only status=OK cost=7600.277281372701
[S2] cn-cy-150c-02-V2-LOCATIONS seed=3 mode=naive_ev status=OK cost=7553.97244165448
[S2] cn-cy-150c-02-V2-LOCATIONS seed=4 mode=naive_ev status=OK cost=7565.029288144596
[S2] cn-cy-150c-03-V2-LOCATIONS seed=2 mode=cv_only status=OK cost=7528.334414757814
[S2] cn-cy-150c-03-V2-LOCATIONS seed=1 mode=cv_only status=OK cost=7527.70698000361
[S2] cn-cy-150c-03-V2-LOCATIONS seed=1 mode=naive_ev status=OK cost=7449.718425183883
[S2] cn-cy-150c-03-V2-LOCATIONS seed=3 mode=cv_only status=OK cost=7364.936045522535
[S2] cn-cy-150c-02-V2-LOCATIONS seed=5 mode=naive_ev status=OK cost=7555.186305530115
[S2] cn-cy-150c-03-V2-LOCATIONS seed=4 mode=cv_only status=OK cost=7595.67961747816
[S2] cn-cy-15c-01-V2-LOCATIONS seed=1 mode=cv_only status=OK cost=893.3467194655217
[S2] cn-cy-15c-01-V2-LOCATIONS seed=1 mode=naive_ev status=OK cost=892.5949765633276
[S2] cn-cy-15c-01-V2-LOCATIONS seed=2 mode=cv_only status=OK cost=893.3467194655217
[S2] cn-cy-15c-01-V2-LOCATIONS seed=2 mode=naive_ev status=OK cost=892.5949765633276
[S2] cn-cy-15c-01-V2-LOCATIONS seed=3 mode=cv_only status=OK cost=893.3467194655217
[S2] cn-cy-15c-01-V2-LOCATIONS seed=3 mode=naive_ev status=OK cost=892.5949765633276
[S2] cn-cy-15c-01-V2-LOCATIONS seed=4 mode=cv_only status=OK cost=893.3467194655217
[S2] cn-cy-15c-01-V2-LOCATIONS seed=4 mode=naive_ev status=OK cost=892.5949765633276
[S2] cn-cy-15c-01-V2-LOCATIONS seed=5 mode=cv_only status=OK cost=893.3467194655217
[S2] cn-cy-15c-01-V2-LOCATIONS seed=5 mode=naive_ev status=OK cost=892.5949765633276
[S2] cn-cy-15c-02-V2-LOCATIONS seed=1 mode=cv_only status=OK cost=915.4579467626304
[S2] cn-cy-150c-03-V2-LOCATIONS seed=5 mode=cv_only status=OK cost=7565.120639243928
[S2] cn-cy-15c-02-V2-LOCATIONS seed=2 mode=cv_only status=OK cost=915.4579467626304
[S2] cn-cy-15c-02-V2-LOCATIONS seed=1 mode=naive_ev status=OK cost=912.7469762353063
[S2] cn-cy-15c-02-V2-LOCATIONS seed=3 mode=cv_only status=OK cost=915.4579467626304
[S2] cn-cy-15c-02-V2-LOCATIONS seed=2 mode=naive_ev status=OK cost=912.7469762353063
[S2] cn-cy-15c-02-V2-LOCATIONS seed=3 mode=naive_ev status=OK cost=912.7469762353063
[S2] cn-cy-15c-02-V2-LOCATIONS seed=4 mode=cv_only status=OK cost=915.4579467626304
[S2] cn-cy-15c-02-V2-LOCATIONS seed=4 mode=naive_ev status=OK cost=912.7469762353063
[S2] cn-cy-15c-02-V2-LOCATIONS seed=5 mode=cv_only status=OK cost=915.4579467626304
[S2] cn-cy-15c-02-V2-LOCATIONS seed=5 mode=naive_ev status=OK cost=912.7469762353063
[S2] cn-cy-15c-03-V2-LOCATIONS seed=1 mode=cv_only status=OK cost=954.9476936878672
[S2] cn-cy-15c-03-V2-LOCATIONS seed=2 mode=cv_only status=OK cost=954.9476936878672
[S2] cn-cy-15c-03-V2-LOCATIONS seed=1 mode=naive_ev status=OK cost=900.0981071227476
[S2] cn-cy-15c-03-V2-LOCATIONS seed=2 mode=naive_ev status=OK cost=900.0981071227476
[S2] cn-cy-15c-03-V2-LOCATIONS seed=3 mode=cv_only status=OK cost=954.9476936878672
[S2] cn-cy-15c-03-V2-LOCATIONS seed=4 mode=cv_only status=OK cost=919.050172694428
[S2] cn-cy-15c-03-V2-LOCATIONS seed=3 mode=naive_ev status=OK cost=900.0981071227476
[S2] cn-cy-15c-03-V2-LOCATIONS seed=5 mode=cv_only status=OK cost=954.9476936878672
[S2] cn-cy-15c-03-V2-LOCATIONS seed=4 mode=naive_ev status=OK cost=900.0981071227476
[S2] cn-cy-15c-03-V2-LOCATIONS seed=5 mode=naive_ev status=OK cost=900.0981071227476
[S2] cn-cy-150c-03-V2-LOCATIONS seed=3 mode=naive_ev status=OK cost=7325.976275877713
[S2] cn-cy-150c-03-V2-LOCATIONS seed=2 mode=naive_ev status=OK cost=7450.448199116651
[S2] cn-cy-150c-03-V2-LOCATIONS seed=4 mode=naive_ev status=OK cost=7453.753937299551
[S2] cn-cy-150c-03-V2-LOCATIONS seed=5 mode=naive_ev status=OK cost=7449.296103796833
[S2] cn-cy-200c-01-V2-LOCATIONS seed=1 mode=cv_only status=OK cost=9390.71355197382
[S2] cn-cy-200c-01-V2-LOCATIONS seed=2 mode=cv_only status=OK cost=9387.646861745814
[S2] cn-cy-200c-01-V2-LOCATIONS seed=3 mode=cv_only status=OK cost=9389.28273698788
[S2] cn-cy-200c-01-V2-LOCATIONS seed=4 mode=cv_only status=OK cost=9392.535010918758
[S2] cn-cy-200c-01-V2-LOCATIONS seed=2 mode=naive_ev status=OK cost=9399.242288460928
[S2] cn-cy-200c-01-V2-LOCATIONS seed=1 mode=naive_ev status=OK cost=9390.193755425857
[S2] cn-cy-200c-01-V2-LOCATIONS seed=4 mode=naive_ev status=OK cost=9392.475288412657
[S2] cn-cy-200c-01-V2-LOCATIONS seed=5 mode=cv_only status=OK cost=9390.076063119875
[S2] cn-cy-200c-02-V2-LOCATIONS seed=1 mode=cv_only status=OK cost=9389.110098945228
[S2] cn-cy-200c-01-V2-LOCATIONS seed=3 mode=naive_ev status=OK cost=9551.172675528655
[S2] cn-cy-200c-02-V2-LOCATIONS seed=3 mode=cv_only status=OK cost=9387.084531303875
[S2] cn-cy-200c-02-V2-LOCATIONS seed=2 mode=cv_only status=OK cost=9383.759882946484
[S2] cn-cy-200c-01-V2-LOCATIONS seed=5 mode=naive_ev status=OK cost=9396.281864805433
[S2] cn-cy-200c-02-V2-LOCATIONS seed=2 mode=naive_ev status=OK cost=9384.566187170809
[S2] cn-cy-200c-02-V2-LOCATIONS seed=5 mode=cv_only status=OK cost=9385.34964205916
[S2] cn-cy-200c-02-V2-LOCATIONS seed=4 mode=cv_only status=OK cost=9384.009346911133
[S2] cn-cy-200c-02-V2-LOCATIONS seed=1 mode=naive_ev status=OK cost=9384.025721461168
[S2] cn-cy-200c-02-V2-LOCATIONS seed=3 mode=naive_ev status=OK cost=9384.208226299337
[S2] cn-cy-200c-02-V2-LOCATIONS seed=4 mode=naive_ev status=OK cost=9386.22985981967
[S2] cn-cy-200c-02-V2-LOCATIONS seed=5 mode=naive_ev status=OK cost=9384.479503860981
[S2] cn-cy-200c-03-V2-LOCATIONS seed=1 mode=cv_only status=OK cost=9660.654400781052
[S2] cn-cy-200c-03-V2-LOCATIONS seed=2 mode=cv_only status=OK cost=9654.158990821314
[S2] cn-cy-200c-03-V2-LOCATIONS seed=1 mode=naive_ev status=OK cost=9661.396573051206
[S2] cn-cy-200c-03-V2-LOCATIONS seed=3 mode=cv_only status=OK cost=9662.973120568802
[S2] cn-cy-200c-03-V2-LOCATIONS seed=4 mode=cv_only status=OK cost=9664.464042847814
[S2] cn-cy-20c-01-V2-LOCATIONS seed=1 mode=cv_only status=OK cost=1205.8809932315198
[S2] cn-cy-200c-03-V2-LOCATIONS seed=2 mode=naive_ev status=OK cost=9660.364949803718
[S2] cn-cy-20c-01-V2-LOCATIONS seed=1 mode=naive_ev status=OK cost=1201.9264318941257
[S2] cn-cy-20c-01-V2-LOCATIONS seed=2 mode=cv_only status=OK cost=1205.8809932315198
[S2] cn-cy-20c-01-V2-LOCATIONS seed=2 mode=naive_ev status=OK cost=1201.9264318941257
[S2] cn-cy-20c-01-V2-LOCATIONS seed=3 mode=cv_only status=OK cost=1205.8809932315198
[S2] cn-cy-20c-01-V2-LOCATIONS seed=3 mode=naive_ev status=OK cost=1201.9264318941257
[S2] cn-cy-20c-01-V2-LOCATIONS seed=4 mode=cv_only status=OK cost=1205.8809932315198
[S2] cn-cy-20c-01-V2-LOCATIONS seed=4 mode=naive_ev status=OK cost=1201.9264318941257
[S2] cn-cy-20c-01-V2-LOCATIONS seed=5 mode=cv_only status=OK cost=1205.8809932315198
[S2] cn-cy-20c-01-V2-LOCATIONS seed=5 mode=naive_ev status=OK cost=1201.9264318941257
[S2] cn-cy-20c-02-V2-LOCATIONS seed=1 mode=cv_only status=OK cost=1227.6886751758934
[S2] cn-cy-20c-02-V2-LOCATIONS seed=1 mode=naive_ev status=OK cost=1173.8704681602994
[S2] cn-cy-20c-02-V2-LOCATIONS seed=2 mode=cv_only status=OK cost=1227.6886751758934
[S2] cn-cy-20c-02-V2-LOCATIONS seed=2 mode=naive_ev status=OK cost=1173.8704681602994
[S2] cn-cy-20c-02-V2-LOCATIONS seed=3 mode=cv_only status=OK cost=1227.6886751758934
[S2] cn-cy-20c-02-V2-LOCATIONS seed=3 mode=naive_ev status=OK cost=1173.8704681602994
[S2] cn-cy-20c-02-V2-LOCATIONS seed=4 mode=cv_only status=OK cost=1227.6886751758934
[S2] cn-cy-20c-02-V2-LOCATIONS seed=4 mode=naive_ev status=OK cost=1173.8704681602994
[S2] cn-cy-20c-02-V2-LOCATIONS seed=5 mode=cv_only status=OK cost=1227.6886751758934
[S2] cn-cy-20c-02-V2-LOCATIONS seed=5 mode=naive_ev status=OK cost=1174.5726969520924
[S2] cn-cy-20c-03-V2-LOCATIONS seed=1 mode=cv_only status=OK cost=1230.6531602757789
[S2] cn-cy-20c-03-V2-LOCATIONS seed=1 mode=naive_ev status=OK cost=1228.6513907138424
[S2] cn-cy-20c-03-V2-LOCATIONS seed=2 mode=cv_only status=OK cost=1230.6531602757789
[S2] cn-cy-20c-03-V2-LOCATIONS seed=2 mode=naive_ev status=OK cost=1228.6513907138424
[S2] cn-cy-20c-03-V2-LOCATIONS seed=3 mode=cv_only status=OK cost=1230.6531602757789
[S2] cn-cy-20c-03-V2-LOCATIONS seed=3 mode=naive_ev status=OK cost=1228.6513907138424
[S2] cn-cy-20c-03-V2-LOCATIONS seed=4 mode=cv_only status=OK cost=1230.6531602757789
[S2] cn-cy-20c-03-V2-LOCATIONS seed=4 mode=naive_ev status=OK cost=1228.6513907138424
[S2] cn-cy-20c-03-V2-LOCATIONS seed=5 mode=cv_only status=OK cost=1230.6531602757789
[S2] cn-cy-20c-03-V2-LOCATIONS seed=5 mode=naive_ev status=OK cost=1228.6513907138424
[S2] cn-cy-25c-01-V2-LOCATIONS seed=1 mode=cv_only status=OK cost=1288.33900966504
[S2] cn-cy-200c-03-V2-LOCATIONS seed=3 mode=naive_ev status=OK cost=9673.317879979915
[S2] cn-cy-25c-01-V2-LOCATIONS seed=2 mode=cv_only status=OK cost=1292.5468647753953
[S2] cn-cy-25c-01-V2-LOCATIONS seed=1 mode=naive_ev status=OK cost=1279.6396890257479
[S2] cn-cy-200c-03-V2-LOCATIONS seed=4 mode=naive_ev status=OK cost=9661.114220344158
[S2] cn-cy-25c-01-V2-LOCATIONS seed=3 mode=cv_only status=OK cost=1288.33900966504
[S2] cn-cy-25c-01-V2-LOCATIONS seed=3 mode=naive_ev status=OK cost=1279.6396890257479
[S2] cn-cy-25c-01-V2-LOCATIONS seed=4 mode=cv_only status=OK cost=1288.33900966504
[S2] cn-cy-25c-01-V2-LOCATIONS seed=2 mode=naive_ev status=OK cost=1279.6396890257479
[S2] cn-cy-25c-01-V2-LOCATIONS seed=5 mode=cv_only status=OK cost=1288.33900966504
[S2] cn-cy-25c-01-V2-LOCATIONS seed=5 mode=naive_ev status=OK cost=1279.6396890257479
[S2] cn-cy-25c-01-V2-LOCATIONS seed=4 mode=naive_ev status=OK cost=1279.6396890257479
[S2] cn-cy-25c-02-V2-LOCATIONS seed=1 mode=cv_only status=OK cost=1411.6836209939518
[S2] cn-cy-25c-02-V2-LOCATIONS seed=1 mode=naive_ev status=OK cost=1498.446544305704
[S2] cn-cy-25c-02-V2-LOCATIONS seed=2 mode=naive_ev status=OK cost=1498.3048993084685
[S2] cn-cy-25c-02-V2-LOCATIONS seed=2 mode=cv_only status=OK cost=1411.6836209939518
[S2] cn-cy-25c-02-V2-LOCATIONS seed=3 mode=cv_only status=OK cost=1410.40871861776
[S2] cn-cy-25c-02-V2-LOCATIONS seed=3 mode=naive_ev status=OK cost=1498.3048993084685
[S2] cn-cy-25c-02-V2-LOCATIONS seed=4 mode=naive_ev status=OK cost=1498.8384229671435
[S2] cn-cy-25c-02-V2-LOCATIONS seed=5 mode=cv_only status=OK cost=1411.6836209939518
[S2] cn-cy-25c-02-V2-LOCATIONS seed=4 mode=cv_only status=OK cost=1411.6836209939518
[S2] cn-cy-25c-03-V2-LOCATIONS seed=1 mode=cv_only status=OK cost=1528.281219558142
[S2] cn-cy-25c-02-V2-LOCATIONS seed=5 mode=naive_ev status=OK cost=1498.446544305704
[S2] cn-cy-25c-03-V2-LOCATIONS seed=1 mode=naive_ev status=OK cost=1527.2205705275971
[S2] cn-cy-25c-03-V2-LOCATIONS seed=2 mode=cv_only status=OK cost=1528.281219558142
[S2] cn-cy-25c-03-V2-LOCATIONS seed=3 mode=cv_only status=OK cost=1528.281219558142
[S2] cn-cy-25c-03-V2-LOCATIONS seed=4 mode=cv_only status=OK cost=1528.281219558142
[S2] cn-cy-25c-03-V2-LOCATIONS seed=3 mode=naive_ev status=OK cost=1508.2741553449707
[S2] cn-cy-25c-03-V2-LOCATIONS seed=4 mode=naive_ev status=OK cost=1515.054157936187
[S2] cn-cy-25c-03-V2-LOCATIONS seed=2 mode=naive_ev status=OK cost=1492.9613770567107
[S2] cn-cy-25c-03-V2-LOCATIONS seed=5 mode=cv_only status=OK cost=1528.281219558142
[S2] cn-cy-25c-03-V2-LOCATIONS seed=5 mode=naive_ev status=OK cost=1527.2205705275971
[S2] cn-cy-50c-01-V2-LOCATIONS seed=1 mode=cv_only status=OK cost=2637.3362724398967
[S2] cn-cy-50c-01-V2-LOCATIONS seed=2 mode=cv_only status=OK cost=2637.3362724398967
[S2] cn-cy-50c-01-V2-LOCATIONS seed=1 mode=naive_ev status=OK cost=2544.082816614726
[S2] cn-cy-50c-01-V2-LOCATIONS seed=2 mode=naive_ev status=OK cost=2544.082816614726
[S2] cn-cy-50c-01-V2-LOCATIONS seed=3 mode=cv_only status=OK cost=2637.3362724398967
[S2] cn-cy-50c-01-V2-LOCATIONS seed=4 mode=cv_only status=OK cost=2593.5693433386036
[S2] cn-cy-50c-01-V2-LOCATIONS seed=3 mode=naive_ev status=OK cost=2544.082816614726
[S2] cn-cy-50c-01-V2-LOCATIONS seed=4 mode=naive_ev status=OK cost=2544.082816614726
[S2] cn-cy-50c-01-V2-LOCATIONS seed=5 mode=cv_only status=OK cost=2637.3362724398967
[S2] cn-cy-50c-01-V2-LOCATIONS seed=5 mode=naive_ev status=OK cost=2544.082816614726
[S2] cn-cy-50c-02-V2-LOCATIONS seed=1 mode=naive_ev status=OK cost=2584.2902243433996
[S2] cn-cy-200c-03-V2-LOCATIONS seed=5 mode=cv_only status=OK cost=9659.758442313214
[S2] cn-cy-50c-02-V2-LOCATIONS seed=1 mode=cv_only status=OK cost=2638.3768701185218
[S2] cn-cy-50c-02-V2-LOCATIONS seed=2 mode=cv_only status=OK cost=2643.6159832660073
[S2] cn-cy-50c-02-V2-LOCATIONS seed=2 mode=naive_ev status=OK cost=2584.2902243433996
[S2] cn-cy-50c-02-V2-LOCATIONS seed=4 mode=cv_only status=OK cost=2626.5650830775717
[S2] cn-cy-50c-02-V2-LOCATIONS seed=3 mode=naive_ev status=OK cost=2584.2902243433996
[S2] cn-cy-50c-02-V2-LOCATIONS seed=3 mode=cv_only status=OK cost=2645.0468898822755
[S2] cn-cy-50c-02-V2-LOCATIONS seed=5 mode=naive_ev status=OK cost=2584.2902243433996
[S2] cn-cy-50c-02-V2-LOCATIONS seed=4 mode=naive_ev status=OK cost=2584.2902243433996
[S2] cn-cy-50c-02-V2-LOCATIONS seed=5 mode=cv_only status=OK cost=2636.2409685453467
[S2] cn-cy-50c-03-V2-LOCATIONS seed=1 mode=cv_only status=OK cost=2680.433792261174
[S2] cn-cy-50c-03-V2-LOCATIONS seed=2 mode=cv_only status=OK cost=2680.433792261174
[S2] cn-cy-50c-03-V2-LOCATIONS seed=1 mode=naive_ev status=OK cost=2680.3333750762276
[S2] cn-cy-50c-03-V2-LOCATIONS seed=3 mode=cv_only status=OK cost=2680.433792261174
[S2] cn-cy-50c-03-V2-LOCATIONS seed=2 mode=naive_ev status=OK cost=2680.3333750762276
[S2] cn-cy-50c-03-V2-LOCATIONS seed=4 mode=cv_only status=OK cost=2680.433792261174
[S2] cn-cy-50c-03-V2-LOCATIONS seed=3 mode=naive_ev status=OK cost=2680.3333750762276
[S2] cn-cy-50c-03-V2-LOCATIONS seed=4 mode=naive_ev status=OK cost=2680.3333750762276
[S2] cn-cy-50c-03-V2-LOCATIONS seed=5 mode=cv_only status=OK cost=2680.433792261174
[S2] cn-cy-50c-03-V2-LOCATIONS seed=5 mode=naive_ev status=OK cost=2680.3333750762276
[S2] cn-cy-75c-01-V2-LOCATIONS seed=1 mode=cv_only status=OK cost=3595.594844108973
[S2] cn-cy-75c-01-V2-LOCATIONS seed=2 mode=cv_only status=OK cost=3595.594844108973
[S2] cn-cy-200c-03-V2-LOCATIONS seed=5 mode=naive_ev status=OK cost=9659.735238918493
[S2] cn-cy-75c-01-V2-LOCATIONS seed=3 mode=cv_only status=OK cost=3595.594844108973
[S2] cn-cy-75c-01-V2-LOCATIONS seed=1 mode=naive_ev status=OK cost=3520.3154956940953
[S2] cn-cy-75c-01-V2-LOCATIONS seed=4 mode=cv_only status=OK cost=3595.594844108973
[S2] cn-cy-75c-01-V2-LOCATIONS seed=5 mode=cv_only status=OK cost=3595.594844108973
[S2] cn-cy-75c-01-V2-LOCATIONS seed=3 mode=naive_ev status=OK cost=3520.3154956940953
[S2] cn-cy-75c-01-V2-LOCATIONS seed=2 mode=naive_ev status=OK cost=3520.3154956940953
[S2] cn-cy-75c-02-V2-LOCATIONS seed=1 mode=cv_only status=OK cost=3823.1052737268783
[S2] cn-cy-75c-01-V2-LOCATIONS seed=5 mode=naive_ev status=OK cost=3522.2919559010575
[S2] cn-cy-75c-02-V2-LOCATIONS seed=2 mode=cv_only status=OK cost=3860.3457335771077
[S2] cn-cy-75c-02-V2-LOCATIONS seed=1 mode=naive_ev status=OK cost=3758.48139954892
[S2] cn-cy-75c-02-V2-LOCATIONS seed=2 mode=naive_ev status=OK cost=3758.48139954892
[S2] cn-cy-75c-01-V2-LOCATIONS seed=4 mode=naive_ev status=OK cost=3520.3154956940953
[S2] cn-cy-75c-02-V2-LOCATIONS seed=3 mode=cv_only status=OK cost=3860.3457335771077
[S2] cn-cy-75c-02-V2-LOCATIONS seed=3 mode=naive_ev status=OK cost=3758.48139954892
[S2] cn-cy-75c-02-V2-LOCATIONS seed=4 mode=cv_only status=OK cost=3831.7846686915746
[S2] cn-cy-75c-02-V2-LOCATIONS seed=5 mode=cv_only status=OK cost=3860.3457335771077
[S2] cn-cy-75c-02-V2-LOCATIONS seed=5 mode=naive_ev status=OK cost=3758.48139954892
[S2] cn-cy-75c-03-V2-LOCATIONS seed=1 mode=cv_only status=OK cost=3630.8485053584363
[S2] cn-cy-75c-02-V2-LOCATIONS seed=4 mode=naive_ev status=OK cost=3758.48139954892
[S2] cn-cy-75c-03-V2-LOCATIONS seed=2 mode=cv_only status=OK cost=3630.8485053584363
[S2] cn-cy-75c-03-V2-LOCATIONS seed=3 mode=cv_only status=OK cost=3630.8485053584363
[S2] cn-cy-75c-03-V2-LOCATIONS seed=2 mode=naive_ev status=OK cost=3597.652675263614
[S2] cn-cy-75c-03-V2-LOCATIONS seed=4 mode=cv_only status=OK cost=3630.8485053584363
[S2] cn-cy-75c-03-V2-LOCATIONS seed=1 mode=naive_ev status=OK cost=3597.652675263614
[S2] cn-cy-75c-03-V2-LOCATIONS seed=3 mode=naive_ev status=OK cost=3597.652675263614
[S2] cn-cy-75c-03-V2-LOCATIONS seed=4 mode=naive_ev status=OK cost=3596.242695117928
[S2] cn-cy-75c-03-V2-LOCATIONS seed=5 mode=cv_only status=OK cost=3630.8485053584363
[S2] cn-cy-75c-03-V2-LOCATIONS seed=5 mode=naive_ev status=OK cost=3597.652675263614
[S2] cn-jjj-100c-01-V2-LOCATIONS seed=1 mode=cv_only status=OK cost=4916.233008881169
[S2] cn-jjj-100c-01-V2-LOCATIONS seed=3 mode=cv_only status=OK cost=4918.481276108989
[S2] cn-jjj-100c-01-V2-LOCATIONS seed=2 mode=cv_only status=OK cost=4927.245739249365
[S2] cn-jjj-100c-01-V2-LOCATIONS seed=3 mode=naive_ev status=OK cost=4857.520028414706
[S2] cn-jjj-100c-01-V2-LOCATIONS seed=2 mode=naive_ev status=OK cost=4851.808339191423
[S2] cn-jjj-100c-01-V2-LOCATIONS seed=4 mode=cv_only status=OK cost=4929.018432157633
[S2] cn-jjj-100c-01-V2-LOCATIONS seed=5 mode=cv_only status=OK cost=4927.253856732994
[S2] cn-jjj-100c-02-V2-LOCATIONS seed=1 mode=cv_only status=OK cost=4914.437865039214
[S2] cn-jjj-100c-02-V2-LOCATIONS seed=2 mode=cv_only status=OK cost=4915.076637976541
[S2] cn-jjj-100c-02-V2-LOCATIONS seed=1 mode=naive_ev status=OK cost=4913.934493018421
[S2] cn-jjj-100c-01-V2-LOCATIONS seed=5 mode=naive_ev status=OK cost=4851.808339191423
[S2] cn-jjj-100c-01-V2-LOCATIONS seed=4 mode=naive_ev status=OK cost=4849.482670562676
[S2] cn-jjj-100c-02-V2-LOCATIONS seed=2 mode=naive_ev status=OK cost=4914.568095871272
[S2] cn-jjj-100c-01-V2-LOCATIONS seed=1 mode=naive_ev status=OK cost=4847.461272529562
[S2] cn-jjj-100c-02-V2-LOCATIONS seed=4 mode=cv_only status=OK cost=4914.437865039214
[S2] cn-jjj-100c-02-V2-LOCATIONS seed=3 mode=cv_only status=OK cost=4915.026261642796
[S2] cn-jjj-100c-02-V2-LOCATIONS seed=5 mode=cv_only status=OK cost=4914.568095871272
[S2] cn-jjj-100c-02-V2-LOCATIONS seed=4 mode=naive_ev status=OK cost=4918.55228655348
[S2] cn-jjj-100c-02-V2-LOCATIONS seed=3 mode=naive_ev status=OK cost=4914.284098903241
[S2] cn-jjj-100c-03-V2-LOCATIONS seed=1 mode=cv_only status=OK cost=4900.4047019532145
[S2] cn-jjj-100c-03-V2-LOCATIONS seed=2 mode=cv_only status=OK cost=4902.206374252857
[S2] cn-jjj-100c-03-V2-LOCATIONS seed=1 mode=naive_ev status=OK cost=4900.613272330582
[S2] cn-jjj-100c-03-V2-LOCATIONS seed=4 mode=cv_only status=OK cost=4901.885896700346
[S2] cn-jjj-100c-03-V2-LOCATIONS seed=3 mode=cv_only status=OK cost=4902.025954526035
[S2] cn-jjj-100c-03-V2-LOCATIONS seed=3 mode=naive_ev status=OK cost=4906.326457908268
[S2] cn-jjj-10c-01-V2-LOCATIONS seed=1 mode=cv_only status=OK cost=644.3460386708607
[S2] cn-jjj-10c-01-V2-LOCATIONS seed=1 mode=naive_ev status=OK cost=644.3460386708607
[S2] cn-jjj-100c-02-V2-LOCATIONS seed=5 mode=naive_ev status=OK cost=4914.568095871272
[S2] cn-jjj-10c-01-V2-LOCATIONS seed=2 mode=cv_only status=OK cost=644.3460386708607
[S2] cn-jjj-10c-01-V2-LOCATIONS seed=2 mode=naive_ev status=OK cost=644.3460386708607
[S2] cn-jjj-10c-01-V2-LOCATIONS seed=3 mode=cv_only status=OK cost=644.3460386708607
[S2] cn-jjj-10c-01-V2-LOCATIONS seed=3 mode=naive_ev status=OK cost=644.3460386708607
[S2] cn-jjj-10c-01-V2-LOCATIONS seed=4 mode=cv_only status=OK cost=644.3460386708607
[S2] cn-jjj-10c-01-V2-LOCATIONS seed=5 mode=cv_only status=OK cost=644.3460386708607
[S2] cn-jjj-10c-01-V2-LOCATIONS seed=4 mode=naive_ev status=OK cost=644.3460386708607
[S2] cn-jjj-10c-02-V2-LOCATIONS seed=1 mode=cv_only status=OK cost=589.736887015343
[S2] cn-jjj-10c-01-V2-LOCATIONS seed=5 mode=naive_ev status=OK cost=644.3460386708607
[S2] cn-jjj-10c-02-V2-LOCATIONS seed=2 mode=cv_only status=OK cost=589.736887015343
[S2] cn-jjj-10c-02-V2-LOCATIONS seed=1 mode=naive_ev status=OK cost=589.736887015343
[S2] cn-jjj-10c-02-V2-LOCATIONS seed=3 mode=cv_only status=OK cost=589.736887015343
[S2] cn-jjj-10c-02-V2-LOCATIONS seed=2 mode=naive_ev status=OK cost=589.736887015343
[S2] cn-jjj-10c-02-V2-LOCATIONS seed=4 mode=cv_only status=OK cost=589.736887015343
[S2] cn-jjj-10c-02-V2-LOCATIONS seed=3 mode=naive_ev status=OK cost=589.736887015343
[S2] cn-jjj-10c-02-V2-LOCATIONS seed=5 mode=cv_only status=OK cost=589.736887015343
[S2] cn-jjj-10c-02-V2-LOCATIONS seed=4 mode=naive_ev status=OK cost=589.736887015343
[S2] cn-jjj-10c-02-V2-LOCATIONS seed=5 mode=naive_ev status=OK cost=589.736887015343
[S2] cn-jjj-10c-03-V2-LOCATIONS seed=1 mode=cv_only status=OK cost=601.5900450507025
[S2] cn-jjj-10c-03-V2-LOCATIONS seed=2 mode=cv_only status=OK cost=601.5900450507025
[S2] cn-jjj-10c-03-V2-LOCATIONS seed=1 mode=naive_ev status=OK cost=595.2972397036508
[S2] cn-jjj-10c-03-V2-LOCATIONS seed=3 mode=cv_only status=OK cost=601.5900450507025
[S2] cn-jjj-10c-03-V2-LOCATIONS seed=2 mode=naive_ev status=OK cost=595.2972397036508
[S2] cn-jjj-100c-03-V2-LOCATIONS seed=5 mode=cv_only status=OK cost=4901.992730590298
[S2] cn-jjj-10c-03-V2-LOCATIONS seed=3 mode=naive_ev status=OK cost=595.2972397036508
[S2] cn-jjj-10c-03-V2-LOCATIONS seed=4 mode=cv_only status=OK cost=601.5900450507025
[S2] cn-jjj-10c-03-V2-LOCATIONS seed=4 mode=naive_ev status=OK cost=595.2972397036508
[S2] cn-jjj-10c-03-V2-LOCATIONS seed=5 mode=cv_only status=OK cost=601.5900450507025
[S2] cn-jjj-10c-03-V2-LOCATIONS seed=5 mode=naive_ev status=OK cost=595.2972397036508
[S2] cn-jjj-100c-03-V2-LOCATIONS seed=4 mode=naive_ev status=OK cost=4899.060572296816
[S2] cn-jjj-100c-03-V2-LOCATIONS seed=2 mode=naive_ev status=OK cost=4898.604558025053
[S2] cn-jjj-100c-03-V2-LOCATIONS seed=5 mode=naive_ev status=OK cost=4898.646185457138
[S2] cn-jjj-150c-01-V2-LOCATIONS seed=1 mode=cv_only status=OK cost=6866.4666958673415
[S2] cn-jjj-150c-01-V2-LOCATIONS seed=3 mode=cv_only status=OK cost=6865.920357802434
[S2] cn-jjj-150c-01-V2-LOCATIONS seed=2 mode=cv_only status=OK cost=6863.373161925754
[S2] cn-jjj-150c-01-V2-LOCATIONS seed=2 mode=naive_ev status=OK cost=6821.822077227327
[S2] cn-jjj-150c-01-V2-LOCATIONS seed=1 mode=naive_ev status=OK cost=6806.209331931482
[S2] cn-jjj-150c-01-V2-LOCATIONS seed=4 mode=cv_only status=OK cost=6866.798405199363
[S2] cn-jjj-150c-01-V2-LOCATIONS seed=3 mode=naive_ev status=OK cost=6815.863705078545
[S2] cn-jjj-150c-01-V2-LOCATIONS seed=4 mode=naive_ev status=OK cost=6832.938098107695
[S2] cn-jjj-150c-01-V2-LOCATIONS seed=5 mode=cv_only status=OK cost=6869.310743252811
[S2] cn-jjj-150c-02-V2-LOCATIONS seed=1 mode=cv_only status=OK cost=7175.446538772686
[S2] cn-jjj-150c-01-V2-LOCATIONS seed=5 mode=naive_ev status=OK cost=6818.4686763058135
[S2] cn-jjj-150c-02-V2-LOCATIONS seed=1 mode=naive_ev status=OK cost=7180.8195218201545
[S2] cn-jjj-150c-02-V2-LOCATIONS seed=2 mode=naive_ev status=OK cost=7172.669313184593
[S2] cn-jjj-150c-02-V2-LOCATIONS seed=3 mode=cv_only status=OK cost=7176.438460960308
[S2] cn-jjj-150c-02-V2-LOCATIONS seed=2 mode=cv_only status=OK cost=7185.664706056196
[S2] cn-jjj-150c-02-V2-LOCATIONS seed=4 mode=cv_only status=OK cost=7175.493668725625
[S2] cn-jjj-150c-02-V2-LOCATIONS seed=5 mode=cv_only status=OK cost=7188.769883620077
[S2] cn-jjj-150c-02-V2-LOCATIONS seed=4 mode=naive_ev status=OK cost=7141.631309084483
[S2] cn-jjj-150c-03-V2-LOCATIONS seed=1 mode=cv_only status=OK cost=7205.661494188513
[S2] cn-jjj-150c-02-V2-LOCATIONS seed=3 mode=naive_ev status=OK cost=7137.434630742794
[S2] cn-jjj-150c-02-V2-LOCATIONS seed=5 mode=naive_ev status=OK cost=7143.15786963161
[S2] cn-jjj-150c-03-V2-LOCATIONS seed=2 mode=cv_only status=OK cost=7202.68319402886
[S2] cn-jjj-150c-03-V2-LOCATIONS seed=3 mode=cv_only status=OK cost=7208.6953813520295
[S2] cn-jjj-150c-03-V2-LOCATIONS seed=1 mode=naive_ev status=OK cost=7145.586738119297
[S2] cn-jjj-150c-03-V2-LOCATIONS seed=4 mode=naive_ev status=OK cost=7147.633996618666
[S2] cn-jjj-15c-01-V2-LOCATIONS seed=1 mode=cv_only status=OK cost=909.3224043618796
[S2] cn-jjj-15c-01-V2-LOCATIONS seed=1 mode=naive_ev status=OK cost=903.5794037907119
[S2] cn-jjj-15c-01-V2-LOCATIONS seed=2 mode=cv_only status=OK cost=946.9507712693753
[S2] cn-jjj-15c-01-V2-LOCATIONS seed=2 mode=naive_ev status=OK cost=903.5794037907119
[S2] cn-jjj-15c-01-V2-LOCATIONS seed=3 mode=cv_only status=OK cost=909.7075745097841
[S2] cn-jjj-15c-01-V2-LOCATIONS seed=3 mode=naive_ev status=OK cost=903.5794037907119
[S2] cn-jjj-15c-01-V2-LOCATIONS seed=4 mode=cv_only status=OK cost=909.7075745097841
[S2] cn-jjj-15c-01-V2-LOCATIONS seed=4 mode=naive_ev status=OK cost=903.5794037907119
[S2] cn-jjj-15c-01-V2-LOCATIONS seed=5 mode=cv_only status=OK cost=909.3224043618796
[S2] cn-jjj-15c-01-V2-LOCATIONS seed=5 mode=naive_ev status=OK cost=903.5794037907119
[S2] cn-jjj-15c-02-V2-LOCATIONS seed=1 mode=cv_only status=OK cost=978.4673409195265
[S2] cn-jjj-15c-02-V2-LOCATIONS seed=1 mode=naive_ev status=OK cost=978.4673409195265
[S2] cn-jjj-15c-02-V2-LOCATIONS seed=2 mode=cv_only status=OK cost=978.4673409195265
[S2] cn-jjj-15c-02-V2-LOCATIONS seed=2 mode=naive_ev status=OK cost=978.4673409195265
[S2] cn-jjj-15c-02-V2-LOCATIONS seed=3 mode=cv_only status=OK cost=978.4673409195265
[S2] cn-jjj-150c-03-V2-LOCATIONS seed=3 mode=naive_ev status=OK cost=7140.565416056019
[S2] cn-jjj-15c-02-V2-LOCATIONS seed=3 mode=naive_ev status=OK cost=978.4673409195265
[S2] cn-jjj-15c-02-V2-LOCATIONS seed=4 mode=cv_only status=OK cost=978.4673409195265
[S2] cn-jjj-15c-02-V2-LOCATIONS seed=4 mode=naive_ev status=OK cost=978.4673409195265
[S2] cn-jjj-15c-02-V2-LOCATIONS seed=5 mode=cv_only status=OK cost=978.4673409195265
[S2] cn-jjj-150c-03-V2-LOCATIONS seed=4 mode=cv_only status=OK cost=7206.251747193819
[S2] cn-jjj-15c-02-V2-LOCATIONS seed=5 mode=naive_ev status=OK cost=978.4673409195265
[S2] cn-jjj-15c-03-V2-LOCATIONS seed=1 mode=cv_only status=OK cost=972.9581863851768
[S2] cn-jjj-15c-03-V2-LOCATIONS seed=1 mode=naive_ev status=OK cost=972.9581863851768
[S2] cn-jjj-15c-03-V2-LOCATIONS seed=2 mode=cv_only status=OK cost=972.9581863851768
[S2] cn-jjj-15c-03-V2-LOCATIONS seed=2 mode=naive_ev status=OK cost=972.9581863851768
[S2] cn-jjj-15c-03-V2-LOCATIONS seed=3 mode=cv_only status=OK cost=972.9581863851768
[S2] cn-jjj-15c-03-V2-LOCATIONS seed=3 mode=naive_ev status=OK cost=972.9581863851768
[S2] cn-jjj-15c-03-V2-LOCATIONS seed=4 mode=cv_only status=OK cost=972.9581863851768
[S2] cn-jjj-15c-03-V2-LOCATIONS seed=4 mode=naive_ev status=OK cost=972.9581863851768
[S2] cn-jjj-15c-03-V2-LOCATIONS seed=5 mode=cv_only status=OK cost=972.9581863851768
[S2] cn-jjj-15c-03-V2-LOCATIONS seed=5 mode=naive_ev status=OK cost=972.9581863851768
[S2] cn-jjj-150c-03-V2-LOCATIONS seed=5 mode=cv_only status=OK cost=7205.325357149204
[S2] cn-jjj-150c-03-V2-LOCATIONS seed=2 mode=naive_ev status=OK cost=7139.278927152618
[S2] cn-jjj-200c-01-V2-LOCATIONS seed=2 mode=cv_only status=OK cost=9500.873407551404
[S2] cn-jjj-200c-01-V2-LOCATIONS seed=1 mode=cv_only status=OK cost=9502.1612357895
[S2] cn-jjj-200c-01-V2-LOCATIONS seed=3 mode=cv_only status=OK cost=9499.83902207028
[S2] cn-jjj-150c-03-V2-LOCATIONS seed=5 mode=naive_ev status=OK cost=7154.462899300228
[S2] cn-jjj-200c-01-V2-LOCATIONS seed=1 mode=naive_ev status=OK cost=9498.012795544017
[S2] cn-jjj-200c-01-V2-LOCATIONS seed=4 mode=cv_only status=OK cost=9490.48593329409
[S2] cn-jjj-200c-01-V2-LOCATIONS seed=5 mode=cv_only status=OK cost=9507.084243231153
[S2] cn-jjj-200c-01-V2-LOCATIONS seed=2 mode=naive_ev status=ERROR cost=None
[S2] cn-jjj-200c-01-V2-LOCATIONS seed=3 mode=naive_ev status=OK cost=9479.071097753462
[S2] cn-jjj-200c-01-V2-LOCATIONS seed=4 mode=naive_ev status=OK cost=9485.776431613667
[S2] cn-jjj-200c-01-V2-LOCATIONS seed=5 mode=naive_ev status=OK cost=9481.59241203007
[S2] cn-jjj-200c-02-V2-LOCATIONS seed=1 mode=cv_only status=OK cost=9701.227359990384
[S2] cn-jjj-200c-02-V2-LOCATIONS seed=3 mode=cv_only status=OK cost=9702.379245937056
[S2] cn-jjj-200c-02-V2-LOCATIONS seed=2 mode=cv_only status=OK cost=9706.907462148753
[S2] cn-jjj-200c-02-V2-LOCATIONS seed=1 mode=naive_ev status=OK cost=9657.064283703607
[S2] cn-jjj-200c-02-V2-LOCATIONS seed=4 mode=cv_only status=OK cost=9704.714885559006
[S2] cn-jjj-200c-02-V2-LOCATIONS seed=2 mode=naive_ev status=OK cost=9646.286854764747
[S2] cn-jjj-200c-02-V2-LOCATIONS seed=5 mode=cv_only status=OK cost=9704.906991840278
[S2] cn-jjj-200c-02-V2-LOCATIONS seed=3 mode=naive_ev status=OK cost=9651.878538905608
[S2] cn-jjj-200c-03-V2-LOCATIONS seed=1 mode=cv_only status=OK cost=9471.943321161465
[S2] cn-jjj-200c-02-V2-LOCATIONS seed=4 mode=naive_ev status=OK cost=9648.55530472502
[S2] cn-jjj-200c-03-V2-LOCATIONS seed=2 mode=cv_only status=OK cost=9460.956219332944
[S2] cn-jjj-200c-02-V2-LOCATIONS seed=5 mode=naive_ev status=OK cost=9632.132046906174
[S2] cn-jjj-200c-03-V2-LOCATIONS seed=1 mode=naive_ev status=OK cost=9426.355385190696
[S2] cn-jjj-200c-03-V2-LOCATIONS seed=2 mode=naive_ev status=OK cost=9451.282577756141
[S2] cn-jjj-200c-03-V2-LOCATIONS seed=3 mode=cv_only status=OK cost=9466.309622496083
[S2] cn-jjj-20c-01-V2-LOCATIONS seed=1 mode=cv_only status=OK cost=1002.1439390070711
[S2] cn-jjj-20c-01-V2-LOCATIONS seed=1 mode=naive_ev status=OK cost=1002.1439390070711
[S2] cn-jjj-20c-01-V2-LOCATIONS seed=2 mode=cv_only status=OK cost=1002.1439390070711
[S2] cn-jjj-20c-01-V2-LOCATIONS seed=2 mode=naive_ev status=OK cost=1002.1439390070711
[S2] cn-jjj-20c-01-V2-LOCATIONS seed=3 mode=cv_only status=OK cost=1002.1439390070711
[S2] cn-jjj-20c-01-V2-LOCATIONS seed=3 mode=naive_ev status=OK cost=1002.1439390070711
[S2] cn-jjj-20c-01-V2-LOCATIONS seed=4 mode=cv_only status=OK cost=1002.1439390070711
[S2] cn-jjj-20c-01-V2-LOCATIONS seed=4 mode=naive_ev status=OK cost=1002.1439390070711
[S2] cn-jjj-20c-01-V2-LOCATIONS seed=5 mode=cv_only status=OK cost=1002.1439390070711
[S2] cn-jjj-20c-01-V2-LOCATIONS seed=5 mode=naive_ev status=OK cost=1002.1439390070711
[S2] cn-jjj-20c-02-V2-LOCATIONS seed=1 mode=cv_only status=OK cost=1160.1109760477127
[S2] cn-jjj-20c-02-V2-LOCATIONS seed=1 mode=naive_ev status=OK cost=1123.6952653442459
[S2] cn-jjj-20c-02-V2-LOCATIONS seed=2 mode=cv_only status=OK cost=1160.1109760477127
[S2] cn-jjj-20c-02-V2-LOCATIONS seed=2 mode=naive_ev status=OK cost=1123.6952653442459
[S2] cn-jjj-20c-02-V2-LOCATIONS seed=3 mode=cv_only status=OK cost=1160.1109760477127
[S2] cn-jjj-20c-02-V2-LOCATIONS seed=3 mode=naive_ev status=OK cost=1123.6952653442459
[S2] cn-jjj-20c-02-V2-LOCATIONS seed=4 mode=cv_only status=OK cost=1160.1109760477127
[S2] cn-jjj-20c-02-V2-LOCATIONS seed=4 mode=naive_ev status=OK cost=1123.6952653442459
[S2] cn-jjj-20c-02-V2-LOCATIONS seed=5 mode=cv_only status=OK cost=1160.1109760477127
[S2] cn-jjj-20c-02-V2-LOCATIONS seed=5 mode=naive_ev status=OK cost=1123.6952653442459
[S2] cn-jjj-20c-03-V2-LOCATIONS seed=1 mode=cv_only status=OK cost=1190.0773541463209
[S2] cn-jjj-20c-03-V2-LOCATIONS seed=1 mode=naive_ev status=OK cost=1144.6675647535765
[S2] cn-jjj-20c-03-V2-LOCATIONS seed=2 mode=cv_only status=OK cost=1190.0773541463209
[S2] cn-jjj-20c-03-V2-LOCATIONS seed=2 mode=naive_ev status=OK cost=1144.6675647535765
[S2] cn-jjj-20c-03-V2-LOCATIONS seed=3 mode=cv_only status=OK cost=1190.0773541463209
[S2] cn-jjj-20c-03-V2-LOCATIONS seed=3 mode=naive_ev status=OK cost=1144.6675647535765
[S2] cn-jjj-20c-03-V2-LOCATIONS seed=4 mode=cv_only status=OK cost=1190.0773541463209
[S2] cn-jjj-20c-03-V2-LOCATIONS seed=4 mode=naive_ev status=OK cost=1144.6675647535765
[S2] cn-jjj-20c-03-V2-LOCATIONS seed=5 mode=cv_only status=OK cost=1190.0773541463209
[S2] cn-jjj-20c-03-V2-LOCATIONS seed=5 mode=naive_ev status=OK cost=1144.6675647535765
[S2] cn-jjj-25c-01-V2-LOCATIONS seed=1 mode=cv_only status=OK cost=1253.672412632888
[S2] cn-jjj-25c-01-V2-LOCATIONS seed=1 mode=naive_ev status=OK cost=1214.6067800693247
[S2] cn-jjj-25c-01-V2-LOCATIONS seed=2 mode=cv_only status=OK cost=1253.672412632888
[S2] cn-jjj-25c-01-V2-LOCATIONS seed=2 mode=naive_ev status=OK cost=1214.6067800693247
[S2] cn-jjj-25c-01-V2-LOCATIONS seed=3 mode=cv_only status=OK cost=1253.672412632888
[S2] cn-jjj-25c-01-V2-LOCATIONS seed=3 mode=naive_ev status=OK cost=1214.6067800693247
[S2] cn-jjj-25c-01-V2-LOCATIONS seed=4 mode=cv_only status=OK cost=1253.672412632888
[S2] cn-jjj-25c-01-V2-LOCATIONS seed=4 mode=naive_ev status=OK cost=1214.6067800693247
[S2] cn-jjj-25c-01-V2-LOCATIONS seed=5 mode=cv_only status=OK cost=1253.672412632888
[S2] cn-jjj-25c-01-V2-LOCATIONS seed=5 mode=naive_ev status=OK cost=1214.6067800693247
[S2] cn-jjj-25c-02-V2-LOCATIONS seed=1 mode=cv_only status=OK cost=1491.3435544220167
[S2] cn-jjj-25c-02-V2-LOCATIONS seed=1 mode=naive_ev status=OK cost=1453.3895449398997
[S2] cn-jjj-25c-02-V2-LOCATIONS seed=2 mode=cv_only status=OK cost=1491.3435544220167
[S2] cn-jjj-25c-02-V2-LOCATIONS seed=2 mode=naive_ev status=OK cost=1454.8924991748966
[S2] cn-jjj-200c-03-V2-LOCATIONS seed=4 mode=cv_only status=OK cost=9460.447604735964
[S2] cn-jjj-25c-02-V2-LOCATIONS seed=3 mode=cv_only status=OK cost=1491.3435544220167
[S2] cn-jjj-25c-02-V2-LOCATIONS seed=4 mode=cv_only status=OK cost=1491.3435544220167
[S2] cn-jjj-25c-02-V2-LOCATIONS seed=3 mode=naive_ev status=OK cost=1450.8981609532013
[S2] cn-jjj-25c-02-V2-LOCATIONS seed=5 mode=cv_only status=OK cost=1491.3435544220167
[S2] cn-jjj-200c-03-V2-LOCATIONS seed=3 mode=naive_ev status=OK cost=9462.073827112992
[S2] cn-jjj-25c-02-V2-LOCATIONS seed=4 mode=naive_ev status=OK cost=1450.8981609532013
[S2] cn-jjj-25c-03-V2-LOCATIONS seed=1 mode=cv_only status=OK cost=1516.1839253924336
[S2] cn-jjj-25c-03-V2-LOCATIONS seed=2 mode=cv_only status=OK cost=1518.7147683026326
[S2] cn-jjj-25c-03-V2-LOCATIONS seed=1 mode=naive_ev status=OK cost=1464.352359919282
[S2] cn-jjj-25c-02-V2-LOCATIONS seed=5 mode=naive_ev status=OK cost=1450.8981609532013
[S2] cn-jjj-25c-03-V2-LOCATIONS seed=2 mode=naive_ev status=OK cost=1464.352359919282
[S2] cn-jjj-25c-03-V2-LOCATIONS seed=3 mode=cv_only status=OK cost=1515.5188570640723
[S2] cn-jjj-25c-03-V2-LOCATIONS seed=3 mode=naive_ev status=OK cost=1464.352359919282
[S2] cn-jjj-25c-03-V2-LOCATIONS seed=4 mode=naive_ev status=OK cost=1464.352359919282
[S2] cn-jjj-25c-03-V2-LOCATIONS seed=4 mode=cv_only status=OK cost=1518.7147683026326
[S2] cn-jjj-25c-03-V2-LOCATIONS seed=5 mode=cv_only status=OK cost=1518.7147683026326
[S2] cn-jjj-25c-03-V2-LOCATIONS seed=5 mode=naive_ev status=OK cost=1464.352359919282
[S2] cn-jjj-50c-01-V2-LOCATIONS seed=1 mode=naive_ev status=OK cost=2457.1851817248103
[S2] cn-jjj-50c-01-V2-LOCATIONS seed=2 mode=cv_only status=OK cost=2456.771459157014
[S2] cn-jjj-50c-01-V2-LOCATIONS seed=1 mode=cv_only status=OK cost=2456.771459157014
[S2] cn-jjj-200c-03-V2-LOCATIONS seed=5 mode=cv_only status=OK cost=9460.216190522897
[S2] cn-jjj-50c-01-V2-LOCATIONS seed=2 mode=naive_ev status=OK cost=2457.1851817248103
[S2] cn-jjj-50c-01-V2-LOCATIONS seed=3 mode=cv_only status=OK cost=2457.1851817248103
[S2] cn-jjj-50c-01-V2-LOCATIONS seed=3 mode=naive_ev status=OK cost=2456.4908730626385
[S2] cn-jjj-50c-01-V2-LOCATIONS seed=4 mode=cv_only status=OK cost=2456.771459157014
[S2] cn-jjj-50c-01-V2-LOCATIONS seed=4 mode=naive_ev status=OK cost=2456.771459157014
[S2] cn-jjj-50c-01-V2-LOCATIONS seed=5 mode=cv_only status=OK cost=2456.771459157014
[S2] cn-jjj-50c-01-V2-LOCATIONS seed=5 mode=naive_ev status=OK cost=2457.1851817248103
[S2] cn-jjj-50c-02-V2-LOCATIONS seed=1 mode=cv_only status=OK cost=2616.933841489219
[S2] cn-jjj-50c-02-V2-LOCATIONS seed=1 mode=naive_ev status=OK cost=2582.6735032713705
[S2] cn-jjj-50c-02-V2-LOCATIONS seed=2 mode=cv_only status=OK cost=2619.6347610452835
[S2] cn-jjj-50c-02-V2-LOCATIONS seed=3 mode=cv_only status=OK cost=2616.933841489219
[S2] cn-jjj-50c-02-V2-LOCATIONS seed=2 mode=naive_ev status=OK cost=2582.6735032713705
[S2] cn-jjj-50c-02-V2-LOCATIONS seed=4 mode=cv_only status=OK cost=2618.9784848132254
[S2] cn-jjj-50c-02-V2-LOCATIONS seed=3 mode=naive_ev status=OK cost=2582.6735032713705
[S2] cn-jjj-200c-03-V2-LOCATIONS seed=4 mode=naive_ev status=OK cost=9426.064772307096
[S2] cn-jjj-50c-02-V2-LOCATIONS seed=5 mode=cv_only status=OK cost=2621.530612379975
[S2] cn-jjj-50c-02-V2-LOCATIONS seed=4 mode=naive_ev status=OK cost=2582.6735032713705
[S2] cn-jjj-50c-03-V2-LOCATIONS seed=1 mode=cv_only status=OK cost=2843.4856663073483
[S2] cn-jjj-50c-03-V2-LOCATIONS seed=2 mode=cv_only status=OK cost=2848.6493235126363
[S2] cn-jjj-50c-02-V2-LOCATIONS seed=5 mode=naive_ev status=OK cost=2582.6735032713705
[S2] cn-jjj-50c-03-V2-LOCATIONS seed=1 mode=naive_ev status=OK cost=2825.851708302689
[S2] cn-jjj-50c-03-V2-LOCATIONS seed=3 mode=cv_only status=OK cost=2846.1655563826143
[S2] cn-jjj-50c-03-V2-LOCATIONS seed=2 mode=naive_ev status=OK cost=2828.202342767471
[S2] cn-jjj-50c-03-V2-LOCATIONS seed=4 mode=cv_only status=OK cost=2843.2263286473517
[S2] cn-jjj-50c-03-V2-LOCATIONS seed=4 mode=naive_ev status=OK cost=2827.1994758421934
[S2] cn-jjj-50c-03-V2-LOCATIONS seed=3 mode=naive_ev status=OK cost=2827.1994758421934
[S2] cn-jjj-50c-03-V2-LOCATIONS seed=5 mode=cv_only status=OK cost=2847.7851965809873
[S2] cn-jjj-75c-01-V2-LOCATIONS seed=1 mode=naive_ev status=OK cost=3754.2697034439407
[S2] cn-jjj-50c-03-V2-LOCATIONS seed=5 mode=naive_ev status=OK cost=2825.851708302689
[S2] cn-jjj-75c-01-V2-LOCATIONS seed=1 mode=cv_only status=OK cost=3786.5820616313235
[S2] cn-jjj-75c-01-V2-LOCATIONS seed=2 mode=naive_ev status=OK cost=3754.0211698541716
[S2] cn-jjj-75c-01-V2-LOCATIONS seed=2 mode=cv_only status=OK cost=3786.5820616313235
[S2] cn-jjj-75c-01-V2-LOCATIONS seed=4 mode=cv_only status=OK cost=3786.5820616313235
[S2] cn-jjj-75c-01-V2-LOCATIONS seed=5 mode=cv_only status=OK cost=3786.5820616313235
[S2] cn-jjj-75c-01-V2-LOCATIONS seed=3 mode=naive_ev status=OK cost=3754.0211698541716
[S2] cn-jjj-75c-01-V2-LOCATIONS seed=4 mode=naive_ev status=OK cost=3754.0211698541716
[S2] cn-jjj-75c-01-V2-LOCATIONS seed=3 mode=cv_only status=OK cost=3786.5820616313235
[S2] cn-jjj-75c-01-V2-LOCATIONS seed=5 mode=naive_ev status=OK cost=3754.2697034439407
[S2] cn-jjj-75c-02-V2-LOCATIONS seed=2 mode=cv_only status=OK cost=3617.5083985545116
[S2] cn-jjj-75c-02-V2-LOCATIONS seed=1 mode=cv_only status=OK cost=3613.1873436102246
[S2] cn-jjj-75c-02-V2-LOCATIONS seed=2 mode=naive_ev status=OK cost=3613.1873436102246
[S2] cn-jjj-75c-02-V2-LOCATIONS seed=1 mode=naive_ev status=OK cost=3613.1873436102246
[S2] cn-jjj-200c-03-V2-LOCATIONS seed=5 mode=naive_ev status=OK cost=9418.152020865924
[S2] cn-jjj-75c-02-V2-LOCATIONS seed=3 mode=cv_only status=OK cost=3613.1873436102246
[S2] cn-jjj-75c-02-V2-LOCATIONS seed=4 mode=cv_only status=OK cost=3613.1873436102246
[S2] cn-jjj-75c-02-V2-LOCATIONS seed=5 mode=cv_only status=OK cost=3613.1873436102246
[S2] cn-jjj-75c-02-V2-LOCATIONS seed=3 mode=naive_ev status=OK cost=3613.1873436102246
[S2] cn-jjj-75c-03-V2-LOCATIONS seed=2 mode=cv_only status=OK cost=3880.855004629486
[S2] cn-jjj-75c-03-V2-LOCATIONS seed=1 mode=cv_only status=OK cost=3877.0484507941337
[S2] cn-jjj-75c-03-V2-LOCATIONS seed=2 mode=naive_ev status=OK cost=3836.707889836056
[S2] cn-jjj-75c-02-V2-LOCATIONS seed=4 mode=naive_ev status=OK cost=3613.1873436102246
[S2] cn-jjj-75c-02-V2-LOCATIONS seed=5 mode=naive_ev status=OK cost=3613.1873436102246
[S2] cn-jjj-75c-03-V2-LOCATIONS seed=1 mode=naive_ev status=OK cost=3844.3948282647625
[S2] cn-jjj-75c-03-V2-LOCATIONS seed=3 mode=cv_only status=OK cost=3880.855004629486
[S2] cn-jjj-75c-03-V2-LOCATIONS seed=5 mode=cv_only status=OK cost=3879.508936651989
[S2] cn-jjj-75c-03-V2-LOCATIONS seed=4 mode=cv_only status=OK cost=3881.941025162703
[S2] cn-jjj-75c-03-V2-LOCATIONS seed=5 mode=naive_ev status=OK cost=3840.216734973674
[S2] cn-prd-100c-01-V2-LOCATIONS seed=1 mode=cv_only status=OK cost=4320.065007589687
[S2] cn-jjj-75c-03-V2-LOCATIONS seed=4 mode=naive_ev status=OK cost=3840.8699621339824
[S2] cn-prd-100c-01-V2-LOCATIONS seed=3 mode=cv_only status=OK cost=4321.687425477264
[S2] cn-prd-100c-01-V2-LOCATIONS seed=2 mode=cv_only status=OK cost=4320.050325688532
[S2] cn-jjj-75c-03-V2-LOCATIONS seed=3 mode=naive_ev status=OK cost=3838.657309467131
[S2] cn-prd-100c-01-V2-LOCATIONS seed=2 mode=naive_ev status=OK cost=4264.004538729139
[S2] cn-prd-100c-01-V2-LOCATIONS seed=1 mode=naive_ev status=OK cost=4261.362648850183
[S2] cn-prd-100c-01-V2-LOCATIONS seed=3 mode=naive_ev status=OK cost=4261.362648850183
[S2] cn-prd-100c-01-V2-LOCATIONS seed=4 mode=cv_only status=OK cost=4318.926150488106
[S2] cn-prd-100c-01-V2-LOCATIONS seed=5 mode=cv_only status=OK cost=4320.300621258076
[S2] cn-prd-100c-01-V2-LOCATIONS seed=4 mode=naive_ev status=OK cost=4262.528239523562
[S2] cn-prd-100c-01-V2-LOCATIONS seed=5 mode=naive_ev status=OK cost=4261.900384026865
[S2] cn-prd-100c-02-V2-LOCATIONS seed=3 mode=cv_only status=OK cost=4960.603787748993
[S2] cn-prd-100c-02-V2-LOCATIONS seed=1 mode=naive_ev status=OK cost=4924.735410487683
[S2] cn-prd-100c-02-V2-LOCATIONS seed=2 mode=naive_ev status=OK cost=4938.270906459405
[S2] cn-prd-100c-02-V2-LOCATIONS seed=3 mode=naive_ev status=OK cost=4924.552116748079
[S2] cn-prd-100c-02-V2-LOCATIONS seed=4 mode=cv_only status=OK cost=4962.701218151674
[S2] cn-prd-100c-02-V2-LOCATIONS seed=2 mode=cv_only status=OK cost=4960.603787748993
[S2] cn-prd-100c-02-V2-LOCATIONS seed=4 mode=naive_ev status=OK cost=4928.260656058095
[S2] cn-prd-100c-02-V2-LOCATIONS seed=1 mode=cv_only status=OK cost=4960.603787748993
[S2] cn-prd-100c-03-V2-LOCATIONS seed=1 mode=cv_only status=OK cost=4552.75328796248
[S2] cn-prd-100c-03-V2-LOCATIONS seed=1 mode=naive_ev status=OK cost=4551.97701899285
[S2] cn-prd-100c-02-V2-LOCATIONS seed=5 mode=naive_ev status=OK cost=4937.89147580157
[S2] cn-prd-100c-03-V2-LOCATIONS seed=2 mode=cv_only status=OK cost=4551.827521980735
[S2] cn-prd-100c-03-V2-LOCATIONS seed=3 mode=cv_only status=OK cost=4551.827521980735
[S2] cn-prd-100c-03-V2-LOCATIONS seed=4 mode=cv_only status=OK cost=4551.827521980735
[S2] cn-prd-100c-02-V2-LOCATIONS seed=5 mode=cv_only status=OK cost=4955.151793524659
[S2] cn-prd-100c-03-V2-LOCATIONS seed=2 mode=naive_ev status=OK cost=4551.827521980735
[S2] cn-prd-10c-01-V2-LOCATIONS seed=1 mode=cv_only status=OK cost=609.4714830422761
[S2] cn-prd-10c-01-V2-LOCATIONS seed=1 mode=naive_ev status=OK cost=609.4714830422761
[S2] cn-prd-10c-01-V2-LOCATIONS seed=2 mode=cv_only status=OK cost=609.4714830422761
[S2] cn-prd-10c-01-V2-LOCATIONS seed=2 mode=naive_ev status=OK cost=609.4714830422761
[S2] cn-prd-10c-01-V2-LOCATIONS seed=3 mode=cv_only status=OK cost=609.4714830422761
[S2] cn-prd-10c-01-V2-LOCATIONS seed=4 mode=cv_only status=OK cost=609.4714830422761
[S2] cn-prd-10c-01-V2-LOCATIONS seed=3 mode=naive_ev status=OK cost=609.4714830422761
[S2] cn-prd-10c-01-V2-LOCATIONS seed=5 mode=cv_only status=OK cost=609.4714830422761
[S2] cn-prd-10c-01-V2-LOCATIONS seed=4 mode=naive_ev status=OK cost=609.4714830422761
[S2] cn-prd-10c-02-V2-LOCATIONS seed=1 mode=cv_only status=OK cost=516.1923407714056
[S2] cn-prd-10c-01-V2-LOCATIONS seed=5 mode=naive_ev status=OK cost=609.4714830422761
[S2] cn-prd-10c-02-V2-LOCATIONS seed=2 mode=cv_only status=OK cost=516.1923407714056
[S2] cn-prd-10c-02-V2-LOCATIONS seed=1 mode=naive_ev status=OK cost=512.6707511927534
[S2] cn-prd-10c-02-V2-LOCATIONS seed=3 mode=cv_only status=OK cost=516.1923407714056
[S2] cn-prd-10c-02-V2-LOCATIONS seed=2 mode=naive_ev status=OK cost=512.6707511927534
[S2] cn-prd-10c-02-V2-LOCATIONS seed=4 mode=cv_only status=OK cost=516.1923407714056
[S2] cn-prd-10c-02-V2-LOCATIONS seed=3 mode=naive_ev status=OK cost=512.6707511927534
[S2] cn-prd-10c-02-V2-LOCATIONS seed=5 mode=cv_only status=OK cost=516.1923407714056
[S2] cn-prd-10c-02-V2-LOCATIONS seed=4 mode=naive_ev status=OK cost=512.6707511927534
[S2] cn-prd-10c-03-V2-LOCATIONS seed=1 mode=cv_only status=OK cost=501.003602296064
[S2] cn-prd-10c-02-V2-LOCATIONS seed=5 mode=naive_ev status=OK cost=512.6707511927534
[S2] cn-prd-10c-03-V2-LOCATIONS seed=2 mode=cv_only status=OK cost=501.003602296064
[S2] cn-prd-10c-03-V2-LOCATIONS seed=1 mode=naive_ev status=OK cost=501.003602296064
[S2] cn-prd-10c-03-V2-LOCATIONS seed=3 mode=cv_only status=OK cost=501.003602296064
[S2] cn-prd-10c-03-V2-LOCATIONS seed=2 mode=naive_ev status=OK cost=501.003602296064
[S2] cn-prd-10c-03-V2-LOCATIONS seed=4 mode=cv_only status=OK cost=501.003602296064
[S2] cn-prd-10c-03-V2-LOCATIONS seed=3 mode=naive_ev status=OK cost=501.003602296064
[S2] cn-prd-10c-03-V2-LOCATIONS seed=5 mode=cv_only status=OK cost=501.003602296064
[S2] cn-prd-10c-03-V2-LOCATIONS seed=4 mode=naive_ev status=OK cost=501.003602296064
[S2] cn-prd-10c-03-V2-LOCATIONS seed=5 mode=naive_ev status=OK cost=501.003602296064
[S2] cn-prd-100c-03-V2-LOCATIONS seed=4 mode=naive_ev status=OK cost=4552.979986038024
[S2] cn-prd-100c-03-V2-LOCATIONS seed=3 mode=naive_ev status=OK cost=4551.827521980735
[S2] cn-prd-100c-03-V2-LOCATIONS seed=5 mode=cv_only status=OK cost=4551.827521980735
[S2] cn-prd-100c-03-V2-LOCATIONS seed=5 mode=naive_ev status=OK cost=4551.827521980735
[S2] cn-prd-150c-01-V2-LOCATIONS seed=3 mode=cv_only status=OK cost=7248.019775575576
[S2] cn-prd-150c-01-V2-LOCATIONS seed=2 mode=naive_ev status=OK cost=7176.979932352996
[S2] cn-prd-150c-01-V2-LOCATIONS seed=2 mode=cv_only status=OK cost=7245.327690313226
[S2] cn-prd-150c-01-V2-LOCATIONS seed=4 mode=cv_only status=OK cost=7249.301665744059
[S2] cn-prd-150c-01-V2-LOCATIONS seed=1 mode=cv_only status=OK cost=7100.418183941305
[S2] cn-prd-150c-01-V2-LOCATIONS seed=3 mode=naive_ev status=OK cost=7138.536914422162
[S2] cn-prd-150c-01-V2-LOCATIONS seed=1 mode=naive_ev status=OK cost=7128.945681947263
[S2] cn-prd-150c-02-V2-LOCATIONS seed=1 mode=cv_only status=OK cost=7123.39560182415
[S2] cn-prd-150c-01-V2-LOCATIONS seed=5 mode=cv_only status=OK cost=7101.382460641238
[S2] cn-prd-150c-01-V2-LOCATIONS seed=4 mode=naive_ev status=OK cost=7131.4672197616
[S2] cn-prd-150c-02-V2-LOCATIONS seed=1 mode=naive_ev status=OK cost=7238.732480344509
[S2] cn-prd-150c-02-V2-LOCATIONS seed=2 mode=cv_only status=OK cost=7109.065202593179
[S2] cn-prd-150c-02-V2-LOCATIONS seed=3 mode=cv_only status=OK cost=7167.1166084730985
[S2] cn-prd-150c-01-V2-LOCATIONS seed=5 mode=naive_ev status=OK cost=7130.57637823355
[S2] cn-prd-150c-02-V2-LOCATIONS seed=4 mode=cv_only status=OK cost=7283.245729046347
[S2] cn-prd-150c-02-V2-LOCATIONS seed=3 mode=naive_ev status=OK cost=7251.672989871096
[S2] cn-prd-150c-02-V2-LOCATIONS seed=4 mode=naive_ev status=OK cost=7257.571093182144
[S2] cn-prd-150c-02-V2-LOCATIONS seed=2 mode=naive_ev status=OK cost=7235.073431565268
[S2] cn-prd-150c-03-V2-LOCATIONS seed=1 mode=cv_only status=OK cost=6828.984879844962
[S2] cn-prd-150c-02-V2-LOCATIONS seed=5 mode=cv_only status=OK cost=7115.339014613843
[S2] cn-prd-150c-03-V2-LOCATIONS seed=2 mode=cv_only status=OK cost=6830.179324829591
[S2] cn-prd-150c-02-V2-LOCATIONS seed=5 mode=naive_ev status=OK cost=7120.778133385592
[S2] cn-prd-150c-03-V2-LOCATIONS seed=3 mode=cv_only status=OK cost=6827.783352453549
[S2] cn-prd-150c-03-V2-LOCATIONS seed=1 mode=naive_ev status=OK cost=7020.738056790875
[S2] cn-prd-150c-03-V2-LOCATIONS seed=4 mode=cv_only status=OK cost=6832.095163280501
[S2] cn-prd-15c-01-V2-LOCATIONS seed=1 mode=cv_only status=OK cost=781.2415253713735
[S2] cn-prd-15c-01-V2-LOCATIONS seed=1 mode=naive_ev status=OK cost=780.6951078362445
[S2] cn-prd-15c-01-V2-LOCATIONS seed=2 mode=cv_only status=OK cost=782.8006603251657
[S2] cn-prd-150c-03-V2-LOCATIONS seed=3 mode=naive_ev status=OK cost=6853.006783779306
[S2] cn-prd-15c-01-V2-LOCATIONS seed=2 mode=naive_ev status=OK cost=780.6951078362445
[S2] cn-prd-15c-01-V2-LOCATIONS seed=3 mode=cv_only status=OK cost=781.2415253713735
[S2] cn-prd-15c-01-V2-LOCATIONS seed=3 mode=naive_ev status=OK cost=780.6951078362445
[S2] cn-prd-15c-01-V2-LOCATIONS seed=4 mode=cv_only status=OK cost=781.2415253713735
[S2] cn-prd-15c-01-V2-LOCATIONS seed=4 mode=naive_ev status=OK cost=780.6951078362445
[S2] cn-prd-15c-01-V2-LOCATIONS seed=5 mode=cv_only status=OK cost=781.2415253713735
[S2] cn-prd-15c-01-V2-LOCATIONS seed=5 mode=naive_ev status=OK cost=780.6951078362445
[S2] cn-prd-15c-02-V2-LOCATIONS seed=1 mode=cv_only status=OK cost=771.5925526682386
[S2] cn-prd-15c-02-V2-LOCATIONS seed=1 mode=naive_ev status=OK cost=770.6709636598509
[S2] cn-prd-15c-02-V2-LOCATIONS seed=2 mode=cv_only status=OK cost=771.5925526682386
[S2] cn-prd-15c-02-V2-LOCATIONS seed=2 mode=naive_ev status=OK cost=770.6709636598509
[S2] cn-prd-15c-02-V2-LOCATIONS seed=3 mode=cv_only status=OK cost=775.7854748944051
[S2] cn-prd-15c-02-V2-LOCATIONS seed=3 mode=naive_ev status=OK cost=770.6709636598509
[S2] cn-prd-15c-02-V2-LOCATIONS seed=4 mode=cv_only status=OK cost=775.7854748944051
[S2] cn-prd-15c-02-V2-LOCATIONS seed=4 mode=naive_ev status=OK cost=770.6709636598509
[S2] cn-prd-15c-02-V2-LOCATIONS seed=5 mode=cv_only status=OK cost=775.7854748944051
[S2] cn-prd-15c-02-V2-LOCATIONS seed=5 mode=naive_ev status=OK cost=770.6709636598509
[S2] cn-prd-15c-03-V2-LOCATIONS seed=1 mode=cv_only status=OK cost=770.5097689219729
[S2] cn-prd-15c-03-V2-LOCATIONS seed=1 mode=naive_ev status=OK cost=770.5097689219729
[S2] cn-prd-15c-03-V2-LOCATIONS seed=2 mode=cv_only status=OK cost=770.5097689219729
[S2] cn-prd-15c-03-V2-LOCATIONS seed=3 mode=cv_only status=OK cost=770.5097689219729
[S2] cn-prd-15c-03-V2-LOCATIONS seed=2 mode=naive_ev status=OK cost=770.5097689219729
[S2] cn-prd-15c-03-V2-LOCATIONS seed=3 mode=naive_ev status=OK cost=770.5097689219729
[S2] cn-prd-15c-03-V2-LOCATIONS seed=4 mode=cv_only status=OK cost=770.5097689219729
[S2] cn-prd-15c-03-V2-LOCATIONS seed=5 mode=cv_only status=OK cost=770.5097689219729
[S2] cn-prd-15c-03-V2-LOCATIONS seed=4 mode=naive_ev status=OK cost=770.5097689219729
[S2] cn-prd-15c-03-V2-LOCATIONS seed=5 mode=naive_ev status=OK cost=770.5097689219729
[S2] cn-prd-150c-03-V2-LOCATIONS seed=2 mode=naive_ev status=OK cost=6814.363185773229
[S2] cn-prd-150c-03-V2-LOCATIONS seed=5 mode=cv_only status=OK cost=6827.189346452286
[S2] cn-prd-150c-03-V2-LOCATIONS seed=4 mode=naive_ev status=OK cost=6756.172281259035
[S2] cn-prd-150c-03-V2-LOCATIONS seed=5 mode=naive_ev status=OK cost=7025.581915191892
[S2] cn-prd-200c-01-V2-LOCATIONS seed=1 mode=cv_only status=OK cost=9515.6755609224
[S2] cn-prd-200c-01-V2-LOCATIONS seed=3 mode=cv_only status=OK cost=9526.092504558175
[S2] cn-prd-200c-01-V2-LOCATIONS seed=2 mode=cv_only status=OK cost=9525.795714046128
[S2] cn-prd-200c-01-V2-LOCATIONS seed=3 mode=naive_ev status=OK cost=9501.796651237151
[S2] cn-prd-200c-01-V2-LOCATIONS seed=2 mode=naive_ev status=OK cost=9487.516268233063
[S2] cn-prd-200c-01-V2-LOCATIONS seed=1 mode=naive_ev status=OK cost=9483.01943216556
[S2] cn-prd-200c-01-V2-LOCATIONS seed=4 mode=cv_only status=OK cost=9522.642118192773
[S2] cn-prd-200c-01-V2-LOCATIONS seed=5 mode=cv_only status=OK cost=9527.891859417896
[S2] cn-prd-200c-02-V2-LOCATIONS seed=1 mode=cv_only status=OK cost=9784.262150540191
[S2] cn-prd-200c-01-V2-LOCATIONS seed=4 mode=naive_ev status=OK cost=9487.788389248926
[S2] cn-prd-200c-02-V2-LOCATIONS seed=2 mode=cv_only status=OK cost=9777.605950693678
[S2] cn-prd-200c-02-V2-LOCATIONS seed=1 mode=naive_ev status=OK cost=9743.493480313262
[S2] cn-prd-200c-02-V2-LOCATIONS seed=3 mode=cv_only status=OK cost=9783.46667957084
[S2] cn-prd-200c-01-V2-LOCATIONS seed=5 mode=naive_ev status=OK cost=9502.917664811574
[S2] cn-prd-200c-02-V2-LOCATIONS seed=2 mode=naive_ev status=OK cost=9740.299675866696
[S2] cn-prd-200c-02-V2-LOCATIONS seed=4 mode=cv_only status=OK cost=9735.192456585393
[S2] cn-prd-200c-02-V2-LOCATIONS seed=5 mode=cv_only status=OK cost=9737.513626503473
[S2] cn-prd-200c-03-V2-LOCATIONS seed=1 mode=cv_only status=OK cost=9793.972906966954
[S2] cn-prd-200c-02-V2-LOCATIONS seed=3 mode=naive_ev status=OK cost=9736.38678565606
[S2] cn-prd-200c-03-V2-LOCATIONS seed=2 mode=cv_only status=OK cost=9796.602751522665
[S2] cn-prd-200c-02-V2-LOCATIONS seed=4 mode=naive_ev status=OK cost=9735.804957160814
[S2] cn-prd-200c-02-V2-LOCATIONS seed=5 mode=naive_ev status=OK cost=9742.893286047938
[S2] cn-prd-200c-03-V2-LOCATIONS seed=3 mode=cv_only status=OK cost=9791.679851138379
[S2] cn-prd-200c-03-V2-LOCATIONS seed=3 mode=naive_ev status=OK cost=9797.225357239638
[S2] cn-prd-200c-03-V2-LOCATIONS seed=4 mode=cv_only status=OK cost=9795.806542491811
[S2] cn-prd-20c-01-V2-LOCATIONS seed=1 mode=cv_only status=OK cost=1015.3726322309399
[S2] cn-prd-20c-01-V2-LOCATIONS seed=1 mode=naive_ev status=OK cost=997.3130551352752
[S2] cn-prd-20c-01-V2-LOCATIONS seed=2 mode=cv_only status=OK cost=1015.3726322309399
[S2] cn-prd-20c-01-V2-LOCATIONS seed=2 mode=naive_ev status=OK cost=997.3130551352752
[S2] cn-prd-20c-01-V2-LOCATIONS seed=3 mode=cv_only status=OK cost=1015.3726322309399
[S2] cn-prd-20c-01-V2-LOCATIONS seed=3 mode=naive_ev status=OK cost=997.3130551352752
[S2] cn-prd-200c-03-V2-LOCATIONS seed=1 mode=naive_ev status=OK cost=9809.833021575918
[S2] cn-prd-20c-01-V2-LOCATIONS seed=4 mode=cv_only status=OK cost=1015.3726322309399
[S2] cn-prd-20c-01-V2-LOCATIONS seed=4 mode=naive_ev status=OK cost=997.3130551352752
[S2] cn-prd-20c-01-V2-LOCATIONS seed=5 mode=cv_only status=OK cost=1015.3726322309399
[S2] cn-prd-20c-01-V2-LOCATIONS seed=5 mode=naive_ev status=OK cost=997.3130551352752
[S2] cn-prd-20c-02-V2-LOCATIONS seed=1 mode=cv_only status=OK cost=1070.0907480977928
[S2] cn-prd-20c-02-V2-LOCATIONS seed=2 mode=cv_only status=OK cost=1063.5762746659686
[S2] cn-prd-20c-02-V2-LOCATIONS seed=1 mode=naive_ev status=OK cost=1044.298894617965
[S2] cn-prd-20c-02-V2-LOCATIONS seed=3 mode=cv_only status=OK cost=1062.0927306081976
[S2] cn-prd-20c-02-V2-LOCATIONS seed=2 mode=naive_ev status=OK cost=1044.298894617965
[S2] cn-prd-20c-02-V2-LOCATIONS seed=3 mode=naive_ev status=OK cost=1044.298894617965
[S2] cn-prd-20c-02-V2-LOCATIONS seed=4 mode=cv_only status=OK cost=1062.0927306081976
[S2] cn-prd-20c-02-V2-LOCATIONS seed=5 mode=cv_only status=OK cost=1070.0907480977928
[S2] cn-prd-20c-02-V2-LOCATIONS seed=4 mode=naive_ev status=OK cost=1044.298894617965
[S2] cn-prd-20c-02-V2-LOCATIONS seed=5 mode=naive_ev status=OK cost=1061.4954772316569
[S2] cn-prd-20c-03-V2-LOCATIONS seed=1 mode=cv_only status=OK cost=1030.2603636266856
[S2] cn-prd-20c-03-V2-LOCATIONS seed=1 mode=naive_ev status=OK cost=1030.2603636266856
[S2] cn-prd-20c-03-V2-LOCATIONS seed=2 mode=cv_only status=OK cost=1030.2603636266856
[S2] cn-prd-20c-03-V2-LOCATIONS seed=2 mode=naive_ev status=OK cost=1030.2603636266856
[S2] cn-prd-20c-03-V2-LOCATIONS seed=3 mode=cv_only status=OK cost=1030.2603636266856
[S2] cn-prd-20c-03-V2-LOCATIONS seed=3 mode=naive_ev status=OK cost=1030.2603636266856
[S2] cn-prd-20c-03-V2-LOCATIONS seed=4 mode=cv_only status=OK cost=1030.2603636266856
[S2] cn-prd-20c-03-V2-LOCATIONS seed=4 mode=naive_ev status=OK cost=1030.2603636266856
[S2] cn-prd-20c-03-V2-LOCATIONS seed=5 mode=cv_only status=OK cost=1030.2603636266856
[S2] cn-prd-20c-03-V2-LOCATIONS seed=5 mode=naive_ev status=OK cost=1030.2603636266856
[S2] cn-prd-25c-01-V2-LOCATIONS seed=1 mode=cv_only status=OK cost=1107.3484400972677
[S2] cn-prd-25c-01-V2-LOCATIONS seed=2 mode=cv_only status=OK cost=1107.3484400972677
[S2] cn-prd-25c-01-V2-LOCATIONS seed=1 mode=naive_ev status=OK cost=1107.3484400972677
[S2] cn-prd-25c-01-V2-LOCATIONS seed=3 mode=cv_only status=OK cost=1107.3484400972677
[S2] cn-prd-25c-01-V2-LOCATIONS seed=2 mode=naive_ev status=OK cost=1107.3484400972677
[S2] cn-prd-25c-01-V2-LOCATIONS seed=3 mode=naive_ev status=OK cost=1107.3484400972677
[S2] cn-prd-200c-03-V2-LOCATIONS seed=2 mode=naive_ev status=OK cost=9863.890745264373
[S2] cn-prd-25c-01-V2-LOCATIONS seed=4 mode=cv_only status=OK cost=1107.3484400972677
[S2] cn-prd-25c-01-V2-LOCATIONS seed=5 mode=cv_only status=OK cost=1107.3484400972677
[S2] cn-prd-25c-01-V2-LOCATIONS seed=4 mode=naive_ev status=OK cost=1107.3484400972677
[S2] cn-prd-25c-01-V2-LOCATIONS seed=5 mode=naive_ev status=OK cost=1107.3484400972677
[S2] cn-prd-25c-02-V2-LOCATIONS seed=1 mode=cv_only status=OK cost=1317.9039100989687
[S2] cn-prd-25c-02-V2-LOCATIONS seed=2 mode=cv_only status=OK cost=1317.9039100989687
[S2] cn-prd-25c-02-V2-LOCATIONS seed=1 mode=naive_ev status=OK cost=1290.682548051032
[S2] cn-prd-25c-02-V2-LOCATIONS seed=3 mode=cv_only status=OK cost=1317.9039100989687
[S2] cn-prd-25c-02-V2-LOCATIONS seed=2 mode=naive_ev status=OK cost=1290.682548051032
[S2] cn-prd-25c-02-V2-LOCATIONS seed=3 mode=naive_ev status=OK cost=1290.682548051032
[S2] cn-prd-25c-02-V2-LOCATIONS seed=4 mode=cv_only status=OK cost=1317.9039100989687
[S2] cn-prd-25c-02-V2-LOCATIONS seed=5 mode=cv_only status=OK cost=1317.9039100989687
[S2] cn-prd-25c-02-V2-LOCATIONS seed=4 mode=naive_ev status=OK cost=1290.682548051032
[S2] cn-prd-25c-03-V2-LOCATIONS seed=1 mode=cv_only status=OK cost=1099.7421512441958
[S2] cn-prd-25c-02-V2-LOCATIONS seed=5 mode=naive_ev status=OK cost=1290.682548051032
[S2] cn-prd-25c-03-V2-LOCATIONS seed=1 mode=naive_ev status=OK cost=1099.7421512441958
[S2] cn-prd-25c-03-V2-LOCATIONS seed=2 mode=cv_only status=OK cost=1099.7421512441958
[S2] cn-prd-25c-03-V2-LOCATIONS seed=2 mode=naive_ev status=OK cost=1099.7421512441958
[S2] cn-prd-25c-03-V2-LOCATIONS seed=3 mode=cv_only status=OK cost=1099.7421512441958
[S2] cn-prd-25c-03-V2-LOCATIONS seed=3 mode=naive_ev status=OK cost=1099.7421512441958
[S2] cn-prd-25c-03-V2-LOCATIONS seed=4 mode=cv_only status=OK cost=1099.7421512441958
[S2] cn-prd-25c-03-V2-LOCATIONS seed=4 mode=naive_ev status=OK cost=1099.7421512441958
[S2] cn-prd-25c-03-V2-LOCATIONS seed=5 mode=cv_only status=OK cost=1099.7421512441958
[S2] cn-prd-25c-03-V2-LOCATIONS seed=5 mode=naive_ev status=OK cost=1099.7421512441958
[S2] cn-prd-50c-01-V2-LOCATIONS seed=1 mode=cv_only status=OK cost=2482.4470517329405
[S2] cn-prd-50c-01-V2-LOCATIONS seed=2 mode=cv_only status=OK cost=2481.6596445092614
[S2] cn-prd-200c-03-V2-LOCATIONS seed=5 mode=cv_only status=OK cost=9792.89573352864
[S2] cn-prd-50c-01-V2-LOCATIONS seed=3 mode=cv_only status=OK cost=2480.060060310482
[S2] cn-prd-50c-01-V2-LOCATIONS seed=1 mode=naive_ev status=OK cost=2357.498946659032
[S2] cn-prd-50c-01-V2-LOCATIONS seed=2 mode=naive_ev status=OK cost=2358.7308493232913
[S2] cn-prd-200c-03-V2-LOCATIONS seed=4 mode=naive_ev status=OK cost=9829.098011959812
[S2] cn-prd-50c-01-V2-LOCATIONS seed=4 mode=cv_only status=OK cost=2473.7397280806654
[S2] cn-prd-50c-01-V2-LOCATIONS seed=3 mode=naive_ev status=OK cost=2358.7308493232913
[S2] cn-prd-50c-01-V2-LOCATIONS seed=4 mode=naive_ev status=OK cost=2357.641276768278
[S2] cn-prd-50c-01-V2-LOCATIONS seed=5 mode=cv_only status=OK cost=2480.060060310482
[S2] cn-prd-50c-02-V2-LOCATIONS seed=1 mode=naive_ev status=OK cost=2460.7952491487918
[S2] cn-prd-50c-01-V2-LOCATIONS seed=5 mode=naive_ev status=OK cost=2364.048690580053
[S2] cn-prd-50c-02-V2-LOCATIONS seed=2 mode=cv_only status=OK cost=2474.1108592602386
[S2] cn-prd-50c-02-V2-LOCATIONS seed=1 mode=cv_only status=OK cost=2473.994270007933
[S2] cn-prd-50c-02-V2-LOCATIONS seed=2 mode=naive_ev status=OK cost=2435.1275641951356
[S2] cn-prd-50c-02-V2-LOCATIONS seed=3 mode=cv_only status=OK cost=2473.994270007933
[S2] cn-prd-50c-02-V2-LOCATIONS seed=3 mode=naive_ev status=OK cost=2465.405609060904
[S2] cn-prd-50c-02-V2-LOCATIONS seed=4 mode=naive_ev status=OK cost=2476.6295625422026
[S2] cn-prd-50c-02-V2-LOCATIONS seed=5 mode=cv_only status=OK cost=2473.994270007933
[S2] cn-prd-50c-02-V2-LOCATIONS seed=5 mode=naive_ev status=OK cost=2476.399341633698
[S2] cn-prd-50c-02-V2-LOCATIONS seed=4 mode=cv_only status=OK cost=2474.1108592602386
[S2] cn-prd-50c-03-V2-LOCATIONS seed=1 mode=cv_only status=OK cost=2500.559609693888
[S2] cn-prd-50c-03-V2-LOCATIONS seed=2 mode=cv_only status=OK cost=2500.559609693888
[S2] cn-prd-50c-03-V2-LOCATIONS seed=1 mode=naive_ev status=OK cost=2500.559609693888
[S2] cn-prd-50c-03-V2-LOCATIONS seed=3 mode=cv_only status=OK cost=2500.559609693888
[S2] cn-prd-50c-03-V2-LOCATIONS seed=2 mode=naive_ev status=OK cost=2500.596698774214
[S2] cn-prd-50c-03-V2-LOCATIONS seed=4 mode=cv_only status=OK cost=2500.596698774214
[S2] cn-prd-50c-03-V2-LOCATIONS seed=4 mode=naive_ev status=OK cost=2500.596698774214
[S2] cn-prd-50c-03-V2-LOCATIONS seed=3 mode=naive_ev status=OK cost=2500.559609693888
[S2] cn-prd-50c-03-V2-LOCATIONS seed=5 mode=naive_ev status=OK cost=2500.559609693888
[S2] cn-prd-50c-03-V2-LOCATIONS seed=5 mode=cv_only status=OK cost=2500.559609693888
[S2] cn-prd-75c-01-V2-LOCATIONS seed=1 mode=naive_ev status=OK cost=3583.198604715205
[S2] cn-prd-75c-01-V2-LOCATIONS seed=1 mode=cv_only status=OK cost=3584.943073330884
[S2] cn-prd-75c-01-V2-LOCATIONS seed=2 mode=naive_ev status=OK cost=3584.532226169123
[S2] cn-prd-75c-01-V2-LOCATIONS seed=3 mode=naive_ev status=OK cost=3577.9558167368746
[S2] cn-prd-75c-01-V2-LOCATIONS seed=2 mode=cv_only status=OK cost=3612.6915514751686
[S2] cn-prd-75c-01-V2-LOCATIONS seed=4 mode=cv_only status=OK cost=3613.6548759798893
[S2] cn-prd-75c-01-V2-LOCATIONS seed=3 mode=cv_only status=OK cost=3612.6915514751686
[S2] cn-prd-75c-01-V2-LOCATIONS seed=4 mode=naive_ev status=OK cost=3584.0286150713273
[S2] cn-prd-75c-01-V2-LOCATIONS seed=5 mode=cv_only status=OK cost=3587.596923420851
[S2] cn-prd-75c-01-V2-LOCATIONS seed=5 mode=naive_ev status=OK cost=3578.7469153801576
[S2] cn-prd-75c-02-V2-LOCATIONS seed=1 mode=cv_only status=OK cost=3602.0254699274396
[S2] cn-prd-75c-02-V2-LOCATIONS seed=1 mode=naive_ev status=OK cost=3588.8179018326964
[S2] cn-prd-75c-02-V2-LOCATIONS seed=2 mode=naive_ev status=OK cost=3588.8020741730907
[S2] cn-prd-75c-02-V2-LOCATIONS seed=3 mode=naive_ev status=OK cost=3588.8020741730907
[S2] cn-prd-75c-02-V2-LOCATIONS seed=3 mode=cv_only status=OK cost=3602.091683150428
[S2] cn-prd-75c-02-V2-LOCATIONS seed=2 mode=cv_only status=OK cost=3602.041297587045
[S2] cn-prd-75c-02-V2-LOCATIONS seed=4 mode=naive_ev status=OK cost=3588.8179018326964
[S2] cn-prd-75c-02-V2-LOCATIONS seed=4 mode=cv_only status=OK cost=3602.0254699274396
[S2] cn-prd-75c-02-V2-LOCATIONS seed=5 mode=naive_ev status=OK cost=3588.8020741730907
[S2] cn-prd-75c-03-V2-LOCATIONS seed=1 mode=naive_ev status=OK cost=3897.499527282721
[S2] cn-prd-75c-02-V2-LOCATIONS seed=5 mode=cv_only status=OK cost=3602.0254699274396
[S2] cn-prd-75c-03-V2-LOCATIONS seed=1 mode=cv_only status=OK cost=3897.5029420930337
[S2] cn-prd-75c-03-V2-LOCATIONS seed=2 mode=cv_only status=OK cost=3898.245025458659
[S2] cn-prd-75c-03-V2-LOCATIONS seed=2 mode=naive_ev status=OK cost=3897.499527282721
[S2] cn-prd-75c-03-V2-LOCATIONS seed=3 mode=naive_ev status=OK cost=3897.499527282721
[S2] cn-prd-200c-03-V2-LOCATIONS seed=5 mode=naive_ev status=OK cost=9861.557724195773
[S2] cn-prd-75c-03-V2-LOCATIONS seed=4 mode=cv_only status=OK cost=3897.499527282721
[S2] cn-prd-75c-03-V2-LOCATIONS seed=4 mode=naive_ev status=OK cost=3897.499527282721
[S2] cn-prd-75c-03-V2-LOCATIONS seed=5 mode=naive_ev status=OK cost=3897.499527282721
[S2] cn-prd-75c-03-V2-LOCATIONS seed=5 mode=cv_only status=OK cost=3898.289686756839
[S2] cn-prd-75c-03-V2-LOCATIONS seed=3 mode=cv_only status=OK cost=3897.499527282721
[S2] HALT_S2_VIEW_INFEASIBLE_OR_ERROR
