Process SpawnProcess-2:
Traceback (most recent call last):
  File "/opt/anaconda3/lib/python3.13/multiprocessing/process.py", line 313, in _bootstrap
    self.run()
    ~~~~~~~~^^
  File "/opt/anaconda3/lib/python3.13/multiprocessing/process.py", line 108, in run
    self._target(*self._args, **self._kwargs)
    ~~~~~~~~~~~~^^^^^^^^^^^^^^^^^^^^^^^^^^^^^
  File "/opt/anaconda3/lib/python3.13/concurrent/futures/process.py", line 242, in _process_worker
    call_item = call_queue.get(block=True)
  File "/opt/anaconda3/lib/python3.13/multiprocessing/queues.py", line 120, in get
    return _ForkingPickler.loads(res)
           ~~~~~~~~~~~~~~~~~~~~~^^^^^
ModuleNotFoundError: No module named 'resource_slot_pricing_v2_engineering_runner'
Process SpawnProcess-1:
Traceback (most recent call last):
  File "/opt/anaconda3/lib/python3.13/multiprocessing/process.py", line 313, in _bootstrap
    self.run()
    ~~~~~~~~^^
  File "/opt/anaconda3/lib/python3.13/multiprocessing/process.py", line 108, in run
    self._target(*self._args, **self._kwargs)
    ~~~~~~~~~~~~^^^^^^^^^^^^^^^^^^^^^^^^^^^^^
  File "/opt/anaconda3/lib/python3.13/concurrent/futures/process.py", line 242, in _process_worker
    call_item = call_queue.get(block=True)
  File "/opt/anaconda3/lib/python3.13/multiprocessing/queues.py", line 120, in get
    return _ForkingPickler.loads(res)
           ~~~~~~~~~~~~~~~~~~~~~^^^^^
ModuleNotFoundError: No module named 'resource_slot_pricing_v2_engineering_runner'
Process SpawnProcess-4:
Traceback (most recent call last):
  File "/opt/anaconda3/lib/python3.13/multiprocessing/process.py", line 313, in _bootstrap
    self.run()
    ~~~~~~~~^^
  File "/opt/anaconda3/lib/python3.13/multiprocessing/process.py", line 108, in run
    self._target(*self._args, **self._kwargs)
    ~~~~~~~~~~~~^^^^^^^^^^^^^^^^^^^^^^^^^^^^^
  File "/opt/anaconda3/lib/python3.13/concurrent/futures/process.py", line 242, in _process_worker
    call_item = call_queue.get(block=True)
  File "/opt/anaconda3/lib/python3.13/multiprocessing/queues.py", line 120, in get
    return _ForkingPickler.loads(res)
           ~~~~~~~~~~~~~~~~~~~~~^^^^^
ModuleNotFoundError: No module named 'resource_slot_pricing_v2_engineering_runner'
Process SpawnProcess-5:
Traceback (most recent call last):
Process SpawnProcess-3:
Traceback (most recent call last):
  File "/opt/anaconda3/lib/python3.13/multiprocessing/process.py", line 313, in _bootstrap
    self.run()
    ~~~~~~~~^^
  File "/opt/anaconda3/lib/python3.13/multiprocessing/process.py", line 108, in run
    self._target(*self._args, **self._kwargs)
    ~~~~~~~~~~~~^^^^^^^^^^^^^^^^^^^^^^^^^^^^^
  File "/opt/anaconda3/lib/python3.13/concurrent/futures/process.py", line 242, in _process_worker
    call_item = call_queue.get(block=True)
  File "/opt/anaconda3/lib/python3.13/multiprocessing/queues.py", line 120, in get
    return _ForkingPickler.loads(res)
           ~~~~~~~~~~~~~~~~~~~~~^^^^^
ModuleNotFoundError: No module named 'resource_slot_pricing_v2_engineering_runner'
  File "/opt/anaconda3/lib/python3.13/multiprocessing/process.py", line 313, in _bootstrap
    self.run()
    ~~~~~~~~^^
  File "/opt/anaconda3/lib/python3.13/multiprocessing/process.py", line 108, in run
    self._target(*self._args, **self._kwargs)
    ~~~~~~~~~~~~^^^^^^^^^^^^^^^^^^^^^^^^^^^^^
  File "/opt/anaconda3/lib/python3.13/concurrent/futures/process.py", line 242, in _process_worker
    call_item = call_queue.get(block=True)
  File "/opt/anaconda3/lib/python3.13/multiprocessing/queues.py", line 120, in get
    return _ForkingPickler.loads(res)
           ~~~~~~~~~~~~~~~~~~~~~^^^^^
ModuleNotFoundError: No module named 'resource_slot_pricing_v2_engineering_runner'
{"schema": "resetp.resource-slot-pricing-engineering-decision.v1", "verdict": "HALT_ZERO_OBJECTIVE_ENGINEERING_OR_RESOURCE_GATE", "pass": false, "candidate_objectives_evaluated": 0, "completed_tasks": 0, "expected_tasks": 6, "available_memory_percent_before": 21.66309356689453, "projected_combined_peak_rss_bytes": 0, "failures": ["cn-cy-25c-02-V2-LOCATIONS__LOCAL: BrokenProcessPool: A process in the process pool was terminated abruptly while the future was running or pending.", "cn-cy-25c-02-V2-LOCATIONS__RESOURCE-SLOT: BrokenProcessPool: A process in the process pool was terminated abruptly while the future was running or pending.", "cn-jjj-75c-01-V2-LOCATIONS__LOCAL: BrokenProcessPool: A process in the process pool was terminated abruptly while the future was running or pending.", "cn-jjj-75c-01-V2-LOCATIONS__RESOURCE-SLOT: BrokenProcessPool: A process in the process pool was terminated abruptly while the future was running or pending.", "cn-jjj-150c-02-V2-LOCATIONS__LOCAL: BrokenProcessPool: A process in the process pool was terminated abruptly while the future was running or pending.", "cn-jjj-150c-02-V2-LOCATIONS__RESOURCE-SLOT: BrokenProcessPool: A process in the process pool was terminated abruptly while the future was running or pending."], "next_step": "STOP_NO_RESCUE"}
