\BOOKMARK [1][]{section.1}{\376\377\0001\000\040\137\025\212\000}{}% 1
\BOOKMARK [1][]{section.2}{\376\377\0002\000\040\152\041\127\213\136\372\172\313}{}% 2
\BOOKMARK [2][-]{subsection.2.1}{\376\377\0002\000.\0001\000\040\225\356\230\230\143\317\217\360}{section.2}% 3
\BOOKMARK [2][-]{subsection.2.2}{\376\377\0002\000.\0002\000\040\217\146\217\206\200\375\200\027\152\041\127\213}{section.2}% 4
\BOOKMARK [2][-]{subsection.2.3}{\376\377\0002\000.\0003\000\040\121\105\165\065\116\016\122\006\145\366\170\263\143\222\145\076\152\041\127\213}{section.2}% 5
\BOOKMARK [2][-]{subsection.2.4}{\376\377\0002\000.\0004\000\040\166\356\150\007\121\375\145\160}{section.2}% 6
\BOOKMARK [3][-]{subsubsection.2.4.1}{\376\377\0002\000.\0004\000.\0001\000\040\170\263\143\222\145\076\142\020\147\054\000F\0001}{subsection.2.4}% 7
\BOOKMARK [3][-]{subsubsection.2.4.2}{\376\377\0002\000.\0004\000.\0002\000\040\126\372\133\232\142\020\147\054\000F\0002}{subsection.2.4}% 8
\BOOKMARK [3][-]{subsubsection.2.4.3}{\376\377\0002\000.\0004\000.\0003\000\040\221\314\172\013\142\020\147\054\000F\0003}{subsection.2.4}% 9
\BOOKMARK [3][-]{subsubsection.2.4.4}{\376\377\0002\000.\0004\000.\0004\000\040\154\271\200\027\142\020\147\054\000F\0004}{subsection.2.4}% 10
\BOOKMARK [3][-]{subsubsection.2.4.5}{\376\377\0002\000.\0004\000.\0005\000\040\121\105\165\065\142\020\147\054\000F\0005}{subsection.2.4}% 11
\BOOKMARK [3][-]{subsubsection.2.4.6}{\376\377\0002\000.\0004\000.\0006\000\040\215\350\127\072\142\020\147\054\000F\0006}{subsection.2.4}% 12
\BOOKMARK [2][-]{subsection.2.5}{\376\377\0002\000.\0005\000\040\152\041\127\213\136\372\172\313}{section.2}% 13
\BOOKMARK [2][-]{subsection.2.6}{\376\377\0002\000.\0006\000\040\122\250\140\001\227\000\154\102\131\004\164\006}{section.2}% 14
\BOOKMARK [1][]{section.3}{\376\377\0003\000\040\173\227\154\325\213\276\213\241}{}% 15
\BOOKMARK [2][-]{subsection.3.1}{\376\377\0003\000.\0001\000\040\173\227\154\325\155\101\172\013\126\376}{section.3}% 16
\BOOKMARK [2][-]{subsection.3.2}{\376\377\0003\000.\0002\000\040\173\227\154\325\153\145\232\244}{section.3}% 17
\BOOKMARK [1][]{section.4}{\376\377\0004\000\040\145\160\120\074\133\236\232\214}{}% 18
\BOOKMARK [2][-]{subsection.4.1}{\376\377\0004\000.\0001\000\040\133\236\232\214\213\276\213\241\124\214\147\000\176\310\211\343\122\006\147\220}{section.4}% 19
\BOOKMARK [3][-]{subsubsection.4.1.1}{\376\377\0004\000.\0001\000.\0001\000\040\133\236\232\214\213\276\213\241}{subsection.4.1}% 20
\BOOKMARK [3][-]{subsubsection.4.1.2}{\376\377\0004\000.\0001\000.\0002\000\040\147\000\176\310\211\343\122\006\147\220}{subsection.4.1}% 21
\BOOKMARK [2][-]{subsection.4.2}{\376\377\0004\000.\0002\000\040\173\227\154\325\147\011\145\110\140\047\122\006\147\220}{section.4}% 22
\BOOKMARK [3][-]{subsubsection.4.2.1}{\376\377\0004\000.\0002\000.\0001\000\040\121\154\137\000\150\007\121\306\173\227\117\213\133\236\232\214}{subsection.4.2}% 23
\BOOKMARK [3][-]{subsubsection.4.2.2}{\376\377\0004\000.\0002\000.\0002\000\040\121\154\137\000\173\227\117\213\147\000\131\175\211\343\166\204\217\271\165\114\143\242\147\345}{subsection.4.2}% 24
\BOOKMARK [3][-]{subsubsection.4.2.3}{\376\377\0004\000.\0002\000.\0003\000\040\147\054\145\207\152\041\127\213\133\236\232\214}{subsection.4.2}% 25
\BOOKMARK [2][-]{subsection.4.3}{\376\377\0004\000.\0003\000\040\215\043\116\373\225\031\221\115\116\016\215\350\127\072\123\117\124\014}{section.4}% 26
\BOOKMARK [2][-]{subsection.4.4}{\376\377\0004\000.\0004\000\040\126\372\133\232\215\357\176\277\116\013\166\204\170\263\141\037\167\345\121\105\165\065\142\351\145\366}{section.4}% 27
\BOOKMARK [2][-]{subsection.4.5}{\376\377\0004\000.\0005\000\040\227\136\176\277\140\047\121\105\165\065\162\151\164\006\166\204\121\205\165\037\121\263\173\126}{section.4}% 28
\BOOKMARK [2][-]{subsection.4.6}{\376\377\0004\000.\0006\000\040\145\340\217\154\171\373\123\302\116\016\116\016\000S\000h\000a\000p\000l\000e\000y\116\213\124\016\176\323\173\227}{section.4}% 29
\BOOKMARK [2][-]{subsection.4.7}{\376\377\0004\000.\0007\000\040\122\250\140\001\227\000\154\102\116\013\166\204\123\117\124\014\040\024\176\323\173\227\123\302\116\016\040\024\145\366\123\330\170\263\116\244\116\222}{section.4}% 30
\BOOKMARK [2][-]{subsection.4.8}{\376\377\0004\000.\0008\000\040\145\160\120\074\133\236\232\214\122\006\147\220\213\250\213\272}{section.4}% 31
\BOOKMARK [1][]{section.5}{\376\377\0005\000\040\176\323\213\355}{}% 32
