{"event": "start", "head": "52aae388477fa6728a52982a9f3cded6d9d53dcf", "time": 1783274188.363719}
{"event": "task_start", "profile": "A0_THROUGHPUT_ONLY", "run_id": "STRONG_BRIDGE_BACKEND_PROBE__multidepot__e2-multidepot-100c-01__A0_THROUGHPUT_ONLY__seed1", "time": 1783274192.2321432}
{"event": "task_start", "profile": "A3_BACKEND_ONLY", "run_id": "STRONG_BRIDGE_BACKEND_PROBE__multidepot__e2-multidepot-100c-01__A3_BACKEND_ONLY__seed1", "time": 1783274192.2536802}
{"event": "task_start", "profile": "A0_MAIN_LOCAL_SEARCH", "run_id": "STRONG_BRIDGE_BACKEND_PROBE__multidepot__e2-multidepot-100c-01__A0_MAIN_LOCAL_SEARCH__seed1", "time": 1783274192.2716758}
{"elapsed": 52.86448974999803, "event": "task_complete", "run_id": "STRONG_BRIDGE_BACKEND_PROBE__multidepot__e2-multidepot-100c-01__A3_BACKEND_ONLY__seed1", "status": "OK", "time": 1783274245.120183}
{"event": "task_start", "profile": "A3_BACKEND_LOCAL_SEARCH", "run_id": "STRONG_BRIDGE_BACKEND_PROBE__multidepot__e2-multidepot-100c-01__A3_BACKEND_LOCAL_SEARCH__seed1", "time": 1783274245.1519418}
{"elapsed": 122.97520116600208, "event": "task_complete", "run_id": "STRONG_BRIDGE_BACKEND_PROBE__multidepot__e2-multidepot-100c-01__A0_THROUGHPUT_ONLY__seed1", "status": "OK", "time": 1783274315.211083}
{"event": "task_start", "profile": "LNS_TRACE_REFERENCE", "run_id": "STRONG_BRIDGE_BACKEND_PROBE__multidepot__e2-multidepot-100c-01__LNS_TRACE_REFERENCE__seed1", "time": 1783274315.239885}
{"elapsed": 1.1860813339953893, "event": "task_complete", "run_id": "STRONG_BRIDGE_BACKEND_PROBE__multidepot__e2-multidepot-100c-01__LNS_TRACE_REFERENCE__seed1", "status": "OK", "time": 1783274316.426077}
{"event": "task_start", "profile": "A0_THROUGHPUT_ONLY", "run_id": "STRONG_BRIDGE_BACKEND_PROBE__multidepot__e2-multidepot-100c-01__A0_THROUGHPUT_ONLY__seed2", "time": 1783274316.442369}
{"elapsed": 174.58186933399702, "event": "task_complete", "run_id": "STRONG_BRIDGE_BACKEND_PROBE__multidepot__e2-multidepot-100c-01__A3_BACKEND_LOCAL_SEARCH__seed1", "status": "OK", "time": 1783274419.738977}
{"event": "task_start", "profile": "A3_BACKEND_ONLY", "run_id": "STRONG_BRIDGE_BACKEND_PROBE__multidepot__e2-multidepot-100c-01__A3_BACKEND_ONLY__seed2", "time": 1783274419.767603}
{"elapsed": 119.11654537499999, "event": "task_complete", "run_id": "STRONG_BRIDGE_BACKEND_PROBE__multidepot__e2-multidepot-100c-01__A0_THROUGHPUT_ONLY__seed2", "status": "OK", "time": 1783274435.562763}
{"event": "task_start", "profile": "A0_MAIN_LOCAL_SEARCH", "run_id": "STRONG_BRIDGE_BACKEND_PROBE__multidepot__e2-multidepot-100c-01__A0_MAIN_LOCAL_SEARCH__seed2", "time": 1783274435.591691}
{"elapsed": 270.8258393329961, "event": "task_complete", "run_id": "STRONG_BRIDGE_BACKEND_PROBE__multidepot__e2-multidepot-100c-01__A0_MAIN_LOCAL_SEARCH__seed1", "status": "OK", "time": 1783274463.105261}
{"event": "task_start", "profile": "A3_BACKEND_LOCAL_SEARCH", "run_id": "STRONG_BRIDGE_BACKEND_PROBE__multidepot__e2-multidepot-100c-01__A3_BACKEND_LOCAL_SEARCH__seed2", "time": 1783274463.174897}
{"elapsed": 50.64323291600158, "event": "task_complete", "run_id": "STRONG_BRIDGE_BACKEND_PROBE__multidepot__e2-multidepot-100c-01__A3_BACKEND_ONLY__seed2", "status": "OK", "time": 1783274470.4122849}
{"event": "task_start", "profile": "LNS_TRACE_REFERENCE", "run_id": "STRONG_BRIDGE_BACKEND_PROBE__multidepot__e2-multidepot-100c-01__LNS_TRACE_REFERENCE__seed2", "time": 1783274470.438656}
{"elapsed": 1.0649350829989999, "event": "task_complete", "run_id": "STRONG_BRIDGE_BACKEND_PROBE__multidepot__e2-multidepot-100c-01__LNS_TRACE_REFERENCE__seed2", "status": "OK", "time": 1783274471.503638}
{"event": "task_start", "profile": "A0_THROUGHPUT_ONLY", "run_id": "STRONG_BRIDGE_BACKEND_PROBE__multidepot__e2-multidepot-100c-01__A0_THROUGHPUT_ONLY__seed3", "time": 1783274471.5091012}
{"elapsed": 116.84840308300045, "event": "task_complete", "run_id": "STRONG_BRIDGE_BACKEND_PROBE__multidepot__e2-multidepot-100c-01__A0_THROUGHPUT_ONLY__seed3", "status": "OK", "time": 1783274588.3611572}
{"event": "task_start", "profile": "A3_BACKEND_ONLY", "run_id": "STRONG_BRIDGE_BACKEND_PROBE__multidepot__e2-multidepot-100c-01__A3_BACKEND_ONLY__seed3", "time": 1783274588.392253}
{"elapsed": 161.09551495799678, "event": "task_complete", "run_id": "STRONG_BRIDGE_BACKEND_PROBE__multidepot__e2-multidepot-100c-01__A3_BACKEND_LOCAL_SEARCH__seed2", "status": "OK", "time": 1783274624.275202}
{"event": "task_start", "profile": "A0_MAIN_LOCAL_SEARCH", "run_id": "STRONG_BRIDGE_BACKEND_PROBE__multidepot__e2-multidepot-100c-01__A0_MAIN_LOCAL_SEARCH__seed3", "time": 1783274624.307461}
{"elapsed": 47.75267224999698, "event": "task_complete", "run_id": "STRONG_BRIDGE_BACKEND_PROBE__multidepot__e2-multidepot-100c-01__A3_BACKEND_ONLY__seed3", "status": "OK", "time": 1783274636.146841}
{"event": "task_start", "profile": "A3_BACKEND_LOCAL_SEARCH", "run_id": "STRONG_BRIDGE_BACKEND_PROBE__multidepot__e2-multidepot-100c-01__A3_BACKEND_LOCAL_SEARCH__seed3", "time": 1783274636.174214}
{"elapsed": 238.53499479199672, "event": "task_complete", "run_id": "STRONG_BRIDGE_BACKEND_PROBE__multidepot__e2-multidepot-100c-01__A0_MAIN_LOCAL_SEARCH__seed2", "status": "OK", "time": 1783274674.133572}
{"event": "task_start", "profile": "LNS_TRACE_REFERENCE", "run_id": "STRONG_BRIDGE_BACKEND_PROBE__multidepot__e2-multidepot-100c-01__LNS_TRACE_REFERENCE__seed3", "time": 1783274674.16486}
{"elapsed": 1.1923102910004673, "event": "task_complete", "run_id": "STRONG_BRIDGE_BACKEND_PROBE__multidepot__e2-multidepot-100c-01__LNS_TRACE_REFERENCE__seed3", "status": "OK", "time": 1783274675.357245}
{"event": "task_start", "profile": "A0_THROUGHPUT_ONLY", "run_id": "STRONG_BRIDGE_BACKEND_PROBE__multidepot__e2-multidepot-10c-01__A0_THROUGHPUT_ONLY__seed1", "time": 1783274675.374999}
{"elapsed": 3.5677260830052546, "event": "task_complete", "run_id": "STRONG_BRIDGE_BACKEND_PROBE__multidepot__e2-multidepot-10c-01__A0_THROUGHPUT_ONLY__seed1", "status": "OK", "time": 1783274678.943095}
{"event": "task_start", "profile": "A3_BACKEND_ONLY", "run_id": "STRONG_BRIDGE_BACKEND_PROBE__multidepot__e2-multidepot-10c-01__A3_BACKEND_ONLY__seed1", "time": 1783274678.975904}
{"elapsed": 4.5752656670010765, "event": "task_complete", "run_id": "STRONG_BRIDGE_BACKEND_PROBE__multidepot__e2-multidepot-10c-01__A3_BACKEND_ONLY__seed1", "status": "OK", "time": 1783274683.551389}
{"event": "task_start", "profile": "A0_MAIN_LOCAL_SEARCH", "run_id": "STRONG_BRIDGE_BACKEND_PROBE__multidepot__e2-multidepot-10c-01__A0_MAIN_LOCAL_SEARCH__seed1", "time": 1783274683.577321}
{"elapsed": 7.941555416000483, "event": "task_complete", "run_id": "STRONG_BRIDGE_BACKEND_PROBE__multidepot__e2-multidepot-10c-01__A0_MAIN_LOCAL_SEARCH__seed1", "status": "OK", "time": 1783274691.519254}
{"event": "task_start", "profile": "A3_BACKEND_LOCAL_SEARCH", "run_id": "STRONG_BRIDGE_BACKEND_PROBE__multidepot__e2-multidepot-10c-01__A3_BACKEND_LOCAL_SEARCH__seed1", "time": 1783274691.546188}
{"elapsed": 16.11789708300057, "event": "task_complete", "run_id": "STRONG_BRIDGE_BACKEND_PROBE__multidepot__e2-multidepot-10c-01__A3_BACKEND_LOCAL_SEARCH__seed1", "status": "OK", "time": 1783274707.665196}
{"event": "task_start", "profile": "LNS_TRACE_REFERENCE", "run_id": "STRONG_BRIDGE_BACKEND_PROBE__multidepot__e2-multidepot-10c-01__LNS_TRACE_REFERENCE__seed1", "time": 1783274707.691849}
{"elapsed": 1.1686259160051122, "event": "task_complete", "run_id": "STRONG_BRIDGE_BACKEND_PROBE__multidepot__e2-multidepot-10c-01__LNS_TRACE_REFERENCE__seed1", "status": "OK", "time": 1783274708.860538}
{"event": "task_start", "profile": "A0_THROUGHPUT_ONLY", "run_id": "STRONG_BRIDGE_BACKEND_PROBE__multidepot__e2-multidepot-10c-01__A0_THROUGHPUT_ONLY__seed2", "time": 1783274708.876102}
{"elapsed": 4.772284165999736, "event": "task_complete", "run_id": "STRONG_BRIDGE_BACKEND_PROBE__multidepot__e2-multidepot-10c-01__A0_THROUGHPUT_ONLY__seed2", "status": "OK", "time": 1783274713.648632}
{"event": "task_start", "profile": "A3_BACKEND_ONLY", "run_id": "STRONG_BRIDGE_BACKEND_PROBE__multidepot__e2-multidepot-10c-01__A3_BACKEND_ONLY__seed2", "time": 1783274713.684181}
{"elapsed": 3.5353608750010608, "event": "task_complete", "run_id": "STRONG_BRIDGE_BACKEND_PROBE__multidepot__e2-multidepot-10c-01__A3_BACKEND_ONLY__seed2", "status": "OK", "time": 1783274717.219815}
{"event": "task_start", "profile": "A0_MAIN_LOCAL_SEARCH", "run_id": "STRONG_BRIDGE_BACKEND_PROBE__multidepot__e2-multidepot-10c-01__A0_MAIN_LOCAL_SEARCH__seed2", "time": 1783274717.259179}
{"elapsed": 16.207567624995136, "event": "task_complete", "run_id": "STRONG_BRIDGE_BACKEND_PROBE__multidepot__e2-multidepot-10c-01__A0_MAIN_LOCAL_SEARCH__seed2", "status": "OK", "time": 1783274733.4677958}
{"event": "task_start", "profile": "A3_BACKEND_LOCAL_SEARCH", "run_id": "STRONG_BRIDGE_BACKEND_PROBE__multidepot__e2-multidepot-10c-01__A3_BACKEND_LOCAL_SEARCH__seed2", "time": 1783274733.4951591}
{"elapsed": 16.344225000000733, "event": "task_complete", "run_id": "STRONG_BRIDGE_BACKEND_PROBE__multidepot__e2-multidepot-10c-01__A3_BACKEND_LOCAL_SEARCH__seed2", "status": "OK", "time": 1783274749.840348}
{"event": "task_start", "profile": "LNS_TRACE_REFERENCE", "run_id": "STRONG_BRIDGE_BACKEND_PROBE__multidepot__e2-multidepot-10c-01__LNS_TRACE_REFERENCE__seed2", "time": 1783274749.866501}
{"elapsed": 1.1315528330014786, "event": "task_complete", "run_id": "STRONG_BRIDGE_BACKEND_PROBE__multidepot__e2-multidepot-10c-01__LNS_TRACE_REFERENCE__seed2", "status": "OK", "time": 1783274750.998122}
{"event": "task_start", "profile": "A0_THROUGHPUT_ONLY", "run_id": "STRONG_BRIDGE_BACKEND_PROBE__multidepot__e2-multidepot-10c-01__A0_THROUGHPUT_ONLY__seed3", "time": 1783274751.015605}
{"elapsed": 4.094749083000352, "event": "task_complete", "run_id": "STRONG_BRIDGE_BACKEND_PROBE__multidepot__e2-multidepot-10c-01__A0_THROUGHPUT_ONLY__seed3", "status": "OK", "time": 1783274755.11068}
{"event": "task_start", "profile": "A3_BACKEND_ONLY", "run_id": "STRONG_BRIDGE_BACKEND_PROBE__multidepot__e2-multidepot-10c-01__A3_BACKEND_ONLY__seed3", "time": 1783274755.164258}
{"elapsed": 3.9324949590009055, "event": "task_complete", "run_id": "STRONG_BRIDGE_BACKEND_PROBE__multidepot__e2-multidepot-10c-01__A3_BACKEND_ONLY__seed3", "status": "OK", "time": 1783274759.096916}
{"event": "task_start", "profile": "A0_MAIN_LOCAL_SEARCH", "run_id": "STRONG_BRIDGE_BACKEND_PROBE__multidepot__e2-multidepot-10c-01__A0_MAIN_LOCAL_SEARCH__seed3", "time": 1783274759.133306}
{"elapsed": 16.84960220799985, "event": "task_complete", "run_id": "STRONG_BRIDGE_BACKEND_PROBE__multidepot__e2-multidepot-10c-01__A0_MAIN_LOCAL_SEARCH__seed3", "status": "OK", "time": 1783274775.983839}
{"event": "task_start", "profile": "A3_BACKEND_LOCAL_SEARCH", "run_id": "STRONG_BRIDGE_BACKEND_PROBE__multidepot__e2-multidepot-10c-01__A3_BACKEND_LOCAL_SEARCH__seed3", "time": 1783274776.0131378}
{"elapsed": 17.33319399999891, "event": "task_complete", "run_id": "STRONG_BRIDGE_BACKEND_PROBE__multidepot__e2-multidepot-10c-01__A3_BACKEND_LOCAL_SEARCH__seed3", "status": "OK", "time": 1783274793.347497}
{"event": "task_start", "profile": "LNS_TRACE_REFERENCE", "run_id": "STRONG_BRIDGE_BACKEND_PROBE__multidepot__e2-multidepot-10c-01__LNS_TRACE_REFERENCE__seed3", "time": 1783274793.375011}
{"elapsed": 1.144609875002061, "event": "task_complete", "run_id": "STRONG_BRIDGE_BACKEND_PROBE__multidepot__e2-multidepot-10c-01__LNS_TRACE_REFERENCE__seed3", "status": "OK", "time": 1783274794.519764}
{"event": "task_start", "profile": "A0_THROUGHPUT_ONLY", "run_id": "STRONG_BRIDGE_BACKEND_PROBE__multidepot__e2-multidepot-150c-01__A0_THROUGHPUT_ONLY__seed1", "time": 1783274794.535437}
{"elapsed": 198.12544679200073, "event": "task_complete", "run_id": "STRONG_BRIDGE_BACKEND_PROBE__multidepot__e2-multidepot-100c-01__A3_BACKEND_LOCAL_SEARCH__seed3", "status": "OK", "time": 1783274834.305099}
{"event": "task_start", "profile": "A3_BACKEND_ONLY", "run_id": "STRONG_BRIDGE_BACKEND_PROBE__multidepot__e2-multidepot-150c-01__A3_BACKEND_ONLY__seed1", "time": 1783274834.3348138}
{"elapsed": 63.3669557500034, "event": "task_complete", "run_id": "STRONG_BRIDGE_BACKEND_PROBE__multidepot__e2-multidepot-150c-01__A3_BACKEND_ONLY__seed1", "status": "OK", "time": 1783274897.7039092}
{"event": "task_start", "profile": "A0_MAIN_LOCAL_SEARCH", "run_id": "STRONG_BRIDGE_BACKEND_PROBE__multidepot__e2-multidepot-150c-01__A0_MAIN_LOCAL_SEARCH__seed1", "time": 1783274897.7321029}
{"elapsed": 283.0428126670013, "event": "task_complete", "run_id": "STRONG_BRIDGE_BACKEND_PROBE__multidepot__e2-multidepot-100c-01__A0_MAIN_LOCAL_SEARCH__seed3", "status": "OK", "time": 1783274907.3579142}
{"event": "task_start", "profile": "A3_BACKEND_LOCAL_SEARCH", "run_id": "STRONG_BRIDGE_BACKEND_PROBE__multidepot__e2-multidepot-150c-01__A3_BACKEND_LOCAL_SEARCH__seed1", "time": 1783274907.385089}
{"elapsed": 158.50170958299714, "event": "task_complete", "run_id": "STRONG_BRIDGE_BACKEND_PROBE__multidepot__e2-multidepot-150c-01__A3_BACKEND_LOCAL_SEARCH__seed1", "status": "OK", "time": 1783275065.8915892}
{"event": "task_start", "profile": "LNS_TRACE_REFERENCE", "run_id": "STRONG_BRIDGE_BACKEND_PROBE__multidepot__e2-multidepot-150c-01__LNS_TRACE_REFERENCE__seed1", "time": 1783275065.9215}
{"elapsed": 1.1596153330028756, "event": "task_complete", "run_id": "STRONG_BRIDGE_BACKEND_PROBE__multidepot__e2-multidepot-150c-01__LNS_TRACE_REFERENCE__seed1", "status": "OK", "time": 1783275067.0812318}
{"event": "task_start", "profile": "A0_THROUGHPUT_ONLY", "run_id": "STRONG_BRIDGE_BACKEND_PROBE__multidepot__e2-multidepot-150c-01__A0_THROUGHPUT_ONLY__seed2", "time": 1783275067.0989969}
{"elapsed": 299.43148374999873, "event": "task_complete", "run_id": "STRONG_BRIDGE_BACKEND_PROBE__multidepot__e2-multidepot-150c-01__A0_THROUGHPUT_ONLY__seed1", "status": "OK", "time": 1783275093.975429}
{"event": "task_start", "profile": "A3_BACKEND_ONLY", "run_id": "STRONG_BRIDGE_BACKEND_PROBE__multidepot__e2-multidepot-150c-01__A3_BACKEND_ONLY__seed2", "time": 1783275094.0070899}
{"elapsed": 63.062960750001366, "event": "task_complete", "run_id": "STRONG_BRIDGE_BACKEND_PROBE__multidepot__e2-multidepot-150c-01__A3_BACKEND_ONLY__seed2", "status": "OK", "time": 1783275157.0722501}
{"event": "task_start", "profile": "A0_MAIN_LOCAL_SEARCH", "run_id": "STRONG_BRIDGE_BACKEND_PROBE__multidepot__e2-multidepot-150c-01__A0_MAIN_LOCAL_SEARCH__seed2", "time": 1783275157.099367}
{"elapsed": 401.9080002920018, "event": "task_complete", "run_id": "STRONG_BRIDGE_BACKEND_PROBE__multidepot__e2-multidepot-150c-01__A0_MAIN_LOCAL_SEARCH__seed1", "status": "OK", "time": 1783275299.6513999}
{"event": "task_start", "profile": "A3_BACKEND_LOCAL_SEARCH", "run_id": "STRONG_BRIDGE_BACKEND_PROBE__multidepot__e2-multidepot-150c-01__A3_BACKEND_LOCAL_SEARCH__seed2", "time": 1783275299.6812449}
{"elapsed": 250.54975233299774, "event": "task_complete", "run_id": "STRONG_BRIDGE_BACKEND_PROBE__multidepot__e2-multidepot-150c-01__A0_THROUGHPUT_ONLY__seed2", "status": "OK", "time": 1783275317.65605}
{"event": "task_start", "profile": "LNS_TRACE_REFERENCE", "run_id": "STRONG_BRIDGE_BACKEND_PROBE__multidepot__e2-multidepot-150c-01__LNS_TRACE_REFERENCE__seed2", "time": 1783275317.6848059}
{"elapsed": 1.0356439999959548, "event": "task_complete", "run_id": "STRONG_BRIDGE_BACKEND_PROBE__multidepot__e2-multidepot-150c-01__LNS_TRACE_REFERENCE__seed2", "status": "OK", "time": 1783275318.720502}
{"event": "task_start", "profile": "A0_THROUGHPUT_ONLY", "run_id": "STRONG_BRIDGE_BACKEND_PROBE__multidepot__e2-multidepot-150c-01__A0_THROUGHPUT_ONLY__seed3", "time": 1783275318.7258492}
{"elapsed": 138.12744933299837, "event": "task_complete", "run_id": "STRONG_BRIDGE_BACKEND_PROBE__multidepot__e2-multidepot-150c-01__A3_BACKEND_LOCAL_SEARCH__seed2", "status": "OK", "time": 1783275437.827582}
{"event": "task_start", "profile": "A3_BACKEND_ONLY", "run_id": "STRONG_BRIDGE_BACKEND_PROBE__multidepot__e2-multidepot-150c-01__A3_BACKEND_ONLY__seed3", "time": 1783275437.854972}
{"elapsed": 64.0444844579979, "event": "task_complete", "run_id": "STRONG_BRIDGE_BACKEND_PROBE__multidepot__e2-multidepot-150c-01__A3_BACKEND_ONLY__seed3", "status": "OK", "time": 1783275501.9049358}
{"event": "task_start", "profile": "A0_MAIN_LOCAL_SEARCH", "run_id": "STRONG_BRIDGE_BACKEND_PROBE__multidepot__e2-multidepot-150c-01__A0_MAIN_LOCAL_SEARCH__seed3", "time": 1783275501.932298}
{"elapsed": 244.39767458300048, "event": "task_complete", "run_id": "STRONG_BRIDGE_BACKEND_PROBE__multidepot__e2-multidepot-150c-01__A0_THROUGHPUT_ONLY__seed3", "status": "OK", "time": 1783275563.148774}
{"event": "task_start", "profile": "A3_BACKEND_LOCAL_SEARCH", "run_id": "STRONG_BRIDGE_BACKEND_PROBE__multidepot__e2-multidepot-150c-01__A3_BACKEND_LOCAL_SEARCH__seed3", "time": 1783275563.178453}
{"elapsed": 509.5955319590066, "event": "task_complete", "run_id": "STRONG_BRIDGE_BACKEND_PROBE__multidepot__e2-multidepot-150c-01__A0_MAIN_LOCAL_SEARCH__seed2", "status": "OK", "time": 1783275666.727527}
{"event": "task_start", "profile": "LNS_TRACE_REFERENCE", "run_id": "STRONG_BRIDGE_BACKEND_PROBE__multidepot__e2-multidepot-150c-01__LNS_TRACE_REFERENCE__seed3", "time": 1783275666.758434}
{"elapsed": 1.171806459002255, "event": "task_complete", "run_id": "STRONG_BRIDGE_BACKEND_PROBE__multidepot__e2-multidepot-150c-01__LNS_TRACE_REFERENCE__seed3", "status": "OK", "time": 1783275667.930335}
{"event": "task_start", "profile": "A0_THROUGHPUT_ONLY", "run_id": "STRONG_BRIDGE_BACKEND_PROBE__multidepot__e2-multidepot-15c-01__A0_THROUGHPUT_ONLY__seed1", "time": 1783275667.947241}
{"elapsed": 4.202945790995727, "event": "task_complete", "run_id": "STRONG_BRIDGE_BACKEND_PROBE__multidepot__e2-multidepot-15c-01__A0_THROUGHPUT_ONLY__seed1", "status": "OK", "time": 1783275672.150393}
{"event": "task_start", "profile": "A3_BACKEND_ONLY", "run_id": "STRONG_BRIDGE_BACKEND_PROBE__multidepot__e2-multidepot-15c-01__A3_BACKEND_ONLY__seed1", "time": 1783275672.183319}
{"elapsed": 6.052359875000548, "event": "task_complete", "run_id": "STRONG_BRIDGE_BACKEND_PROBE__multidepot__e2-multidepot-15c-01__A3_BACKEND_ONLY__seed1", "status": "OK", "time": 1783275678.236309}
{"event": "task_start", "profile": "A0_MAIN_LOCAL_SEARCH", "run_id": "STRONG_BRIDGE_BACKEND_PROBE__multidepot__e2-multidepot-15c-01__A0_MAIN_LOCAL_SEARCH__seed1", "time": 1783275678.272444}
{"elapsed": 7.27059824999742, "event": "task_complete", "run_id": "STRONG_BRIDGE_BACKEND_PROBE__multidepot__e2-multidepot-15c-01__A0_MAIN_LOCAL_SEARCH__seed1", "status": "OK", "time": 1783275685.543303}
{"event": "task_start", "profile": "A3_BACKEND_LOCAL_SEARCH", "run_id": "STRONG_BRIDGE_BACKEND_PROBE__multidepot__e2-multidepot-15c-01__A3_BACKEND_LOCAL_SEARCH__seed1", "time": 1783275685.581611}
{"elapsed": 7.914386167001794, "event": "task_complete", "run_id": "STRONG_BRIDGE_BACKEND_PROBE__multidepot__e2-multidepot-15c-01__A3_BACKEND_LOCAL_SEARCH__seed1", "status": "OK", "time": 1783275693.4962869}
{"event": "task_start", "profile": "LNS_TRACE_REFERENCE", "run_id": "STRONG_BRIDGE_BACKEND_PROBE__multidepot__e2-multidepot-15c-01__LNS_TRACE_REFERENCE__seed1", "time": 1783275693.526651}
{"elapsed": 1.159203167000669, "event": "task_complete", "run_id": "STRONG_BRIDGE_BACKEND_PROBE__multidepot__e2-multidepot-15c-01__LNS_TRACE_REFERENCE__seed1", "status": "OK", "time": 1783275694.685913}
{"event": "task_start", "profile": "A0_THROUGHPUT_ONLY", "run_id": "STRONG_BRIDGE_BACKEND_PROBE__multidepot__e2-multidepot-15c-01__A0_THROUGHPUT_ONLY__seed2", "time": 1783275694.6903281}
{"elapsed": 6.108222167000349, "event": "task_complete", "run_id": "STRONG_BRIDGE_BACKEND_PROBE__multidepot__e2-multidepot-15c-01__A0_THROUGHPUT_ONLY__seed2", "status": "OK", "time": 1783275700.799366}
{"event": "task_start", "profile": "A3_BACKEND_ONLY", "run_id": "STRONG_BRIDGE_BACKEND_PROBE__multidepot__e2-multidepot-15c-01__A3_BACKEND_ONLY__seed2", "time": 1783275700.832917}
{"elapsed": 6.225669415995071, "event": "task_complete", "run_id": "STRONG_BRIDGE_BACKEND_PROBE__multidepot__e2-multidepot-15c-01__A3_BACKEND_ONLY__seed2", "status": "OK", "time": 1783275707.059108}
{"event": "task_start", "profile": "A0_MAIN_LOCAL_SEARCH", "run_id": "STRONG_BRIDGE_BACKEND_PROBE__multidepot__e2-multidepot-15c-01__A0_MAIN_LOCAL_SEARCH__seed2", "time": 1783275707.104033}
{"elapsed": 144.0377373329975, "event": "task_complete", "run_id": "STRONG_BRIDGE_BACKEND_PROBE__multidepot__e2-multidepot-150c-01__A3_BACKEND_LOCAL_SEARCH__seed3", "status": "OK", "time": 1783275707.2206678}
{"event": "task_start", "profile": "A3_BACKEND_LOCAL_SEARCH", "run_id": "STRONG_BRIDGE_BACKEND_PROBE__multidepot__e2-multidepot-15c-01__A3_BACKEND_LOCAL_SEARCH__seed2", "time": 1783275707.34373}
{"elapsed": 8.528131291997852, "event": "task_complete", "run_id": "STRONG_BRIDGE_BACKEND_PROBE__multidepot__e2-multidepot-15c-01__A0_MAIN_LOCAL_SEARCH__seed2", "status": "OK", "time": 1783275715.632525}
{"event": "task_start", "profile": "LNS_TRACE_REFERENCE", "run_id": "STRONG_BRIDGE_BACKEND_PROBE__multidepot__e2-multidepot-15c-01__LNS_TRACE_REFERENCE__seed2", "time": 1783275715.6759522}
{"elapsed": 1.3315062090041465, "event": "task_complete", "run_id": "STRONG_BRIDGE_BACKEND_PROBE__multidepot__e2-multidepot-15c-01__LNS_TRACE_REFERENCE__seed2", "status": "OK", "time": 1783275717.0075169}
{"event": "task_start", "profile": "A0_THROUGHPUT_ONLY", "run_id": "STRONG_BRIDGE_BACKEND_PROBE__multidepot__e2-multidepot-15c-01__A0_THROUGHPUT_ONLY__seed3", "time": 1783275717.0120478}
{"elapsed": 11.288881624997885, "event": "task_complete", "run_id": "STRONG_BRIDGE_BACKEND_PROBE__multidepot__e2-multidepot-15c-01__A3_BACKEND_LOCAL_SEARCH__seed2", "status": "OK", "time": 1783275718.63303}
{"event": "task_start", "profile": "A3_BACKEND_ONLY", "run_id": "STRONG_BRIDGE_BACKEND_PROBE__multidepot__e2-multidepot-15c-01__A3_BACKEND_ONLY__seed3", "time": 1783275718.666199}
{"elapsed": 4.667279291999876, "event": "task_complete", "run_id": "STRONG_BRIDGE_BACKEND_PROBE__multidepot__e2-multidepot-15c-01__A0_THROUGHPUT_ONLY__seed3", "status": "OK", "time": 1783275721.6796958}
{"event": "task_start", "profile": "A0_MAIN_LOCAL_SEARCH", "run_id": "STRONG_BRIDGE_BACKEND_PROBE__multidepot__e2-multidepot-15c-01__A0_MAIN_LOCAL_SEARCH__seed3", "time": 1783275721.711183}
{"elapsed": 6.357882625001366, "event": "task_complete", "run_id": "STRONG_BRIDGE_BACKEND_PROBE__multidepot__e2-multidepot-15c-01__A3_BACKEND_ONLY__seed3", "status": "OK", "time": 1783275725.0244448}
{"event": "task_start", "profile": "A3_BACKEND_LOCAL_SEARCH", "run_id": "STRONG_BRIDGE_BACKEND_PROBE__multidepot__e2-multidepot-15c-01__A3_BACKEND_LOCAL_SEARCH__seed3", "time": 1783275725.0555499}
{"elapsed": 5.998813042002439, "event": "task_complete", "run_id": "STRONG_BRIDGE_BACKEND_PROBE__multidepot__e2-multidepot-15c-01__A0_MAIN_LOCAL_SEARCH__seed3", "status": "OK", "time": 1783275727.710451}
{"event": "task_start", "profile": "LNS_TRACE_REFERENCE", "run_id": "STRONG_BRIDGE_BACKEND_PROBE__multidepot__e2-multidepot-15c-01__LNS_TRACE_REFERENCE__seed3", "time": 1783275727.7585359}
{"elapsed": 1.5586532089946559, "event": "task_complete", "run_id": "STRONG_BRIDGE_BACKEND_PROBE__multidepot__e2-multidepot-15c-01__LNS_TRACE_REFERENCE__seed3", "status": "OK", "time": 1783275729.3172731}
{"event": "task_start", "profile": "A0_THROUGHPUT_ONLY", "run_id": "STRONG_BRIDGE_BACKEND_PROBE__multidepot__e2-multidepot-20c-01__A0_THROUGHPUT_ONLY__seed1", "time": 1783275729.322062}
{"elapsed": 6.1759208329967805, "event": "task_complete", "run_id": "STRONG_BRIDGE_BACKEND_PROBE__multidepot__e2-multidepot-15c-01__A3_BACKEND_LOCAL_SEARCH__seed3", "status": "OK", "time": 1783275731.231862}
{"event": "task_start", "profile": "A3_BACKEND_ONLY", "run_id": "STRONG_BRIDGE_BACKEND_PROBE__multidepot__e2-multidepot-20c-01__A3_BACKEND_ONLY__seed1", "time": 1783275731.28289}
{"elapsed": 8.76233437499468, "event": "task_complete", "run_id": "STRONG_BRIDGE_BACKEND_PROBE__multidepot__e2-multidepot-20c-01__A0_THROUGHPUT_ONLY__seed1", "status": "OK", "time": 1783275738.08471}
{"event": "task_start", "profile": "A0_MAIN_LOCAL_SEARCH", "run_id": "STRONG_BRIDGE_BACKEND_PROBE__multidepot__e2-multidepot-20c-01__A0_MAIN_LOCAL_SEARCH__seed1", "time": 1783275738.1235352}
{"elapsed": 11.47913695799798, "event": "task_complete", "run_id": "STRONG_BRIDGE_BACKEND_PROBE__multidepot__e2-multidepot-20c-01__A3_BACKEND_ONLY__seed1", "status": "OK", "time": 1783275742.762791}
{"event": "task_start", "profile": "A3_BACKEND_LOCAL_SEARCH", "run_id": "STRONG_BRIDGE_BACKEND_PROBE__multidepot__e2-multidepot-20c-01__A3_BACKEND_LOCAL_SEARCH__seed1", "time": 1783275742.79377}
{"elapsed": 12.334241832999396, "event": "task_complete", "run_id": "STRONG_BRIDGE_BACKEND_PROBE__multidepot__e2-multidepot-20c-01__A0_MAIN_LOCAL_SEARCH__seed1", "status": "OK", "time": 1783275750.4582431}
{"event": "task_start", "profile": "LNS_TRACE_REFERENCE", "run_id": "STRONG_BRIDGE_BACKEND_PROBE__multidepot__e2-multidepot-20c-01__LNS_TRACE_REFERENCE__seed1", "time": 1783275750.498784}
{"elapsed": 1.2505261660044198, "event": "task_complete", "run_id": "STRONG_BRIDGE_BACKEND_PROBE__multidepot__e2-multidepot-20c-01__LNS_TRACE_REFERENCE__seed1", "status": "OK", "time": 1783275751.749368}
{"event": "task_start", "profile": "A0_THROUGHPUT_ONLY", "run_id": "STRONG_BRIDGE_BACKEND_PROBE__multidepot__e2-multidepot-20c-01__A0_THROUGHPUT_ONLY__seed2", "time": 1783275751.7534132}
{"elapsed": 6.892075709001801, "event": "task_complete", "run_id": "STRONG_BRIDGE_BACKEND_PROBE__multidepot__e2-multidepot-20c-01__A0_THROUGHPUT_ONLY__seed2", "status": "OK", "time": 1783275758.645809}
{"event": "task_start", "profile": "A3_BACKEND_ONLY", "run_id": "STRONG_BRIDGE_BACKEND_PROBE__multidepot__e2-multidepot-20c-01__A3_BACKEND_ONLY__seed2", "time": 1783275758.682254}
{"elapsed": 16.310065333003877, "event": "task_complete", "run_id": "STRONG_BRIDGE_BACKEND_PROBE__multidepot__e2-multidepot-20c-01__A3_BACKEND_LOCAL_SEARCH__seed1", "status": "OK", "time": 1783275759.1043699}
{"event": "task_start", "profile": "A0_MAIN_LOCAL_SEARCH", "run_id": "STRONG_BRIDGE_BACKEND_PROBE__multidepot__e2-multidepot-20c-01__A0_MAIN_LOCAL_SEARCH__seed2", "time": 1783275759.1457548}
{"elapsed": 11.638408333004918, "event": "task_complete", "run_id": "STRONG_BRIDGE_BACKEND_PROBE__multidepot__e2-multidepot-20c-01__A3_BACKEND_ONLY__seed2", "status": "OK", "time": 1783275770.321109}
{"event": "task_start", "profile": "A3_BACKEND_LOCAL_SEARCH", "run_id": "STRONG_BRIDGE_BACKEND_PROBE__multidepot__e2-multidepot-20c-01__A3_BACKEND_LOCAL_SEARCH__seed2", "time": 1783275770.35312}
{"elapsed": 11.426218624998, "event": "task_complete", "run_id": "STRONG_BRIDGE_BACKEND_PROBE__multidepot__e2-multidepot-20c-01__A0_MAIN_LOCAL_SEARCH__seed2", "status": "OK", "time": 1783275770.572406}
{"event": "task_start", "profile": "LNS_TRACE_REFERENCE", "run_id": "STRONG_BRIDGE_BACKEND_PROBE__multidepot__e2-multidepot-20c-01__LNS_TRACE_REFERENCE__seed2", "time": 1783275770.622339}
{"elapsed": 1.3502388750057435, "event": "task_complete", "run_id": "STRONG_BRIDGE_BACKEND_PROBE__multidepot__e2-multidepot-20c-01__LNS_TRACE_REFERENCE__seed2", "status": "OK", "time": 1783275771.972646}
{"event": "task_start", "profile": "A0_THROUGHPUT_ONLY", "run_id": "STRONG_BRIDGE_BACKEND_PROBE__multidepot__e2-multidepot-20c-01__A0_THROUGHPUT_ONLY__seed3", "time": 1783275771.978422}
{"elapsed": 7.5208857909965445, "event": "task_complete", "run_id": "STRONG_BRIDGE_BACKEND_PROBE__multidepot__e2-multidepot-20c-01__A0_THROUGHPUT_ONLY__seed3", "status": "OK", "time": 1783275779.4996312}
{"event": "task_start", "profile": "A3_BACKEND_ONLY", "run_id": "STRONG_BRIDGE_BACKEND_PROBE__multidepot__e2-multidepot-20c-01__A3_BACKEND_ONLY__seed3", "time": 1783275779.539495}
{"elapsed": 15.198241958001745, "event": "task_complete", "run_id": "STRONG_BRIDGE_BACKEND_PROBE__multidepot__e2-multidepot-20c-01__A3_BACKEND_LOCAL_SEARCH__seed2", "status": "OK", "time": 1783275785.551927}
{"event": "task_start", "profile": "A0_MAIN_LOCAL_SEARCH", "run_id": "STRONG_BRIDGE_BACKEND_PROBE__multidepot__e2-multidepot-20c-01__A0_MAIN_LOCAL_SEARCH__seed3", "time": 1783275785.586339}
{"elapsed": 10.51257629099564, "event": "task_complete", "run_id": "STRONG_BRIDGE_BACKEND_PROBE__multidepot__e2-multidepot-20c-01__A3_BACKEND_ONLY__seed3", "status": "OK", "time": 1783275790.052477}
{"event": "task_start", "profile": "A3_BACKEND_LOCAL_SEARCH", "run_id": "STRONG_BRIDGE_BACKEND_PROBE__multidepot__e2-multidepot-20c-01__A3_BACKEND_LOCAL_SEARCH__seed3", "time": 1783275790.0862741}
{"elapsed": 12.024993833001645, "event": "task_complete", "run_id": "STRONG_BRIDGE_BACKEND_PROBE__multidepot__e2-multidepot-20c-01__A0_MAIN_LOCAL_SEARCH__seed3", "status": "OK", "time": 1783275797.611777}
{"event": "task_start", "profile": "LNS_TRACE_REFERENCE", "run_id": "STRONG_BRIDGE_BACKEND_PROBE__multidepot__e2-multidepot-20c-01__LNS_TRACE_REFERENCE__seed3", "time": 1783275797.6496582}
{"elapsed": 1.5200199169994448, "event": "task_complete", "run_id": "STRONG_BRIDGE_BACKEND_PROBE__multidepot__e2-multidepot-20c-01__LNS_TRACE_REFERENCE__seed3", "status": "OK", "time": 1783275799.169746}
{"event": "task_start", "profile": "A0_THROUGHPUT_ONLY", "run_id": "STRONG_BRIDGE_BACKEND_PROBE__multidepot__e2-multidepot-50c-01__A0_THROUGHPUT_ONLY__seed1", "time": 1783275799.1744509}
{"elapsed": 17.42638141700445, "event": "task_complete", "run_id": "STRONG_BRIDGE_BACKEND_PROBE__multidepot__e2-multidepot-20c-01__A3_BACKEND_LOCAL_SEARCH__seed3", "status": "OK", "time": 1783275807.5132852}
{"event": "task_start", "profile": "A3_BACKEND_ONLY", "run_id": "STRONG_BRIDGE_BACKEND_PROBE__multidepot__e2-multidepot-50c-01__A3_BACKEND_ONLY__seed1", "time": 1783275807.547104}
{"elapsed": 29.71280966699851, "event": "task_complete", "run_id": "STRONG_BRIDGE_BACKEND_PROBE__multidepot__e2-multidepot-50c-01__A3_BACKEND_ONLY__seed1", "status": "OK", "time": 1783275837.2612321}
{"event": "task_start", "profile": "A0_MAIN_LOCAL_SEARCH", "run_id": "STRONG_BRIDGE_BACKEND_PROBE__multidepot__e2-multidepot-50c-01__A0_MAIN_LOCAL_SEARCH__seed1", "time": 1783275837.286614}
{"elapsed": 38.1136446659948, "event": "task_complete", "run_id": "STRONG_BRIDGE_BACKEND_PROBE__multidepot__e2-multidepot-50c-01__A0_THROUGHPUT_ONLY__seed1", "status": "OK", "time": 1783275837.289321}
{"event": "task_start", "profile": "A3_BACKEND_LOCAL_SEARCH", "run_id": "STRONG_BRIDGE_BACKEND_PROBE__multidepot__e2-multidepot-50c-01__A3_BACKEND_LOCAL_SEARCH__seed1", "time": 1783275837.403816}
{"elapsed": 68.0576427499982, "event": "task_complete", "run_id": "STRONG_BRIDGE_BACKEND_PROBE__multidepot__e2-multidepot-50c-01__A3_BACKEND_LOCAL_SEARCH__seed1", "status": "OK", "time": 1783275905.464035}
{"event": "task_start", "profile": "LNS_TRACE_REFERENCE", "run_id": "STRONG_BRIDGE_BACKEND_PROBE__multidepot__e2-multidepot-50c-01__LNS_TRACE_REFERENCE__seed1", "time": 1783275905.4936588}
{"elapsed": 1.0786739579998539, "event": "task_complete", "run_id": "STRONG_BRIDGE_BACKEND_PROBE__multidepot__e2-multidepot-50c-01__LNS_TRACE_REFERENCE__seed1", "status": "OK", "time": 1783275906.572412}
{"event": "task_start", "profile": "A0_THROUGHPUT_ONLY", "run_id": "STRONG_BRIDGE_BACKEND_PROBE__multidepot__e2-multidepot-50c-01__A0_THROUGHPUT_ONLY__seed2", "time": 1783275906.589282}
{"elapsed": 84.91112616700411, "event": "task_complete", "run_id": "STRONG_BRIDGE_BACKEND_PROBE__multidepot__e2-multidepot-50c-01__A0_MAIN_LOCAL_SEARCH__seed1", "status": "OK", "time": 1783275922.200567}
{"event": "task_start", "profile": "A3_BACKEND_ONLY", "run_id": "STRONG_BRIDGE_BACKEND_PROBE__multidepot__e2-multidepot-50c-01__A3_BACKEND_ONLY__seed2", "time": 1783275922.2309089}
{"elapsed": 36.69085087500571, "event": "task_complete", "run_id": "STRONG_BRIDGE_BACKEND_PROBE__multidepot__e2-multidepot-50c-01__A0_THROUGHPUT_ONLY__seed2", "status": "OK", "time": 1783275943.2813172}
{"event": "task_start", "profile": "A0_MAIN_LOCAL_SEARCH", "run_id": "STRONG_BRIDGE_BACKEND_PROBE__multidepot__e2-multidepot-50c-01__A0_MAIN_LOCAL_SEARCH__seed2", "time": 1783275943.3091578}
{"elapsed": 32.75712033400487, "event": "task_complete", "run_id": "STRONG_BRIDGE_BACKEND_PROBE__multidepot__e2-multidepot-50c-01__A3_BACKEND_ONLY__seed2", "status": "OK", "time": 1783275954.9895198}
{"event": "task_start", "profile": "A3_BACKEND_LOCAL_SEARCH", "run_id": "STRONG_BRIDGE_BACKEND_PROBE__multidepot__e2-multidepot-50c-01__A3_BACKEND_LOCAL_SEARCH__seed2", "time": 1783275955.023359}
{"elapsed": 51.90891237500182, "event": "task_complete", "run_id": "STRONG_BRIDGE_BACKEND_PROBE__multidepot__e2-multidepot-50c-01__A3_BACKEND_LOCAL_SEARCH__seed2", "status": "OK", "time": 1783276006.9340658}
{"event": "task_start", "profile": "LNS_TRACE_REFERENCE", "run_id": "STRONG_BRIDGE_BACKEND_PROBE__multidepot__e2-multidepot-50c-01__LNS_TRACE_REFERENCE__seed2", "time": 1783276006.9609768}
{"elapsed": 1.164454666999518, "event": "task_complete", "run_id": "STRONG_BRIDGE_BACKEND_PROBE__multidepot__e2-multidepot-50c-01__LNS_TRACE_REFERENCE__seed2", "status": "OK", "time": 1783276008.125482}
{"event": "task_start", "profile": "A0_THROUGHPUT_ONLY", "run_id": "STRONG_BRIDGE_BACKEND_PROBE__multidepot__e2-multidepot-50c-01__A0_THROUGHPUT_ONLY__seed3", "time": 1783276008.1301818}
{"elapsed": 85.03831750000245, "event": "task_complete", "run_id": "STRONG_BRIDGE_BACKEND_PROBE__multidepot__e2-multidepot-50c-01__A0_MAIN_LOCAL_SEARCH__seed2", "status": "OK", "time": 1783276028.350325}
{"event": "task_start", "profile": "A3_BACKEND_ONLY", "run_id": "STRONG_BRIDGE_BACKEND_PROBE__multidepot__e2-multidepot-50c-01__A3_BACKEND_ONLY__seed3", "time": 1783276028.3829062}
{"elapsed": 34.29078695800126, "event": "task_complete", "run_id": "STRONG_BRIDGE_BACKEND_PROBE__multidepot__e2-multidepot-50c-01__A0_THROUGHPUT_ONLY__seed3", "status": "OK", "time": 1783276042.4224992}
{"event": "task_start", "profile": "A0_MAIN_LOCAL_SEARCH", "run_id": "STRONG_BRIDGE_BACKEND_PROBE__multidepot__e2-multidepot-50c-01__A0_MAIN_LOCAL_SEARCH__seed3", "time": 1783276042.4527721}
{"elapsed": 28.808602333003364, "event": "task_complete", "run_id": "STRONG_BRIDGE_BACKEND_PROBE__multidepot__e2-multidepot-50c-01__A3_BACKEND_ONLY__seed3", "status": "OK", "time": 1783276057.192759}
{"event": "task_start", "profile": "A3_BACKEND_LOCAL_SEARCH", "run_id": "STRONG_BRIDGE_BACKEND_PROBE__multidepot__e2-multidepot-50c-01__A3_BACKEND_LOCAL_SEARCH__seed3", "time": 1783276057.2213151}
{"elapsed": 592.4688232920016, "event": "task_complete", "run_id": "STRONG_BRIDGE_BACKEND_PROBE__multidepot__e2-multidepot-150c-01__A0_MAIN_LOCAL_SEARCH__seed3", "status": "OK", "time": 1783276094.418386}
{"event": "task_start", "profile": "LNS_TRACE_REFERENCE", "run_id": "STRONG_BRIDGE_BACKEND_PROBE__multidepot__e2-multidepot-50c-01__LNS_TRACE_REFERENCE__seed3", "time": 1783276094.44512}
{"elapsed": 1.163221374998102, "event": "task_complete", "run_id": "STRONG_BRIDGE_BACKEND_PROBE__multidepot__e2-multidepot-50c-01__LNS_TRACE_REFERENCE__seed3", "status": "OK", "time": 1783276095.6083908}
{"event": "task_start", "profile": "A0_THROUGHPUT_ONLY", "run_id": "STRONG_BRIDGE_BACKEND_PROBE__multidepot__e2-multidepot-75c-01__A0_THROUGHPUT_ONLY__seed1", "time": 1783276095.612206}
{"elapsed": 90.32316287499998, "event": "task_complete", "run_id": "STRONG_BRIDGE_BACKEND_PROBE__multidepot__e2-multidepot-50c-01__A0_MAIN_LOCAL_SEARCH__seed3", "status": "OK", "time": 1783276132.778661}
{"event": "task_start", "profile": "A3_BACKEND_ONLY", "run_id": "STRONG_BRIDGE_BACKEND_PROBE__multidepot__e2-multidepot-75c-01__A3_BACKEND_ONLY__seed1", "time": 1783276132.804224}
{"elapsed": 83.31275512499997, "event": "task_complete", "run_id": "STRONG_BRIDGE_BACKEND_PROBE__multidepot__e2-multidepot-50c-01__A3_BACKEND_LOCAL_SEARCH__seed3", "status": "OK", "time": 1783276140.5365849}
{"event": "task_start", "profile": "A0_MAIN_LOCAL_SEARCH", "run_id": "STRONG_BRIDGE_BACKEND_PROBE__multidepot__e2-multidepot-75c-01__A0_MAIN_LOCAL_SEARCH__seed1", "time": 1783276140.568309}
{"elapsed": 74.66066058400611, "event": "task_complete", "run_id": "STRONG_BRIDGE_BACKEND_PROBE__multidepot__e2-multidepot-75c-01__A0_THROUGHPUT_ONLY__seed1", "status": "OK", "time": 1783276170.275497}
{"event": "task_start", "profile": "A3_BACKEND_LOCAL_SEARCH", "run_id": "STRONG_BRIDGE_BACKEND_PROBE__multidepot__e2-multidepot-75c-01__A3_BACKEND_LOCAL_SEARCH__seed1", "time": 1783276170.302708}
{"elapsed": 44.303442249998625, "event": "task_complete", "run_id": "STRONG_BRIDGE_BACKEND_PROBE__multidepot__e2-multidepot-75c-01__A3_BACKEND_ONLY__seed1", "status": "OK", "time": 1783276177.10902}
{"event": "task_start", "profile": "LNS_TRACE_REFERENCE", "run_id": "STRONG_BRIDGE_BACKEND_PROBE__multidepot__e2-multidepot-75c-01__LNS_TRACE_REFERENCE__seed1", "time": 1783276177.135784}
{"elapsed": 1.1843441250020987, "event": "task_complete", "run_id": "STRONG_BRIDGE_BACKEND_PROBE__multidepot__e2-multidepot-75c-01__LNS_TRACE_REFERENCE__seed1", "status": "OK", "time": 1783276178.320245}
{"event": "task_start", "profile": "A0_THROUGHPUT_ONLY", "run_id": "STRONG_BRIDGE_BACKEND_PROBE__multidepot__e2-multidepot-75c-01__A0_THROUGHPUT_ONLY__seed2", "time": 1783276178.3244119}
{"elapsed": 70.80106958300166, "event": "task_complete", "run_id": "STRONG_BRIDGE_BACKEND_PROBE__multidepot__e2-multidepot-75c-01__A0_THROUGHPUT_ONLY__seed2", "status": "OK", "time": 1783276249.1279612}
{"event": "task_start", "profile": "A3_BACKEND_ONLY", "run_id": "STRONG_BRIDGE_BACKEND_PROBE__multidepot__e2-multidepot-75c-01__A3_BACKEND_ONLY__seed2", "time": 1783276249.156472}
{"elapsed": 145.2152895420004, "event": "task_complete", "run_id": "STRONG_BRIDGE_BACKEND_PROBE__multidepot__e2-multidepot-75c-01__A0_MAIN_LOCAL_SEARCH__seed1", "status": "OK", "time": 1783276285.788482}
{"event": "task_start", "profile": "A0_MAIN_LOCAL_SEARCH", "run_id": "STRONG_BRIDGE_BACKEND_PROBE__multidepot__e2-multidepot-75c-01__A0_MAIN_LOCAL_SEARCH__seed2", "time": 1783276285.818607}
{"elapsed": 124.3610058750055, "event": "task_complete", "run_id": "STRONG_BRIDGE_BACKEND_PROBE__multidepot__e2-multidepot-75c-01__A3_BACKEND_LOCAL_SEARCH__seed1", "status": "OK", "time": 1783276294.667419}
{"event": "task_start", "profile": "A3_BACKEND_LOCAL_SEARCH", "run_id": "STRONG_BRIDGE_BACKEND_PROBE__multidepot__e2-multidepot-75c-01__A3_BACKEND_LOCAL_SEARCH__seed2", "time": 1783276294.6987038}
{"elapsed": 50.87974799999938, "event": "task_complete", "run_id": "STRONG_BRIDGE_BACKEND_PROBE__multidepot__e2-multidepot-75c-01__A3_BACKEND_ONLY__seed2", "status": "OK", "time": 1783276300.037791}
{"event": "task_start", "profile": "LNS_TRACE_REFERENCE", "run_id": "STRONG_BRIDGE_BACKEND_PROBE__multidepot__e2-multidepot-75c-01__LNS_TRACE_REFERENCE__seed2", "time": 1783276300.069619}
{"elapsed": 1.2627351249975618, "event": "task_complete", "run_id": "STRONG_BRIDGE_BACKEND_PROBE__multidepot__e2-multidepot-75c-01__LNS_TRACE_REFERENCE__seed2", "status": "OK", "time": 1783276301.332373}
{"event": "task_start", "profile": "A0_THROUGHPUT_ONLY", "run_id": "STRONG_BRIDGE_BACKEND_PROBE__multidepot__e2-multidepot-75c-01__A0_THROUGHPUT_ONLY__seed3", "time": 1783276301.33674}
{"elapsed": 79.08668874999421, "event": "task_complete", "run_id": "STRONG_BRIDGE_BACKEND_PROBE__multidepot__e2-multidepot-75c-01__A0_THROUGHPUT_ONLY__seed3", "status": "OK", "time": 1783276380.425833}
{"event": "task_start", "profile": "A3_BACKEND_ONLY", "run_id": "STRONG_BRIDGE_BACKEND_PROBE__multidepot__e2-multidepot-75c-01__A3_BACKEND_ONLY__seed3", "time": 1783276380.453008}
{"elapsed": 114.01025137500255, "event": "task_complete", "run_id": "STRONG_BRIDGE_BACKEND_PROBE__multidepot__e2-multidepot-75c-01__A3_BACKEND_LOCAL_SEARCH__seed2", "status": "OK", "time": 1783276408.712506}
{"event": "task_start", "profile": "A0_MAIN_LOCAL_SEARCH", "run_id": "STRONG_BRIDGE_BACKEND_PROBE__multidepot__e2-multidepot-75c-01__A0_MAIN_LOCAL_SEARCH__seed3", "time": 1783276408.736711}
{"elapsed": 43.01044641599583, "event": "task_complete", "run_id": "STRONG_BRIDGE_BACKEND_PROBE__multidepot__e2-multidepot-75c-01__A3_BACKEND_ONLY__seed3", "status": "OK", "time": 1783276423.465051}
{"event": "task_start", "profile": "A3_BACKEND_LOCAL_SEARCH", "run_id": "STRONG_BRIDGE_BACKEND_PROBE__multidepot__e2-multidepot-75c-01__A3_BACKEND_LOCAL_SEARCH__seed3", "time": 1783276423.4924018}
{"elapsed": 189.08010099999956, "event": "task_complete", "run_id": "STRONG_BRIDGE_BACKEND_PROBE__multidepot__e2-multidepot-75c-01__A0_MAIN_LOCAL_SEARCH__seed2", "status": "OK", "time": 1783276474.9042041}
{"event": "task_start", "profile": "LNS_TRACE_REFERENCE", "run_id": "STRONG_BRIDGE_BACKEND_PROBE__multidepot__e2-multidepot-75c-01__LNS_TRACE_REFERENCE__seed3", "time": 1783276474.930433}
{"elapsed": 1.1393318330010516, "event": "task_complete", "run_id": "STRONG_BRIDGE_BACKEND_PROBE__multidepot__e2-multidepot-75c-01__LNS_TRACE_REFERENCE__seed3", "status": "OK", "time": 1783276476.069825}
{"event": "task_start", "profile": "A0_THROUGHPUT_ONLY", "run_id": "STRONG_BRIDGE_BACKEND_PROBE__threeshift__e2-threeshift-100c-01__A0_THROUGHPUT_ONLY__seed1", "time": 1783276476.077108}
{"elapsed": 82.02673924999544, "event": "task_complete", "run_id": "STRONG_BRIDGE_BACKEND_PROBE__multidepot__e2-multidepot-75c-01__A3_BACKEND_LOCAL_SEARCH__seed3", "status": "OK", "time": 1783276505.522075}
{"event": "task_start", "profile": "A3_BACKEND_ONLY", "run_id": "STRONG_BRIDGE_BACKEND_PROBE__threeshift__e2-threeshift-100c-01__A3_BACKEND_ONLY__seed1", "time": 1783276505.550102}
{"elapsed": 137.86621304199798, "event": "task_complete", "run_id": "STRONG_BRIDGE_BACKEND_PROBE__multidepot__e2-multidepot-75c-01__A0_MAIN_LOCAL_SEARCH__seed3", "status": "OK", "time": 1783276546.607258}
{"event": "task_start", "profile": "A0_MAIN_LOCAL_SEARCH", "run_id": "STRONG_BRIDGE_BACKEND_PROBE__threeshift__e2-threeshift-100c-01__A0_MAIN_LOCAL_SEARCH__seed1", "time": 1783276546.6349518}
{"elapsed": 52.32553724999889, "event": "task_complete", "run_id": "STRONG_BRIDGE_BACKEND_PROBE__threeshift__e2-threeshift-100c-01__A3_BACKEND_ONLY__seed1", "status": "OK", "time": 1783276557.877388}
{"event": "task_start", "profile": "A3_BACKEND_LOCAL_SEARCH", "run_id": "STRONG_BRIDGE_BACKEND_PROBE__threeshift__e2-threeshift-100c-01__A3_BACKEND_LOCAL_SEARCH__seed1", "time": 1783276557.906625}
{"elapsed": 124.21951216700108, "event": "task_complete", "run_id": "STRONG_BRIDGE_BACKEND_PROBE__threeshift__e2-threeshift-100c-01__A0_THROUGHPUT_ONLY__seed1", "status": "OK", "time": 1783276600.3003268}
{"event": "task_start", "profile": "LNS_TRACE_REFERENCE", "run_id": "STRONG_BRIDGE_BACKEND_PROBE__threeshift__e2-threeshift-100c-01__LNS_TRACE_REFERENCE__seed1", "time": 1783276600.3271601}
{"elapsed": 1.115515499994217, "event": "task_complete", "run_id": "STRONG_BRIDGE_BACKEND_PROBE__threeshift__e2-threeshift-100c-01__LNS_TRACE_REFERENCE__seed1", "status": "OK", "time": 1783276601.442728}
{"event": "task_start", "profile": "A0_THROUGHPUT_ONLY", "run_id": "STRONG_BRIDGE_BACKEND_PROBE__threeshift__e2-threeshift-100c-01__A0_THROUGHPUT_ONLY__seed2", "time": 1783276601.446972}
{"elapsed": 116.36315954199381, "event": "task_complete", "run_id": "STRONG_BRIDGE_BACKEND_PROBE__threeshift__e2-threeshift-100c-01__A3_BACKEND_LOCAL_SEARCH__seed1", "status": "OK", "time": 1783276674.273549}
{"event": "task_start", "profile": "A3_BACKEND_ONLY", "run_id": "STRONG_BRIDGE_BACKEND_PROBE__threeshift__e2-threeshift-100c-01__A3_BACKEND_ONLY__seed2", "time": 1783276674.3008919}
{"elapsed": 121.84076191700296, "event": "task_complete", "run_id": "STRONG_BRIDGE_BACKEND_PROBE__threeshift__e2-threeshift-100c-01__A0_THROUGHPUT_ONLY__seed2", "status": "OK", "time": 1783276723.291732}
{"event": "task_start", "profile": "A0_MAIN_LOCAL_SEARCH", "run_id": "STRONG_BRIDGE_BACKEND_PROBE__threeshift__e2-threeshift-100c-01__A0_MAIN_LOCAL_SEARCH__seed2", "time": 1783276723.3197389}
{"elapsed": 50.471974125001, "event": "task_complete", "run_id": "STRONG_BRIDGE_BACKEND_PROBE__threeshift__e2-threeshift-100c-01__A3_BACKEND_ONLY__seed2", "status": "OK", "time": 1783276724.7744992}
{"event": "task_start", "profile": "A3_BACKEND_LOCAL_SEARCH", "run_id": "STRONG_BRIDGE_BACKEND_PROBE__threeshift__e2-threeshift-100c-01__A3_BACKEND_LOCAL_SEARCH__seed2", "time": 1783276724.805551}
{"elapsed": 209.0753726250041, "event": "task_complete", "run_id": "STRONG_BRIDGE_BACKEND_PROBE__threeshift__e2-threeshift-100c-01__A0_MAIN_LOCAL_SEARCH__seed1", "status": "OK", "time": 1783276755.716928}
{"event": "task_start", "profile": "LNS_TRACE_REFERENCE", "run_id": "STRONG_BRIDGE_BACKEND_PROBE__threeshift__e2-threeshift-100c-01__LNS_TRACE_REFERENCE__seed2", "time": 1783276755.7450821}
{"elapsed": 1.118478333002713, "event": "task_complete", "run_id": "STRONG_BRIDGE_BACKEND_PROBE__threeshift__e2-threeshift-100c-01__LNS_TRACE_REFERENCE__seed2", "status": "OK", "time": 1783276756.863613}
{"event": "task_start", "profile": "A0_THROUGHPUT_ONLY", "run_id": "STRONG_BRIDGE_BACKEND_PROBE__threeshift__e2-threeshift-100c-01__A0_THROUGHPUT_ONLY__seed3", "time": 1783276756.880992}
{"elapsed": 115.92314275000535, "event": "task_complete", "run_id": "STRONG_BRIDGE_BACKEND_PROBE__threeshift__e2-threeshift-100c-01__A0_THROUGHPUT_ONLY__seed3", "status": "OK", "time": 1783276872.80806}
{"event": "task_start", "profile": "A3_BACKEND_ONLY", "run_id": "STRONG_BRIDGE_BACKEND_PROBE__threeshift__e2-threeshift-100c-01__A3_BACKEND_ONLY__seed3", "time": 1783276872.835683}
{"elapsed": 199.17873849999887, "event": "task_complete", "run_id": "STRONG_BRIDGE_BACKEND_PROBE__threeshift__e2-threeshift-100c-01__A3_BACKEND_LOCAL_SEARCH__seed2", "status": "OK", "time": 1783276923.990477}
{"event": "task_start", "profile": "A0_MAIN_LOCAL_SEARCH", "run_id": "STRONG_BRIDGE_BACKEND_PROBE__threeshift__e2-threeshift-100c-01__A0_MAIN_LOCAL_SEARCH__seed3", "time": 1783276924.0215628}
{"elapsed": 52.93835141599993, "event": "task_complete", "run_id": "STRONG_BRIDGE_BACKEND_PROBE__threeshift__e2-threeshift-100c-01__A3_BACKEND_ONLY__seed3", "status": "OK", "time": 1783276925.775689}
{"event": "task_start", "profile": "A3_BACKEND_LOCAL_SEARCH", "run_id": "STRONG_BRIDGE_BACKEND_PROBE__threeshift__e2-threeshift-100c-01__A3_BACKEND_LOCAL_SEARCH__seed3", "time": 1783276925.802112}
{"elapsed": 263.69734945800155, "event": "task_complete", "run_id": "STRONG_BRIDGE_BACKEND_PROBE__threeshift__e2-threeshift-100c-01__A0_MAIN_LOCAL_SEARCH__seed2", "status": "OK", "time": 1783276987.025202}
{"event": "task_start", "profile": "LNS_TRACE_REFERENCE", "run_id": "STRONG_BRIDGE_BACKEND_PROBE__threeshift__e2-threeshift-100c-01__LNS_TRACE_REFERENCE__seed3", "time": 1783276987.053864}
{"elapsed": 1.335456749999139, "event": "task_complete", "run_id": "STRONG_BRIDGE_BACKEND_PROBE__threeshift__e2-threeshift-100c-01__LNS_TRACE_REFERENCE__seed3", "status": "OK", "time": 1783276988.389396}
{"event": "task_start", "profile": "A0_THROUGHPUT_ONLY", "run_id": "STRONG_BRIDGE_BACKEND_PROBE__threeshift__e2-threeshift-150c-01__A0_THROUGHPUT_ONLY__seed1", "time": 1783276988.4054232}
{"elapsed": 32.49544954200246, "event": "task_complete", "run_id": "STRONG_BRIDGE_BACKEND_PROBE__threeshift__e2-threeshift-150c-01__A0_THROUGHPUT_ONLY__seed1", "status": "OK", "time": 1783277020.9022038}
{"event": "task_start", "profile": "A3_BACKEND_ONLY", "run_id": "STRONG_BRIDGE_BACKEND_PROBE__threeshift__e2-threeshift-150c-01__A3_BACKEND_ONLY__seed1", "time": 1783277020.9422588}
{"elapsed": 147.28813487500156, "event": "task_complete", "run_id": "STRONG_BRIDGE_BACKEND_PROBE__threeshift__e2-threeshift-100c-01__A3_BACKEND_LOCAL_SEARCH__seed3", "status": "OK", "time": 1783277073.095074}
{"event": "task_start", "profile": "A0_MAIN_LOCAL_SEARCH", "run_id": "STRONG_BRIDGE_BACKEND_PROBE__threeshift__e2-threeshift-150c-01__A0_MAIN_LOCAL_SEARCH__seed1", "time": 1783277073.1232839}
{"elapsed": 98.55848920800054, "event": "task_complete", "run_id": "STRONG_BRIDGE_BACKEND_PROBE__threeshift__e2-threeshift-150c-01__A3_BACKEND_ONLY__seed1", "status": "OK", "time": 1783277119.5038831}
{"event": "task_start", "profile": "A3_BACKEND_LOCAL_SEARCH", "run_id": "STRONG_BRIDGE_BACKEND_PROBE__threeshift__e2-threeshift-150c-01__A3_BACKEND_LOCAL_SEARCH__seed1", "time": 1783277119.533014}
{"elapsed": 310.9963209169946, "event": "task_complete", "run_id": "STRONG_BRIDGE_BACKEND_PROBE__threeshift__e2-threeshift-100c-01__A0_MAIN_LOCAL_SEARCH__seed3", "status": "OK", "time": 1783277234.9317791}
{"event": "task_start", "profile": "LNS_TRACE_REFERENCE", "run_id": "STRONG_BRIDGE_BACKEND_PROBE__threeshift__e2-threeshift-150c-01__LNS_TRACE_REFERENCE__seed1", "time": 1783277234.961462}
{"elapsed": 1.2016477919969475, "event": "task_complete", "run_id": "STRONG_BRIDGE_BACKEND_PROBE__threeshift__e2-threeshift-150c-01__LNS_TRACE_REFERENCE__seed1", "status": "OK", "time": 1783277236.16315}
{"event": "task_start", "profile": "A0_THROUGHPUT_ONLY", "run_id": "STRONG_BRIDGE_BACKEND_PROBE__threeshift__e2-threeshift-150c-01__A0_THROUGHPUT_ONLY__seed2", "time": 1783277236.179092}
{"elapsed": 234.04969795899524, "event": "task_complete", "run_id": "STRONG_BRIDGE_BACKEND_PROBE__threeshift__e2-threeshift-150c-01__A0_MAIN_LOCAL_SEARCH__seed1", "status": "OK", "time": 1783277307.0838342}
{"event": "task_start", "profile": "A3_BACKEND_ONLY", "run_id": "STRONG_BRIDGE_BACKEND_PROBE__threeshift__e2-threeshift-150c-01__A3_BACKEND_ONLY__seed2", "time": 1783277307.124783}
{"elapsed": 239.76505679200636, "event": "task_complete", "run_id": "STRONG_BRIDGE_BACKEND_PROBE__threeshift__e2-threeshift-150c-01__A3_BACKEND_LOCAL_SEARCH__seed1", "status": "OK", "time": 1783277359.20858}
{"event": "task_start", "profile": "A0_MAIN_LOCAL_SEARCH", "run_id": "STRONG_BRIDGE_BACKEND_PROBE__threeshift__e2-threeshift-150c-01__A0_MAIN_LOCAL_SEARCH__seed2", "time": 1783277359.2468119}
{"elapsed": 75.92259775000275, "event": "task_complete", "run_id": "STRONG_BRIDGE_BACKEND_PROBE__threeshift__e2-threeshift-150c-01__A3_BACKEND_ONLY__seed2", "status": "OK", "time": 1783277383.0491362}
{"event": "task_start", "profile": "A3_BACKEND_LOCAL_SEARCH", "run_id": "STRONG_BRIDGE_BACKEND_PROBE__threeshift__e2-threeshift-150c-01__A3_BACKEND_LOCAL_SEARCH__seed2", "time": 1783277383.083543}
{"elapsed": 223.04150758300239, "event": "task_complete", "run_id": "STRONG_BRIDGE_BACKEND_PROBE__threeshift__e2-threeshift-150c-01__A0_THROUGHPUT_ONLY__seed2", "status": "OK", "time": 1783277459.224885}
{"event": "task_start", "profile": "LNS_TRACE_REFERENCE", "run_id": "STRONG_BRIDGE_BACKEND_PROBE__threeshift__e2-threeshift-150c-01__LNS_TRACE_REFERENCE__seed2", "time": 1783277459.2581189}
{"elapsed": 1.4825577919982607, "event": "task_complete", "run_id": "STRONG_BRIDGE_BACKEND_PROBE__threeshift__e2-threeshift-150c-01__LNS_TRACE_REFERENCE__seed2", "status": "OK", "time": 1783277460.7409291}
{"event": "task_start", "profile": "A0_THROUGHPUT_ONLY", "run_id": "STRONG_BRIDGE_BACKEND_PROBE__threeshift__e2-threeshift-150c-01__A0_THROUGHPUT_ONLY__seed3", "time": 1783277460.746061}
{"elapsed": 144.60044991700124, "event": "task_complete", "run_id": "STRONG_BRIDGE_BACKEND_PROBE__threeshift__e2-threeshift-150c-01__A3_BACKEND_LOCAL_SEARCH__seed2", "status": "OK", "time": 1783277527.686836}
{"event": "task_start", "profile": "A3_BACKEND_ONLY", "run_id": "STRONG_BRIDGE_BACKEND_PROBE__threeshift__e2-threeshift-150c-01__A3_BACKEND_ONLY__seed3", "time": 1783277527.714761}
{"elapsed": 64.19686562499555, "event": "task_complete", "run_id": "STRONG_BRIDGE_BACKEND_PROBE__threeshift__e2-threeshift-150c-01__A3_BACKEND_ONLY__seed3", "status": "OK", "time": 1783277591.913239}
{"event": "task_start", "profile": "A0_MAIN_LOCAL_SEARCH", "run_id": "STRONG_BRIDGE_BACKEND_PROBE__threeshift__e2-threeshift-150c-01__A0_MAIN_LOCAL_SEARCH__seed3", "time": 1783277591.940775}
{"elapsed": 250.41588341600436, "event": "task_complete", "run_id": "STRONG_BRIDGE_BACKEND_PROBE__threeshift__e2-threeshift-150c-01__A0_THROUGHPUT_ONLY__seed3", "status": "OK", "time": 1783277711.166951}
{"event": "task_start", "profile": "A3_BACKEND_LOCAL_SEARCH", "run_id": "STRONG_BRIDGE_BACKEND_PROBE__threeshift__e2-threeshift-150c-01__A3_BACKEND_LOCAL_SEARCH__seed3", "time": 1783277711.201715}
{"elapsed": 371.1674358329983, "event": "task_complete", "run_id": "STRONG_BRIDGE_BACKEND_PROBE__threeshift__e2-threeshift-150c-01__A0_MAIN_LOCAL_SEARCH__seed2", "status": "OK", "time": 1783277730.420932}
{"event": "task_start", "profile": "LNS_TRACE_REFERENCE", "run_id": "STRONG_BRIDGE_BACKEND_PROBE__threeshift__e2-threeshift-150c-01__LNS_TRACE_REFERENCE__seed3", "time": 1783277730.454015}
{"elapsed": 1.2536227080054232, "event": "task_complete", "run_id": "STRONG_BRIDGE_BACKEND_PROBE__threeshift__e2-threeshift-150c-01__LNS_TRACE_REFERENCE__seed3", "status": "OK", "time": 1783277731.707652}
{"event": "task_start", "profile": "A0_THROUGHPUT_ONLY", "run_id": "STRONG_BRIDGE_BACKEND_PROBE__threeshift__e2-threeshift-50c-01__A0_THROUGHPUT_ONLY__seed1", "time": 1783277731.712235}
{"elapsed": 34.79808658300317, "event": "task_complete", "run_id": "STRONG_BRIDGE_BACKEND_PROBE__threeshift__e2-threeshift-50c-01__A0_THROUGHPUT_ONLY__seed1", "status": "OK", "time": 1783277766.511394}
{"event": "task_start", "profile": "A3_BACKEND_ONLY", "run_id": "STRONG_BRIDGE_BACKEND_PROBE__threeshift__e2-threeshift-50c-01__A3_BACKEND_ONLY__seed1", "time": 1783277766.541615}
{"elapsed": 32.0792957090016, "event": "task_complete", "run_id": "STRONG_BRIDGE_BACKEND_PROBE__threeshift__e2-threeshift-50c-01__A3_BACKEND_ONLY__seed1", "status": "OK", "time": 1783277798.621981}
{"event": "task_start", "profile": "A0_MAIN_LOCAL_SEARCH", "run_id": "STRONG_BRIDGE_BACKEND_PROBE__threeshift__e2-threeshift-50c-01__A0_MAIN_LOCAL_SEARCH__seed1", "time": 1783277798.652568}
{"elapsed": 169.1070661249978, "event": "task_complete", "run_id": "STRONG_BRIDGE_BACKEND_PROBE__threeshift__e2-threeshift-150c-01__A3_BACKEND_LOCAL_SEARCH__seed3", "status": "OK", "time": 1783277880.3120189}
{"event": "task_start", "profile": "A3_BACKEND_LOCAL_SEARCH", "run_id": "STRONG_BRIDGE_BACKEND_PROBE__threeshift__e2-threeshift-50c-01__A3_BACKEND_LOCAL_SEARCH__seed1", "time": 1783277880.348873}
{"elapsed": 104.5843530830025, "event": "task_complete", "run_id": "STRONG_BRIDGE_BACKEND_PROBE__threeshift__e2-threeshift-50c-01__A0_MAIN_LOCAL_SEARCH__seed1", "status": "OK", "time": 1783277903.239182}
{"event": "task_start", "profile": "LNS_TRACE_REFERENCE", "run_id": "STRONG_BRIDGE_BACKEND_PROBE__threeshift__e2-threeshift-50c-01__LNS_TRACE_REFERENCE__seed1", "time": 1783277903.271905}
{"elapsed": 1.2398749999993015, "event": "task_complete", "run_id": "STRONG_BRIDGE_BACKEND_PROBE__threeshift__e2-threeshift-50c-01__LNS_TRACE_REFERENCE__seed1", "status": "OK", "time": 1783277904.511818}
{"event": "task_start", "profile": "A0_THROUGHPUT_ONLY", "run_id": "STRONG_BRIDGE_BACKEND_PROBE__threeshift__e2-threeshift-50c-01__A0_THROUGHPUT_ONLY__seed2", "time": 1783277904.516327}
{"elapsed": 33.18730054199841, "event": "task_complete", "run_id": "STRONG_BRIDGE_BACKEND_PROBE__threeshift__e2-threeshift-50c-01__A0_THROUGHPUT_ONLY__seed2", "status": "OK", "time": 1783277937.704778}
{"event": "task_start", "profile": "A3_BACKEND_ONLY", "run_id": "STRONG_BRIDGE_BACKEND_PROBE__threeshift__e2-threeshift-50c-01__A3_BACKEND_ONLY__seed2", "time": 1783277937.731793}
{"elapsed": 31.17973795800208, "event": "task_complete", "run_id": "STRONG_BRIDGE_BACKEND_PROBE__threeshift__e2-threeshift-50c-01__A3_BACKEND_ONLY__seed2", "status": "OK", "time": 1783277968.9121249}
{"event": "task_start", "profile": "A0_MAIN_LOCAL_SEARCH", "run_id": "STRONG_BRIDGE_BACKEND_PROBE__threeshift__e2-threeshift-50c-01__A0_MAIN_LOCAL_SEARCH__seed2", "time": 1783277968.940781}
{"elapsed": 92.8453326250019, "event": "task_complete", "run_id": "STRONG_BRIDGE_BACKEND_PROBE__threeshift__e2-threeshift-50c-01__A3_BACKEND_LOCAL_SEARCH__seed1", "status": "OK", "time": 1783277973.195841}
{"event": "task_start", "profile": "A3_BACKEND_LOCAL_SEARCH", "run_id": "STRONG_BRIDGE_BACKEND_PROBE__threeshift__e2-threeshift-50c-01__A3_BACKEND_LOCAL_SEARCH__seed2", "time": 1783277973.2263172}
{"elapsed": 448.62913633300195, "event": "task_complete", "run_id": "STRONG_BRIDGE_BACKEND_PROBE__threeshift__e2-threeshift-150c-01__A0_MAIN_LOCAL_SEARCH__seed3", "status": "OK", "time": 1783278040.577594}
{"event": "task_start", "profile": "LNS_TRACE_REFERENCE", "run_id": "STRONG_BRIDGE_BACKEND_PROBE__threeshift__e2-threeshift-50c-01__LNS_TRACE_REFERENCE__seed2", "time": 1783278040.6058419}
{"elapsed": 1.1186559170018882, "event": "task_complete", "run_id": "STRONG_BRIDGE_BACKEND_PROBE__threeshift__e2-threeshift-50c-01__LNS_TRACE_REFERENCE__seed2", "status": "OK", "time": 1783278041.7245371}
{"event": "task_start", "profile": "A0_THROUGHPUT_ONLY", "run_id": "STRONG_BRIDGE_BACKEND_PROBE__threeshift__e2-threeshift-50c-01__A0_THROUGHPUT_ONLY__seed3", "time": 1783278041.7285519}
{"elapsed": 75.00847237499693, "event": "task_complete", "run_id": "STRONG_BRIDGE_BACKEND_PROBE__threeshift__e2-threeshift-50c-01__A3_BACKEND_LOCAL_SEARCH__seed2", "status": "OK", "time": 1783278048.23622}
{"event": "task_start", "profile": "A3_BACKEND_ONLY", "run_id": "STRONG_BRIDGE_BACKEND_PROBE__threeshift__e2-threeshift-50c-01__A3_BACKEND_ONLY__seed3", "time": 1783278048.263272}
{"elapsed": 99.59223100000236, "event": "task_complete", "run_id": "STRONG_BRIDGE_BACKEND_PROBE__threeshift__e2-threeshift-50c-01__A0_MAIN_LOCAL_SEARCH__seed2", "status": "OK", "time": 1783278068.5352478}
{"event": "task_start", "profile": "A0_MAIN_LOCAL_SEARCH", "run_id": "STRONG_BRIDGE_BACKEND_PROBE__threeshift__e2-threeshift-50c-01__A0_MAIN_LOCAL_SEARCH__seed3", "time": 1783278068.568558}
{"elapsed": 35.85349083300389, "event": "task_complete", "run_id": "STRONG_BRIDGE_BACKEND_PROBE__threeshift__e2-threeshift-50c-01__A0_THROUGHPUT_ONLY__seed3", "status": "OK", "time": 1783278077.582826}
{"event": "task_start", "profile": "A3_BACKEND_LOCAL_SEARCH", "run_id": "STRONG_BRIDGE_BACKEND_PROBE__threeshift__e2-threeshift-50c-01__A3_BACKEND_LOCAL_SEARCH__seed3", "time": 1783278077.626677}
{"elapsed": 31.779747749998933, "event": "task_complete", "run_id": "STRONG_BRIDGE_BACKEND_PROBE__threeshift__e2-threeshift-50c-01__A3_BACKEND_ONLY__seed3", "status": "OK", "time": 1783278080.043856}
{"event": "task_start", "profile": "LNS_TRACE_REFERENCE", "run_id": "STRONG_BRIDGE_BACKEND_PROBE__threeshift__e2-threeshift-50c-01__LNS_TRACE_REFERENCE__seed3", "time": 1783278080.085221}
{"elapsed": 1.4777002499977243, "event": "task_complete", "run_id": "STRONG_BRIDGE_BACKEND_PROBE__threeshift__e2-threeshift-50c-01__LNS_TRACE_REFERENCE__seed3", "status": "OK", "time": 1783278081.562968}
{"event": "task_start", "profile": "A0_THROUGHPUT_ONLY", "run_id": "STRONG_BRIDGE_BACKEND_PROBE__threeshift__e2-threeshift-75c-01__A0_THROUGHPUT_ONLY__seed1", "time": 1783278081.567986}
{"elapsed": 82.60769687499851, "event": "task_complete", "run_id": "STRONG_BRIDGE_BACKEND_PROBE__threeshift__e2-threeshift-75c-01__A0_THROUGHPUT_ONLY__seed1", "status": "OK", "time": 1783278164.23927}
{"event": "task_start", "profile": "A3_BACKEND_ONLY", "run_id": "STRONG_BRIDGE_BACKEND_PROBE__threeshift__e2-threeshift-75c-01__A3_BACKEND_ONLY__seed1", "time": 1783278164.26846}
{"elapsed": 87.53400208299718, "event": "task_complete", "run_id": "STRONG_BRIDGE_BACKEND_PROBE__threeshift__e2-threeshift-50c-01__A3_BACKEND_LOCAL_SEARCH__seed3", "status": "OK", "time": 1783278165.2240589}
{"event": "task_start", "profile": "A0_MAIN_LOCAL_SEARCH", "run_id": "STRONG_BRIDGE_BACKEND_PROBE__threeshift__e2-threeshift-75c-01__A0_MAIN_LOCAL_SEARCH__seed1", "time": 1783278165.2510562}
{"elapsed": 112.05291379200207, "event": "task_complete", "run_id": "STRONG_BRIDGE_BACKEND_PROBE__threeshift__e2-threeshift-50c-01__A0_MAIN_LOCAL_SEARCH__seed3", "status": "OK", "time": 1783278180.685568}
{"event": "task_start", "profile": "A3_BACKEND_LOCAL_SEARCH", "run_id": "STRONG_BRIDGE_BACKEND_PROBE__threeshift__e2-threeshift-75c-01__A3_BACKEND_LOCAL_SEARCH__seed1", "time": 1783278180.715342}
{"elapsed": 46.20795199999702, "event": "task_complete", "run_id": "STRONG_BRIDGE_BACKEND_PROBE__threeshift__e2-threeshift-75c-01__A3_BACKEND_ONLY__seed1", "status": "OK", "time": 1783278210.4780211}
{"event": "task_start", "profile": "LNS_TRACE_REFERENCE", "run_id": "STRONG_BRIDGE_BACKEND_PROBE__threeshift__e2-threeshift-75c-01__LNS_TRACE_REFERENCE__seed1", "time": 1783278210.506662}
{"elapsed": 1.211409208997793, "event": "task_complete", "run_id": "STRONG_BRIDGE_BACKEND_PROBE__threeshift__e2-threeshift-75c-01__LNS_TRACE_REFERENCE__seed1", "status": "OK", "time": 1783278211.718121}
{"event": "task_start", "profile": "A0_THROUGHPUT_ONLY", "run_id": "STRONG_BRIDGE_BACKEND_PROBE__threeshift__e2-threeshift-75c-01__A0_THROUGHPUT_ONLY__seed2", "time": 1783278211.722358}
{"elapsed": 61.5835931670008, "event": "task_complete", "run_id": "STRONG_BRIDGE_BACKEND_PROBE__threeshift__e2-threeshift-75c-01__A0_THROUGHPUT_ONLY__seed2", "status": "OK", "time": 1783278273.307598}
{"event": "task_start", "profile": "A3_BACKEND_ONLY", "run_id": "STRONG_BRIDGE_BACKEND_PROBE__threeshift__e2-threeshift-75c-01__A3_BACKEND_ONLY__seed2", "time": 1783278273.3346062}
{"elapsed": 113.01784349999798, "event": "task_complete", "run_id": "STRONG_BRIDGE_BACKEND_PROBE__threeshift__e2-threeshift-75c-01__A3_BACKEND_LOCAL_SEARCH__seed1", "status": "OK", "time": 1783278293.7361228}
{"event": "task_start", "profile": "A0_MAIN_LOCAL_SEARCH", "run_id": "STRONG_BRIDGE_BACKEND_PROBE__threeshift__e2-threeshift-75c-01__A0_MAIN_LOCAL_SEARCH__seed2", "time": 1783278293.76326}
{"elapsed": 42.36875312499615, "event": "task_complete", "run_id": "STRONG_BRIDGE_BACKEND_PROBE__threeshift__e2-threeshift-75c-01__A3_BACKEND_ONLY__seed2", "status": "OK", "time": 1783278315.704751}
{"event": "task_start", "profile": "A3_BACKEND_LOCAL_SEARCH", "run_id": "STRONG_BRIDGE_BACKEND_PROBE__threeshift__e2-threeshift-75c-01__A3_BACKEND_LOCAL_SEARCH__seed2", "time": 1783278315.738295}
{"elapsed": 205.61945341699902, "event": "task_complete", "run_id": "STRONG_BRIDGE_BACKEND_PROBE__threeshift__e2-threeshift-75c-01__A0_MAIN_LOCAL_SEARCH__seed1", "status": "OK", "time": 1783278370.876083}
{"event": "task_start", "profile": "LNS_TRACE_REFERENCE", "run_id": "STRONG_BRIDGE_BACKEND_PROBE__threeshift__e2-threeshift-75c-01__LNS_TRACE_REFERENCE__seed2", "time": 1783278370.9035242}
{"elapsed": 1.1355124170004274, "event": "task_complete", "run_id": "STRONG_BRIDGE_BACKEND_PROBE__threeshift__e2-threeshift-75c-01__LNS_TRACE_REFERENCE__seed2", "status": "OK", "time": 1783278372.03908}
{"event": "task_start", "profile": "A0_THROUGHPUT_ONLY", "run_id": "STRONG_BRIDGE_BACKEND_PROBE__threeshift__e2-threeshift-75c-01__A0_THROUGHPUT_ONLY__seed3", "time": 1783278372.043645}
{"elapsed": 64.31821120899986, "event": "task_complete", "run_id": "STRONG_BRIDGE_BACKEND_PROBE__threeshift__e2-threeshift-75c-01__A0_THROUGHPUT_ONLY__seed3", "status": "OK", "time": 1783278436.363583}
{"event": "task_start", "profile": "A3_BACKEND_ONLY", "run_id": "STRONG_BRIDGE_BACKEND_PROBE__threeshift__e2-threeshift-75c-01__A3_BACKEND_ONLY__seed3", "time": 1783278436.392042}
{"elapsed": 43.60886033299903, "event": "task_complete", "run_id": "STRONG_BRIDGE_BACKEND_PROBE__threeshift__e2-threeshift-75c-01__A3_BACKEND_ONLY__seed3", "status": "OK", "time": 1783278480.002302}
{"event": "task_start", "profile": "A0_MAIN_LOCAL_SEARCH", "run_id": "STRONG_BRIDGE_BACKEND_PROBE__threeshift__e2-threeshift-75c-01__A0_MAIN_LOCAL_SEARCH__seed3", "time": 1783278480.029611}
{"elapsed": 179.2097217499977, "event": "task_complete", "run_id": "STRONG_BRIDGE_BACKEND_PROBE__threeshift__e2-threeshift-75c-01__A3_BACKEND_LOCAL_SEARCH__seed2", "status": "OK", "time": 1783278494.952895}
{"event": "task_start", "profile": "A3_BACKEND_LOCAL_SEARCH", "run_id": "STRONG_BRIDGE_BACKEND_PROBE__threeshift__e2-threeshift-75c-01__A3_BACKEND_LOCAL_SEARCH__seed3", "time": 1783278494.9823308}
{"elapsed": 251.45904333300132, "event": "task_complete", "run_id": "STRONG_BRIDGE_BACKEND_PROBE__threeshift__e2-threeshift-75c-01__A0_MAIN_LOCAL_SEARCH__seed2", "status": "OK", "time": 1783278545.228958}
{"event": "task_start", "profile": "LNS_TRACE_REFERENCE", "run_id": "STRONG_BRIDGE_BACKEND_PROBE__threeshift__e2-threeshift-75c-01__LNS_TRACE_REFERENCE__seed3", "time": 1783278545.255168}
{"elapsed": 1.1400171669956762, "event": "task_complete", "run_id": "STRONG_BRIDGE_BACKEND_PROBE__threeshift__e2-threeshift-75c-01__LNS_TRACE_REFERENCE__seed3", "status": "OK", "time": 1783278546.395242}
{"event": "task_start", "profile": "A0_THROUGHPUT_ONLY", "run_id": "STRONG_BRIDGE_BACKEND_PROBE__vanilla__e2-vanilla-100c-01__A0_THROUGHPUT_ONLY__seed1", "time": 1783278546.3994482}
{"elapsed": 168.96296479199373, "event": "task_complete", "run_id": "STRONG_BRIDGE_BACKEND_PROBE__threeshift__e2-threeshift-75c-01__A3_BACKEND_LOCAL_SEARCH__seed3", "status": "OK", "time": 1783278663.950001}
{"event": "task_start", "profile": "A3_BACKEND_ONLY", "run_id": "STRONG_BRIDGE_BACKEND_PROBE__vanilla__e2-vanilla-100c-01__A3_BACKEND_ONLY__seed1", "time": 1783278663.9757729}
{"elapsed": 133.64419820799958, "event": "task_complete", "run_id": "STRONG_BRIDGE_BACKEND_PROBE__vanilla__e2-vanilla-100c-01__A0_THROUGHPUT_ONLY__seed1", "status": "OK", "time": 1783278680.0474072}
{"event": "task_start", "profile": "A0_MAIN_LOCAL_SEARCH", "run_id": "STRONG_BRIDGE_BACKEND_PROBE__vanilla__e2-vanilla-100c-01__A0_MAIN_LOCAL_SEARCH__seed1", "time": 1783278680.079201}
{"elapsed": 59.559377082994615, "event": "task_complete", "run_id": "STRONG_BRIDGE_BACKEND_PROBE__vanilla__e2-vanilla-100c-01__A3_BACKEND_ONLY__seed1", "status": "OK", "time": 1783278723.537011}
{"event": "task_start", "profile": "A3_BACKEND_LOCAL_SEARCH", "run_id": "STRONG_BRIDGE_BACKEND_PROBE__vanilla__e2-vanilla-100c-01__A3_BACKEND_LOCAL_SEARCH__seed1", "time": 1783278723.56401}
{"elapsed": 263.77263333299925, "event": "task_complete", "run_id": "STRONG_BRIDGE_BACKEND_PROBE__threeshift__e2-threeshift-75c-01__A0_MAIN_LOCAL_SEARCH__seed3", "status": "OK", "time": 1783278743.809332}
{"event": "task_start", "profile": "LNS_TRACE_REFERENCE", "run_id": "STRONG_BRIDGE_BACKEND_PROBE__vanilla__e2-vanilla-100c-01__LNS_TRACE_REFERENCE__seed1", "time": 1783278743.841377}
{"elapsed": 1.2969486669971957, "event": "task_complete", "run_id": "STRONG_BRIDGE_BACKEND_PROBE__vanilla__e2-vanilla-100c-01__LNS_TRACE_REFERENCE__seed1", "status": "OK", "time": 1783278745.138379}
{"event": "task_start", "profile": "A0_THROUGHPUT_ONLY", "run_id": "STRONG_BRIDGE_BACKEND_PROBE__vanilla__e2-vanilla-100c-01__A0_THROUGHPUT_ONLY__seed2", "time": 1783278745.142518}
{"elapsed": 96.20285683300608, "event": "task_complete", "run_id": "STRONG_BRIDGE_BACKEND_PROBE__vanilla__e2-vanilla-100c-01__A3_BACKEND_LOCAL_SEARCH__seed1", "status": "OK", "time": 1783278819.769662}
{"event": "task_start", "profile": "A3_BACKEND_ONLY", "run_id": "STRONG_BRIDGE_BACKEND_PROBE__vanilla__e2-vanilla-100c-01__A3_BACKEND_ONLY__seed2", "time": 1783278819.796614}
{"elapsed": 187.88696908300335, "event": "task_complete", "run_id": "STRONG_BRIDGE_BACKEND_PROBE__vanilla__e2-vanilla-100c-01__A0_MAIN_LOCAL_SEARCH__seed1", "status": "OK", "time": 1783278867.971293}
{"event": "task_start", "profile": "A0_MAIN_LOCAL_SEARCH", "run_id": "STRONG_BRIDGE_BACKEND_PROBE__vanilla__e2-vanilla-100c-01__A0_MAIN_LOCAL_SEARCH__seed2", "time": 1783278867.999555}
{"elapsed": 57.20764045899705, "event": "task_complete", "run_id": "STRONG_BRIDGE_BACKEND_PROBE__vanilla__e2-vanilla-100c-01__A3_BACKEND_ONLY__seed2", "status": "OK", "time": 1783278877.005806}
{"event": "task_start", "profile": "A3_BACKEND_LOCAL_SEARCH", "run_id": "STRONG_BRIDGE_BACKEND_PROBE__vanilla__e2-vanilla-100c-01__A3_BACKEND_LOCAL_SEARCH__seed2", "time": 1783278877.033897}
{"elapsed": 138.6417183750018, "event": "task_complete", "run_id": "STRONG_BRIDGE_BACKEND_PROBE__vanilla__e2-vanilla-100c-01__A0_THROUGHPUT_ONLY__seed2", "status": "OK", "time": 1783278883.7887528}
{"event": "task_start", "profile": "LNS_TRACE_REFERENCE", "run_id": "STRONG_BRIDGE_BACKEND_PROBE__vanilla__e2-vanilla-100c-01__LNS_TRACE_REFERENCE__seed2", "time": 1783278883.834213}
{"elapsed": 1.3361319579998963, "event": "task_complete", "run_id": "STRONG_BRIDGE_BACKEND_PROBE__vanilla__e2-vanilla-100c-01__LNS_TRACE_REFERENCE__seed2", "status": "OK", "time": 1783278885.1704}
{"event": "task_start", "profile": "A0_THROUGHPUT_ONLY", "run_id": "STRONG_BRIDGE_BACKEND_PROBE__vanilla__e2-vanilla-100c-01__A0_THROUGHPUT_ONLY__seed3", "time": 1783278885.174937}
{"elapsed": 100.87733670800662, "event": "task_complete", "run_id": "STRONG_BRIDGE_BACKEND_PROBE__vanilla__e2-vanilla-100c-01__A3_BACKEND_LOCAL_SEARCH__seed2", "status": "OK", "time": 1783278977.914003}
{"event": "task_start", "profile": "A3_BACKEND_ONLY", "run_id": "STRONG_BRIDGE_BACKEND_PROBE__vanilla__e2-vanilla-100c-01__A3_BACKEND_ONLY__seed3", "time": 1783278977.942801}
{"elapsed": 145.29409287500312, "event": "task_complete", "run_id": "STRONG_BRIDGE_BACKEND_PROBE__vanilla__e2-vanilla-100c-01__A0_THROUGHPUT_ONLY__seed3", "status": "OK", "time": 1783279030.473089}
{"event": "task_start", "profile": "A0_MAIN_LOCAL_SEARCH", "run_id": "STRONG_BRIDGE_BACKEND_PROBE__vanilla__e2-vanilla-100c-01__A0_MAIN_LOCAL_SEARCH__seed3", "time": 1783279030.50196}
{"elapsed": 66.2649190000011, "event": "task_complete", "run_id": "STRONG_BRIDGE_BACKEND_PROBE__vanilla__e2-vanilla-100c-01__A3_BACKEND_ONLY__seed3", "status": "OK", "time": 1783279044.209866}
{"event": "task_start", "profile": "A3_BACKEND_LOCAL_SEARCH", "run_id": "STRONG_BRIDGE_BACKEND_PROBE__vanilla__e2-vanilla-100c-01__A3_BACKEND_LOCAL_SEARCH__seed3", "time": 1783279044.2414951}
{"elapsed": 267.25523041700217, "event": "task_complete", "run_id": "STRONG_BRIDGE_BACKEND_PROBE__vanilla__e2-vanilla-100c-01__A0_MAIN_LOCAL_SEARCH__seed2", "status": "OK", "time": 1783279135.261942}
{"event": "task_start", "profile": "LNS_TRACE_REFERENCE", "run_id": "STRONG_BRIDGE_BACKEND_PROBE__vanilla__e2-vanilla-100c-01__LNS_TRACE_REFERENCE__seed3", "time": 1783279135.291201}
{"elapsed": 1.1501084999981686, "event": "task_complete", "run_id": "STRONG_BRIDGE_BACKEND_PROBE__vanilla__e2-vanilla-100c-01__LNS_TRACE_REFERENCE__seed3", "status": "OK", "time": 1783279136.4413881}
{"event": "task_start", "profile": "A0_THROUGHPUT_ONLY", "run_id": "STRONG_BRIDGE_BACKEND_PROBE__vanilla__e2-vanilla-150c-01__A0_THROUGHPUT_ONLY__seed1", "time": 1783279136.445417}
{"elapsed": 117.02030966700113, "event": "task_complete", "run_id": "STRONG_BRIDGE_BACKEND_PROBE__vanilla__e2-vanilla-100c-01__A3_BACKEND_LOCAL_SEARCH__seed3", "status": "OK", "time": 1783279161.2649379}
{"event": "task_start", "profile": "A3_BACKEND_ONLY", "run_id": "STRONG_BRIDGE_BACKEND_PROBE__vanilla__e2-vanilla-150c-01__A3_BACKEND_ONLY__seed1", "time": 1783279161.306098}
{"elapsed": 237.63248983299854, "event": "task_complete", "run_id": "STRONG_BRIDGE_BACKEND_PROBE__vanilla__e2-vanilla-100c-01__A0_MAIN_LOCAL_SEARCH__seed3", "status": "OK", "time": 1783279268.14084}
{"event": "task_start", "profile": "A0_MAIN_LOCAL_SEARCH", "run_id": "STRONG_BRIDGE_BACKEND_PROBE__vanilla__e2-vanilla-150c-01__A0_MAIN_LOCAL_SEARCH__seed1", "time": 1783279268.168232}
{"elapsed": 124.28427245799685, "event": "task_complete", "run_id": "STRONG_BRIDGE_BACKEND_PROBE__vanilla__e2-vanilla-150c-01__A3_BACKEND_ONLY__seed1", "status": "OK", "time": 1783279285.593954}
{"event": "task_start", "profile": "A3_BACKEND_LOCAL_SEARCH", "run_id": "STRONG_BRIDGE_BACKEND_PROBE__vanilla__e2-vanilla-150c-01__A3_BACKEND_LOCAL_SEARCH__seed1", "time": 1783279285.6261692}
{"elapsed": 327.1448653339976, "event": "task_complete", "run_id": "STRONG_BRIDGE_BACKEND_PROBE__vanilla__e2-vanilla-150c-01__A0_THROUGHPUT_ONLY__seed1", "status": "OK", "time": 1783279463.5990531}
{"event": "task_start", "profile": "LNS_TRACE_REFERENCE", "run_id": "STRONG_BRIDGE_BACKEND_PROBE__vanilla__e2-vanilla-150c-01__LNS_TRACE_REFERENCE__seed1", "time": 1783279463.627917}
{"elapsed": 1.0749149170005694, "event": "task_complete", "run_id": "STRONG_BRIDGE_BACKEND_PROBE__vanilla__e2-vanilla-150c-01__LNS_TRACE_REFERENCE__seed1", "status": "OK", "time": 1783279464.7029061}
{"event": "task_start", "profile": "A0_THROUGHPUT_ONLY", "run_id": "STRONG_BRIDGE_BACKEND_PROBE__vanilla__e2-vanilla-150c-01__A0_THROUGHPUT_ONLY__seed2", "time": 1783279464.718658}
{"elapsed": 234.37566533399513, "event": "task_complete", "run_id": "STRONG_BRIDGE_BACKEND_PROBE__vanilla__e2-vanilla-150c-01__A3_BACKEND_LOCAL_SEARCH__seed1", "status": "OK", "time": 1783279520.008011}
{"event": "task_start", "profile": "A3_BACKEND_ONLY", "run_id": "STRONG_BRIDGE_BACKEND_PROBE__vanilla__e2-vanilla-150c-01__A3_BACKEND_ONLY__seed2", "time": 1783279520.0348349}
{"elapsed": 63.363787416994455, "event": "task_complete", "run_id": "STRONG_BRIDGE_BACKEND_PROBE__vanilla__e2-vanilla-150c-01__A3_BACKEND_ONLY__seed2", "status": "OK", "time": 1783279583.4005508}
{"event": "task_start", "profile": "A0_MAIN_LOCAL_SEARCH", "run_id": "STRONG_BRIDGE_BACKEND_PROBE__vanilla__e2-vanilla-150c-01__A0_MAIN_LOCAL_SEARCH__seed2", "time": 1783279583.429824}
{"elapsed": 439.68188825000107, "event": "task_complete", "run_id": "STRONG_BRIDGE_BACKEND_PROBE__vanilla__e2-vanilla-150c-01__A0_MAIN_LOCAL_SEARCH__seed1", "status": "OK", "time": 1783279707.861619}
{"event": "task_start", "profile": "A3_BACKEND_LOCAL_SEARCH", "run_id": "STRONG_BRIDGE_BACKEND_PROBE__vanilla__e2-vanilla-150c-01__A3_BACKEND_LOCAL_SEARCH__seed2", "time": 1783279707.890989}
{"elapsed": 315.763003, "event": "task_complete", "run_id": "STRONG_BRIDGE_BACKEND_PROBE__vanilla__e2-vanilla-150c-01__A0_THROUGHPUT_ONLY__seed2", "status": "OK", "time": 1783279780.4899158}
{"event": "task_start", "profile": "LNS_TRACE_REFERENCE", "run_id": "STRONG_BRIDGE_BACKEND_PROBE__vanilla__e2-vanilla-150c-01__LNS_TRACE_REFERENCE__seed2", "time": 1783279780.518805}
{"elapsed": 1.1443862919986714, "event": "task_complete", "run_id": "STRONG_BRIDGE_BACKEND_PROBE__vanilla__e2-vanilla-150c-01__LNS_TRACE_REFERENCE__seed2", "status": "OK", "time": 1783279781.663243}
{"event": "task_start", "profile": "A0_THROUGHPUT_ONLY", "run_id": "STRONG_BRIDGE_BACKEND_PROBE__vanilla__e2-vanilla-150c-01__A0_THROUGHPUT_ONLY__seed3", "time": 1783279781.6674528}
{"elapsed": 251.36664987500262, "event": "task_complete", "run_id": "STRONG_BRIDGE_BACKEND_PROBE__vanilla__e2-vanilla-150c-01__A3_BACKEND_LOCAL_SEARCH__seed2", "status": "OK", "time": 1783279959.304445}
{"event": "task_start", "profile": "A3_BACKEND_ONLY", "run_id": "STRONG_BRIDGE_BACKEND_PROBE__vanilla__e2-vanilla-150c-01__A3_BACKEND_ONLY__seed3", "time": 1783279959.3330271}
{"elapsed": 446.98912683300296, "event": "task_complete", "run_id": "STRONG_BRIDGE_BACKEND_PROBE__vanilla__e2-vanilla-150c-01__A0_MAIN_LOCAL_SEARCH__seed2", "status": "OK", "time": 1783280030.474889}
{"event": "task_start", "profile": "A0_MAIN_LOCAL_SEARCH", "run_id": "STRONG_BRIDGE_BACKEND_PROBE__vanilla__e2-vanilla-150c-01__A0_MAIN_LOCAL_SEARCH__seed3", "time": 1783280030.505795}
{"elapsed": 77.6107003750003, "event": "task_complete", "run_id": "STRONG_BRIDGE_BACKEND_PROBE__vanilla__e2-vanilla-150c-01__A3_BACKEND_ONLY__seed3", "status": "OK", "time": 1783280036.9501681}
{"event": "task_start", "profile": "A3_BACKEND_LOCAL_SEARCH", "run_id": "STRONG_BRIDGE_BACKEND_PROBE__vanilla__e2-vanilla-150c-01__A3_BACKEND_LOCAL_SEARCH__seed3", "time": 1783280036.979276}
{"elapsed": 315.9467135419982, "event": "task_complete", "run_id": "STRONG_BRIDGE_BACKEND_PROBE__vanilla__e2-vanilla-150c-01__A0_THROUGHPUT_ONLY__seed3", "status": "OK", "time": 1783280097.6672032}
{"event": "task_start", "profile": "LNS_TRACE_REFERENCE", "run_id": "STRONG_BRIDGE_BACKEND_PROBE__vanilla__e2-vanilla-150c-01__LNS_TRACE_REFERENCE__seed3", "time": 1783280097.702139}
{"elapsed": 1.1402042910049204, "event": "task_complete", "run_id": "STRONG_BRIDGE_BACKEND_PROBE__vanilla__e2-vanilla-150c-01__LNS_TRACE_REFERENCE__seed3", "status": "OK", "time": 1783280098.842365}
{"event": "task_start", "profile": "A0_THROUGHPUT_ONLY", "run_id": "STRONG_BRIDGE_BACKEND_PROBE__vanilla__e2-vanilla-15c-01__A0_THROUGHPUT_ONLY__seed1", "time": 1783280098.846247}
{"elapsed": 4.438976417004596, "event": "task_complete", "run_id": "STRONG_BRIDGE_BACKEND_PROBE__vanilla__e2-vanilla-15c-01__A0_THROUGHPUT_ONLY__seed1", "status": "OK", "time": 1783280103.2854211}
{"event": "task_start", "profile": "A3_BACKEND_ONLY", "run_id": "STRONG_BRIDGE_BACKEND_PROBE__vanilla__e2-vanilla-15c-01__A3_BACKEND_ONLY__seed1", "time": 1783280103.313115}
{"elapsed": 7.0182972499969765, "event": "task_complete", "run_id": "STRONG_BRIDGE_BACKEND_PROBE__vanilla__e2-vanilla-15c-01__A3_BACKEND_ONLY__seed1", "status": "OK", "time": 1783280110.332269}
{"event": "task_start", "profile": "A0_MAIN_LOCAL_SEARCH", "run_id": "STRONG_BRIDGE_BACKEND_PROBE__vanilla__e2-vanilla-15c-01__A0_MAIN_LOCAL_SEARCH__seed1", "time": 1783280110.368927}
{"elapsed": 10.505223041996942, "event": "task_complete", "run_id": "STRONG_BRIDGE_BACKEND_PROBE__vanilla__e2-vanilla-15c-01__A0_MAIN_LOCAL_SEARCH__seed1", "status": "OK", "time": 1783280120.8749352}
{"event": "task_start", "profile": "A3_BACKEND_LOCAL_SEARCH", "run_id": "STRONG_BRIDGE_BACKEND_PROBE__vanilla__e2-vanilla-15c-01__A3_BACKEND_LOCAL_SEARCH__seed1", "time": 1783280120.9151628}
{"elapsed": 18.04296975000034, "event": "task_complete", "run_id": "STRONG_BRIDGE_BACKEND_PROBE__vanilla__e2-vanilla-15c-01__A3_BACKEND_LOCAL_SEARCH__seed1", "status": "OK", "time": 1783280138.959229}
{"event": "task_start", "profile": "LNS_TRACE_REFERENCE", "run_id": "STRONG_BRIDGE_BACKEND_PROBE__vanilla__e2-vanilla-15c-01__LNS_TRACE_REFERENCE__seed1", "time": 1783280139.0053859}
{"elapsed": 2.110892042001069, "event": "task_complete", "run_id": "STRONG_BRIDGE_BACKEND_PROBE__vanilla__e2-vanilla-15c-01__LNS_TRACE_REFERENCE__seed1", "status": "OK", "time": 1783280141.116369}
{"event": "task_start", "profile": "A0_THROUGHPUT_ONLY", "run_id": "STRONG_BRIDGE_BACKEND_PROBE__vanilla__e2-vanilla-15c-01__A0_THROUGHPUT_ONLY__seed2", "time": 1783280141.121454}
{"elapsed": 6.127128000000084, "event": "task_complete", "run_id": "STRONG_BRIDGE_BACKEND_PROBE__vanilla__e2-vanilla-15c-01__A0_THROUGHPUT_ONLY__seed2", "status": "OK", "time": 1783280147.2488909}
{"event": "task_start", "profile": "A3_BACKEND_ONLY", "run_id": "STRONG_BRIDGE_BACKEND_PROBE__vanilla__e2-vanilla-15c-01__A3_BACKEND_ONLY__seed2", "time": 1783280147.293082}
{"elapsed": 11.183377749999636, "event": "task_complete", "run_id": "STRONG_BRIDGE_BACKEND_PROBE__vanilla__e2-vanilla-15c-01__A3_BACKEND_ONLY__seed2", "status": "OK", "time": 1783280158.476931}
{"event": "task_start", "profile": "A0_MAIN_LOCAL_SEARCH", "run_id": "STRONG_BRIDGE_BACKEND_PROBE__vanilla__e2-vanilla-15c-01__A0_MAIN_LOCAL_SEARCH__seed2", "time": 1783280158.521924}
{"elapsed": 9.79336012499698, "event": "task_complete", "run_id": "STRONG_BRIDGE_BACKEND_PROBE__vanilla__e2-vanilla-15c-01__A0_MAIN_LOCAL_SEARCH__seed2", "status": "OK", "time": 1783280168.315722}
{"event": "task_start", "profile": "A3_BACKEND_LOCAL_SEARCH", "run_id": "STRONG_BRIDGE_BACKEND_PROBE__vanilla__e2-vanilla-15c-01__A3_BACKEND_LOCAL_SEARCH__seed2", "time": 1783280168.378879}
{"elapsed": 12.123979042000428, "event": "task_complete", "run_id": "STRONG_BRIDGE_BACKEND_PROBE__vanilla__e2-vanilla-15c-01__A3_BACKEND_LOCAL_SEARCH__seed2", "status": "OK", "time": 1783280180.503826}
{"event": "task_start", "profile": "LNS_TRACE_REFERENCE", "run_id": "STRONG_BRIDGE_BACKEND_PROBE__vanilla__e2-vanilla-15c-01__LNS_TRACE_REFERENCE__seed2", "time": 1783280180.545708}
{"elapsed": 2.449304125002527, "event": "task_complete", "run_id": "STRONG_BRIDGE_BACKEND_PROBE__vanilla__e2-vanilla-15c-01__LNS_TRACE_REFERENCE__seed2", "status": "OK", "time": 1783280182.9952042}
{"event": "task_start", "profile": "A0_THROUGHPUT_ONLY", "run_id": "STRONG_BRIDGE_BACKEND_PROBE__vanilla__e2-vanilla-15c-01__A0_THROUGHPUT_ONLY__seed3", "time": 1783280183.001408}
{"elapsed": 6.8120592499981285, "event": "task_complete", "run_id": "STRONG_BRIDGE_BACKEND_PROBE__vanilla__e2-vanilla-15c-01__A0_THROUGHPUT_ONLY__seed3", "status": "OK", "time": 1783280189.813729}
{"event": "task_start", "profile": "A3_BACKEND_ONLY", "run_id": "STRONG_BRIDGE_BACKEND_PROBE__vanilla__e2-vanilla-15c-01__A3_BACKEND_ONLY__seed3", "time": 1783280189.857236}
{"elapsed": 9.763298375000886, "event": "task_complete", "run_id": "STRONG_BRIDGE_BACKEND_PROBE__vanilla__e2-vanilla-15c-01__A3_BACKEND_ONLY__seed3", "status": "OK", "time": 1783280199.6209211}
{"event": "task_start", "profile": "A0_MAIN_LOCAL_SEARCH", "run_id": "STRONG_BRIDGE_BACKEND_PROBE__vanilla__e2-vanilla-15c-01__A0_MAIN_LOCAL_SEARCH__seed3", "time": 1783280199.6735911}
{"elapsed": 18.0712298330036, "event": "task_complete", "run_id": "STRONG_BRIDGE_BACKEND_PROBE__vanilla__e2-vanilla-15c-01__A0_MAIN_LOCAL_SEARCH__seed3", "status": "OK", "time": 1783280217.745973}
{"event": "task_start", "profile": "A3_BACKEND_LOCAL_SEARCH", "run_id": "STRONG_BRIDGE_BACKEND_PROBE__vanilla__e2-vanilla-15c-01__A3_BACKEND_LOCAL_SEARCH__seed3", "time": 1783280217.793717}
{"elapsed": 9.529032459002337, "event": "task_complete", "run_id": "STRONG_BRIDGE_BACKEND_PROBE__vanilla__e2-vanilla-15c-01__A3_BACKEND_LOCAL_SEARCH__seed3", "status": "OK", "time": 1783280227.323254}
{"event": "task_start", "profile": "LNS_TRACE_REFERENCE", "run_id": "STRONG_BRIDGE_BACKEND_PROBE__vanilla__e2-vanilla-15c-01__LNS_TRACE_REFERENCE__seed3", "time": 1783280227.378818}
{"elapsed": 2.8964059589998215, "event": "task_complete", "run_id": "STRONG_BRIDGE_BACKEND_PROBE__vanilla__e2-vanilla-15c-01__LNS_TRACE_REFERENCE__seed3", "status": "OK", "time": 1783280230.2754078}
{"event": "task_start", "profile": "A0_THROUGHPUT_ONLY", "run_id": "STRONG_BRIDGE_BACKEND_PROBE__vanilla__e2-vanilla-25c-01__A0_THROUGHPUT_ONLY__seed1", "time": 1783280230.2828648}
{"elapsed": 18.137525500002084, "event": "task_complete", "run_id": "STRONG_BRIDGE_BACKEND_PROBE__vanilla__e2-vanilla-25c-01__A0_THROUGHPUT_ONLY__seed1", "status": "OK", "time": 1783280248.421623}
{"event": "task_start", "profile": "A3_BACKEND_ONLY", "run_id": "STRONG_BRIDGE_BACKEND_PROBE__vanilla__e2-vanilla-25c-01__A3_BACKEND_ONLY__seed1", "time": 1783280248.471046}
{"elapsed": 218.30854945899773, "event": "task_complete", "run_id": "STRONG_BRIDGE_BACKEND_PROBE__vanilla__e2-vanilla-150c-01__A3_BACKEND_LOCAL_SEARCH__seed3", "status": "OK", "time": 1783280255.294512}
{"event": "task_start", "profile": "A0_MAIN_LOCAL_SEARCH", "run_id": "STRONG_BRIDGE_BACKEND_PROBE__vanilla__e2-vanilla-25c-01__A0_MAIN_LOCAL_SEARCH__seed1", "time": 1783280255.3464441}
{"elapsed": 26.424687416998495, "event": "task_complete", "run_id": "STRONG_BRIDGE_BACKEND_PROBE__vanilla__e2-vanilla-25c-01__A3_BACKEND_ONLY__seed1", "status": "OK", "time": 1783280274.8969321}
{"event": "task_start", "profile": "A3_BACKEND_LOCAL_SEARCH", "run_id": "STRONG_BRIDGE_BACKEND_PROBE__vanilla__e2-vanilla-25c-01__A3_BACKEND_LOCAL_SEARCH__seed1", "time": 1783280274.940129}
{"elapsed": 22.114733957998396, "event": "task_complete", "run_id": "STRONG_BRIDGE_BACKEND_PROBE__vanilla__e2-vanilla-25c-01__A0_MAIN_LOCAL_SEARCH__seed1", "status": "OK", "time": 1783280277.461971}
{"event": "task_start", "profile": "LNS_TRACE_REFERENCE", "run_id": "STRONG_BRIDGE_BACKEND_PROBE__vanilla__e2-vanilla-25c-01__LNS_TRACE_REFERENCE__seed1", "time": 1783280277.5116348}
{"elapsed": 2.4308607499988284, "event": "task_complete", "run_id": "STRONG_BRIDGE_BACKEND_PROBE__vanilla__e2-vanilla-25c-01__LNS_TRACE_REFERENCE__seed1", "status": "OK", "time": 1783280279.942629}
{"event": "task_start", "profile": "A0_THROUGHPUT_ONLY", "run_id": "STRONG_BRIDGE_BACKEND_PROBE__vanilla__e2-vanilla-25c-01__A0_THROUGHPUT_ONLY__seed2", "time": 1783280279.948821}
{"elapsed": 17.257782916996803, "event": "task_complete", "run_id": "STRONG_BRIDGE_BACKEND_PROBE__vanilla__e2-vanilla-25c-01__A0_THROUGHPUT_ONLY__seed2", "status": "OK", "time": 1783280297.207686}
{"event": "task_start", "profile": "A3_BACKEND_ONLY", "run_id": "STRONG_BRIDGE_BACKEND_PROBE__vanilla__e2-vanilla-25c-01__A3_BACKEND_ONLY__seed2", "time": 1783280297.259416}
{"elapsed": 34.51389533299516, "event": "task_complete", "run_id": "STRONG_BRIDGE_BACKEND_PROBE__vanilla__e2-vanilla-25c-01__A3_BACKEND_LOCAL_SEARCH__seed1", "status": "OK", "time": 1783280309.455633}
{"event": "task_start", "profile": "A0_MAIN_LOCAL_SEARCH", "run_id": "STRONG_BRIDGE_BACKEND_PROBE__vanilla__e2-vanilla-25c-01__A0_MAIN_LOCAL_SEARCH__seed2", "time": 1783280309.5001469}
{"elapsed": 24.539426208000805, "event": "task_complete", "run_id": "STRONG_BRIDGE_BACKEND_PROBE__vanilla__e2-vanilla-25c-01__A3_BACKEND_ONLY__seed2", "status": "OK", "time": 1783280321.8000882}
{"event": "task_start", "profile": "A3_BACKEND_LOCAL_SEARCH", "run_id": "STRONG_BRIDGE_BACKEND_PROBE__vanilla__e2-vanilla-25c-01__A3_BACKEND_LOCAL_SEARCH__seed2", "time": 1783280321.8418581}
{"elapsed": 19.5725419579976, "event": "task_complete", "run_id": "STRONG_BRIDGE_BACKEND_PROBE__vanilla__e2-vanilla-25c-01__A0_MAIN_LOCAL_SEARCH__seed2", "status": "OK", "time": 1783280329.0735202}
{"event": "task_start", "profile": "LNS_TRACE_REFERENCE", "run_id": "STRONG_BRIDGE_BACKEND_PROBE__vanilla__e2-vanilla-25c-01__LNS_TRACE_REFERENCE__seed2", "time": 1783280329.118583}
{"elapsed": 2.086190040994552, "event": "task_complete", "run_id": "STRONG_BRIDGE_BACKEND_PROBE__vanilla__e2-vanilla-25c-01__LNS_TRACE_REFERENCE__seed2", "status": "OK", "time": 1783280331.204896}
{"event": "task_start", "profile": "A0_THROUGHPUT_ONLY", "run_id": "STRONG_BRIDGE_BACKEND_PROBE__vanilla__e2-vanilla-25c-01__A0_THROUGHPUT_ONLY__seed3", "time": 1783280331.210623}
{"elapsed": 16.416112792001513, "event": "task_complete", "run_id": "STRONG_BRIDGE_BACKEND_PROBE__vanilla__e2-vanilla-25c-01__A0_THROUGHPUT_ONLY__seed3", "status": "OK", "time": 1783280347.6280699}
{"event": "task_start", "profile": "A3_BACKEND_ONLY", "run_id": "STRONG_BRIDGE_BACKEND_PROBE__vanilla__e2-vanilla-25c-01__A3_BACKEND_ONLY__seed3", "time": 1783280347.683507}
{"elapsed": 31.8381407919951, "event": "task_complete", "run_id": "STRONG_BRIDGE_BACKEND_PROBE__vanilla__e2-vanilla-25c-01__A3_BACKEND_LOCAL_SEARCH__seed2", "status": "OK", "time": 1783280353.681037}
{"event": "task_start", "profile": "A0_MAIN_LOCAL_SEARCH", "run_id": "STRONG_BRIDGE_BACKEND_PROBE__vanilla__e2-vanilla-25c-01__A0_MAIN_LOCAL_SEARCH__seed3", "time": 1783280353.730637}
{"elapsed": 26.34624920799979, "event": "task_complete", "run_id": "STRONG_BRIDGE_BACKEND_PROBE__vanilla__e2-vanilla-25c-01__A3_BACKEND_ONLY__seed3", "status": "OK", "time": 1783280374.031484}
{"event": "task_start", "profile": "A3_BACKEND_LOCAL_SEARCH", "run_id": "STRONG_BRIDGE_BACKEND_PROBE__vanilla__e2-vanilla-25c-01__A3_BACKEND_LOCAL_SEARCH__seed3", "time": 1783280374.068872}
{"elapsed": 20.487004541006172, "event": "task_complete", "run_id": "STRONG_BRIDGE_BACKEND_PROBE__vanilla__e2-vanilla-25c-01__A0_MAIN_LOCAL_SEARCH__seed3", "status": "OK", "time": 1783280374.2185228}
{"event": "task_start", "profile": "LNS_TRACE_REFERENCE", "run_id": "STRONG_BRIDGE_BACKEND_PROBE__vanilla__e2-vanilla-25c-01__LNS_TRACE_REFERENCE__seed3", "time": 1783280374.259924}
{"elapsed": 2.4817729580026935, "event": "task_complete", "run_id": "STRONG_BRIDGE_BACKEND_PROBE__vanilla__e2-vanilla-25c-01__LNS_TRACE_REFERENCE__seed3", "status": "OK", "time": 1783280376.741905}
{"event": "task_start", "profile": "A0_THROUGHPUT_ONLY", "run_id": "STRONG_BRIDGE_BACKEND_PROBE__vanilla__e2-vanilla-50c-01__A0_THROUGHPUT_ONLY__seed1", "time": 1783280376.750798}
{"elapsed": 30.38929491700401, "event": "task_complete", "run_id": "STRONG_BRIDGE_BACKEND_PROBE__vanilla__e2-vanilla-25c-01__A3_BACKEND_LOCAL_SEARCH__seed3", "status": "OK", "time": 1783280404.4595242}
{"event": "task_start", "profile": "A3_BACKEND_ONLY", "run_id": "STRONG_BRIDGE_BACKEND_PROBE__vanilla__e2-vanilla-50c-01__A3_BACKEND_ONLY__seed1", "time": 1783280404.50866}
{"elapsed": 57.73769720800192, "event": "task_complete", "run_id": "STRONG_BRIDGE_BACKEND_PROBE__vanilla__e2-vanilla-50c-01__A0_THROUGHPUT_ONLY__seed1", "status": "OK", "time": 1783280434.490311}
{"event": "task_start", "profile": "A0_MAIN_LOCAL_SEARCH", "run_id": "STRONG_BRIDGE_BACKEND_PROBE__vanilla__e2-vanilla-50c-01__A0_MAIN_LOCAL_SEARCH__seed1", "time": 1783280434.525824}
{"elapsed": 42.64925595800014, "event": "task_complete", "run_id": "STRONG_BRIDGE_BACKEND_PROBE__vanilla__e2-vanilla-50c-01__A3_BACKEND_ONLY__seed1", "status": "OK", "time": 1783280447.159689}
{"event": "task_start", "profile": "A3_BACKEND_LOCAL_SEARCH", "run_id": "STRONG_BRIDGE_BACKEND_PROBE__vanilla__e2-vanilla-50c-01__A3_BACKEND_LOCAL_SEARCH__seed1", "time": 1783280447.189255}
{"elapsed": 64.49030179199326, "event": "task_complete", "run_id": "STRONG_BRIDGE_BACKEND_PROBE__vanilla__e2-vanilla-50c-01__A3_BACKEND_LOCAL_SEARCH__seed1", "status": "OK", "time": 1783280511.681964}
{"event": "task_start", "profile": "LNS_TRACE_REFERENCE", "run_id": "STRONG_BRIDGE_BACKEND_PROBE__vanilla__e2-vanilla-50c-01__LNS_TRACE_REFERENCE__seed1", "time": 1783280511.707755}
{"elapsed": 1.1613737500010757, "event": "task_complete", "run_id": "STRONG_BRIDGE_BACKEND_PROBE__vanilla__e2-vanilla-50c-01__LNS_TRACE_REFERENCE__seed1", "status": "OK", "time": 1783280512.869202}
{"event": "task_start", "profile": "A0_THROUGHPUT_ONLY", "run_id": "STRONG_BRIDGE_BACKEND_PROBE__vanilla__e2-vanilla-50c-01__A0_THROUGHPUT_ONLY__seed2", "time": 1783280512.8730571}
{"elapsed": 78.72695262499474, "event": "task_complete", "run_id": "STRONG_BRIDGE_BACKEND_PROBE__vanilla__e2-vanilla-50c-01__A0_MAIN_LOCAL_SEARCH__seed1", "status": "OK", "time": 1783280513.255132}
{"event": "task_start", "profile": "A3_BACKEND_ONLY", "run_id": "STRONG_BRIDGE_BACKEND_PROBE__vanilla__e2-vanilla-50c-01__A3_BACKEND_ONLY__seed2", "time": 1783280513.281156}
{"elapsed": 28.89472345800459, "event": "task_complete", "run_id": "STRONG_BRIDGE_BACKEND_PROBE__vanilla__e2-vanilla-50c-01__A3_BACKEND_ONLY__seed2", "status": "OK", "time": 1783280542.177119}
{"event": "task_start", "profile": "A0_MAIN_LOCAL_SEARCH", "run_id": "STRONG_BRIDGE_BACKEND_PROBE__vanilla__e2-vanilla-50c-01__A0_MAIN_LOCAL_SEARCH__seed2", "time": 1783280542.205683}
{"elapsed": 35.961560208001174, "event": "task_complete", "run_id": "STRONG_BRIDGE_BACKEND_PROBE__vanilla__e2-vanilla-50c-01__A0_THROUGHPUT_ONLY__seed2", "status": "OK", "time": 1783280548.835813}
{"event": "task_start", "profile": "A3_BACKEND_LOCAL_SEARCH", "run_id": "STRONG_BRIDGE_BACKEND_PROBE__vanilla__e2-vanilla-50c-01__A3_BACKEND_LOCAL_SEARCH__seed2", "time": 1783280548.869389}
{"elapsed": 57.33379404099833, "event": "task_complete", "run_id": "STRONG_BRIDGE_BACKEND_PROBE__vanilla__e2-vanilla-50c-01__A3_BACKEND_LOCAL_SEARCH__seed2", "status": "OK", "time": 1783280606.205411}
{"event": "task_start", "profile": "LNS_TRACE_REFERENCE", "run_id": "STRONG_BRIDGE_BACKEND_PROBE__vanilla__e2-vanilla-50c-01__LNS_TRACE_REFERENCE__seed2", "time": 1783280606.241087}
{"elapsed": 1.5934745829945314, "event": "task_complete", "run_id": "STRONG_BRIDGE_BACKEND_PROBE__vanilla__e2-vanilla-50c-01__LNS_TRACE_REFERENCE__seed2", "status": "OK", "time": 1783280607.834677}
{"event": "task_start", "profile": "A0_THROUGHPUT_ONLY", "run_id": "STRONG_BRIDGE_BACKEND_PROBE__vanilla__e2-vanilla-50c-01__A0_THROUGHPUT_ONLY__seed3", "time": 1783280607.839982}
{"elapsed": 86.65403766599775, "event": "task_complete", "run_id": "STRONG_BRIDGE_BACKEND_PROBE__vanilla__e2-vanilla-50c-01__A0_MAIN_LOCAL_SEARCH__seed2", "status": "OK", "time": 1783280628.8628008}
{"event": "task_start", "profile": "A3_BACKEND_ONLY", "run_id": "STRONG_BRIDGE_BACKEND_PROBE__vanilla__e2-vanilla-50c-01__A3_BACKEND_ONLY__seed3", "time": 1783280628.89681}
{"elapsed": 613.2204175000006, "event": "task_complete", "run_id": "STRONG_BRIDGE_BACKEND_PROBE__vanilla__e2-vanilla-150c-01__A0_MAIN_LOCAL_SEARCH__seed3", "status": "OK", "time": 1783280643.745134}
{"event": "task_start", "profile": "A0_MAIN_LOCAL_SEARCH", "run_id": "STRONG_BRIDGE_BACKEND_PROBE__vanilla__e2-vanilla-50c-01__A0_MAIN_LOCAL_SEARCH__seed3", "time": 1783280643.782142}
{"elapsed": 38.28803862500354, "event": "task_complete", "run_id": "STRONG_BRIDGE_BACKEND_PROBE__vanilla__e2-vanilla-50c-01__A0_THROUGHPUT_ONLY__seed3", "status": "OK", "time": 1783280646.129289}
{"event": "task_start", "profile": "A3_BACKEND_LOCAL_SEARCH", "run_id": "STRONG_BRIDGE_BACKEND_PROBE__vanilla__e2-vanilla-50c-01__A3_BACKEND_LOCAL_SEARCH__seed3", "time": 1783280646.162352}
{"elapsed": 36.534134834000724, "event": "task_complete", "run_id": "STRONG_BRIDGE_BACKEND_PROBE__vanilla__e2-vanilla-50c-01__A3_BACKEND_ONLY__seed3", "status": "OK", "time": 1783280665.432533}
{"event": "task_start", "profile": "LNS_TRACE_REFERENCE", "run_id": "STRONG_BRIDGE_BACKEND_PROBE__vanilla__e2-vanilla-50c-01__LNS_TRACE_REFERENCE__seed3", "time": 1783280665.4674299}
{"elapsed": 1.7052517080010148, "event": "task_complete", "run_id": "STRONG_BRIDGE_BACKEND_PROBE__vanilla__e2-vanilla-50c-01__LNS_TRACE_REFERENCE__seed3", "status": "OK", "time": 1783280667.172843}
{"elapsed": 61.482619583002815, "event": "task_complete", "run_id": "STRONG_BRIDGE_BACKEND_PROBE__vanilla__e2-vanilla-50c-01__A0_MAIN_LOCAL_SEARCH__seed3", "status": "OK", "time": 1783280705.266759}
{"elapsed": 75.36010637500294, "event": "task_complete", "run_id": "STRONG_BRIDGE_BACKEND_PROBE__vanilla__e2-vanilla-50c-01__A3_BACKEND_LOCAL_SEARCH__seed3", "status": "OK", "time": 1783280721.5250628}
{"event": "complete", "expected": 240, "fail": 0, "rows": 240, "time": 1783280777.5071518, "verdict": "A3_BACKEND_LOCAL_SEARCH_NOT_SUPPORTED"}
