Traceback (most recent call last):
  File "<frozen runpy>", line 198, in _run_module_as_main
  File "<frozen runpy>", line 88, in _run_code
  File "/Volumes/移动硬盘（512G）/ReSETP/baselines/china_e3_e7/run_formal_fleet_levels_xb_20260802.py", line 1868, in <module>
    raise SystemExit(main())
                     ~~~~^^
  File "/Volumes/移动硬盘（512G）/ReSETP/baselines/china_e3_e7/run_formal_fleet_levels_xb_20260802.py", line 1864, in main
    return execute(args.output.resolve(), args.workers)
  File "/Volumes/移动硬盘（512G）/ReSETP/baselines/china_e3_e7/run_formal_fleet_levels_xb_20260802.py", line 1632, in execute
    with ProcessPoolExecutor(
         ~~~~~~~~~~~~~~~~~~~^
        max_workers=int(workers),
        ^^^^^^^^^^^^^^^^^^^^^^^^^
        mp_context=multiprocessing_context,
        ^^^^^^^^^^^^^^^^^^^^^^^^^^^^^^^^^^^
    ) as executor:
    ^
  File "/opt/anaconda3/lib/python3.13/concurrent/futures/process.py", line 651, in __init__
    _check_system_limits()
    ~~~~~~~~~~~~~~~~~~~~^^
  File "/opt/anaconda3/lib/python3.13/concurrent/futures/process.py", line 594, in _check_system_limits
    nsems_max = os.sysconf("SC_SEM_NSEMS_MAX")
PermissionError: [Errno 1] Operation not permitted
