START arm=O seed=1 budget=100 run_id=O_seed1_budget100
DONE arm=O seed=1 budget=100 search=2103.706845610356 full=2116.866866208654 success=35/35 elapsed=4.716s
START arm=C seed=1 budget=100 run_id=C_seed1_budget100
DONE arm=C seed=1 budget=100 search=2189.317220583088 full=2189.317220583088 success=35/35 elapsed=4.632s
START arm=P seed=1 budget=100 run_id=P_seed1_budget100
DONE arm=P seed=1 budget=100 search=2149.591734441078 full=2164.772885253248 success=35/35 elapsed=4.671s
START arm=O seed=2 budget=100 run_id=O_seed2_budget100
DONE arm=O seed=2 budget=100 search=2152.946017544280 full=2168.150729239561 success=35/35 elapsed=4.772s
START arm=C seed=2 budget=100 run_id=C_seed2_budget100
DONE arm=C seed=2 budget=100 search=2175.769966913357 full=2175.769966913357 success=35/35 elapsed=5.056s
START arm=P seed=2 budget=100 run_id=P_seed2_budget100
DONE arm=P seed=2 budget=100 search=2152.946017544280 full=2168.150729239561 success=35/35 elapsed=5.903s
START arm=O seed=3 budget=100 run_id=O_seed3_budget100
DONE arm=O seed=3 budget=100 search=2107.329972962990 full=2120.660396974539 success=35/35 elapsed=6.081s
START arm=C seed=3 budget=100 run_id=C_seed3_budget100
DONE arm=C seed=3 budget=100 search=2036.681341305079 full=2036.681341305079 success=35/35 elapsed=5.849s
START arm=P seed=3 budget=100 run_id=P_seed3_budget100
DONE arm=P seed=3 budget=100 search=2183.815200319094 full=2199.544825114966 success=35/35 elapsed=5.035s
START arm=O seed=1 budget=1000 run_id=O_seed1_budget1000
DONE arm=O seed=1 budget=1000 search=2090.526218128171 full=2103.669112101775 success=62/62 elapsed=19.828s
START arm=C seed=1 budget=1000 run_id=C_seed1_budget1000
DONE arm=C seed=1 budget=1000 search=2090.355195619789 full=2090.355195619789 success=62/62 elapsed=19.593s
START arm=P seed=1 budget=1000 run_id=P_seed1_budget1000
DONE arm=P seed=1 budget=1000 search=2077.918906808934 full=2091.044308780211 success=62/62 elapsed=19.408s
START arm=O seed=2 budget=1000 run_id=O_seed2_budget1000
DONE arm=O seed=2 budget=1000 search=2178.418761296495 full=2194.008240581904 success=61/62 elapsed=17.616s
START arm=C seed=2 budget=1000 run_id=C_seed2_budget1000
