[150c] 1/40 seed=1 arm=STATIC_FIXED_RECOURSE status=LEGAL_INFEASIBLE cost=INFEASIBLE
[150c] 2/40 seed=1 arm=FULL_ROLLING status=LEGAL_INFEASIBLE cost=INFEASIBLE
[150c] 3/40 seed=1 arm=NO_COOPERATION status=LEGAL_INFEASIBLE cost=INFEASIBLE
[150c] 4/40 seed=2 arm=STATIC_FIXED_RECOURSE status=LEGAL_INFEASIBLE cost=INFEASIBLE
[150c] 5/40 seed=2 arm=FULL_ROLLING status=LEGAL_INFEASIBLE cost=INFEASIBLE
[150c] 6/40 seed=1 arm=CARBON_BLIND status=LEGAL_INFEASIBLE cost=INFEASIBLE
[150c] 7/40 seed=2 arm=NO_COOPERATION status=LEGAL_INFEASIBLE cost=INFEASIBLE
[150c] 8/40 seed=3 arm=STATIC_FIXED_RECOURSE status=LEGAL_INFEASIBLE cost=INFEASIBLE
[150c] 9/40 seed=2 arm=CARBON_BLIND status=LEGAL_INFEASIBLE cost=INFEASIBLE
[150c] 10/40 seed=3 arm=FULL_ROLLING status=LEGAL_INFEASIBLE cost=INFEASIBLE
[150c] 11/40 seed=3 arm=NO_COOPERATION status=LEGAL_INFEASIBLE cost=INFEASIBLE
[150c] 12/40 seed=4 arm=STATIC_FIXED_RECOURSE status=LEGAL_INFEASIBLE cost=INFEASIBLE
[150c] 13/40 seed=3 arm=CARBON_BLIND status=LEGAL_INFEASIBLE cost=INFEASIBLE
[150c] 14/40 seed=4 arm=FULL_ROLLING status=LEGAL_INFEASIBLE cost=INFEASIBLE
[150c] 15/40 seed=4 arm=NO_COOPERATION status=LEGAL_INFEASIBLE cost=INFEASIBLE
[150c] 16/40 seed=5 arm=STATIC_FIXED_RECOURSE status=LEGAL_INFEASIBLE cost=INFEASIBLE
[150c] 17/40 seed=5 arm=FULL_ROLLING status=LEGAL_INFEASIBLE cost=INFEASIBLE
[150c] 18/40 seed=5 arm=NO_COOPERATION status=LEGAL_INFEASIBLE cost=INFEASIBLE
[150c] 19/40 seed=4 arm=CARBON_BLIND status=LEGAL_INFEASIBLE cost=INFEASIBLE
[150c] 20/40 seed=6 arm=STATIC_FIXED_RECOURSE status=LEGAL_INFEASIBLE cost=INFEASIBLE
[150c] 21/40 seed=5 arm=CARBON_BLIND status=LEGAL_INFEASIBLE cost=INFEASIBLE
[150c] 22/40 seed=6 arm=FULL_ROLLING status=LEGAL_INFEASIBLE cost=INFEASIBLE
[150c] 23/40 seed=6 arm=NO_COOPERATION status=LEGAL_INFEASIBLE cost=INFEASIBLE
[150c] 24/40 seed=7 arm=STATIC_FIXED_RECOURSE status=LEGAL_INFEASIBLE cost=INFEASIBLE
[150c] 25/40 seed=6 arm=CARBON_BLIND status=LEGAL_INFEASIBLE cost=INFEASIBLE
[150c] 26/40 seed=7 arm=FULL_ROLLING status=LEGAL_INFEASIBLE cost=INFEASIBLE
[150c] 27/40 seed=7 arm=NO_COOPERATION status=LEGAL_INFEASIBLE cost=INFEASIBLE
[150c] 28/40 seed=8 arm=STATIC_FIXED_RECOURSE status=LEGAL_INFEASIBLE cost=INFEASIBLE
[150c] 29/40 seed=7 arm=CARBON_BLIND status=LEGAL_INFEASIBLE cost=INFEASIBLE
[150c] 30/40 seed=8 arm=FULL_ROLLING status=LEGAL_INFEASIBLE cost=INFEASIBLE
[150c] 31/40 seed=8 arm=NO_COOPERATION status=LEGAL_INFEASIBLE cost=INFEASIBLE
[150c] 32/40 seed=9 arm=STATIC_FIXED_RECOURSE status=LEGAL_INFEASIBLE cost=INFEASIBLE
[150c] 33/40 seed=8 arm=CARBON_BLIND status=LEGAL_INFEASIBLE cost=INFEASIBLE
[150c] 34/40 seed=9 arm=FULL_ROLLING status=LEGAL_INFEASIBLE cost=INFEASIBLE
[150c] 35/40 seed=9 arm=NO_COOPERATION status=LEGAL_INFEASIBLE cost=INFEASIBLE
[150c] 36/40 seed=10 arm=STATIC_FIXED_RECOURSE status=LEGAL_INFEASIBLE cost=INFEASIBLE
[150c] 37/40 seed=9 arm=CARBON_BLIND status=LEGAL_INFEASIBLE cost=INFEASIBLE
[150c] 38/40 seed=10 arm=FULL_ROLLING status=LEGAL_INFEASIBLE cost=INFEASIBLE
[150c] 39/40 seed=10 arm=NO_COOPERATION status=LEGAL_INFEASIBLE cost=INFEASIBLE
[150c] 40/40 seed=10 arm=CARBON_BLIND status=LEGAL_INFEASIBLE cost=INFEASIBLE
{
  "schema": "resetp.china81.e7.scale-complete.v3",
  "task_id": "E7-DYNAMIC-V3-20260731",
  "status": "COMPLETE_150c",
  "created_at_utc": "2026-07-30T13:52:14.030332+00:00",
  "scale": "150c",
  "instance_id": "cn-prd-150c-01-V2-LOCATIONS",
  "task_count": 40,
  "feasible_task_count": 0,
  "legal_infeasible_task_count": 40,
  "per_search_pass_cap": 600,
  "per_stage_total_cap": 1200,
  "protected_hashes": {
    "solver/src/setp_solver/cost.py": "2717b4b4de39bb4c2a9a1bda602f4420cb3e3b1e87faa83678dfa64f88fc80be",
    "solver/src/setp_solver/check.py": "9c81e254e05591667c8225965bb9d0ba4e8bbfc53eb0f8c61ffdb4325a1403a8",
    "solver/src/setp_solver/search/evaluation.py": "c7215263c39d1d5a1429b41ca8ac40d950dbdf2bdc288337e56fbe9733406fc3",
    "solver/src/setp_solver/profit.py": "216c4f16f2e26f1c2840fa272adbf1e3ccb056c3de9403dd15b71fa5edfef1dc",
    "baselines/algorithm_prototypes/china81_mechanism_hybrid_20260720/route_pool_sp.py": "976ef21d4952b3c488300de9a8d3e351411305d26f1e2601ca17c15185d462c1",
    "baselines/algorithm_prototypes/china81_mechanism_hybrid_20260720/epochal_hgs.py": "655fa347b52a3e8ac20c5da6213c84b09ac90f96c1513ca95554753aad3f8a91"
  },
  "marker_sha256": "3c5b1314f5e8e30410529f1652356f96f2bc850fd0c77bd45c7f8a5456691c68"
}
