{"event": "task_complete", "run_id": "LNS_POLICY_KERNEL__b4000__multidepot__e2-multidepot-100c-01__LNS_NO_COMMON_FLIP__seed2", "status": "OK", "time": 1783516976.52403}
{"event": "task_complete", "run_id": "LNS_POLICY_KERNEL__b4000__multidepot__e2-multidepot-100c-01__LNS_NO_COMMON_FLIP__seed1", "status": "OK", "time": 1783516996.934889}
{"event": "task_complete", "run_id": "LNS_POLICY_KERNEL__b4000__multidepot__e2-multidepot-100c-01__A13_NO_COMMON_FLIP__seed1", "status": "OK", "time": 1783516997.1661599}
{"event": "task_complete", "run_id": "LNS_POLICY_KERNEL__b4000__multidepot__e2-multidepot-100c-01__A13_NO_COMMON_FLIP__seed2", "status": "OK", "time": 1783517213.409771}
{"event": "task_complete", "run_id": "LNS_POLICY_KERNEL__b4000__multidepot__e2-multidepot-10c-01__LNS_NO_COMMON_FLIP__seed1", "status": "OK", "time": 1783517223.7129998}
{"event": "task_complete", "run_id": "LNS_POLICY_KERNEL__b4000__multidepot__e2-multidepot-100c-01__A13_NO_COMMON_FLIP__seed3", "status": "OK", "time": 1783517232.617934}
{"event": "task_complete", "run_id": "LNS_POLICY_KERNEL__b4000__multidepot__e2-multidepot-100c-01__LNS_NO_COMMON_FLIP__seed3", "status": "OK", "time": 1783517233.139178}
{"event": "task_complete", "run_id": "LNS_POLICY_KERNEL__b4000__multidepot__e2-multidepot-10c-01__A13_NO_COMMON_FLIP__seed1", "status": "OK", "time": 1783517234.2109098}
{"event": "task_complete", "run_id": "LNS_POLICY_KERNEL__b4000__multidepot__e2-multidepot-10c-01__LNS_NO_COMMON_FLIP__seed2", "status": "OK", "time": 1783517243.128148}
{"event": "task_complete", "run_id": "LNS_POLICY_KERNEL__b4000__multidepot__e2-multidepot-10c-01__LNS_NO_COMMON_FLIP__seed3", "status": "OK", "time": 1783517243.457061}
{"event": "task_complete", "run_id": "LNS_POLICY_KERNEL__b4000__multidepot__e2-multidepot-10c-01__A13_NO_COMMON_FLIP__seed2", "status": "OK", "time": 1783517243.838119}
{"event": "task_complete", "run_id": "LNS_POLICY_KERNEL__b4000__multidepot__e2-multidepot-10c-01__A13_NO_COMMON_FLIP__seed3", "status": "OK", "time": 1783517277.469732}
{"event": "task_complete", "run_id": "LNS_POLICY_KERNEL__b4000__multidepot__e2-multidepot-150c-01__A13_NO_COMMON_FLIP__seed1", "status": "OK", "time": 1783517601.187186}
{"event": "task_complete", "run_id": "LNS_POLICY_KERNEL__b4000__multidepot__e2-multidepot-150c-01__LNS_NO_COMMON_FLIP__seed1", "status": "OK", "time": 1783517601.54319}
{"event": "task_complete", "run_id": "LNS_POLICY_KERNEL__b4000__multidepot__e2-multidepot-15c-01__A13_NO_COMMON_FLIP__seed1", "status": "OK", "time": 1783520399.203539}
{"event": "task_complete", "run_id": "LNS_POLICY_KERNEL__b4000__multidepot__e2-multidepot-15c-01__LNS_NO_COMMON_FLIP__seed1", "status": "OK", "time": 1783520399.273279}
{"event": "task_complete", "run_id": "LNS_POLICY_KERNEL__b4000__multidepot__e2-multidepot-15c-01__LNS_NO_COMMON_FLIP__seed2", "status": "OK", "time": 1783520415.179893}
{"event": "task_complete", "run_id": "LNS_POLICY_KERNEL__b4000__multidepot__e2-multidepot-15c-01__A13_NO_COMMON_FLIP__seed2", "status": "OK", "time": 1783520415.419874}
{"event": "task_complete", "run_id": "LNS_POLICY_KERNEL__b4000__multidepot__e2-multidepot-15c-01__LNS_NO_COMMON_FLIP__seed3", "status": "OK", "time": 1783520438.9267452}
{"event": "task_complete", "run_id": "LNS_POLICY_KERNEL__b4000__multidepot__e2-multidepot-15c-01__A13_NO_COMMON_FLIP__seed3", "status": "OK", "time": 1783520439.3007748}
{"event": "task_complete", "run_id": "LNS_POLICY_KERNEL__b4000__multidepot__e2-multidepot-20c-01__LNS_NO_COMMON_FLIP__seed1", "status": "OK", "time": 1783520501.411826}
{"event": "task_complete", "run_id": "LNS_POLICY_KERNEL__b4000__multidepot__e2-multidepot-20c-01__A13_NO_COMMON_FLIP__seed1", "status": "OK", "time": 1783520502.321114}
{"event": "task_complete", "run_id": "LNS_POLICY_KERNEL__b4000__multidepot__e2-multidepot-20c-01__LNS_NO_COMMON_FLIP__seed2", "status": "OK", "time": 1783520553.988205}
{"event": "task_complete", "run_id": "LNS_POLICY_KERNEL__b4000__multidepot__e2-multidepot-20c-01__A13_NO_COMMON_FLIP__seed2", "status": "OK", "time": 1783520556.218934}
{"event": "task_complete", "run_id": "LNS_POLICY_KERNEL__b4000__multidepot__e2-multidepot-20c-01__LNS_NO_COMMON_FLIP__seed3", "status": "OK", "time": 1783520607.33743}
{"event": "task_complete", "run_id": "LNS_POLICY_KERNEL__b4000__multidepot__e2-multidepot-20c-01__A13_NO_COMMON_FLIP__seed3", "status": "OK", "time": 1783520610.1878731}
{"event": "task_complete", "run_id": "LNS_POLICY_KERNEL__b4000__multidepot__e2-multidepot-50c-01__LNS_NO_COMMON_FLIP__seed1", "status": "OK", "time": 1783520867.9046988}
{"event": "task_complete", "run_id": "LNS_POLICY_KERNEL__b4000__multidepot__e2-multidepot-50c-01__A13_NO_COMMON_FLIP__seed1", "status": "OK", "time": 1783520870.681532}
{"event": "task_complete", "run_id": "LNS_POLICY_KERNEL__b4000__multidepot__e2-multidepot-50c-01__LNS_NO_COMMON_FLIP__seed2", "status": "OK", "time": 1783521104.454106}
{"event": "task_complete", "run_id": "LNS_POLICY_KERNEL__b4000__multidepot__e2-multidepot-50c-01__A13_NO_COMMON_FLIP__seed2", "status": "OK", "time": 1783521107.543342}
{"event": "task_complete", "run_id": "LNS_POLICY_KERNEL__b4000__multidepot__e2-multidepot-150c-01__A13_NO_COMMON_FLIP__seed2", "status": "OK", "time": 1783521185.0010052}
{"event": "task_complete", "run_id": "LNS_POLICY_KERNEL__b4000__multidepot__e2-multidepot-150c-01__LNS_NO_COMMON_FLIP__seed2", "status": "OK", "time": 1783521187.344339}
{"event": "task_complete", "run_id": "LNS_POLICY_KERNEL__b4000__multidepot__e2-multidepot-150c-01__A13_NO_COMMON_FLIP__seed3", "status": "OK", "time": 1783521215.0819259}
{"event": "task_complete", "run_id": "LNS_POLICY_KERNEL__b4000__multidepot__e2-multidepot-150c-01__LNS_NO_COMMON_FLIP__seed3", "status": "OK", "time": 1783521219.866921}
{"event": "task_complete", "run_id": "LNS_POLICY_KERNEL__b4000__multidepot__e2-multidepot-50c-01__LNS_NO_COMMON_FLIP__seed3", "status": "OK", "time": 1783521331.697815}
{"event": "task_complete", "run_id": "LNS_POLICY_KERNEL__b4000__multidepot__e2-multidepot-50c-01__A13_NO_COMMON_FLIP__seed3", "status": "OK", "time": 1783521332.605679}
{"event": "task_complete", "run_id": "LNS_POLICY_KERNEL__b4000__multidepot__e2-multidepot-75c-01__LNS_NO_COMMON_FLIP__seed1", "status": "OK", "time": 1783521425.71917}
{"event": "task_complete", "run_id": "LNS_POLICY_KERNEL__b4000__multidepot__e2-multidepot-75c-01__A13_NO_COMMON_FLIP__seed1", "status": "OK", "time": 1783521427.906865}
{"event": "task_complete", "run_id": "LNS_POLICY_KERNEL__b4000__multidepot__e2-multidepot-75c-01__LNS_NO_COMMON_FLIP__seed2", "status": "OK", "time": 1783521434.424983}
{"event": "task_complete", "run_id": "LNS_POLICY_KERNEL__b4000__multidepot__e2-multidepot-75c-01__A13_NO_COMMON_FLIP__seed2", "status": "OK", "time": 1783521437.617476}
{"event": "task_complete", "run_id": "LNS_POLICY_KERNEL__b4000__multidepot__e2-multidepot-75c-01__A13_NO_COMMON_FLIP__seed3", "status": "OK", "time": 1783521530.143082}
{"event": "task_complete", "run_id": "LNS_POLICY_KERNEL__b4000__multidepot__e2-multidepot-75c-01__LNS_NO_COMMON_FLIP__seed3", "status": "OK", "time": 1783521530.3665018}
{"event": "task_complete", "run_id": "LNS_POLICY_KERNEL__b4000__threeshift__e2-threeshift-100c-01__LNS_NO_COMMON_FLIP__seed1", "status": "OK", "time": 1783521687.4464839}
{"event": "task_complete", "run_id": "LNS_POLICY_KERNEL__b4000__threeshift__e2-threeshift-100c-01__A13_NO_COMMON_FLIP__seed1", "status": "OK", "time": 1783521688.726729}
{"event": "task_complete", "run_id": "LNS_POLICY_KERNEL__b4000__threeshift__e2-threeshift-100c-01__LNS_NO_COMMON_FLIP__seed2", "status": "OK", "time": 1783521746.15961}
{"event": "task_complete", "run_id": "LNS_POLICY_KERNEL__b4000__threeshift__e2-threeshift-100c-01__A13_NO_COMMON_FLIP__seed2", "status": "OK", "time": 1783521749.841831}
{"event": "task_complete", "run_id": "LNS_POLICY_KERNEL__b4000__threeshift__e2-threeshift-100c-01__LNS_NO_COMMON_FLIP__seed3", "status": "OK", "time": 1783521780.055257}
{"event": "task_complete", "run_id": "LNS_POLICY_KERNEL__b4000__threeshift__e2-threeshift-100c-01__A13_NO_COMMON_FLIP__seed3", "status": "OK", "time": 1783521782.109426}
{"event": "task_complete", "run_id": "LNS_POLICY_KERNEL__b4000__threeshift__e2-threeshift-150c-01__LNS_NO_COMMON_FLIP__seed1", "status": "OK", "time": 1783522049.367808}
{"event": "task_complete", "run_id": "LNS_POLICY_KERNEL__b4000__threeshift__e2-threeshift-150c-01__A13_NO_COMMON_FLIP__seed1", "status": "OK", "time": 1783522051.0625489}
{"event": "task_complete", "run_id": "LNS_POLICY_KERNEL__b4000__threeshift__e2-threeshift-150c-01__LNS_NO_COMMON_FLIP__seed2", "status": "OK", "time": 1783522137.308875}
{"event": "task_complete", "run_id": "LNS_POLICY_KERNEL__b4000__threeshift__e2-threeshift-150c-01__A13_NO_COMMON_FLIP__seed2", "status": "OK", "time": 1783522142.13642}
{"event": "task_complete", "run_id": "LNS_POLICY_KERNEL__b4000__threeshift__e2-threeshift-50c-01__LNS_NO_COMMON_FLIP__seed1", "status": "OK", "time": 1783522190.9667819}
{"event": "task_complete", "run_id": "LNS_POLICY_KERNEL__b4000__threeshift__e2-threeshift-50c-01__A13_NO_COMMON_FLIP__seed1", "status": "OK", "time": 1783522193.20841}
{"event": "task_complete", "run_id": "LNS_POLICY_KERNEL__b4000__threeshift__e2-threeshift-150c-01__LNS_NO_COMMON_FLIP__seed3", "status": "OK", "time": 1783522204.889117}
{"event": "task_complete", "run_id": "LNS_POLICY_KERNEL__b4000__threeshift__e2-threeshift-150c-01__A13_NO_COMMON_FLIP__seed3", "status": "OK", "time": 1783522209.361273}
{"event": "task_complete", "run_id": "LNS_POLICY_KERNEL__b4000__threeshift__e2-threeshift-50c-01__LNS_NO_COMMON_FLIP__seed2", "status": "OK", "time": 1783522284.4960809}
{"event": "task_complete", "run_id": "LNS_POLICY_KERNEL__b4000__threeshift__e2-threeshift-50c-01__A13_NO_COMMON_FLIP__seed2", "status": "OK", "time": 1783522290.3266501}
{"event": "task_complete", "run_id": "LNS_POLICY_KERNEL__b4000__threeshift__e2-threeshift-50c-01__LNS_NO_COMMON_FLIP__seed3", "status": "OK", "time": 1783522325.51984}
{"event": "task_complete", "run_id": "LNS_POLICY_KERNEL__b4000__threeshift__e2-threeshift-50c-01__A13_NO_COMMON_FLIP__seed3", "status": "OK", "time": 1783522327.9219189}
{"event": "task_complete", "run_id": "LNS_POLICY_KERNEL__b4000__threeshift__e2-threeshift-75c-01__LNS_NO_COMMON_FLIP__seed1", "status": "OK", "time": 1783522412.3894668}
{"event": "task_complete", "run_id": "LNS_POLICY_KERNEL__b4000__threeshift__e2-threeshift-75c-01__A13_NO_COMMON_FLIP__seed1", "status": "OK", "time": 1783522417.605273}
{"event": "task_complete", "run_id": "LNS_POLICY_KERNEL__b4000__threeshift__e2-threeshift-75c-01__LNS_NO_COMMON_FLIP__seed2", "status": "OK", "time": 1783522498.223531}
{"event": "task_complete", "run_id": "LNS_POLICY_KERNEL__b4000__threeshift__e2-threeshift-75c-01__A13_NO_COMMON_FLIP__seed2", "status": "OK", "time": 1783522504.211665}
{"event": "task_complete", "run_id": "LNS_POLICY_KERNEL__b4000__threeshift__e2-threeshift-75c-01__LNS_NO_COMMON_FLIP__seed3", "status": "OK", "time": 1783522539.494794}
{"event": "task_complete", "run_id": "LNS_POLICY_KERNEL__b4000__threeshift__e2-threeshift-75c-01__A13_NO_COMMON_FLIP__seed3", "status": "OK", "time": 1783522541.406655}
{"event": "task_complete", "run_id": "LNS_POLICY_KERNEL__b4000__vanilla__e2-vanilla-100c-01__LNS_NO_COMMON_FLIP__seed1", "status": "OK", "time": 1783522637.877152}
{"event": "task_complete", "run_id": "LNS_POLICY_KERNEL__b4000__vanilla__e2-vanilla-100c-01__A13_NO_COMMON_FLIP__seed1", "status": "OK", "time": 1783522643.081055}
{"event": "task_complete", "run_id": "LNS_POLICY_KERNEL__b4000__vanilla__e2-vanilla-100c-01__LNS_NO_COMMON_FLIP__seed2", "status": "OK", "time": 1783522776.1646972}
{"event": "task_complete", "run_id": "LNS_POLICY_KERNEL__b4000__vanilla__e2-vanilla-100c-01__A13_NO_COMMON_FLIP__seed2", "status": "OK", "time": 1783522782.5098162}
{"event": "task_complete", "run_id": "LNS_POLICY_KERNEL__b4000__vanilla__e2-vanilla-100c-01__LNS_NO_COMMON_FLIP__seed3", "status": "OK", "time": 1783522782.72503}
{"event": "task_complete", "run_id": "LNS_POLICY_KERNEL__b4000__vanilla__e2-vanilla-100c-01__A13_NO_COMMON_FLIP__seed3", "status": "OK", "time": 1783522785.536216}
{"event": "task_complete", "run_id": "LNS_POLICY_KERNEL__b4000__vanilla__e2-vanilla-150c-01__LNS_NO_COMMON_FLIP__seed1", "status": "OK", "time": 1783523080.1190112}
{"event": "task_complete", "run_id": "LNS_POLICY_KERNEL__b4000__vanilla__e2-vanilla-150c-01__A13_NO_COMMON_FLIP__seed1", "status": "OK", "time": 1783523088.912805}
{"event": "task_complete", "run_id": "LNS_POLICY_KERNEL__b4000__vanilla__e2-vanilla-15c-01__LNS_NO_COMMON_FLIP__seed1", "status": "OK", "time": 1783523091.4831948}
{"event": "task_complete", "run_id": "LNS_POLICY_KERNEL__b4000__vanilla__e2-vanilla-15c-01__A13_NO_COMMON_FLIP__seed1", "status": "OK", "time": 1783523099.024808}
{"event": "task_complete", "run_id": "LNS_POLICY_KERNEL__b4000__vanilla__e2-vanilla-15c-01__LNS_NO_COMMON_FLIP__seed2", "status": "OK", "time": 1783523101.0171552}
{"event": "task_complete", "run_id": "LNS_POLICY_KERNEL__b4000__vanilla__e2-vanilla-15c-01__A13_NO_COMMON_FLIP__seed2", "status": "OK", "time": 1783523108.506037}
{"event": "task_complete", "run_id": "LNS_POLICY_KERNEL__b4000__vanilla__e2-vanilla-15c-01__LNS_NO_COMMON_FLIP__seed3", "status": "OK", "time": 1783523111.4156}
{"event": "task_complete", "run_id": "LNS_POLICY_KERNEL__b4000__vanilla__e2-vanilla-15c-01__A13_NO_COMMON_FLIP__seed3", "status": "OK", "time": 1783523118.76952}
{"event": "task_complete", "run_id": "LNS_POLICY_KERNEL__b4000__vanilla__e2-vanilla-25c-01__LNS_NO_COMMON_FLIP__seed1", "status": "OK", "time": 1783523155.40402}
{"event": "task_complete", "run_id": "LNS_POLICY_KERNEL__b4000__vanilla__e2-vanilla-25c-01__A13_NO_COMMON_FLIP__seed1", "status": "OK", "time": 1783523162.693596}
{"event": "task_complete", "run_id": "LNS_POLICY_KERNEL__b4000__vanilla__e2-vanilla-150c-01__LNS_NO_COMMON_FLIP__seed2", "status": "OK", "time": 1783523183.898255}
{"event": "task_complete", "run_id": "LNS_POLICY_KERNEL__b4000__vanilla__e2-vanilla-150c-01__LNS_NO_COMMON_FLIP__seed3", "status": "OK", "time": 1783523186.3332028}
{"event": "task_complete", "run_id": "LNS_POLICY_KERNEL__b4000__vanilla__e2-vanilla-150c-01__A13_NO_COMMON_FLIP__seed3", "status": "OK", "time": 1783523189.300221}
{"event": "task_complete", "run_id": "LNS_POLICY_KERNEL__b4000__vanilla__e2-vanilla-150c-01__A13_NO_COMMON_FLIP__seed2", "status": "OK", "time": 1783523192.947561}
{"event": "task_complete", "run_id": "LNS_POLICY_KERNEL__b4000__vanilla__e2-vanilla-25c-01__LNS_NO_COMMON_FLIP__seed2", "status": "OK", "time": 1783523200.5976782}
{"event": "task_complete", "run_id": "LNS_POLICY_KERNEL__b4000__vanilla__e2-vanilla-25c-01__A13_NO_COMMON_FLIP__seed2", "status": "OK", "time": 1783523209.106974}
{"event": "task_complete", "run_id": "LNS_POLICY_KERNEL__b4000__vanilla__e2-vanilla-25c-01__LNS_NO_COMMON_FLIP__seed3", "status": "OK", "time": 1783523232.9962292}
{"event": "task_complete", "run_id": "LNS_POLICY_KERNEL__b4000__vanilla__e2-vanilla-25c-01__A13_NO_COMMON_FLIP__seed3", "status": "OK", "time": 1783523235.212008}
{"event": "task_complete", "run_id": "LNS_POLICY_KERNEL__b4000__vanilla__e2-vanilla-50c-01__LNS_NO_COMMON_FLIP__seed2", "status": "OK", "time": 1783523341.6228511}
{"event": "task_complete", "run_id": "LNS_POLICY_KERNEL__b4000__vanilla__e2-vanilla-50c-01__LNS_NO_COMMON_FLIP__seed3", "status": "OK", "time": 1783523345.64396}
{"event": "task_complete", "run_id": "LNS_POLICY_KERNEL__b4000__vanilla__e2-vanilla-50c-01__A13_NO_COMMON_FLIP__seed3", "status": "OK", "time": 1783523347.256109}
{"event": "task_complete", "run_id": "LNS_POLICY_KERNEL__b4000__vanilla__e2-vanilla-50c-01__A13_NO_COMMON_FLIP__seed2", "status": "OK", "time": 1783523348.811876}
{"event": "task_complete", "run_id": "LNS_POLICY_KERNEL__b4000__vanilla__e2-vanilla-50c-01__LNS_NO_COMMON_FLIP__seed1", "status": "OK", "time": 1783523352.276073}
{"event": "task_complete", "run_id": "LNS_POLICY_KERNEL__b4000__vanilla__e2-vanilla-50c-01__A13_NO_COMMON_FLIP__seed1", "status": "OK", "time": 1783523354.77624}
{"event": "task_complete", "run_id": "LNS_POLICY_KERNEL__b4000__multidepot__e2-multidepot-100c-01__LNS_FORMAL_COMMON_FLIP__seed3", "status": "OK", "time": 1783523612.850324}
{"event": "task_complete", "run_id": "LNS_POLICY_KERNEL__b4000__multidepot__e2-multidepot-100c-01__A13_COMMON_FLIP__seed3", "status": "OK", "time": 1783523612.940162}
{"event": "task_complete", "run_id": "LNS_POLICY_KERNEL__b4000__multidepot__e2-multidepot-100c-01__LNS_FORMAL_COMMON_FLIP__seed2", "status": "OK", "time": 1783523620.390527}
{"event": "task_complete", "run_id": "LNS_POLICY_KERNEL__b4000__multidepot__e2-multidepot-100c-01__A13_COMMON_FLIP__seed2", "status": "OK", "time": 1783523621.1237829}
{"event": "task_complete", "run_id": "LNS_POLICY_KERNEL__b4000__multidepot__e2-multidepot-10c-01__LNS_FORMAL_COMMON_FLIP__seed1", "status": "OK", "time": 1783523622.907294}
{"event": "task_complete", "run_id": "LNS_POLICY_KERNEL__b4000__multidepot__e2-multidepot-10c-01__A13_COMMON_FLIP__seed1", "status": "OK", "time": 1783523622.924918}
{"event": "task_complete", "run_id": "LNS_POLICY_KERNEL__b4000__multidepot__e2-multidepot-10c-01__LNS_FORMAL_COMMON_FLIP__seed2", "status": "OK", "time": 1783523630.0562282}
{"event": "task_complete", "run_id": "LNS_POLICY_KERNEL__b4000__multidepot__e2-multidepot-10c-01__A13_COMMON_FLIP__seed2", "status": "OK", "time": 1783523630.776172}
{"event": "task_complete", "run_id": "LNS_POLICY_KERNEL__b4000__multidepot__e2-multidepot-10c-01__LNS_FORMAL_COMMON_FLIP__seed3", "status": "OK", "time": 1783523631.38242}
{"event": "task_complete", "run_id": "LNS_POLICY_KERNEL__b4000__multidepot__e2-multidepot-10c-01__A13_COMMON_FLIP__seed3", "status": "OK", "time": 1783523631.4936802}
{"event": "task_complete", "run_id": "LNS_POLICY_KERNEL__b4000__multidepot__e2-multidepot-100c-01__LNS_FORMAL_COMMON_FLIP__seed1", "status": "OK", "time": 1783523649.786423}
{"event": "task_complete", "run_id": "LNS_POLICY_KERNEL__b4000__multidepot__e2-multidepot-100c-01__A13_COMMON_FLIP__seed1", "status": "OK", "time": 1783523650.100238}
{"event": "task_complete", "run_id": "LNS_POLICY_KERNEL__b4000__multidepot__e2-multidepot-150c-01__LNS_FORMAL_COMMON_FLIP__seed1", "status": "OK", "time": 1783524059.0846562}
{"event": "task_complete", "run_id": "LNS_POLICY_KERNEL__b4000__multidepot__e2-multidepot-150c-01__A13_COMMON_FLIP__seed1", "status": "OK", "time": 1783524061.37288}
{"event": "task_complete", "run_id": "LNS_POLICY_KERNEL__b4000__multidepot__e2-multidepot-15c-01__LNS_FORMAL_COMMON_FLIP__seed1", "status": "OK", "time": 1783524068.122375}
{"event": "task_complete", "run_id": "LNS_POLICY_KERNEL__b4000__multidepot__e2-multidepot-15c-01__A13_COMMON_FLIP__seed1", "status": "OK", "time": 1783524070.3218718}
{"event": "task_complete", "run_id": "LNS_POLICY_KERNEL__b4000__multidepot__e2-multidepot-150c-01__LNS_FORMAL_COMMON_FLIP__seed2", "status": "OK", "time": 1783524075.3438349}
{"event": "task_complete", "run_id": "LNS_POLICY_KERNEL__b4000__multidepot__e2-multidepot-150c-01__A13_COMMON_FLIP__seed2", "status": "OK", "time": 1783524075.943288}
{"event": "task_complete", "run_id": "LNS_POLICY_KERNEL__b4000__multidepot__e2-multidepot-15c-01__LNS_FORMAL_COMMON_FLIP__seed2", "status": "OK", "time": 1783524077.312008}
{"event": "task_complete", "run_id": "LNS_POLICY_KERNEL__b4000__multidepot__e2-multidepot-15c-01__A13_COMMON_FLIP__seed2", "status": "OK", "time": 1783524079.383856}
{"event": "task_complete", "run_id": "LNS_POLICY_KERNEL__b4000__multidepot__e2-multidepot-15c-01__LNS_FORMAL_COMMON_FLIP__seed3", "status": "OK", "time": 1783524089.140408}
{"event": "task_complete", "run_id": "LNS_POLICY_KERNEL__b4000__multidepot__e2-multidepot-15c-01__A13_COMMON_FLIP__seed3", "status": "OK", "time": 1783524089.594482}
{"event": "task_complete", "run_id": "LNS_POLICY_KERNEL__b4000__multidepot__e2-multidepot-20c-01__LNS_FORMAL_COMMON_FLIP__seed1", "status": "OK", "time": 1783524113.663369}
{"event": "task_complete", "run_id": "LNS_POLICY_KERNEL__b4000__multidepot__e2-multidepot-20c-01__A13_COMMON_FLIP__seed1", "status": "OK", "time": 1783524116.2666152}
{"event": "task_complete", "run_id": "LNS_POLICY_KERNEL__b4000__multidepot__e2-multidepot-150c-01__LNS_FORMAL_COMMON_FLIP__seed3", "status": "OK", "time": 1783524117.6514611}
{"event": "task_complete", "run_id": "LNS_POLICY_KERNEL__b4000__multidepot__e2-multidepot-150c-01__A13_COMMON_FLIP__seed3", "status": "OK", "time": 1783524118.38163}
{"event": "task_complete", "run_id": "LNS_POLICY_KERNEL__b4000__multidepot__e2-multidepot-20c-01__LNS_FORMAL_COMMON_FLIP__seed2", "status": "OK", "time": 1783524120.050404}
{"event": "task_complete", "run_id": "LNS_POLICY_KERNEL__b4000__multidepot__e2-multidepot-20c-01__A13_COMMON_FLIP__seed2", "status": "OK", "time": 1783524120.545077}
{"event": "task_complete", "run_id": "LNS_POLICY_KERNEL__b4000__multidepot__e2-multidepot-20c-01__LNS_FORMAL_COMMON_FLIP__seed3", "status": "OK", "time": 1783524144.794986}
{"event": "task_complete", "run_id": "LNS_POLICY_KERNEL__b4000__multidepot__e2-multidepot-20c-01__A13_COMMON_FLIP__seed3", "status": "OK", "time": 1783524147.377564}
{"event": "task_complete", "run_id": "LNS_POLICY_KERNEL__b4000__multidepot__e2-multidepot-50c-01__A13_COMMON_FLIP__seed2", "status": "OK", "time": 1783524270.387499}
{"event": "task_complete", "run_id": "LNS_POLICY_KERNEL__b4000__multidepot__e2-multidepot-50c-01__LNS_FORMAL_COMMON_FLIP__seed2", "status": "OK", "time": 1783524270.40078}
{"event": "task_complete", "run_id": "LNS_POLICY_KERNEL__b4000__multidepot__e2-multidepot-50c-01__LNS_FORMAL_COMMON_FLIP__seed1", "status": "OK", "time": 1783524281.867866}
{"event": "task_complete", "run_id": "LNS_POLICY_KERNEL__b4000__multidepot__e2-multidepot-50c-01__A13_COMMON_FLIP__seed1", "status": "OK", "time": 1783524282.0786}
{"event": "task_complete", "run_id": "LNS_POLICY_KERNEL__b4000__multidepot__e2-multidepot-50c-01__LNS_FORMAL_COMMON_FLIP__seed3", "status": "OK", "time": 1783524317.6514828}
{"event": "task_complete", "run_id": "LNS_POLICY_KERNEL__b4000__multidepot__e2-multidepot-50c-01__A13_COMMON_FLIP__seed3", "status": "OK", "time": 1783524320.49232}
{"event": "task_complete", "run_id": "LNS_POLICY_KERNEL__b4000__multidepot__e2-multidepot-75c-01__LNS_FORMAL_COMMON_FLIP__seed1", "status": "OK", "time": 1783524470.468981}
{"event": "task_complete", "run_id": "LNS_POLICY_KERNEL__b4000__multidepot__e2-multidepot-75c-01__A13_COMMON_FLIP__seed2", "status": "OK", "time": 1783524470.701563}
{"event": "task_complete", "run_id": "LNS_POLICY_KERNEL__b4000__multidepot__e2-multidepot-75c-01__A13_COMMON_FLIP__seed1", "status": "OK", "time": 1783524470.875649}
{"event": "task_complete", "run_id": "LNS_POLICY_KERNEL__b4000__multidepot__e2-multidepot-75c-01__LNS_FORMAL_COMMON_FLIP__seed2", "status": "OK", "time": 1783524471.825378}
{"event": "task_complete", "run_id": "LNS_POLICY_KERNEL__b4000__multidepot__e2-multidepot-75c-01__LNS_FORMAL_COMMON_FLIP__seed3", "status": "OK", "time": 1783524513.898767}
{"event": "task_complete", "run_id": "LNS_POLICY_KERNEL__b4000__multidepot__e2-multidepot-75c-01__A13_COMMON_FLIP__seed3", "status": "OK", "time": 1783524516.873319}
{"event": "task_complete", "run_id": "LNS_POLICY_KERNEL__b4000__threeshift__e2-threeshift-100c-01__LNS_FORMAL_COMMON_FLIP__seed1", "status": "OK", "time": 1783524737.919701}
{"event": "task_complete", "run_id": "LNS_POLICY_KERNEL__b4000__threeshift__e2-threeshift-100c-01__A13_COMMON_FLIP__seed1", "status": "OK", "time": 1783524738.745058}
{"event": "task_complete", "run_id": "LNS_POLICY_KERNEL__b4000__threeshift__e2-threeshift-100c-01__LNS_FORMAL_COMMON_FLIP__seed3", "status": "OK", "time": 1783524771.9634151}
{"event": "task_complete", "run_id": "LNS_POLICY_KERNEL__b4000__threeshift__e2-threeshift-100c-01__A13_COMMON_FLIP__seed3", "status": "OK", "time": 1783524775.7491891}
{"event": "task_complete", "run_id": "LNS_POLICY_KERNEL__b4000__threeshift__e2-threeshift-100c-01__LNS_FORMAL_COMMON_FLIP__seed2", "status": "OK", "time": 1783524792.879596}
{"event": "task_complete", "run_id": "LNS_POLICY_KERNEL__b4000__threeshift__e2-threeshift-100c-01__A13_COMMON_FLIP__seed2", "status": "OK", "time": 1783524793.2201312}
{"event": "task_complete", "run_id": "LNS_POLICY_KERNEL__b4000__threeshift__e2-threeshift-150c-01__LNS_FORMAL_COMMON_FLIP__seed1", "status": "OK", "time": 1783525178.232461}
{"event": "task_complete", "run_id": "LNS_POLICY_KERNEL__b4000__threeshift__e2-threeshift-150c-01__A13_COMMON_FLIP__seed1", "status": "OK", "time": 1783525179.092078}
{"event": "task_complete", "run_id": "LNS_POLICY_KERNEL__b4000__threeshift__e2-threeshift-150c-01__LNS_FORMAL_COMMON_FLIP__seed2", "status": "OK", "time": 1783525249.0044959}
{"event": "task_complete", "run_id": "LNS_POLICY_KERNEL__b4000__threeshift__e2-threeshift-150c-01__A13_COMMON_FLIP__seed2", "status": "OK", "time": 1783525254.556502}
{"event": "task_complete", "run_id": "LNS_POLICY_KERNEL__b4000__threeshift__e2-threeshift-150c-01__LNS_FORMAL_COMMON_FLIP__seed3", "status": "OK", "time": 1783525305.90491}
{"event": "task_complete", "run_id": "LNS_POLICY_KERNEL__b4000__threeshift__e2-threeshift-150c-01__A13_COMMON_FLIP__seed3", "status": "OK", "time": 1783525307.058675}
{"event": "task_complete", "run_id": "LNS_POLICY_KERNEL__b4000__threeshift__e2-threeshift-50c-01__LNS_FORMAL_COMMON_FLIP__seed1", "status": "OK", "time": 1783525330.550616}
{"event": "task_complete", "run_id": "LNS_POLICY_KERNEL__b4000__threeshift__e2-threeshift-50c-01__A13_COMMON_FLIP__seed1", "status": "OK", "time": 1783525331.4785972}
{"event": "task_complete", "run_id": "LNS_POLICY_KERNEL__b4000__threeshift__e2-threeshift-50c-01__LNS_FORMAL_COMMON_FLIP__seed2", "status": "OK", "time": 1783525398.306978}
{"event": "task_complete", "run_id": "LNS_POLICY_KERNEL__b4000__threeshift__e2-threeshift-50c-01__A13_COMMON_FLIP__seed2", "status": "OK", "time": 1783525404.2617111}
{"event": "task_complete", "run_id": "LNS_POLICY_KERNEL__b4000__threeshift__e2-threeshift-50c-01__LNS_FORMAL_COMMON_FLIP__seed3", "status": "OK", "time": 1783525441.0808861}
{"event": "task_complete", "run_id": "LNS_POLICY_KERNEL__b4000__threeshift__e2-threeshift-50c-01__A13_COMMON_FLIP__seed3", "status": "OK", "time": 1783525442.116651}
{"event": "task_complete", "run_id": "LNS_POLICY_KERNEL__b4000__threeshift__e2-threeshift-75c-01__LNS_FORMAL_COMMON_FLIP__seed1", "status": "OK", "time": 1783525539.851895}
{"event": "task_complete", "run_id": "LNS_POLICY_KERNEL__b4000__threeshift__e2-threeshift-75c-01__A13_COMMON_FLIP__seed1", "status": "OK", "time": 1783525541.358193}
{"event": "task_complete", "run_id": "LNS_POLICY_KERNEL__b4000__threeshift__e2-threeshift-75c-01__LNS_FORMAL_COMMON_FLIP__seed2", "status": "OK", "time": 1783525615.829516}
{"event": "task_complete", "run_id": "LNS_POLICY_KERNEL__b4000__threeshift__e2-threeshift-75c-01__A13_COMMON_FLIP__seed2", "status": "OK", "time": 1783525624.0380192}
{"event": "task_complete", "run_id": "LNS_POLICY_KERNEL__b4000__threeshift__e2-threeshift-75c-01__LNS_FORMAL_COMMON_FLIP__seed3", "status": "OK", "time": 1783525657.627717}
{"event": "task_complete", "run_id": "LNS_POLICY_KERNEL__b4000__threeshift__e2-threeshift-75c-01__A13_COMMON_FLIP__seed3", "status": "OK", "time": 1783525658.3669062}
{"event": "task_complete", "run_id": "LNS_POLICY_KERNEL__b4000__vanilla__e2-vanilla-100c-01__LNS_FORMAL_COMMON_FLIP__seed1", "status": "OK", "time": 1783525773.255007}
{"event": "task_complete", "run_id": "LNS_POLICY_KERNEL__b4000__vanilla__e2-vanilla-100c-01__A13_COMMON_FLIP__seed1", "status": "OK", "time": 1783525774.036418}
{"event": "task_complete", "run_id": "LNS_POLICY_KERNEL__b4000__vanilla__e2-vanilla-100c-01__LNS_FORMAL_COMMON_FLIP__seed2", "status": "OK", "time": 1783525901.043893}
{"event": "task_complete", "run_id": "LNS_POLICY_KERNEL__b4000__vanilla__e2-vanilla-100c-01__A13_COMMON_FLIP__seed2", "status": "OK", "time": 1783525909.429992}
{"event": "task_complete", "run_id": "LNS_POLICY_KERNEL__b4000__vanilla__e2-vanilla-100c-01__A13_COMMON_FLIP__seed3", "status": "OK", "time": 1783525911.116676}
{"event": "task_complete", "run_id": "LNS_POLICY_KERNEL__b4000__vanilla__e2-vanilla-100c-01__LNS_FORMAL_COMMON_FLIP__seed3", "status": "OK", "time": 1783525911.332723}
{"event": "task_complete", "run_id": "LNS_POLICY_KERNEL__b4000__vanilla__e2-vanilla-150c-01__A13_COMMON_FLIP__seed1", "status": "OK", "time": 1783526229.349762}
{"event": "task_complete", "run_id": "LNS_POLICY_KERNEL__b4000__vanilla__e2-vanilla-150c-01__LNS_FORMAL_COMMON_FLIP__seed1", "status": "OK", "time": 1783526229.4206002}
{"event": "task_complete", "run_id": "LNS_POLICY_KERNEL__b4000__vanilla__e2-vanilla-15c-01__A13_COMMON_FLIP__seed1", "status": "OK", "time": 1783526239.6220238}
{"event": "task_complete", "run_id": "LNS_POLICY_KERNEL__b4000__vanilla__e2-vanilla-15c-01__LNS_FORMAL_COMMON_FLIP__seed1", "status": "OK", "time": 1783526239.763058}
{"event": "task_complete", "run_id": "LNS_POLICY_KERNEL__b4000__vanilla__e2-vanilla-15c-01__LNS_FORMAL_COMMON_FLIP__seed2", "status": "OK", "time": 1783526248.981204}
{"event": "task_complete", "run_id": "LNS_POLICY_KERNEL__b4000__vanilla__e2-vanilla-15c-01__A13_COMMON_FLIP__seed2", "status": "OK", "time": 1783526249.29885}
{"event": "task_complete", "run_id": "LNS_POLICY_KERNEL__b4000__vanilla__e2-vanilla-15c-01__LNS_FORMAL_COMMON_FLIP__seed3", "status": "OK", "time": 1783526258.99371}
{"event": "task_complete", "run_id": "LNS_POLICY_KERNEL__b4000__vanilla__e2-vanilla-15c-01__A13_COMMON_FLIP__seed3", "status": "OK", "time": 1783526259.345685}
{"event": "task_complete", "run_id": "LNS_POLICY_KERNEL__b4000__vanilla__e2-vanilla-25c-01__LNS_FORMAL_COMMON_FLIP__seed1", "status": "OK", "time": 1783526304.239634}
{"event": "task_complete", "run_id": "LNS_POLICY_KERNEL__b4000__vanilla__e2-vanilla-25c-01__A13_COMMON_FLIP__seed1", "status": "OK", "time": 1783526305.057913}
{"event": "task_complete", "run_id": "LNS_POLICY_KERNEL__b4000__vanilla__e2-vanilla-150c-01__LNS_FORMAL_COMMON_FLIP__seed2", "status": "OK", "time": 1783526316.18901}
{"event": "task_complete", "run_id": "LNS_POLICY_KERNEL__b4000__vanilla__e2-vanilla-150c-01__LNS_FORMAL_COMMON_FLIP__seed3", "status": "OK", "time": 1783526321.9754188}
{"event": "task_complete", "run_id": "LNS_POLICY_KERNEL__b4000__vanilla__e2-vanilla-150c-01__A13_COMMON_FLIP__seed3", "status": "OK", "time": 1783526323.007555}
{"event": "task_complete", "run_id": "LNS_POLICY_KERNEL__b4000__vanilla__e2-vanilla-150c-01__A13_COMMON_FLIP__seed2", "status": "OK", "time": 1783526326.466492}
{"event": "task_complete", "run_id": "LNS_POLICY_KERNEL__b4000__vanilla__e2-vanilla-25c-01__LNS_FORMAL_COMMON_FLIP__seed2", "status": "OK", "time": 1783526351.590524}
{"event": "task_complete", "run_id": "LNS_POLICY_KERNEL__b4000__vanilla__e2-vanilla-25c-01__A13_COMMON_FLIP__seed2", "status": "OK", "time": 1783526352.632363}
{"event": "task_complete", "run_id": "LNS_POLICY_KERNEL__b4000__vanilla__e2-vanilla-25c-01__LNS_FORMAL_COMMON_FLIP__seed3", "status": "OK", "time": 1783526363.9441652}
{"event": "task_complete", "run_id": "LNS_POLICY_KERNEL__b4000__vanilla__e2-vanilla-25c-01__A13_COMMON_FLIP__seed3", "status": "OK", "time": 1783526369.289647}
{"event": "task_complete", "run_id": "LNS_POLICY_KERNEL__b4000__vanilla__e2-vanilla-50c-01__LNS_FORMAL_COMMON_FLIP__seed3", "status": "OK", "time": 1783526475.3607318}
{"event": "task_complete", "run_id": "LNS_POLICY_KERNEL__b4000__vanilla__e2-vanilla-50c-01__A13_COMMON_FLIP__seed3", "status": "OK", "time": 1783526480.9089532}
{"event": "task_complete", "run_id": "LNS_POLICY_KERNEL__b4000__vanilla__e2-vanilla-50c-01__LNS_FORMAL_COMMON_FLIP__seed1", "status": "OK", "time": 1783526484.579676}
{"event": "task_complete", "run_id": "LNS_POLICY_KERNEL__b4000__vanilla__e2-vanilla-50c-01__LNS_FORMAL_COMMON_FLIP__seed2", "status": "OK", "time": 1783526486.3671758}
{"event": "task_complete", "run_id": "LNS_POLICY_KERNEL__b4000__vanilla__e2-vanilla-50c-01__A13_COMMON_FLIP__seed2", "status": "OK", "time": 1783526486.703559}
{"event": "task_complete", "run_id": "LNS_POLICY_KERNEL__b4000__vanilla__e2-vanilla-50c-01__A13_COMMON_FLIP__seed1", "status": "OK", "time": 1783526487.4764302}
{"event": "task_complete", "run_id": "LNS_POLICY_KERNEL__b8000__multidepot__e2-multidepot-100c-01__LNS_NO_COMMON_FLIP__seed3", "status": "OK", "time": 1783535141.524704}
{"event": "task_complete", "run_id": "LNS_POLICY_KERNEL__b8000__multidepot__e2-multidepot-100c-01__A13_NO_COMMON_FLIP__seed3", "status": "OK", "time": 1783535144.317986}
{"event": "task_complete", "run_id": "LNS_POLICY_KERNEL__b8000__multidepot__e2-multidepot-100c-01__A13_NO_COMMON_FLIP__seed2", "status": "OK", "time": 1783535157.912477}
{"event": "task_complete", "run_id": "LNS_POLICY_KERNEL__b8000__multidepot__e2-multidepot-100c-01__LNS_NO_COMMON_FLIP__seed2", "status": "OK", "time": 1783535158.715489}
{"event": "task_complete", "run_id": "LNS_POLICY_KERNEL__b8000__multidepot__e2-multidepot-10c-01__LNS_NO_COMMON_FLIP__seed1", "status": "OK", "time": 1783535161.2368672}
{"event": "task_complete", "run_id": "LNS_POLICY_KERNEL__b8000__multidepot__e2-multidepot-10c-01__A13_NO_COMMON_FLIP__seed1", "status": "OK", "time": 1783535163.41528}
{"event": "task_complete", "run_id": "LNS_POLICY_KERNEL__b8000__multidepot__e2-multidepot-10c-01__LNS_NO_COMMON_FLIP__seed2", "status": "OK", "time": 1783535180.051382}
{"event": "task_complete", "run_id": "LNS_POLICY_KERNEL__b8000__multidepot__e2-multidepot-10c-01__A13_NO_COMMON_FLIP__seed2", "status": "OK", "time": 1783535180.773626}
{"event": "task_complete", "run_id": "LNS_POLICY_KERNEL__b8000__multidepot__e2-multidepot-10c-01__LNS_NO_COMMON_FLIP__seed3", "status": "OK", "time": 1783535181.9205499}
{"event": "task_complete", "run_id": "LNS_POLICY_KERNEL__b8000__multidepot__e2-multidepot-10c-01__A13_NO_COMMON_FLIP__seed3", "status": "OK", "time": 1783535184.56822}
{"event": "task_complete", "run_id": "LNS_POLICY_KERNEL__b8000__multidepot__e2-multidepot-100c-01__A13_NO_COMMON_FLIP__seed1", "status": "OK", "time": 1783535212.093492}
{"event": "task_complete", "run_id": "LNS_POLICY_KERNEL__b8000__multidepot__e2-multidepot-100c-01__LNS_NO_COMMON_FLIP__seed1", "status": "OK", "time": 1783535213.989507}
{"event": "task_complete", "run_id": "LNS_POLICY_KERNEL__b8000__multidepot__e2-multidepot-150c-01__LNS_NO_COMMON_FLIP__seed2", "status": "OK", "time": 1783536000.198417}
{"event": "task_complete", "run_id": "LNS_POLICY_KERNEL__b8000__multidepot__e2-multidepot-150c-01__A13_NO_COMMON_FLIP__seed2", "status": "OK", "time": 1783536006.976738}
{"event": "task_complete", "run_id": "LNS_POLICY_KERNEL__b8000__multidepot__e2-multidepot-15c-01__LNS_NO_COMMON_FLIP__seed1", "status": "OK", "time": 1783536017.439501}
{"event": "task_complete", "run_id": "LNS_POLICY_KERNEL__b8000__multidepot__e2-multidepot-15c-01__A13_NO_COMMON_FLIP__seed1", "status": "OK", "time": 1783536024.416252}
{"event": "task_complete", "run_id": "LNS_POLICY_KERNEL__b8000__multidepot__e2-multidepot-15c-01__LNS_NO_COMMON_FLIP__seed2", "status": "OK", "time": 1783536034.609514}
{"event": "task_complete", "run_id": "LNS_POLICY_KERNEL__b8000__multidepot__e2-multidepot-15c-01__A13_NO_COMMON_FLIP__seed2", "status": "OK", "time": 1783536041.8942878}
{"event": "task_complete", "run_id": "LNS_POLICY_KERNEL__b8000__multidepot__e2-multidepot-15c-01__LNS_NO_COMMON_FLIP__seed3", "status": "OK", "time": 1783536057.2593338}
{"event": "task_complete", "run_id": "LNS_POLICY_KERNEL__b8000__multidepot__e2-multidepot-15c-01__A13_NO_COMMON_FLIP__seed3", "status": "OK", "time": 1783536065.4425962}
{"event": "task_complete", "run_id": "LNS_POLICY_KERNEL__b8000__multidepot__e2-multidepot-150c-01__A13_NO_COMMON_FLIP__seed1", "status": "OK", "time": 1783536066.351017}
{"event": "task_complete", "run_id": "LNS_POLICY_KERNEL__b8000__multidepot__e2-multidepot-150c-01__LNS_NO_COMMON_FLIP__seed1", "status": "OK", "time": 1783536068.1547048}
{"event": "task_complete", "run_id": "LNS_POLICY_KERNEL__b8000__multidepot__e2-multidepot-20c-01__LNS_NO_COMMON_FLIP__seed2", "status": "OK", "time": 1783536121.697035}
{"event": "task_complete", "run_id": "LNS_POLICY_KERNEL__b8000__multidepot__e2-multidepot-150c-01__A13_NO_COMMON_FLIP__seed3", "status": "OK", "time": 1783536122.0570712}
{"event": "task_complete", "run_id": "LNS_POLICY_KERNEL__b8000__multidepot__e2-multidepot-150c-01__LNS_NO_COMMON_FLIP__seed3", "status": "OK", "time": 1783536122.457654}
{"event": "task_complete", "run_id": "LNS_POLICY_KERNEL__b8000__multidepot__e2-multidepot-20c-01__A13_NO_COMMON_FLIP__seed2", "status": "OK", "time": 1783536122.5561721}
{"event": "task_complete", "run_id": "LNS_POLICY_KERNEL__b8000__multidepot__e2-multidepot-20c-01__LNS_NO_COMMON_FLIP__seed1", "status": "OK", "time": 1783536127.151721}
{"event": "task_complete", "run_id": "LNS_POLICY_KERNEL__b8000__multidepot__e2-multidepot-20c-01__A13_NO_COMMON_FLIP__seed1", "status": "OK", "time": 1783536133.688373}
{"event": "task_complete", "run_id": "LNS_POLICY_KERNEL__b8000__multidepot__e2-multidepot-20c-01__LNS_NO_COMMON_FLIP__seed3", "status": "OK", "time": 1783536179.3338501}
{"event": "task_complete", "run_id": "LNS_POLICY_KERNEL__b8000__multidepot__e2-multidepot-20c-01__A13_NO_COMMON_FLIP__seed3", "status": "OK", "time": 1783536180.043235}
{"event": "task_complete", "run_id": "LNS_POLICY_KERNEL__b8000__multidepot__e2-multidepot-50c-01__LNS_NO_COMMON_FLIP__seed2", "status": "OK", "time": 1783536396.240919}
{"event": "task_complete", "run_id": "LNS_POLICY_KERNEL__b8000__multidepot__e2-multidepot-50c-01__A13_NO_COMMON_FLIP__seed2", "status": "OK", "time": 1783536403.565449}
{"event": "task_complete", "run_id": "LNS_POLICY_KERNEL__b8000__multidepot__e2-multidepot-50c-01__LNS_NO_COMMON_FLIP__seed1", "status": "OK", "time": 1783536412.906568}
{"event": "task_complete", "run_id": "LNS_POLICY_KERNEL__b8000__multidepot__e2-multidepot-50c-01__A13_NO_COMMON_FLIP__seed1", "status": "OK", "time": 1783536413.646236}
{"event": "task_complete", "run_id": "LNS_POLICY_KERNEL__b8000__multidepot__e2-multidepot-50c-01__LNS_NO_COMMON_FLIP__seed3", "status": "OK", "time": 1783536477.609386}
{"event": "task_complete", "run_id": "LNS_POLICY_KERNEL__b8000__multidepot__e2-multidepot-50c-01__A13_NO_COMMON_FLIP__seed3", "status": "OK", "time": 1783536481.060483}
{"event": "task_complete", "run_id": "LNS_POLICY_KERNEL__b8000__multidepot__e2-multidepot-75c-01__LNS_NO_COMMON_FLIP__seed2", "status": "OK", "time": 1783536780.563052}
{"event": "task_complete", "run_id": "LNS_POLICY_KERNEL__b8000__multidepot__e2-multidepot-75c-01__A13_NO_COMMON_FLIP__seed2", "status": "OK", "time": 1783536783.415887}
{"event": "task_complete", "run_id": "LNS_POLICY_KERNEL__b8000__multidepot__e2-multidepot-75c-01__LNS_NO_COMMON_FLIP__seed1", "status": "OK", "time": 1783536783.692698}
{"event": "task_complete", "run_id": "LNS_POLICY_KERNEL__b8000__multidepot__e2-multidepot-75c-01__A13_NO_COMMON_FLIP__seed1", "status": "OK", "time": 1783536790.533536}
{"event": "task_complete", "run_id": "LNS_POLICY_KERNEL__b8000__multidepot__e2-multidepot-75c-01__LNS_NO_COMMON_FLIP__seed3", "status": "OK", "time": 1783536865.137602}
{"event": "task_complete", "run_id": "LNS_POLICY_KERNEL__b8000__multidepot__e2-multidepot-75c-01__A13_NO_COMMON_FLIP__seed3", "status": "OK", "time": 1783536869.755428}
{"event": "task_complete", "run_id": "LNS_POLICY_KERNEL__b8000__threeshift__e2-threeshift-100c-01__LNS_NO_COMMON_FLIP__seed1", "status": "OK", "time": 1783537286.297133}
{"event": "task_complete", "run_id": "LNS_POLICY_KERNEL__b8000__threeshift__e2-threeshift-100c-01__A13_NO_COMMON_FLIP__seed1", "status": "OK", "time": 1783537288.766741}
{"event": "task_complete", "run_id": "LNS_POLICY_KERNEL__b8000__threeshift__e2-threeshift-100c-01__LNS_NO_COMMON_FLIP__seed2", "status": "OK", "time": 1783537378.94833}
{"event": "task_complete", "run_id": "LNS_POLICY_KERNEL__b8000__threeshift__e2-threeshift-100c-01__A13_NO_COMMON_FLIP__seed2", "status": "OK", "time": 1783537392.592968}
{"event": "task_complete", "run_id": "LNS_POLICY_KERNEL__b8000__threeshift__e2-threeshift-100c-01__LNS_NO_COMMON_FLIP__seed3", "status": "OK", "time": 1783537409.967674}
{"event": "task_complete", "run_id": "LNS_POLICY_KERNEL__b8000__threeshift__e2-threeshift-100c-01__A13_NO_COMMON_FLIP__seed3", "status": "OK", "time": 1783537415.89704}
{"event": "task_complete", "run_id": "LNS_POLICY_KERNEL__b8000__threeshift__e2-threeshift-150c-01__A13_NO_COMMON_FLIP__seed1", "status": "OK", "time": 1783538003.8215349}
{"event": "task_complete", "run_id": "LNS_POLICY_KERNEL__b8000__threeshift__e2-threeshift-150c-01__LNS_NO_COMMON_FLIP__seed1", "status": "OK", "time": 1783538004.284575}
{"event": "task_complete", "run_id": "LNS_POLICY_KERNEL__b8000__threeshift__e2-threeshift-150c-01__LNS_NO_COMMON_FLIP__seed2", "status": "OK", "time": 1783538165.2580118}
{"event": "task_complete", "run_id": "LNS_POLICY_KERNEL__b8000__threeshift__e2-threeshift-150c-01__A13_NO_COMMON_FLIP__seed2", "status": "OK", "time": 1783538188.1390588}
{"event": "task_complete", "run_id": "LNS_POLICY_KERNEL__b8000__threeshift__e2-threeshift-150c-01__LNS_NO_COMMON_FLIP__seed3", "status": "OK", "time": 1783538271.693086}
{"event": "task_complete", "run_id": "LNS_POLICY_KERNEL__b8000__threeshift__e2-threeshift-150c-01__A13_NO_COMMON_FLIP__seed3", "status": "OK", "time": 1783538279.223211}
{"event": "task_complete", "run_id": "LNS_POLICY_KERNEL__b8000__threeshift__e2-threeshift-50c-01__LNS_NO_COMMON_FLIP__seed1", "status": "OK", "time": 1783538294.383498}
{"event": "task_complete", "run_id": "LNS_POLICY_KERNEL__b8000__threeshift__e2-threeshift-50c-01__A13_NO_COMMON_FLIP__seed1", "status": "OK", "time": 1783538294.9416661}
{"event": "task_complete", "run_id": "LNS_POLICY_KERNEL__b8000__threeshift__e2-threeshift-50c-01__LNS_NO_COMMON_FLIP__seed2", "status": "OK", "time": 1783538457.951369}
{"event": "task_complete", "run_id": "LNS_POLICY_KERNEL__b8000__threeshift__e2-threeshift-50c-01__A13_NO_COMMON_FLIP__seed2", "status": "OK", "time": 1783538484.1516101}
{"event": "task_complete", "run_id": "LNS_POLICY_KERNEL__b8000__threeshift__e2-threeshift-50c-01__LNS_NO_COMMON_FLIP__seed3", "status": "OK", "time": 1783538564.918559}
{"event": "task_complete", "run_id": "LNS_POLICY_KERNEL__b8000__threeshift__e2-threeshift-50c-01__A13_NO_COMMON_FLIP__seed3", "status": "OK", "time": 1783538572.099533}
{"event": "task_complete", "run_id": "LNS_POLICY_KERNEL__b8000__threeshift__e2-threeshift-75c-01__LNS_NO_COMMON_FLIP__seed1", "status": "OK", "time": 1783538725.9686341}
{"event": "task_complete", "run_id": "LNS_POLICY_KERNEL__b8000__threeshift__e2-threeshift-75c-01__A13_NO_COMMON_FLIP__seed1", "status": "OK", "time": 1783538726.4507678}
{"event": "task_complete", "run_id": "LNS_POLICY_KERNEL__b8000__threeshift__e2-threeshift-75c-01__LNS_NO_COMMON_FLIP__seed2", "status": "OK", "time": 1783538873.30783}
{"event": "task_complete", "run_id": "LNS_POLICY_KERNEL__b8000__threeshift__e2-threeshift-75c-01__A13_NO_COMMON_FLIP__seed2", "status": "OK", "time": 1783538903.91363}
{"event": "task_complete", "run_id": "LNS_POLICY_KERNEL__b8000__threeshift__e2-threeshift-75c-01__LNS_NO_COMMON_FLIP__seed3", "status": "OK", "time": 1783538989.522897}
{"event": "task_complete", "run_id": "LNS_POLICY_KERNEL__b8000__threeshift__e2-threeshift-75c-01__A13_NO_COMMON_FLIP__seed3", "status": "OK", "time": 1783538998.816415}
{"event": "task_complete", "run_id": "LNS_POLICY_KERNEL__b8000__vanilla__e2-vanilla-100c-01__LNS_NO_COMMON_FLIP__seed1", "status": "OK", "time": 1783539239.4298291}
{"event": "task_complete", "run_id": "LNS_POLICY_KERNEL__b8000__vanilla__e2-vanilla-100c-01__A13_NO_COMMON_FLIP__seed1", "status": "OK", "time": 1783539239.963298}
{"event": "task_complete", "run_id": "LNS_POLICY_KERNEL__b8000__vanilla__e2-vanilla-100c-01__LNS_NO_COMMON_FLIP__seed2", "status": "OK", "time": 1783539384.379443}
{"event": "task_complete", "run_id": "LNS_POLICY_KERNEL__b8000__vanilla__e2-vanilla-100c-01__A13_NO_COMMON_FLIP__seed2", "status": "OK", "time": 1783539418.671333}
{"event": "task_complete", "run_id": "LNS_POLICY_KERNEL__b8000__vanilla__e2-vanilla-100c-01__LNS_NO_COMMON_FLIP__seed3", "status": "OK", "time": 1783539489.9230452}
{"event": "task_complete", "run_id": "LNS_POLICY_KERNEL__b8000__vanilla__e2-vanilla-100c-01__A13_NO_COMMON_FLIP__seed3", "status": "OK", "time": 1783539500.681221}
{"event": "task_complete", "run_id": "LNS_POLICY_KERNEL__b8000__vanilla__e2-vanilla-150c-01__A13_NO_COMMON_FLIP__seed1", "status": "OK", "time": 1783540087.107323}
{"event": "task_complete", "run_id": "LNS_POLICY_KERNEL__b8000__vanilla__e2-vanilla-150c-01__LNS_NO_COMMON_FLIP__seed1", "status": "OK", "time": 1783540089.703647}
{"event": "task_complete", "run_id": "LNS_POLICY_KERNEL__b8000__vanilla__e2-vanilla-15c-01__LNS_NO_COMMON_FLIP__seed1", "status": "OK", "time": 1783540106.113378}
{"event": "task_complete", "run_id": "LNS_POLICY_KERNEL__b8000__vanilla__e2-vanilla-15c-01__A13_NO_COMMON_FLIP__seed1", "status": "OK", "time": 1783540108.958774}
{"event": "task_complete", "run_id": "LNS_POLICY_KERNEL__b8000__vanilla__e2-vanilla-15c-01__LNS_NO_COMMON_FLIP__seed2", "status": "OK", "time": 1783540124.444143}
{"event": "task_complete", "run_id": "LNS_POLICY_KERNEL__b8000__vanilla__e2-vanilla-15c-01__A13_NO_COMMON_FLIP__seed2", "status": "OK", "time": 1783540127.2571661}
{"event": "task_complete", "run_id": "LNS_POLICY_KERNEL__b8000__vanilla__e2-vanilla-15c-01__LNS_NO_COMMON_FLIP__seed3", "status": "OK", "time": 1783540144.220244}
{"event": "task_complete", "run_id": "LNS_POLICY_KERNEL__b8000__vanilla__e2-vanilla-15c-01__A13_NO_COMMON_FLIP__seed3", "status": "OK", "time": 1783540146.6282399}
{"event": "task_complete", "run_id": "LNS_POLICY_KERNEL__b8000__vanilla__e2-vanilla-150c-01__LNS_NO_COMMON_FLIP__seed2", "status": "OK", "time": 1783540166.279853}
{"event": "task_complete", "run_id": "LNS_POLICY_KERNEL__b8000__vanilla__e2-vanilla-150c-01__A13_NO_COMMON_FLIP__seed2", "status": "OK", "time": 1783540201.1619709}
{"event": "task_complete", "run_id": "LNS_POLICY_KERNEL__b8000__vanilla__e2-vanilla-25c-01__A13_NO_COMMON_FLIP__seed2", "status": "OK", "time": 1783572795.3769522}
{"event": "task_complete", "run_id": "LNS_POLICY_KERNEL__b8000__vanilla__e2-vanilla-25c-01__LNS_NO_COMMON_FLIP__seed2", "status": "OK", "time": 1783572795.3811}
{"event": "task_complete", "run_id": "LNS_POLICY_KERNEL__b8000__vanilla__e2-vanilla-25c-01__LNS_NO_COMMON_FLIP__seed1", "status": "OK", "time": 1783572796.4339972}
{"event": "task_complete", "run_id": "LNS_POLICY_KERNEL__b8000__vanilla__e2-vanilla-25c-01__A13_NO_COMMON_FLIP__seed1", "status": "OK", "time": 1783572796.586336}
{"event": "task_complete", "run_id": "LNS_POLICY_KERNEL__b8000__vanilla__e2-vanilla-25c-01__A13_NO_COMMON_FLIP__seed3", "status": "OK", "time": 1783572900.3826182}
{"event": "task_complete", "run_id": "LNS_POLICY_KERNEL__b8000__vanilla__e2-vanilla-25c-01__LNS_NO_COMMON_FLIP__seed3", "status": "OK", "time": 1783572900.499156}
{"event": "task_complete", "run_id": "LNS_POLICY_KERNEL__b8000__vanilla__e2-vanilla-50c-01__LNS_NO_COMMON_FLIP__seed1", "status": "OK", "time": 1783573121.44669}
{"event": "task_complete", "run_id": "LNS_POLICY_KERNEL__b8000__vanilla__e2-vanilla-50c-01__A13_NO_COMMON_FLIP__seed1", "status": "OK", "time": 1783573122.016269}
{"event": "task_complete", "run_id": "LNS_POLICY_KERNEL__b8000__vanilla__e2-vanilla-50c-01__LNS_NO_COMMON_FLIP__seed2", "status": "OK", "time": 1783573199.568348}
{"event": "task_complete", "run_id": "LNS_POLICY_KERNEL__b8000__vanilla__e2-vanilla-50c-01__A13_NO_COMMON_FLIP__seed2", "status": "OK", "time": 1783573201.017629}
{"event": "task_complete", "run_id": "LNS_POLICY_KERNEL__b8000__vanilla__e2-vanilla-50c-01__A13_NO_COMMON_FLIP__seed3", "status": "OK", "time": 1783573300.2611682}
{"event": "task_complete", "run_id": "LNS_POLICY_KERNEL__b8000__vanilla__e2-vanilla-50c-01__LNS_NO_COMMON_FLIP__seed3", "status": "OK", "time": 1783573301.511494}
{"event": "task_complete", "run_id": "LNS_POLICY_KERNEL__b8000__vanilla__e2-vanilla-150c-01__LNS_NO_COMMON_FLIP__seed3", "status": "OK", "time": 1783573447.1051478}
{"event": "task_complete", "run_id": "LNS_POLICY_KERNEL__b8000__vanilla__e2-vanilla-150c-01__A13_NO_COMMON_FLIP__seed3", "status": "OK", "time": 1783573448.070884}
{"event": "task_complete", "run_id": "LNS_POLICY_KERNEL__b8000__multidepot__e2-multidepot-100c-01__A13_COMMON_FLIP__seed3", "status": "OK", "time": 1783574012.984106}
{"event": "task_complete", "run_id": "LNS_POLICY_KERNEL__b8000__multidepot__e2-multidepot-100c-01__LNS_FORMAL_COMMON_FLIP__seed3", "status": "OK", "time": 1783574014.742838}
{"event": "task_complete", "run_id": "LNS_POLICY_KERNEL__b8000__multidepot__e2-multidepot-100c-01__LNS_FORMAL_COMMON_FLIP__seed2", "status": "OK", "time": 1783574025.68782}
{"event": "task_complete", "run_id": "LNS_POLICY_KERNEL__b8000__multidepot__e2-multidepot-100c-01__A13_COMMON_FLIP__seed2", "status": "OK", "time": 1783574028.59179}
{"event": "task_complete", "run_id": "LNS_POLICY_KERNEL__b8000__multidepot__e2-multidepot-10c-01__LNS_FORMAL_COMMON_FLIP__seed1", "status": "OK", "time": 1783574031.2544582}
{"event": "task_complete", "run_id": "LNS_POLICY_KERNEL__b8000__multidepot__e2-multidepot-10c-01__A13_COMMON_FLIP__seed1", "status": "OK", "time": 1783574032.90373}
{"event": "task_complete", "run_id": "LNS_POLICY_KERNEL__b8000__multidepot__e2-multidepot-10c-01__LNS_FORMAL_COMMON_FLIP__seed2", "status": "OK", "time": 1783574043.730189}
{"event": "task_complete", "run_id": "LNS_POLICY_KERNEL__b8000__multidepot__e2-multidepot-10c-01__A13_COMMON_FLIP__seed2", "status": "OK", "time": 1783574046.7131}
{"event": "task_complete", "run_id": "LNS_POLICY_KERNEL__b8000__multidepot__e2-multidepot-10c-01__LNS_FORMAL_COMMON_FLIP__seed3", "status": "OK", "time": 1783574048.1030989}
{"event": "task_complete", "run_id": "LNS_POLICY_KERNEL__b8000__multidepot__e2-multidepot-10c-01__A13_COMMON_FLIP__seed3", "status": "OK", "time": 1783574049.7478569}
{"event": "task_complete", "run_id": "LNS_POLICY_KERNEL__b8000__multidepot__e2-multidepot-100c-01__A13_COMMON_FLIP__seed1", "status": "OK", "time": 1783574073.442466}
{"event": "task_complete", "run_id": "LNS_POLICY_KERNEL__b8000__multidepot__e2-multidepot-100c-01__LNS_FORMAL_COMMON_FLIP__seed1", "status": "OK", "time": 1783574077.391775}
{"event": "task_complete", "run_id": "LNS_POLICY_KERNEL__b8000__multidepot__e2-multidepot-150c-01__LNS_FORMAL_COMMON_FLIP__seed2", "status": "OK", "time": 1783574850.209352}
{"event": "task_complete", "run_id": "LNS_POLICY_KERNEL__b8000__multidepot__e2-multidepot-150c-01__A13_COMMON_FLIP__seed2", "status": "OK", "time": 1783574852.8935108}
{"event": "task_complete", "run_id": "LNS_POLICY_KERNEL__b8000__multidepot__e2-multidepot-15c-01__LNS_FORMAL_COMMON_FLIP__seed1", "status": "OK", "time": 1783574867.0198421}
{"event": "task_complete", "run_id": "LNS_POLICY_KERNEL__b8000__multidepot__e2-multidepot-15c-01__A13_COMMON_FLIP__seed1", "status": "OK", "time": 1783574869.697089}
{"event": "task_complete", "run_id": "LNS_POLICY_KERNEL__b8000__multidepot__e2-multidepot-15c-01__LNS_FORMAL_COMMON_FLIP__seed2", "status": "OK", "time": 1783574883.841387}
{"event": "task_complete", "run_id": "LNS_POLICY_KERNEL__b8000__multidepot__e2-multidepot-15c-01__A13_COMMON_FLIP__seed2", "status": "OK", "time": 1783574886.531565}
{"event": "task_complete", "run_id": "LNS_POLICY_KERNEL__b8000__multidepot__e2-multidepot-15c-01__LNS_FORMAL_COMMON_FLIP__seed3", "status": "OK", "time": 1783574905.386152}
{"event": "task_complete", "run_id": "LNS_POLICY_KERNEL__b8000__multidepot__e2-multidepot-150c-01__LNS_FORMAL_COMMON_FLIP__seed1", "status": "OK", "time": 1783574907.735863}
{"event": "task_complete", "run_id": "LNS_POLICY_KERNEL__b8000__multidepot__e2-multidepot-15c-01__A13_COMMON_FLIP__seed3", "status": "OK", "time": 1783574908.212008}
{"event": "task_complete", "run_id": "LNS_POLICY_KERNEL__b8000__multidepot__e2-multidepot-150c-01__A13_COMMON_FLIP__seed1", "status": "OK", "time": 1783574911.4460769}
{"event": "task_complete", "run_id": "LNS_POLICY_KERNEL__b8000__multidepot__e2-multidepot-150c-01__LNS_FORMAL_COMMON_FLIP__seed3", "status": "OK", "time": 1783574958.806907}
{"event": "task_complete", "run_id": "LNS_POLICY_KERNEL__b8000__multidepot__e2-multidepot-150c-01__A13_COMMON_FLIP__seed3", "status": "OK", "time": 1783574961.400994}
{"event": "task_complete", "run_id": "LNS_POLICY_KERNEL__b8000__multidepot__e2-multidepot-20c-01__LNS_FORMAL_COMMON_FLIP__seed2", "status": "OK", "time": 1783574961.7543838}
{"event": "task_complete", "run_id": "LNS_POLICY_KERNEL__b8000__multidepot__e2-multidepot-20c-01__A13_COMMON_FLIP__seed2", "status": "OK", "time": 1783574965.029908}
{"event": "task_complete", "run_id": "LNS_POLICY_KERNEL__b8000__multidepot__e2-multidepot-20c-01__LNS_FORMAL_COMMON_FLIP__seed1", "status": "OK", "time": 1783574971.590552}
{"event": "task_complete", "run_id": "LNS_POLICY_KERNEL__b8000__multidepot__e2-multidepot-20c-01__A13_COMMON_FLIP__seed1", "status": "OK", "time": 1783574973.8000052}
{"event": "task_complete", "run_id": "LNS_POLICY_KERNEL__b8000__multidepot__e2-multidepot-20c-01__LNS_FORMAL_COMMON_FLIP__seed3", "status": "OK", "time": 1783575012.818231}
{"event": "task_complete", "run_id": "LNS_POLICY_KERNEL__b8000__multidepot__e2-multidepot-20c-01__A13_COMMON_FLIP__seed3", "status": "OK", "time": 1783575015.231033}
{"event": "task_complete", "run_id": "LNS_POLICY_KERNEL__b8000__multidepot__e2-multidepot-50c-01__LNS_FORMAL_COMMON_FLIP__seed2", "status": "OK", "time": 1783575233.3964748}
{"event": "task_complete", "run_id": "LNS_POLICY_KERNEL__b8000__multidepot__e2-multidepot-50c-01__A13_COMMON_FLIP__seed2", "status": "OK", "time": 1783575235.40243}
{"event": "task_complete", "run_id": "LNS_POLICY_KERNEL__b8000__multidepot__e2-multidepot-50c-01__LNS_FORMAL_COMMON_FLIP__seed1", "status": "OK", "time": 1783575243.4781282}
{"event": "task_complete", "run_id": "LNS_POLICY_KERNEL__b8000__multidepot__e2-multidepot-50c-01__A13_COMMON_FLIP__seed1", "status": "OK", "time": 1783575245.891392}
{"event": "task_complete", "run_id": "LNS_POLICY_KERNEL__b8000__multidepot__e2-multidepot-50c-01__LNS_FORMAL_COMMON_FLIP__seed3", "status": "OK", "time": 1783575302.473572}
{"event": "task_complete", "run_id": "LNS_POLICY_KERNEL__b8000__multidepot__e2-multidepot-50c-01__A13_COMMON_FLIP__seed3", "status": "OK", "time": 1783575305.111012}
{"event": "task_complete", "run_id": "LNS_POLICY_KERNEL__b8000__multidepot__e2-multidepot-75c-01__LNS_FORMAL_COMMON_FLIP__seed2", "status": "OK", "time": 1783575600.11693}
{"event": "task_complete", "run_id": "LNS_POLICY_KERNEL__b8000__multidepot__e2-multidepot-75c-01__A13_COMMON_FLIP__seed2", "status": "OK", "time": 1783575603.2557812}
{"event": "task_complete", "run_id": "LNS_POLICY_KERNEL__b8000__multidepot__e2-multidepot-75c-01__LNS_FORMAL_COMMON_FLIP__seed1", "status": "OK", "time": 1783575606.502878}
{"event": "task_complete", "run_id": "LNS_POLICY_KERNEL__b8000__multidepot__e2-multidepot-75c-01__A13_COMMON_FLIP__seed1", "status": "OK", "time": 1783575607.737762}
{"event": "task_complete", "run_id": "LNS_POLICY_KERNEL__b8000__multidepot__e2-multidepot-75c-01__LNS_FORMAL_COMMON_FLIP__seed3", "status": "OK", "time": 1783575675.75524}
{"event": "task_complete", "run_id": "LNS_POLICY_KERNEL__b8000__multidepot__e2-multidepot-75c-01__A13_COMMON_FLIP__seed3", "status": "OK", "time": 1783575678.3409479}
{"event": "task_complete", "run_id": "LNS_POLICY_KERNEL__b8000__threeshift__e2-threeshift-100c-01__LNS_FORMAL_COMMON_FLIP__seed1", "status": "OK", "time": 1783576096.874857}
{"event": "task_complete", "run_id": "LNS_POLICY_KERNEL__b8000__threeshift__e2-threeshift-100c-01__A13_COMMON_FLIP__seed1", "status": "OK", "time": 1783576099.86867}
{"event": "task_complete", "run_id": "LNS_POLICY_KERNEL__b8000__threeshift__e2-threeshift-100c-01__LNS_FORMAL_COMMON_FLIP__seed2", "status": "OK", "time": 1783576190.104973}
{"event": "task_complete", "run_id": "LNS_POLICY_KERNEL__b8000__threeshift__e2-threeshift-100c-01__A13_COMMON_FLIP__seed2", "status": "OK", "time": 1783576191.183125}
{"event": "task_complete", "run_id": "LNS_POLICY_KERNEL__b8000__threeshift__e2-threeshift-100c-01__LNS_FORMAL_COMMON_FLIP__seed3", "status": "OK", "time": 1783576204.1107671}
{"event": "task_complete", "run_id": "LNS_POLICY_KERNEL__b8000__threeshift__e2-threeshift-100c-01__A13_COMMON_FLIP__seed3", "status": "OK", "time": 1783576206.723701}
{"event": "task_complete", "run_id": "LNS_POLICY_KERNEL__b8000__threeshift__e2-threeshift-150c-01__LNS_FORMAL_COMMON_FLIP__seed1", "status": "OK", "time": 1783576798.2294028}
{"event": "task_complete", "run_id": "LNS_POLICY_KERNEL__b8000__threeshift__e2-threeshift-150c-01__A13_COMMON_FLIP__seed1", "status": "OK", "time": 1783576800.8599029}
{"event": "task_complete", "run_id": "LNS_POLICY_KERNEL__b8000__threeshift__e2-threeshift-150c-01__A13_COMMON_FLIP__seed2", "status": "OK", "time": 1783576988.229136}
{"event": "task_complete", "run_id": "LNS_POLICY_KERNEL__b8000__threeshift__e2-threeshift-150c-01__LNS_FORMAL_COMMON_FLIP__seed2", "status": "OK", "time": 1783576989.8379588}
{"event": "task_complete", "run_id": "LNS_POLICY_KERNEL__b8000__threeshift__e2-threeshift-150c-01__LNS_FORMAL_COMMON_FLIP__seed3", "status": "OK", "time": 1783577072.441945}
{"event": "task_complete", "run_id": "LNS_POLICY_KERNEL__b8000__threeshift__e2-threeshift-150c-01__A13_COMMON_FLIP__seed3", "status": "OK", "time": 1783577076.3559291}
{"event": "task_complete", "run_id": "LNS_POLICY_KERNEL__b8000__threeshift__e2-threeshift-50c-01__LNS_FORMAL_COMMON_FLIP__seed1", "status": "OK", "time": 1783577112.5818508}
{"event": "task_complete", "run_id": "LNS_POLICY_KERNEL__b8000__threeshift__e2-threeshift-50c-01__A13_COMMON_FLIP__seed1", "status": "OK", "time": 1783577115.97721}
{"event": "task_complete", "run_id": "LNS_POLICY_KERNEL__b8000__threeshift__e2-threeshift-50c-01__LNS_FORMAL_COMMON_FLIP__seed2", "status": "OK", "time": 1783577297.827342}
{"event": "task_complete", "run_id": "LNS_POLICY_KERNEL__b8000__threeshift__e2-threeshift-50c-01__A13_COMMON_FLIP__seed2", "status": "OK", "time": 1783577298.813032}
{"event": "task_complete", "run_id": "LNS_POLICY_KERNEL__b8000__threeshift__e2-threeshift-50c-01__LNS_FORMAL_COMMON_FLIP__seed3", "status": "OK", "time": 1783577390.703091}
{"event": "task_complete", "run_id": "LNS_POLICY_KERNEL__b8000__threeshift__e2-threeshift-50c-01__A13_COMMON_FLIP__seed3", "status": "OK", "time": 1783577394.814964}
{"event": "task_complete", "run_id": "LNS_POLICY_KERNEL__b8000__threeshift__e2-threeshift-75c-01__LNS_FORMAL_COMMON_FLIP__seed1", "status": "OK", "time": 1783577583.807362}
{"event": "task_complete", "run_id": "LNS_POLICY_KERNEL__b8000__threeshift__e2-threeshift-75c-01__A13_COMMON_FLIP__seed1", "status": "OK", "time": 1783577587.357654}
{"event": "task_complete", "run_id": "LNS_POLICY_KERNEL__b8000__threeshift__e2-threeshift-75c-01__LNS_FORMAL_COMMON_FLIP__seed2", "status": "OK", "time": 1783577739.339605}
{"event": "task_complete", "run_id": "LNS_POLICY_KERNEL__b8000__threeshift__e2-threeshift-75c-01__A13_COMMON_FLIP__seed2", "status": "OK", "time": 1783577741.482353}
{"event": "task_complete", "run_id": "LNS_POLICY_KERNEL__b8000__threeshift__e2-threeshift-75c-01__LNS_FORMAL_COMMON_FLIP__seed3", "status": "OK", "time": 1783577823.354702}
{"event": "task_complete", "run_id": "LNS_POLICY_KERNEL__b8000__threeshift__e2-threeshift-75c-01__A13_COMMON_FLIP__seed3", "status": "OK", "time": 1783577828.208879}
{"event": "task_complete", "run_id": "LNS_POLICY_KERNEL__b8000__vanilla__e2-vanilla-100c-01__LNS_FORMAL_COMMON_FLIP__seed1", "status": "OK", "time": 1783578080.898837}
{"event": "task_complete", "run_id": "LNS_POLICY_KERNEL__b8000__vanilla__e2-vanilla-100c-01__A13_COMMON_FLIP__seed1", "status": "OK", "time": 1783578084.138727}
{"event": "task_complete", "run_id": "LNS_POLICY_KERNEL__b8000__vanilla__e2-vanilla-100c-01__LNS_FORMAL_COMMON_FLIP__seed2", "status": "OK", "time": 1783578233.765759}
{"event": "task_complete", "run_id": "LNS_POLICY_KERNEL__b8000__vanilla__e2-vanilla-100c-01__A13_COMMON_FLIP__seed2", "status": "OK", "time": 1783578236.3337548}
{"event": "task_complete", "run_id": "LNS_POLICY_KERNEL__b8000__vanilla__e2-vanilla-100c-01__LNS_FORMAL_COMMON_FLIP__seed3", "status": "OK", "time": 1783578314.788376}
{"event": "task_complete", "run_id": "LNS_POLICY_KERNEL__b8000__vanilla__e2-vanilla-100c-01__A13_COMMON_FLIP__seed3", "status": "OK", "time": 1783578319.652899}
{"event": "task_complete", "run_id": "LNS_POLICY_KERNEL__b8000__vanilla__e2-vanilla-150c-01__LNS_FORMAL_COMMON_FLIP__seed1", "status": "OK", "time": 1783578939.839322}
{"event": "task_complete", "run_id": "LNS_POLICY_KERNEL__b8000__vanilla__e2-vanilla-150c-01__A13_COMMON_FLIP__seed1", "status": "OK", "time": 1783578943.401005}
{"event": "task_complete", "run_id": "LNS_POLICY_KERNEL__b8000__vanilla__e2-vanilla-15c-01__LNS_FORMAL_COMMON_FLIP__seed1", "status": "OK", "time": 1783578958.011439}
{"event": "task_complete", "run_id": "LNS_POLICY_KERNEL__b8000__vanilla__e2-vanilla-15c-01__A13_COMMON_FLIP__seed1", "status": "OK", "time": 1783578961.6692858}
{"event": "task_complete", "run_id": "LNS_POLICY_KERNEL__b8000__vanilla__e2-vanilla-15c-01__LNS_FORMAL_COMMON_FLIP__seed2", "status": "OK", "time": 1783578975.799356}
{"event": "task_complete", "run_id": "LNS_POLICY_KERNEL__b8000__vanilla__e2-vanilla-15c-01__A13_COMMON_FLIP__seed2", "status": "OK", "time": 1783578979.395835}
{"event": "task_complete", "run_id": "LNS_POLICY_KERNEL__b8000__vanilla__e2-vanilla-15c-01__LNS_FORMAL_COMMON_FLIP__seed3", "status": "OK", "time": 1783578994.3872}
{"event": "task_complete", "run_id": "LNS_POLICY_KERNEL__b8000__vanilla__e2-vanilla-15c-01__A13_COMMON_FLIP__seed3", "status": "OK", "time": 1783578998.0506968}
{"event": "task_complete", "run_id": "LNS_POLICY_KERNEL__b8000__vanilla__e2-vanilla-150c-01__LNS_FORMAL_COMMON_FLIP__seed2", "status": "OK", "time": 1783579020.784641}
{"event": "task_complete", "run_id": "LNS_POLICY_KERNEL__b8000__vanilla__e2-vanilla-150c-01__A13_COMMON_FLIP__seed2", "status": "OK", "time": 1783579025.125793}
{"event": "task_complete", "run_id": "LNS_POLICY_KERNEL__b8000__vanilla__e2-vanilla-25c-01__LNS_FORMAL_COMMON_FLIP__seed1", "status": "OK", "time": 1783579081.824269}
{"event": "task_complete", "run_id": "LNS_POLICY_KERNEL__b8000__vanilla__e2-vanilla-25c-01__A13_COMMON_FLIP__seed1", "status": "OK", "time": 1783579085.026954}
{"event": "task_complete", "run_id": "LNS_POLICY_KERNEL__b8000__vanilla__e2-vanilla-25c-01__LNS_FORMAL_COMMON_FLIP__seed2", "status": "OK", "time": 1783579105.932677}
{"event": "task_complete", "run_id": "LNS_POLICY_KERNEL__b8000__vanilla__e2-vanilla-25c-01__A13_COMMON_FLIP__seed2", "status": "OK", "time": 1783579110.121791}
{"event": "task_complete", "run_id": "LNS_POLICY_KERNEL__b8000__vanilla__e2-vanilla-150c-01__LNS_FORMAL_COMMON_FLIP__seed3", "status": "OK", "time": 1783579119.560468}
{"event": "task_complete", "run_id": "LNS_POLICY_KERNEL__b8000__vanilla__e2-vanilla-150c-01__A13_COMMON_FLIP__seed3", "status": "OK", "time": 1783579123.996641}
{"event": "task_complete", "run_id": "LNS_POLICY_KERNEL__b8000__vanilla__e2-vanilla-25c-01__LNS_FORMAL_COMMON_FLIP__seed3", "status": "OK", "time": 1783579169.1652071}
{"event": "task_complete", "run_id": "LNS_POLICY_KERNEL__b8000__vanilla__e2-vanilla-25c-01__A13_COMMON_FLIP__seed3", "status": "OK", "time": 1783579172.174243}
{"event": "task_complete", "run_id": "LNS_POLICY_KERNEL__b8000__vanilla__e2-vanilla-50c-01__LNS_FORMAL_COMMON_FLIP__seed3", "status": "OK", "time": 1783579364.2445729}
{"event": "task_complete", "run_id": "LNS_POLICY_KERNEL__b8000__vanilla__e2-vanilla-50c-01__A13_COMMON_FLIP__seed3", "status": "OK", "time": 1783579367.2022011}
{"event": "task_complete", "run_id": "LNS_POLICY_KERNEL__b8000__vanilla__e2-vanilla-50c-01__LNS_FORMAL_COMMON_FLIP__seed2", "status": "OK", "time": 1783579379.964132}
{"event": "task_complete", "run_id": "LNS_POLICY_KERNEL__b8000__vanilla__e2-vanilla-50c-01__LNS_FORMAL_COMMON_FLIP__seed1", "status": "OK", "time": 1783579380.875083}
{"event": "task_complete", "run_id": "LNS_POLICY_KERNEL__b8000__vanilla__e2-vanilla-50c-01__A13_COMMON_FLIP__seed2", "status": "OK", "time": 1783579382.889676}
{"event": "task_complete", "run_id": "LNS_POLICY_KERNEL__b8000__vanilla__e2-vanilla-50c-01__A13_COMMON_FLIP__seed1", "status": "OK", "time": 1783579384.384075}
{"event": "task_complete", "run_id": "LNS_POLICY_KERNEL__b16000__multidepot__e2-multidepot-100c-01__A13_NO_COMMON_FLIP__seed2", "status": "OK", "time": 1783580438.5548449}
{"event": "task_complete", "run_id": "LNS_POLICY_KERNEL__b16000__multidepot__e2-multidepot-100c-01__LNS_NO_COMMON_FLIP__seed2", "status": "OK", "time": 1783580442.1589062}
{"event": "task_complete", "run_id": "LNS_POLICY_KERNEL__b16000__multidepot__e2-multidepot-100c-01__LNS_NO_COMMON_FLIP__seed3", "status": "OK", "time": 1783580457.55392}
{"event": "task_complete", "run_id": "LNS_POLICY_KERNEL__b16000__multidepot__e2-multidepot-100c-01__A13_NO_COMMON_FLIP__seed3", "status": "OK", "time": 1783580459.899628}
{"event": "task_complete", "run_id": "LNS_POLICY_KERNEL__b16000__multidepot__e2-multidepot-10c-01__LNS_NO_COMMON_FLIP__seed1", "status": "OK", "time": 1783580478.759156}
{"event": "task_complete", "run_id": "LNS_POLICY_KERNEL__b16000__multidepot__e2-multidepot-10c-01__A13_NO_COMMON_FLIP__seed1", "status": "OK", "time": 1783580482.430151}
{"event": "task_complete", "run_id": "LNS_POLICY_KERNEL__b16000__multidepot__e2-multidepot-10c-01__LNS_NO_COMMON_FLIP__seed2", "status": "OK", "time": 1783580494.096179}
{"event": "task_complete", "run_id": "LNS_POLICY_KERNEL__b16000__multidepot__e2-multidepot-10c-01__A13_NO_COMMON_FLIP__seed2", "status": "OK", "time": 1783580496.738794}
{"event": "task_complete", "run_id": "LNS_POLICY_KERNEL__b16000__multidepot__e2-multidepot-10c-01__LNS_NO_COMMON_FLIP__seed3", "status": "OK", "time": 1783580513.319324}
{"event": "task_complete", "run_id": "LNS_POLICY_KERNEL__b16000__multidepot__e2-multidepot-10c-01__A13_NO_COMMON_FLIP__seed3", "status": "OK", "time": 1783580516.8581812}
{"event": "task_complete", "run_id": "LNS_POLICY_KERNEL__b16000__multidepot__e2-multidepot-100c-01__A13_NO_COMMON_FLIP__seed1", "status": "OK", "time": 1783580558.147955}
{"event": "task_complete", "run_id": "LNS_POLICY_KERNEL__b16000__multidepot__e2-multidepot-100c-01__LNS_NO_COMMON_FLIP__seed1", "status": "OK", "time": 1783580558.570595}
{"event": "task_complete", "run_id": "LNS_POLICY_KERNEL__b16000__multidepot__e2-multidepot-150c-01__LNS_NO_COMMON_FLIP__seed1", "status": "OK", "time": 1783582181.721295}
{"event": "task_complete", "run_id": "LNS_POLICY_KERNEL__b16000__multidepot__e2-multidepot-150c-01__A13_NO_COMMON_FLIP__seed1", "status": "OK", "time": 1783582190.876641}
{"event": "task_complete", "run_id": "LNS_POLICY_KERNEL__b16000__multidepot__e2-multidepot-150c-01__LNS_NO_COMMON_FLIP__seed2", "status": "OK", "time": 1783582204.3797472}
{"event": "task_complete", "run_id": "LNS_POLICY_KERNEL__b16000__multidepot__e2-multidepot-150c-01__A13_NO_COMMON_FLIP__seed2", "status": "OK", "time": 1783582214.8251488}
{"event": "task_complete", "run_id": "LNS_POLICY_KERNEL__b16000__multidepot__e2-multidepot-15c-01__LNS_NO_COMMON_FLIP__seed1", "status": "OK", "time": 1783582228.759755}
{"event": "task_complete", "run_id": "LNS_POLICY_KERNEL__b16000__multidepot__e2-multidepot-15c-01__A13_NO_COMMON_FLIP__seed1", "status": "OK", "time": 1783582239.825834}
{"event": "task_complete", "run_id": "LNS_POLICY_KERNEL__b16000__multidepot__e2-multidepot-15c-01__LNS_NO_COMMON_FLIP__seed2", "status": "OK", "time": 1783582253.308733}
{"event": "task_complete", "run_id": "LNS_POLICY_KERNEL__b16000__multidepot__e2-multidepot-15c-01__A13_NO_COMMON_FLIP__seed2", "status": "OK", "time": 1783582262.16644}
{"event": "task_complete", "run_id": "LNS_POLICY_KERNEL__b16000__multidepot__e2-multidepot-15c-01__LNS_NO_COMMON_FLIP__seed3", "status": "OK", "time": 1783582278.9604192}
{"event": "task_complete", "run_id": "LNS_POLICY_KERNEL__b16000__multidepot__e2-multidepot-15c-01__A13_NO_COMMON_FLIP__seed3", "status": "OK", "time": 1783582288.2454588}
{"event": "task_complete", "run_id": "LNS_POLICY_KERNEL__b16000__multidepot__e2-multidepot-150c-01__A13_NO_COMMON_FLIP__seed3", "status": "OK", "time": 1783582358.608638}
{"event": "task_complete", "run_id": "LNS_POLICY_KERNEL__b16000__multidepot__e2-multidepot-150c-01__LNS_NO_COMMON_FLIP__seed3", "status": "OK", "time": 1783582359.381697}
{"event": "task_complete", "run_id": "LNS_POLICY_KERNEL__b16000__multidepot__e2-multidepot-20c-01__LNS_NO_COMMON_FLIP__seed2", "status": "OK", "time": 1783582409.3406641}
{"event": "task_complete", "run_id": "LNS_POLICY_KERNEL__b16000__multidepot__e2-multidepot-20c-01__LNS_NO_COMMON_FLIP__seed1", "status": "OK", "time": 1783582415.26417}
{"event": "task_complete", "run_id": "LNS_POLICY_KERNEL__b16000__multidepot__e2-multidepot-20c-01__A13_NO_COMMON_FLIP__seed2", "status": "OK", "time": 1783582416.8438568}
{"event": "task_complete", "run_id": "LNS_POLICY_KERNEL__b16000__multidepot__e2-multidepot-20c-01__A13_NO_COMMON_FLIP__seed1", "status": "OK", "time": 1783582423.7352011}
{"event": "task_complete", "run_id": "LNS_POLICY_KERNEL__b16000__multidepot__e2-multidepot-20c-01__LNS_NO_COMMON_FLIP__seed3", "status": "OK", "time": 1783582489.5925262}
{"event": "task_complete", "run_id": "LNS_POLICY_KERNEL__b16000__multidepot__e2-multidepot-20c-01__A13_NO_COMMON_FLIP__seed3", "status": "OK", "time": 1783582491.253422}
{"event": "task_complete", "run_id": "LNS_POLICY_KERNEL__b16000__multidepot__e2-multidepot-50c-01__LNS_NO_COMMON_FLIP__seed1", "status": "OK", "time": 1783583021.592133}
{"event": "task_complete", "run_id": "LNS_POLICY_KERNEL__b16000__multidepot__e2-multidepot-50c-01__A13_NO_COMMON_FLIP__seed1", "status": "OK", "time": 1783583026.545928}
{"event": "task_complete", "run_id": "LNS_POLICY_KERNEL__b16000__multidepot__e2-multidepot-50c-01__LNS_NO_COMMON_FLIP__seed2", "status": "OK", "time": 1783583031.285907}
{"event": "task_complete", "run_id": "LNS_POLICY_KERNEL__b16000__multidepot__e2-multidepot-50c-01__A13_NO_COMMON_FLIP__seed2", "status": "OK", "time": 1783583034.301387}
{"event": "task_complete", "run_id": "LNS_POLICY_KERNEL__b16000__multidepot__e2-multidepot-50c-01__LNS_NO_COMMON_FLIP__seed3", "status": "OK", "time": 1783583116.254163}
{"event": "task_complete", "run_id": "LNS_POLICY_KERNEL__b16000__multidepot__e2-multidepot-50c-01__A13_NO_COMMON_FLIP__seed3", "status": "OK", "time": 1783583117.8683221}
{"event": "task_complete", "run_id": "LNS_POLICY_KERNEL__b16000__multidepot__e2-multidepot-75c-01__LNS_NO_COMMON_FLIP__seed2", "status": "OK", "time": 1783583822.9584389}
{"event": "task_complete", "run_id": "LNS_POLICY_KERNEL__b16000__multidepot__e2-multidepot-75c-01__A13_NO_COMMON_FLIP__seed2", "status": "OK", "time": 1783583823.469219}
{"event": "task_complete", "run_id": "LNS_POLICY_KERNEL__b16000__multidepot__e2-multidepot-75c-01__LNS_NO_COMMON_FLIP__seed1", "status": "OK", "time": 1783583844.871551}
{"event": "task_complete", "run_id": "LNS_POLICY_KERNEL__b16000__multidepot__e2-multidepot-75c-01__A13_NO_COMMON_FLIP__seed1", "status": "OK", "time": 1783583847.334095}
{"event": "task_complete", "run_id": "LNS_POLICY_KERNEL__b16000__multidepot__e2-multidepot-75c-01__LNS_NO_COMMON_FLIP__seed3", "status": "OK", "time": 1783583898.525046}
{"event": "task_complete", "run_id": "LNS_POLICY_KERNEL__b16000__multidepot__e2-multidepot-75c-01__A13_NO_COMMON_FLIP__seed3", "status": "OK", "time": 1783583899.615414}
{"event": "task_complete", "run_id": "LNS_POLICY_KERNEL__b16000__threeshift__e2-threeshift-100c-01__A13_NO_COMMON_FLIP__seed1", "status": "OK", "time": 1783584793.637929}
{"event": "task_complete", "run_id": "LNS_POLICY_KERNEL__b16000__threeshift__e2-threeshift-100c-01__LNS_NO_COMMON_FLIP__seed1", "status": "OK", "time": 1783584796.861963}
{"event": "task_complete", "run_id": "LNS_POLICY_KERNEL__b16000__threeshift__e2-threeshift-100c-01__LNS_NO_COMMON_FLIP__seed3", "status": "OK", "time": 1783584953.5370932}
{"event": "task_complete", "run_id": "LNS_POLICY_KERNEL__b16000__threeshift__e2-threeshift-100c-01__A13_NO_COMMON_FLIP__seed3", "status": "OK", "time": 1783584954.7384472}
{"event": "task_complete", "run_id": "LNS_POLICY_KERNEL__b16000__threeshift__e2-threeshift-100c-01__LNS_NO_COMMON_FLIP__seed2", "status": "OK", "time": 1783584976.940408}
{"event": "task_complete", "run_id": "LNS_POLICY_KERNEL__b16000__threeshift__e2-threeshift-100c-01__A13_NO_COMMON_FLIP__seed2", "status": "OK", "time": 1783584980.668844}
{"event": "task_complete", "run_id": "LNS_POLICY_KERNEL__b16000__threeshift__e2-threeshift-150c-01__LNS_NO_COMMON_FLIP__seed1", "status": "OK", "time": 1783586311.449162}
{"event": "task_complete", "run_id": "LNS_POLICY_KERNEL__b16000__threeshift__e2-threeshift-150c-01__A13_NO_COMMON_FLIP__seed1", "status": "OK", "time": 1783586314.7796218}
{"event": "task_complete", "run_id": "LNS_POLICY_KERNEL__b16000__threeshift__e2-threeshift-150c-01__LNS_NO_COMMON_FLIP__seed2", "status": "OK", "time": 1783586638.993082}
{"event": "task_complete", "run_id": "LNS_POLICY_KERNEL__b16000__threeshift__e2-threeshift-150c-01__A13_NO_COMMON_FLIP__seed2", "status": "OK", "time": 1783586643.285451}
{"event": "task_complete", "run_id": "LNS_POLICY_KERNEL__b16000__threeshift__e2-threeshift-150c-01__LNS_NO_COMMON_FLIP__seed3", "status": "OK", "time": 1783586757.537079}
{"event": "task_complete", "run_id": "LNS_POLICY_KERNEL__b16000__threeshift__e2-threeshift-150c-01__A13_NO_COMMON_FLIP__seed3", "status": "OK", "time": 1783586761.704661}
{"event": "task_complete", "run_id": "LNS_POLICY_KERNEL__b16000__threeshift__e2-threeshift-50c-01__LNS_NO_COMMON_FLIP__seed1", "status": "OK", "time": 1783587052.336185}
{"event": "task_complete", "run_id": "LNS_POLICY_KERNEL__b16000__threeshift__e2-threeshift-50c-01__A13_NO_COMMON_FLIP__seed1", "status": "OK", "time": 1783587058.194741}
{"event": "task_complete", "run_id": "LNS_POLICY_KERNEL__b16000__threeshift__e2-threeshift-50c-01__LNS_NO_COMMON_FLIP__seed2", "status": "OK", "time": 1783587453.120102}
{"event": "task_complete", "run_id": "LNS_POLICY_KERNEL__b16000__threeshift__e2-threeshift-50c-01__A13_NO_COMMON_FLIP__seed2", "status": "OK", "time": 1783587458.345171}
{"event": "task_complete", "run_id": "LNS_POLICY_KERNEL__b16000__threeshift__e2-threeshift-50c-01__LNS_NO_COMMON_FLIP__seed3", "status": "OK", "time": 1783587590.041426}
{"event": "task_complete", "run_id": "LNS_POLICY_KERNEL__b16000__threeshift__e2-threeshift-50c-01__A13_NO_COMMON_FLIP__seed3", "status": "OK", "time": 1783587593.5553799}
{"event": "task_complete", "run_id": "LNS_POLICY_KERNEL__b16000__threeshift__e2-threeshift-75c-01__LNS_NO_COMMON_FLIP__seed1", "status": "OK", "time": 1783588135.841168}
{"event": "task_complete", "run_id": "LNS_POLICY_KERNEL__b16000__threeshift__e2-threeshift-75c-01__A13_NO_COMMON_FLIP__seed1", "status": "OK", "time": 1783588139.565346}
{"event": "task_complete", "run_id": "LNS_POLICY_KERNEL__b16000__threeshift__e2-threeshift-75c-01__LNS_NO_COMMON_FLIP__seed2", "status": "OK", "time": 1783588430.148562}
{"event": "task_complete", "run_id": "LNS_POLICY_KERNEL__b16000__threeshift__e2-threeshift-75c-01__A13_NO_COMMON_FLIP__seed2", "status": "OK", "time": 1783588435.046436}
{"event": "task_complete", "run_id": "LNS_POLICY_KERNEL__b16000__threeshift__e2-threeshift-75c-01__LNS_NO_COMMON_FLIP__seed3", "status": "OK", "time": 1783588483.961437}
{"event": "task_complete", "run_id": "LNS_POLICY_KERNEL__b16000__threeshift__e2-threeshift-75c-01__A13_NO_COMMON_FLIP__seed3", "status": "OK", "time": 1783588484.0927842}
{"event": "task_complete", "run_id": "LNS_POLICY_KERNEL__b16000__vanilla__e2-vanilla-100c-01__LNS_NO_COMMON_FLIP__seed1", "status": "OK", "time": 1783589132.829398}
{"event": "task_complete", "run_id": "LNS_POLICY_KERNEL__b16000__vanilla__e2-vanilla-100c-01__A13_NO_COMMON_FLIP__seed1", "status": "OK", "time": 1783589136.4000268}
{"event": "task_complete", "run_id": "LNS_POLICY_KERNEL__b16000__vanilla__e2-vanilla-100c-01__LNS_NO_COMMON_FLIP__seed2", "status": "OK", "time": 1783589376.280088}
{"event": "task_complete", "run_id": "LNS_POLICY_KERNEL__b16000__vanilla__e2-vanilla-100c-01__A13_NO_COMMON_FLIP__seed2", "status": "OK", "time": 1783589382.0546172}
{"event": "task_complete", "run_id": "LNS_POLICY_KERNEL__b16000__vanilla__e2-vanilla-100c-01__A13_NO_COMMON_FLIP__seed3", "status": "OK", "time": 1783589463.645633}
{"event": "task_complete", "run_id": "LNS_POLICY_KERNEL__b16000__vanilla__e2-vanilla-100c-01__LNS_NO_COMMON_FLIP__seed3", "status": "OK", "time": 1783589465.181886}
{"event": "task_complete", "run_id": "LNS_POLICY_KERNEL__b16000__vanilla__e2-vanilla-150c-01__LNS_NO_COMMON_FLIP__seed1", "status": "OK", "time": 1783590688.588106}
{"event": "task_complete", "run_id": "LNS_POLICY_KERNEL__b16000__vanilla__e2-vanilla-150c-01__A13_NO_COMMON_FLIP__seed1", "status": "OK", "time": 1783590691.687849}
{"event": "task_complete", "run_id": "LNS_POLICY_KERNEL__b16000__vanilla__e2-vanilla-15c-01__LNS_NO_COMMON_FLIP__seed1", "status": "OK", "time": 1783590723.042397}
{"event": "task_complete", "run_id": "LNS_POLICY_KERNEL__b16000__vanilla__e2-vanilla-15c-01__A13_NO_COMMON_FLIP__seed1", "status": "OK", "time": 1783590726.161241}
{"event": "task_complete", "run_id": "LNS_POLICY_KERNEL__b16000__vanilla__e2-vanilla-15c-01__LNS_NO_COMMON_FLIP__seed2", "status": "OK", "time": 1783590758.1551318}
{"event": "task_complete", "run_id": "LNS_POLICY_KERNEL__b16000__vanilla__e2-vanilla-15c-01__A13_NO_COMMON_FLIP__seed2", "status": "OK", "time": 1783590761.263079}
{"event": "task_complete", "run_id": "LNS_POLICY_KERNEL__b16000__vanilla__e2-vanilla-15c-01__LNS_NO_COMMON_FLIP__seed3", "status": "OK", "time": 1783590793.2049239}
{"event": "task_complete", "run_id": "LNS_POLICY_KERNEL__b16000__vanilla__e2-vanilla-15c-01__A13_NO_COMMON_FLIP__seed3", "status": "OK", "time": 1783590796.254095}
{"event": "task_complete", "run_id": "LNS_POLICY_KERNEL__b16000__vanilla__e2-vanilla-150c-01__LNS_NO_COMMON_FLIP__seed2", "status": "OK", "time": 1783590853.5159712}
{"event": "task_complete", "run_id": "LNS_POLICY_KERNEL__b16000__vanilla__e2-vanilla-150c-01__A13_NO_COMMON_FLIP__seed2", "status": "OK", "time": 1783590859.11872}
{"event": "task_complete", "run_id": "LNS_POLICY_KERNEL__b16000__vanilla__e2-vanilla-25c-01__LNS_NO_COMMON_FLIP__seed1", "status": "OK", "time": 1783590965.589317}
{"event": "task_complete", "run_id": "LNS_POLICY_KERNEL__b16000__vanilla__e2-vanilla-25c-01__A13_NO_COMMON_FLIP__seed1", "status": "OK", "time": 1783590968.584908}
{"event": "task_complete", "run_id": "LNS_POLICY_KERNEL__b16000__vanilla__e2-vanilla-150c-01__LNS_NO_COMMON_FLIP__seed3", "status": "OK", "time": 1783591015.176223}
{"event": "task_complete", "run_id": "LNS_POLICY_KERNEL__b16000__vanilla__e2-vanilla-150c-01__A13_NO_COMMON_FLIP__seed3", "status": "OK", "time": 1783591016.837579}
{"event": "task_complete", "run_id": "LNS_POLICY_KERNEL__b16000__vanilla__e2-vanilla-25c-01__LNS_NO_COMMON_FLIP__seed2", "status": "OK", "time": 1783591024.673905}
{"event": "task_complete", "run_id": "LNS_POLICY_KERNEL__b16000__vanilla__e2-vanilla-25c-01__A13_NO_COMMON_FLIP__seed2", "status": "OK", "time": 1783591031.283231}
{"event": "task_complete", "run_id": "LNS_POLICY_KERNEL__b16000__vanilla__e2-vanilla-25c-01__LNS_NO_COMMON_FLIP__seed3", "status": "OK", "time": 1783591135.851613}
{"event": "task_complete", "run_id": "LNS_POLICY_KERNEL__b16000__vanilla__e2-vanilla-25c-01__A13_NO_COMMON_FLIP__seed3", "status": "OK", "time": 1783591139.175128}
{"event": "task_complete", "run_id": "LNS_POLICY_KERNEL__b16000__vanilla__e2-vanilla-50c-01__LNS_NO_COMMON_FLIP__seed1", "status": "OK", "time": 1783591567.804563}
{"event": "task_complete", "run_id": "LNS_POLICY_KERNEL__b16000__vanilla__e2-vanilla-50c-01__A13_NO_COMMON_FLIP__seed1", "status": "OK", "time": 1783591568.625526}
{"event": "task_complete", "run_id": "LNS_POLICY_KERNEL__b16000__vanilla__e2-vanilla-50c-01__LNS_NO_COMMON_FLIP__seed2", "status": "OK", "time": 1783591576.2435489}
{"event": "task_complete", "run_id": "LNS_POLICY_KERNEL__b16000__vanilla__e2-vanilla-50c-01__A13_NO_COMMON_FLIP__seed2", "status": "OK", "time": 1783591582.096421}
{"event": "task_complete", "run_id": "LNS_POLICY_KERNEL__b16000__vanilla__e2-vanilla-50c-01__LNS_NO_COMMON_FLIP__seed3", "status": "OK", "time": 1783591602.290678}
{"event": "task_complete", "run_id": "LNS_POLICY_KERNEL__b16000__vanilla__e2-vanilla-50c-01__A13_NO_COMMON_FLIP__seed3", "status": "OK", "time": 1783591604.774257}
{"event": "task_complete", "run_id": "LNS_POLICY_KERNEL__b16000__multidepot__e2-multidepot-100c-01__LNS_FORMAL_COMMON_FLIP__seed2", "status": "OK", "time": 1783592664.5030222}
{"event": "task_complete", "run_id": "LNS_POLICY_KERNEL__b16000__multidepot__e2-multidepot-100c-01__A13_COMMON_FLIP__seed2", "status": "OK", "time": 1783592665.527943}
{"event": "task_complete", "run_id": "LNS_POLICY_KERNEL__b16000__multidepot__e2-multidepot-100c-01__LNS_FORMAL_COMMON_FLIP__seed3", "status": "OK", "time": 1783592680.95036}
{"event": "task_complete", "run_id": "LNS_POLICY_KERNEL__b16000__multidepot__e2-multidepot-100c-01__A13_COMMON_FLIP__seed3", "status": "OK", "time": 1783592683.080714}
{"event": "task_complete", "run_id": "LNS_POLICY_KERNEL__b16000__multidepot__e2-multidepot-10c-01__LNS_FORMAL_COMMON_FLIP__seed1", "status": "OK", "time": 1783592703.425719}
{"event": "task_complete", "run_id": "LNS_POLICY_KERNEL__b16000__multidepot__e2-multidepot-10c-01__A13_COMMON_FLIP__seed1", "status": "OK", "time": 1783592704.561541}
{"event": "task_complete", "run_id": "LNS_POLICY_KERNEL__b16000__multidepot__e2-multidepot-10c-01__LNS_FORMAL_COMMON_FLIP__seed2", "status": "OK", "time": 1783592718.2551901}
{"event": "task_complete", "run_id": "LNS_POLICY_KERNEL__b16000__multidepot__e2-multidepot-10c-01__A13_COMMON_FLIP__seed2", "status": "OK", "time": 1783592720.30723}
{"event": "task_complete", "run_id": "LNS_POLICY_KERNEL__b16000__multidepot__e2-multidepot-10c-01__LNS_FORMAL_COMMON_FLIP__seed3", "status": "OK", "time": 1783592738.16868}
{"event": "task_complete", "run_id": "LNS_POLICY_KERNEL__b16000__multidepot__e2-multidepot-10c-01__A13_COMMON_FLIP__seed3", "status": "OK", "time": 1783592739.488271}
{"event": "task_complete", "run_id": "LNS_POLICY_KERNEL__b16000__multidepot__e2-multidepot-100c-01__LNS_FORMAL_COMMON_FLIP__seed1", "status": "OK", "time": 1783592781.940008}
{"event": "task_complete", "run_id": "LNS_POLICY_KERNEL__b16000__multidepot__e2-multidepot-100c-01__A13_COMMON_FLIP__seed1", "status": "OK", "time": 1783592783.594238}
{"event": "task_complete", "run_id": "LNS_POLICY_KERNEL__b16000__multidepot__e2-multidepot-150c-01__LNS_FORMAL_COMMON_FLIP__seed1", "status": "OK", "time": 1783594358.136826}
{"event": "task_complete", "run_id": "LNS_POLICY_KERNEL__b16000__multidepot__e2-multidepot-150c-01__A13_COMMON_FLIP__seed1", "status": "OK", "time": 1783594363.375314}
{"event": "task_complete", "run_id": "LNS_POLICY_KERNEL__b16000__multidepot__e2-multidepot-150c-01__LNS_FORMAL_COMMON_FLIP__seed2", "status": "OK", "time": 1783594381.973431}
{"event": "task_complete", "run_id": "LNS_POLICY_KERNEL__b16000__multidepot__e2-multidepot-150c-01__A13_COMMON_FLIP__seed2", "status": "OK", "time": 1783594383.143157}
{"event": "task_complete", "run_id": "LNS_POLICY_KERNEL__b16000__multidepot__e2-multidepot-15c-01__LNS_FORMAL_COMMON_FLIP__seed1", "status": "OK", "time": 1783594392.510334}
{"event": "task_complete", "run_id": "LNS_POLICY_KERNEL__b16000__multidepot__e2-multidepot-15c-01__A13_COMMON_FLIP__seed1", "status": "OK", "time": 1783594397.723695}
{"event": "task_complete", "run_id": "LNS_POLICY_KERNEL__b16000__multidepot__e2-multidepot-15c-01__LNS_FORMAL_COMMON_FLIP__seed2", "status": "OK", "time": 1783594416.440543}
{"event": "task_complete", "run_id": "LNS_POLICY_KERNEL__b16000__multidepot__e2-multidepot-15c-01__A13_COMMON_FLIP__seed2", "status": "OK", "time": 1783594417.570952}
{"event": "task_complete", "run_id": "LNS_POLICY_KERNEL__b16000__multidepot__e2-multidepot-15c-01__LNS_FORMAL_COMMON_FLIP__seed3", "status": "OK", "time": 1783594431.239545}
{"event": "task_complete", "run_id": "LNS_POLICY_KERNEL__b16000__multidepot__e2-multidepot-15c-01__A13_COMMON_FLIP__seed3", "status": "OK", "time": 1783594436.5480802}
{"event": "task_complete", "run_id": "LNS_POLICY_KERNEL__b16000__multidepot__e2-multidepot-150c-01__LNS_FORMAL_COMMON_FLIP__seed3", "status": "OK", "time": 1783594499.133953}
{"event": "task_complete", "run_id": "LNS_POLICY_KERNEL__b16000__multidepot__e2-multidepot-150c-01__A13_COMMON_FLIP__seed3", "status": "OK", "time": 1783594500.248943}
{"event": "task_complete", "run_id": "LNS_POLICY_KERNEL__b16000__multidepot__e2-multidepot-20c-01__LNS_FORMAL_COMMON_FLIP__seed2", "status": "OK", "time": 1783594539.936044}
{"event": "task_complete", "run_id": "LNS_POLICY_KERNEL__b16000__multidepot__e2-multidepot-20c-01__A13_COMMON_FLIP__seed2", "status": "OK", "time": 1783594544.964339}
{"event": "task_complete", "run_id": "LNS_POLICY_KERNEL__b16000__multidepot__e2-multidepot-20c-01__LNS_FORMAL_COMMON_FLIP__seed1", "status": "OK", "time": 1783594551.5618198}
{"event": "task_complete", "run_id": "LNS_POLICY_KERNEL__b16000__multidepot__e2-multidepot-20c-01__A13_COMMON_FLIP__seed1", "status": "OK", "time": 1783594552.69824}
{"event": "task_complete", "run_id": "LNS_POLICY_KERNEL__b16000__multidepot__e2-multidepot-20c-01__LNS_FORMAL_COMMON_FLIP__seed3", "status": "OK", "time": 1783594608.183999}
{"event": "task_complete", "run_id": "LNS_POLICY_KERNEL__b16000__multidepot__e2-multidepot-20c-01__A13_COMMON_FLIP__seed3", "status": "OK", "time": 1783594609.575161}
{"event": "task_complete", "run_id": "LNS_POLICY_KERNEL__b16000__multidepot__e2-multidepot-50c-01__LNS_FORMAL_COMMON_FLIP__seed1", "status": "OK", "time": 1783595092.2330072}
{"event": "task_complete", "run_id": "LNS_POLICY_KERNEL__b16000__multidepot__e2-multidepot-50c-01__A13_COMMON_FLIP__seed1", "status": "OK", "time": 1783595099.0752268}
{"event": "task_complete", "run_id": "LNS_POLICY_KERNEL__b16000__multidepot__e2-multidepot-50c-01__LNS_FORMAL_COMMON_FLIP__seed2", "status": "OK", "time": 1783595104.2175412}
{"event": "task_complete", "run_id": "LNS_POLICY_KERNEL__b16000__multidepot__e2-multidepot-50c-01__A13_COMMON_FLIP__seed2", "status": "OK", "time": 1783595106.513171}
{"event": "task_complete", "run_id": "LNS_POLICY_KERNEL__b16000__multidepot__e2-multidepot-50c-01__LNS_FORMAL_COMMON_FLIP__seed3", "status": "OK", "time": 1783595180.924953}
{"event": "task_complete", "run_id": "LNS_POLICY_KERNEL__b16000__multidepot__e2-multidepot-50c-01__A13_COMMON_FLIP__seed3", "status": "OK", "time": 1783595182.131217}
{"event": "task_complete", "run_id": "LNS_POLICY_KERNEL__b16000__multidepot__e2-multidepot-75c-01__LNS_FORMAL_COMMON_FLIP__seed2", "status": "OK", "time": 1783595813.552588}
{"event": "task_complete", "run_id": "LNS_POLICY_KERNEL__b16000__multidepot__e2-multidepot-75c-01__A13_COMMON_FLIP__seed2", "status": "OK", "time": 1783595815.7062001}
{"event": "task_complete", "run_id": "LNS_POLICY_KERNEL__b16000__multidepot__e2-multidepot-75c-01__LNS_FORMAL_COMMON_FLIP__seed1", "status": "OK", "time": 1783595832.749357}
{"event": "task_complete", "run_id": "LNS_POLICY_KERNEL__b16000__multidepot__e2-multidepot-75c-01__A13_COMMON_FLIP__seed1", "status": "OK", "time": 1783595842.390419}
{"event": "task_complete", "run_id": "LNS_POLICY_KERNEL__b16000__multidepot__e2-multidepot-75c-01__LNS_FORMAL_COMMON_FLIP__seed3", "status": "OK", "time": 1783595889.33536}
{"event": "task_complete", "run_id": "LNS_POLICY_KERNEL__b16000__multidepot__e2-multidepot-75c-01__A13_COMMON_FLIP__seed3", "status": "OK", "time": 1783595891.765847}
{"event": "task_complete", "run_id": "LNS_POLICY_KERNEL__b16000__threeshift__e2-threeshift-100c-01__LNS_FORMAL_COMMON_FLIP__seed1", "status": "OK", "time": 1783596789.519815}
{"event": "task_complete", "run_id": "LNS_POLICY_KERNEL__b16000__threeshift__e2-threeshift-100c-01__A13_COMMON_FLIP__seed1", "status": "OK", "time": 1783596791.559973}
{"event": "task_complete", "run_id": "LNS_POLICY_KERNEL__b16000__threeshift__e2-threeshift-100c-01__LNS_FORMAL_COMMON_FLIP__seed3", "status": "OK", "time": 1783596949.538451}
{"event": "task_complete", "run_id": "LNS_POLICY_KERNEL__b16000__threeshift__e2-threeshift-100c-01__A13_COMMON_FLIP__seed3", "status": "OK", "time": 1783596952.587363}
{"event": "task_complete", "run_id": "LNS_POLICY_KERNEL__b16000__threeshift__e2-threeshift-100c-01__LNS_FORMAL_COMMON_FLIP__seed2", "status": "OK", "time": 1783596964.1536179}
{"event": "task_complete", "run_id": "LNS_POLICY_KERNEL__b16000__threeshift__e2-threeshift-100c-01__A13_COMMON_FLIP__seed2", "status": "OK", "time": 1783596976.755199}
{"event": "task_complete", "run_id": "LNS_POLICY_KERNEL__b16000__threeshift__e2-threeshift-150c-01__LNS_FORMAL_COMMON_FLIP__seed1", "status": "OK", "time": 1783598221.044106}
{"event": "task_complete", "run_id": "LNS_POLICY_KERNEL__b16000__threeshift__e2-threeshift-150c-01__A13_COMMON_FLIP__seed1", "status": "OK", "time": 1783598221.8038669}
{"event": "task_complete", "run_id": "LNS_POLICY_KERNEL__b16000__threeshift__e2-threeshift-150c-01__LNS_FORMAL_COMMON_FLIP__seed2", "status": "OK", "time": 1783598495.586393}
{"event": "task_complete", "run_id": "LNS_POLICY_KERNEL__b16000__threeshift__e2-threeshift-150c-01__A13_COMMON_FLIP__seed2", "status": "OK", "time": 1783598499.1188638}
{"event": "task_complete", "run_id": "LNS_POLICY_KERNEL__b16000__threeshift__e2-threeshift-150c-01__LNS_FORMAL_COMMON_FLIP__seed3", "status": "OK", "time": 1783598569.455699}
{"event": "task_complete", "run_id": "LNS_POLICY_KERNEL__b16000__threeshift__e2-threeshift-150c-01__A13_COMMON_FLIP__seed3", "status": "OK", "time": 1783598583.732897}
{"event": "task_complete", "run_id": "LNS_POLICY_KERNEL__b16000__threeshift__e2-threeshift-50c-01__A13_COMMON_FLIP__seed1", "status": "OK", "time": 1783598782.414839}
{"event": "task_complete", "run_id": "LNS_POLICY_KERNEL__b16000__threeshift__e2-threeshift-50c-01__LNS_FORMAL_COMMON_FLIP__seed1", "status": "OK", "time": 1783598782.759105}
{"event": "task_complete", "run_id": "LNS_POLICY_KERNEL__b16000__threeshift__e2-threeshift-50c-01__LNS_FORMAL_COMMON_FLIP__seed2", "status": "OK", "time": 1783599044.312227}
{"event": "task_complete", "run_id": "LNS_POLICY_KERNEL__b16000__threeshift__e2-threeshift-50c-01__A13_COMMON_FLIP__seed2", "status": "OK", "time": 1783599048.423552}
{"event": "task_complete", "run_id": "LNS_POLICY_KERNEL__b16000__threeshift__e2-threeshift-50c-01__LNS_FORMAL_COMMON_FLIP__seed3", "status": "OK", "time": 1783599136.7662551}
{"event": "task_complete", "run_id": "LNS_POLICY_KERNEL__b16000__threeshift__e2-threeshift-50c-01__A13_COMMON_FLIP__seed3", "status": "OK", "time": 1783599153.1254919}
{"event": "task_complete", "run_id": "LNS_POLICY_KERNEL__b16000__threeshift__e2-threeshift-75c-01__LNS_FORMAL_COMMON_FLIP__seed1", "status": "OK", "time": 1783599584.4542131}
{"event": "task_complete", "run_id": "LNS_POLICY_KERNEL__b16000__threeshift__e2-threeshift-75c-01__A13_COMMON_FLIP__seed1", "status": "OK", "time": 1783599584.666831}
{"event": "task_complete", "run_id": "LNS_POLICY_KERNEL__b16000__threeshift__e2-threeshift-75c-01__LNS_FORMAL_COMMON_FLIP__seed2", "status": "OK", "time": 1783599853.66056}
{"event": "task_complete", "run_id": "LNS_POLICY_KERNEL__b16000__threeshift__e2-threeshift-75c-01__A13_COMMON_FLIP__seed2", "status": "OK", "time": 1783599857.290231}
{"event": "task_complete", "run_id": "LNS_POLICY_KERNEL__b16000__threeshift__e2-threeshift-75c-01__LNS_FORMAL_COMMON_FLIP__seed3", "status": "OK", "time": 1783599895.583301}
{"event": "task_complete", "run_id": "LNS_POLICY_KERNEL__b16000__threeshift__e2-threeshift-75c-01__A13_COMMON_FLIP__seed3", "status": "OK", "time": 1783599913.7649212}
{"event": "task_complete", "run_id": "LNS_POLICY_KERNEL__b16000__vanilla__e2-vanilla-100c-01__A13_COMMON_FLIP__seed1", "status": "OK", "time": 1783600540.812626}
{"event": "task_complete", "run_id": "LNS_POLICY_KERNEL__b16000__vanilla__e2-vanilla-100c-01__LNS_FORMAL_COMMON_FLIP__seed1", "status": "OK", "time": 1783600540.8458052}
{"event": "task_complete", "run_id": "LNS_POLICY_KERNEL__b16000__vanilla__e2-vanilla-100c-01__LNS_FORMAL_COMMON_FLIP__seed2", "status": "OK", "time": 1783600788.0515578}
{"event": "task_complete", "run_id": "LNS_POLICY_KERNEL__b16000__vanilla__e2-vanilla-100c-01__A13_COMMON_FLIP__seed2", "status": "OK", "time": 1783600793.766468}
{"event": "task_complete", "run_id": "LNS_POLICY_KERNEL__b16000__vanilla__e2-vanilla-100c-01__LNS_FORMAL_COMMON_FLIP__seed3", "status": "OK", "time": 1783600862.7424169}
{"event": "task_complete", "run_id": "LNS_POLICY_KERNEL__b16000__vanilla__e2-vanilla-100c-01__A13_COMMON_FLIP__seed3", "status": "OK", "time": 1783600883.028897}
{"event": "task_complete", "run_id": "LNS_POLICY_KERNEL__b16000__vanilla__e2-vanilla-150c-01__A13_COMMON_FLIP__seed1", "status": "OK", "time": 1783602101.066062}
{"event": "task_complete", "run_id": "LNS_POLICY_KERNEL__b16000__vanilla__e2-vanilla-150c-01__LNS_FORMAL_COMMON_FLIP__seed1", "status": "OK", "time": 1783602101.383878}
{"event": "task_complete", "run_id": "LNS_POLICY_KERNEL__b16000__vanilla__e2-vanilla-15c-01__LNS_FORMAL_COMMON_FLIP__seed1", "status": "OK", "time": 1783602136.624091}
{"event": "task_complete", "run_id": "LNS_POLICY_KERNEL__b16000__vanilla__e2-vanilla-15c-01__A13_COMMON_FLIP__seed1", "status": "OK", "time": 1783602136.983628}
{"event": "task_complete", "run_id": "LNS_POLICY_KERNEL__b16000__vanilla__e2-vanilla-15c-01__LNS_FORMAL_COMMON_FLIP__seed2", "status": "OK", "time": 1783602172.6410758}
{"event": "task_complete", "run_id": "LNS_POLICY_KERNEL__b16000__vanilla__e2-vanilla-15c-01__A13_COMMON_FLIP__seed2", "status": "OK", "time": 1783602173.056333}
{"event": "task_complete", "run_id": "LNS_POLICY_KERNEL__b16000__vanilla__e2-vanilla-15c-01__LNS_FORMAL_COMMON_FLIP__seed3", "status": "OK", "time": 1783602208.775042}
{"event": "task_complete", "run_id": "LNS_POLICY_KERNEL__b16000__vanilla__e2-vanilla-15c-01__A13_COMMON_FLIP__seed3", "status": "OK", "time": 1783602208.972537}
{"event": "task_complete", "run_id": "LNS_POLICY_KERNEL__b16000__vanilla__e2-vanilla-150c-01__LNS_FORMAL_COMMON_FLIP__seed2", "status": "OK", "time": 1783602278.6770291}
{"event": "task_complete", "run_id": "LNS_POLICY_KERNEL__b16000__vanilla__e2-vanilla-150c-01__A13_COMMON_FLIP__seed2", "status": "OK", "time": 1783602287.66136}
{"event": "task_complete", "run_id": "LNS_POLICY_KERNEL__b16000__vanilla__e2-vanilla-25c-01__A13_COMMON_FLIP__seed1", "status": "OK", "time": 1783602386.4583628}
{"event": "task_complete", "run_id": "LNS_POLICY_KERNEL__b16000__vanilla__e2-vanilla-25c-01__LNS_FORMAL_COMMON_FLIP__seed1", "status": "OK", "time": 1783602386.462569}
{"event": "task_complete", "run_id": "LNS_POLICY_KERNEL__b16000__vanilla__e2-vanilla-150c-01__LNS_FORMAL_COMMON_FLIP__seed3", "status": "OK", "time": 1783602432.9401898}
{"event": "task_complete", "run_id": "LNS_POLICY_KERNEL__b16000__vanilla__e2-vanilla-25c-01__LNS_FORMAL_COMMON_FLIP__seed2", "status": "OK", "time": 1783602455.0420291}
{"event": "task_complete", "run_id": "LNS_POLICY_KERNEL__b16000__vanilla__e2-vanilla-150c-01__A13_COMMON_FLIP__seed3", "status": "OK", "time": 1783602455.42973}
{"event": "task_complete", "run_id": "LNS_POLICY_KERNEL__b16000__vanilla__e2-vanilla-25c-01__A13_COMMON_FLIP__seed2", "status": "OK", "time": 1783602463.572711}
{"event": "task_complete", "run_id": "LNS_POLICY_KERNEL__b16000__vanilla__e2-vanilla-25c-01__A13_COMMON_FLIP__seed3", "status": "OK", "time": 1783602558.692384}
{"event": "task_complete", "run_id": "LNS_POLICY_KERNEL__b16000__vanilla__e2-vanilla-25c-01__LNS_FORMAL_COMMON_FLIP__seed3", "status": "OK", "time": 1783602558.776901}
{"event": "task_complete", "run_id": "LNS_POLICY_KERNEL__b16000__vanilla__e2-vanilla-50c-01__LNS_FORMAL_COMMON_FLIP__seed1", "status": "OK", "time": 1783602990.6861818}
{"event": "task_complete", "run_id": "LNS_POLICY_KERNEL__b16000__vanilla__e2-vanilla-50c-01__A13_COMMON_FLIP__seed1", "status": "OK", "time": 1783603011.175241}
{"event": "task_complete", "run_id": "LNS_POLICY_KERNEL__b16000__vanilla__e2-vanilla-50c-01__LNS_FORMAL_COMMON_FLIP__seed2", "status": "OK", "time": 1783603013.117547}
{"event": "task_complete", "run_id": "LNS_POLICY_KERNEL__b16000__vanilla__e2-vanilla-50c-01__A13_COMMON_FLIP__seed2", "status": "OK", "time": 1783603018.1707}
{"event": "task_complete", "run_id": "LNS_POLICY_KERNEL__b16000__vanilla__e2-vanilla-50c-01__A13_COMMON_FLIP__seed3", "status": "OK", "time": 1783603031.496447}
{"event": "task_complete", "run_id": "LNS_POLICY_KERNEL__b16000__vanilla__e2-vanilla-50c-01__LNS_FORMAL_COMMON_FLIP__seed3", "status": "OK", "time": 1783603031.824907}
