DONE T24__CY__COST__S2026080208 FULL_PASS_ZERO_VIOLATIONS MATERIALIZED=18/90
DONE T24__CY__COST__S2026080209 FULL_PASS_ZERO_VIOLATIONS MATERIALIZED=19/90
DONE T24__CY__COST__S2026080210 FULL_PASS_ZERO_VIOLATIONS MATERIALIZED=20/90
DONE T24__CY__COST_CARBON__S2026080202 FULL_PASS_ZERO_VIOLATIONS MATERIALIZED=21/90
DONE T24__CY__COST_CARBON__S2026080201 FULL_PASS_ZERO_VIOLATIONS MATERIALIZED=22/90
DONE T24__CY__COST_CARBON__S2026080203 FULL_PASS_ZERO_VIOLATIONS MATERIALIZED=23/90
DONE T24__CY__COST_CARBON__S2026080204 FULL_PASS_ZERO_VIOLATIONS MATERIALIZED=24/90
DONE T24__CY__COST_CARBON__S2026080206 FULL_PASS_ZERO_VIOLATIONS MATERIALIZED=25/90
DONE T24__CY__COST_CARBON__S2026080205 FULL_PASS_ZERO_VIOLATIONS MATERIALIZED=26/90
DONE T24__CY__COST_CARBON__S2026080207 FULL_PASS_ZERO_VIOLATIONS MATERIALIZED=27/90
DONE T24__CY__COST_CARBON__S2026080209 FULL_PASS_ZERO_VIOLATIONS MATERIALIZED=28/90
DONE T24__CY__COST_CARBON__S2026080208 FULL_PASS_ZERO_VIOLATIONS MATERIALIZED=29/90
DONE T24__JJJ__ASAP__S2026080201 FULL_PASS_ZERO_VIOLATIONS MATERIALIZED=30/90
DONE T24__JJJ__ASAP__S2026080202 FULL_PASS_ZERO_VIOLATIONS MATERIALIZED=31/90
DONE T24__JJJ__ASAP__S2026080203 FULL_PASS_ZERO_VIOLATIONS MATERIALIZED=32/90
DONE T24__CY__COST_CARBON__S2026080210 FULL_PASS_ZERO_VIOLATIONS MATERIALIZED=33/90
DONE T24__JJJ__ASAP__S2026080204 FULL_PASS_ZERO_VIOLATIONS MATERIALIZED=34/90
DONE T24__JJJ__ASAP__S2026080205 FULL_PASS_ZERO_VIOLATIONS MATERIALIZED=35/90
DONE T24__JJJ__ASAP__S2026080206 FULL_PASS_ZERO_VIOLATIONS MATERIALIZED=36/90
DONE T24__JJJ__ASAP__S2026080207 FULL_PASS_ZERO_VIOLATIONS MATERIALIZED=37/90
DONE T24__JJJ__ASAP__S2026080208 FULL_PASS_ZERO_VIOLATIONS MATERIALIZED=38/90
DONE T24__JJJ__ASAP__S2026080209 FULL_PASS_ZERO_VIOLATIONS MATERIALIZED=39/90
DONE T24__JJJ__ASAP__S2026080210 FULL_PASS_ZERO_VIOLATIONS MATERIALIZED=40/90
DONE T24__JJJ__COST__S2026080201 FULL_PASS_ZERO_VIOLATIONS MATERIALIZED=41/90
DONE T24__JJJ__COST__S2026080202 FULL_PASS_ZERO_VIOLATIONS MATERIALIZED=42/90
DONE T24__JJJ__COST__S2026080203 FULL_PASS_ZERO_VIOLATIONS MATERIALIZED=43/90
DONE T24__JJJ__COST__S2026080204 FULL_PASS_ZERO_VIOLATIONS MATERIALIZED=44/90
DONE T24__JJJ__COST__S2026080205 FULL_PASS_ZERO_VIOLATIONS MATERIALIZED=45/90
DONE T24__JJJ__COST__S2026080206 FULL_PASS_ZERO_VIOLATIONS MATERIALIZED=46/90
DONE T24__JJJ__COST__S2026080207 FULL_PASS_ZERO_VIOLATIONS MATERIALIZED=47/90
DONE T24__JJJ__COST__S2026080209 FULL_PASS_ZERO_VIOLATIONS MATERIALIZED=48/90
DONE T24__JJJ__COST__S2026080208 FULL_PASS_ZERO_VIOLATIONS MATERIALIZED=49/90
DONE T24__JJJ__COST__S2026080210 FULL_PASS_ZERO_VIOLATIONS MATERIALIZED=50/90
DONE T24__JJJ__COST_CARBON__S2026080201 FULL_PASS_ZERO_VIOLATIONS MATERIALIZED=51/90
DONE T24__JJJ__COST_CARBON__S2026080202 FULL_PASS_ZERO_VIOLATIONS MATERIALIZED=52/90
DONE T24__JJJ__COST_CARBON__S2026080203 FULL_PASS_ZERO_VIOLATIONS MATERIALIZED=53/90
DONE T24__JJJ__COST_CARBON__S2026080204 FULL_PASS_ZERO_VIOLATIONS MATERIALIZED=54/90
DONE T24__JJJ__COST_CARBON__S2026080205 FULL_PASS_ZERO_VIOLATIONS MATERIALIZED=55/90
DONE T24__JJJ__COST_CARBON__S2026080206 FULL_PASS_ZERO_VIOLATIONS MATERIALIZED=56/90
DONE T24__JJJ__COST_CARBON__S2026080207 FULL_PASS_ZERO_VIOLATIONS MATERIALIZED=57/90
DONE T24__JJJ__COST_CARBON__S2026080208 FULL_PASS_ZERO_VIOLATIONS MATERIALIZED=58/90
DONE T24__PRD__ASAP__S2026080201 FULL_PASS_ZERO_VIOLATIONS MATERIALIZED=59/90
DONE T24__PRD__ASAP__S2026080202 FULL_PASS_ZERO_VIOLATIONS MATERIALIZED=60/90
DONE T24__JJJ__COST_CARBON__S2026080209 FULL_PASS_ZERO_VIOLATIONS MATERIALIZED=61/90
DONE T24__PRD__ASAP__S2026080203 FULL_PASS_ZERO_VIOLATIONS MATERIALIZED=62/90
DONE T24__PRD__ASAP__S2026080204 FULL_PASS_ZERO_VIOLATIONS MATERIALIZED=63/90
DONE T24__PRD__ASAP__S2026080205 FULL_PASS_ZERO_VIOLATIONS MATERIALIZED=64/90
DONE T24__PRD__ASAP__S2026080206 FULL_PASS_ZERO_VIOLATIONS MATERIALIZED=65/90
DONE T24__JJJ__COST_CARBON__S2026080210 FULL_PASS_ZERO_VIOLATIONS MATERIALIZED=66/90
DONE T24__PRD__ASAP__S2026080207 FULL_PASS_ZERO_VIOLATIONS MATERIALIZED=67/90
DONE T24__PRD__ASAP__S2026080208 FULL_PASS_ZERO_VIOLATIONS MATERIALIZED=68/90
DONE T24__PRD__ASAP__S2026080209 FULL_PASS_ZERO_VIOLATIONS MATERIALIZED=69/90
DONE T24__PRD__ASAP__S2026080210 FULL_PASS_ZERO_VIOLATIONS MATERIALIZED=70/90
DONE T24__PRD__COST__S2026080201 FULL_PASS_ZERO_VIOLATIONS MATERIALIZED=71/90
DONE T24__PRD__COST__S2026080202 FULL_PASS_ZERO_VIOLATIONS MATERIALIZED=72/90
DONE T24__PRD__COST__S2026080203 FULL_PASS_ZERO_VIOLATIONS MATERIALIZED=73/90
DONE T24__PRD__COST__S2026080204 FULL_PASS_ZERO_VIOLATIONS MATERIALIZED=74/90
DONE T24__PRD__COST__S2026080205 FULL_PASS_ZERO_VIOLATIONS MATERIALIZED=75/90
DONE T24__PRD__COST__S2026080206 FULL_PASS_ZERO_VIOLATIONS MATERIALIZED=76/90
DONE T24__PRD__COST__S2026080207 FULL_PASS_ZERO_VIOLATIONS MATERIALIZED=77/90
DONE T24__PRD__COST__S2026080208 FULL_PASS_ZERO_VIOLATIONS MATERIALIZED=78/90
DONE T24__PRD__COST__S2026080210 FULL_PASS_ZERO_VIOLATIONS MATERIALIZED=79/90
DONE T24__PRD__COST__S2026080209 FULL_PASS_ZERO_VIOLATIONS MATERIALIZED=80/90
DONE T24__PRD__COST_CARBON__S2026080201 FULL_PASS_ZERO_VIOLATIONS MATERIALIZED=81/90
DONE T24__PRD__COST_CARBON__S2026080202 FULL_PASS_ZERO_VIOLATIONS MATERIALIZED=82/90
DONE T24__PRD__COST_CARBON__S2026080203 FULL_PASS_ZERO_VIOLATIONS MATERIALIZED=83/90
DONE T24__PRD__COST_CARBON__S2026080204 FULL_PASS_ZERO_VIOLATIONS MATERIALIZED=84/90
DONE T24__PRD__COST_CARBON__S2026080206 FULL_PASS_ZERO_VIOLATIONS MATERIALIZED=85/90
DONE T24__PRD__COST_CARBON__S2026080205 FULL_PASS_ZERO_VIOLATIONS MATERIALIZED=86/90
DONE T24__PRD__COST_CARBON__S2026080207 FULL_PASS_ZERO_VIOLATIONS MATERIALIZED=87/90
DONE T24__PRD__COST_CARBON__S2026080208 FULL_PASS_ZERO_VIOLATIONS MATERIALIZED=88/90
DONE T24__PRD__COST_CARBON__S2026080209 FULL_PASS_ZERO_VIOLATIONS MATERIALIZED=89/90
DONE T24__PRD__COST_CARBON__S2026080210 FULL_PASS_ZERO_VIOLATIONS MATERIALIZED=90/90
T25_REMAINING_73_MATERIALIZED
