2026-06-29 03:33:23	Pilot21 start
2026-06-29 03:33:23	Stage0 run operator_select bundle=models/data_bundle/generated_instances/E-UK25_02__curric_d2_s3_seed2_24h seed=11
2026-06-29 03:33:28	Stage0 run worst_removal_fixed bundle=models/data_bundle/generated_instances/E-UK25_02__curric_d2_s3_seed2_24h seed=11
2026-06-29 03:33:31	Stage0 run best_of_k_destroy bundle=models/data_bundle/generated_instances/E-UK25_02__curric_d2_s3_seed2_24h seed=11
2026-06-29 03:33:34	Stage0 run operator_select bundle=models/data_bundle/generated_instances/E-UK25_02__curric_d2_s3_seed2_24h seed=12
2026-06-29 03:33:37	Stage0 run worst_removal_fixed bundle=models/data_bundle/generated_instances/E-UK25_02__curric_d2_s3_seed2_24h seed=12
2026-06-29 03:33:40	Stage0 run best_of_k_destroy bundle=models/data_bundle/generated_instances/E-UK25_02__curric_d2_s3_seed2_24h seed=12
2026-06-29 03:33:42	Stage0 run operator_select bundle=models/data_bundle/generated_instances/E-UK25_08__curric_d2_s3_seed8_24h seed=11
2026-06-29 03:33:48	Stage0 run worst_removal_fixed bundle=models/data_bundle/generated_instances/E-UK25_08__curric_d2_s3_seed8_24h seed=11
2026-06-29 03:33:50	Stage0 run best_of_k_destroy bundle=models/data_bundle/generated_instances/E-UK25_08__curric_d2_s3_seed8_24h seed=11
2026-06-29 03:33:53	Stage0 run operator_select bundle=models/data_bundle/generated_instances/E-UK25_08__curric_d2_s3_seed8_24h seed=12
2026-06-29 03:33:55	Stage0 run worst_removal_fixed bundle=models/data_bundle/generated_instances/E-UK25_08__curric_d2_s3_seed8_24h seed=12
2026-06-29 03:33:58	Stage0 run best_of_k_destroy bundle=models/data_bundle/generated_instances/E-UK25_08__curric_d2_s3_seed8_24h seed=12
2026-06-29 03:34:01	Stage0 run operator_select bundle=models/data_bundle/generated_instances/E-UK50_01__curric_d2_s3_seed1_24h seed=11
2026-06-29 03:34:16	Stage0 run worst_removal_fixed bundle=models/data_bundle/generated_instances/E-UK50_01__curric_d2_s3_seed1_24h seed=11
2026-06-29 03:34:27	Stage0 run best_of_k_destroy bundle=models/data_bundle/generated_instances/E-UK50_01__curric_d2_s3_seed1_24h seed=11
2026-06-29 03:34:36	Stage0 run operator_select bundle=models/data_bundle/generated_instances/E-UK50_01__curric_d2_s3_seed1_24h seed=12
2026-06-29 03:34:52	Stage0 run worst_removal_fixed bundle=models/data_bundle/generated_instances/E-UK50_01__curric_d2_s3_seed1_24h seed=12
2026-06-29 03:35:03	Stage0 run best_of_k_destroy bundle=models/data_bundle/generated_instances/E-UK50_01__curric_d2_s3_seed1_24h seed=12
2026-06-29 03:35:12	Stage0 run operator_select bundle=models/data_bundle/generated_instances/E-UK50_04__curric_d2_s3_seed4_24h seed=11
2026-06-29 03:35:27	Stage0 run worst_removal_fixed bundle=models/data_bundle/generated_instances/E-UK50_04__curric_d2_s3_seed4_24h seed=11
2026-06-29 03:35:38	Stage0 run best_of_k_destroy bundle=models/data_bundle/generated_instances/E-UK50_04__curric_d2_s3_seed4_24h seed=11
2026-06-29 03:35:45	Stage0 run operator_select bundle=models/data_bundle/generated_instances/E-UK50_04__curric_d2_s3_seed4_24h seed=12
2026-06-29 03:36:04	Stage0 run worst_removal_fixed bundle=models/data_bundle/generated_instances/E-UK50_04__curric_d2_s3_seed4_24h seed=12
2026-06-29 03:36:15	Stage0 run best_of_k_destroy bundle=models/data_bundle/generated_instances/E-UK50_04__curric_d2_s3_seed4_24h seed=12
2026-06-29 03:36:24	Stage0 run operator_select bundle=models/data_bundle/generated_instances/E-UK100_02__u0_seed2_24h_20251113 seed=11
2026-06-29 03:36:53	Stage0 run worst_removal_fixed bundle=models/data_bundle/generated_instances/E-UK100_02__u0_seed2_24h_20251113 seed=11
2026-06-29 03:37:21	Stage0 run best_of_k_destroy bundle=models/data_bundle/generated_instances/E-UK100_02__u0_seed2_24h_20251113 seed=11
2026-06-29 03:37:50	Stage0 run operator_select bundle=models/data_bundle/generated_instances/E-UK100_02__u0_seed2_24h_20251113 seed=12
2026-06-29 03:38:17	Stage0 run worst_removal_fixed bundle=models/data_bundle/generated_instances/E-UK100_02__u0_seed2_24h_20251113 seed=12
2026-06-29 03:38:45	Stage0 run best_of_k_destroy bundle=models/data_bundle/generated_instances/E-UK100_02__u0_seed2_24h_20251113 seed=12
2026-06-29 03:39:14	Stage0 run operator_select bundle=models/data_bundle/generated_instances/E-UK100_03__u0_seed3_24h_20251113 seed=11
2026-06-29 03:39:43	Stage0 run worst_removal_fixed bundle=models/data_bundle/generated_instances/E-UK100_03__u0_seed3_24h_20251113 seed=11
2026-06-29 03:40:14	Stage0 run best_of_k_destroy bundle=models/data_bundle/generated_instances/E-UK100_03__u0_seed3_24h_20251113 seed=11
2026-06-29 03:40:42	Stage0 run operator_select bundle=models/data_bundle/generated_instances/E-UK100_03__u0_seed3_24h_20251113 seed=12
2026-06-29 03:41:08	Stage0 run worst_removal_fixed bundle=models/data_bundle/generated_instances/E-UK100_03__u0_seed3_24h_20251113 seed=12
2026-06-29 03:41:37	Stage0 run best_of_k_destroy bundle=models/data_bundle/generated_instances/E-UK100_03__u0_seed3_24h_20251113 seed=12
2026-06-29 03:42:03	Stage0 verdict=G0_PASS: Destroy headroom found on scales: 25c
2026-06-29 03:42:31	Stage1 update 0 episode=3 policy_loss=0.03030288708396256 value_loss=8.310694813728333 entropy=21.34705650806427 approx_kl=0.04789775796234608
2026-06-29 03:42:56	Stage1 update 1 episode=7 policy_loss=0.05595919128973037 value_loss=20.302655965089798 entropy=21.634268522262573 approx_kl=0.09308917634189129
2026-06-29 03:43:19	Stage1 update 2 episode=11 policy_loss=-0.0010555059416219592 value_loss=7.980645835399628 entropy=21.454952478408813 approx_kl=0.021262777037918568
2026-06-29 03:43:45	Stage1 update 3 episode=15 policy_loss=-0.012991004856303334 value_loss=15.554513305425644 entropy=21.60450315475464 approx_kl=0.01897961925715208
2026-06-29 03:44:09	Stage1 update 4 episode=19 policy_loss=-0.009954511013347656 value_loss=20.257842481136322 entropy=21.077479124069214 approx_kl=0.011202064342796803
2026-06-29 03:44:32	Stage1 update 5 episode=23 policy_loss=0.003864085068926215 value_loss=13.584306374192238 entropy=20.51456093788147 approx_kl=0.02539558708667755
2026-06-29 03:44:56	Stage1 update 6 episode=27 policy_loss=-0.0016205758147407323 value_loss=5.1212983429431915 entropy=21.472655534744263 approx_kl=0.0410357266664505
2026-06-29 03:45:19	Stage1 update 7 episode=31 policy_loss=-0.00035915570333600044 value_loss=7.599912136793137 entropy=21.096044898033142 approx_kl=0.020128080621361732
2026-06-29 03:45:43	Stage1 update 8 episode=35 policy_loss=-0.0026804660446941853 value_loss=7.296501100063324 entropy=21.265753388404846 approx_kl=0.023351682350039482
2026-06-29 03:46:05	Stage1 update 9 episode=39 policy_loss=0.004394608433358371 value_loss=8.098559558391571 entropy=20.323109984397888 approx_kl=0.02459030132740736
2026-06-29 03:46:05	Stage1 checkpoint solver\reports\dr_alns_ppo_v3_block_dr_alns\async_pilot\pilot21_learned_destroy_big\checkpoints\pilot21_learned_destroy_update_0010.pt
2026-06-29 03:46:27	Stage1 update 10 episode=43 policy_loss=-0.004232630832120776 value_loss=9.041879683732986 entropy=20.922070503234863 approx_kl=0.03122870624065399
2026-06-29 03:46:50	Stage1 update 11 episode=47 policy_loss=0.005822446139063686 value_loss=8.776402860879898 entropy=20.384195804595947 approx_kl=0.015199984423816204
2026-06-29 03:47:13	Stage1 update 12 episode=51 policy_loss=0.0062857422744855285 value_loss=9.738214150071144 entropy=21.58622145652771 approx_kl=0.030155088752508163
2026-06-29 03:47:36	Stage1 update 13 episode=55 policy_loss=-0.007837126264348626 value_loss=9.316179633140564 entropy=20.58462703227997 approx_kl=0.02076971810311079
2026-06-29 03:48:00	Stage1 update 14 episode=59 policy_loss=0.0030079586431384087 value_loss=12.383476078510284 entropy=21.183592200279236 approx_kl=0.036900405772030354
2026-06-29 03:48:22	Stage1 update 15 episode=63 policy_loss=-0.008182499324902892 value_loss=5.606597580015659 entropy=20.63646113872528 approx_kl=0.045501694083213806
2026-06-29 03:48:48	Stage1 update 16 episode=67 policy_loss=0.004996730946004391 value_loss=14.884631976485252 entropy=22.35246503353119 approx_kl=0.02632993273437023
2026-06-29 03:49:12	Stage1 update 17 episode=71 policy_loss=0.002109281253069639 value_loss=8.966405048966408 entropy=20.785321354866028 approx_kl=0.01774894818663597
2026-06-29 03:49:36	Stage1 update 18 episode=75 policy_loss=0.001635310472920537 value_loss=6.653898626565933 entropy=20.985716342926025 approx_kl=0.024453717283904552
2026-06-29 03:50:00	Stage1 update 19 episode=79 policy_loss=0.008127810899168253 value_loss=5.500274017453194 entropy=21.20475447177887 approx_kl=0.04314165376126766
2026-06-29 03:50:00	Stage1 checkpoint solver\reports\dr_alns_ppo_v3_block_dr_alns\async_pilot\pilot21_learned_destroy_big\checkpoints\pilot21_learned_destroy_update_0020.pt
2026-06-29 03:50:23	Stage1 update 20 episode=83 policy_loss=-0.002461614611092955 value_loss=9.730947583913803 entropy=21.529611349105835 approx_kl=0.026843514293432236
2026-06-29 03:50:49	Stage1 update 21 episode=87 policy_loss=0.016386973671615124 value_loss=7.49346199631691 entropy=21.098560214042664 approx_kl=0.020667492412030697
2026-06-29 03:51:13	Stage1 update 22 episode=91 policy_loss=0.017649739980697632 value_loss=10.542487353086472 entropy=21.62462341785431 approx_kl=0.02451275195926428
2026-06-29 03:51:37	Stage1 update 23 episode=95 policy_loss=-0.003147506678942591 value_loss=12.590252310037613 entropy=20.725526928901672 approx_kl=0.010588542558252811
2026-06-29 03:51:59	Stage1 update 24 episode=99 policy_loss=0.005424342874903232 value_loss=7.06222802400589 entropy=21.139326691627502 approx_kl=0.0093862134963274
2026-06-29 03:52:22	Stage1 update 25 episode=103 policy_loss=0.007341851363889873 value_loss=12.925106316804886 entropy=20.824806213378906 approx_kl=0.013650846667587757
2026-06-29 03:52:45	Stage1 update 26 episode=107 policy_loss=0.009046726394444704 value_loss=8.796487972140312 entropy=21.00865149497986 approx_kl=0.015176563523709774
2026-06-29 03:53:09	Stage1 update 27 episode=111 policy_loss=-0.0036738671478815377 value_loss=5.572463244199753 entropy=20.40515911579132 approx_kl=0.0120211411267519
2026-06-29 03:53:31	Stage1 update 28 episode=115 policy_loss=-0.01927212384180166 value_loss=9.345917254686356 entropy=20.3853862285614 approx_kl=0.016804403625428677
2026-06-29 03:53:55	Stage1 update 29 episode=119 policy_loss=-0.003628947422839701 value_loss=10.349622815847397 entropy=21.18626606464386 approx_kl=0.030983497388660908
2026-06-29 03:53:55	Stage1 checkpoint solver\reports\dr_alns_ppo_v3_block_dr_alns\async_pilot\pilot21_learned_destroy_big\checkpoints\pilot21_learned_destroy_update_0030.pt
2026-06-29 03:54:16	Stage1 update 30 episode=123 policy_loss=-0.005228591850027442 value_loss=4.5298129469156265 entropy=21.88817596435547 approx_kl=0.024911156855523586
2026-06-29 03:54:36	Stage1 update 31 episode=127 policy_loss=-0.01676155347377062 value_loss=5.315575465559959 entropy=21.199017643928528 approx_kl=0.009373106993734837
2026-06-29 03:54:55	Stage1 update 32 episode=131 policy_loss=-0.005535064963623881 value_loss=8.324848234653473 entropy=20.96940851211548 approx_kl=0.01322394423186779
2026-06-29 03:55:16	Stage1 update 33 episode=135 policy_loss=0.006432415801100433 value_loss=7.511523887515068 entropy=20.898913741111755 approx_kl=0.02656857855618
2026-06-29 03:55:38	Stage1 update 34 episode=139 policy_loss=0.017520945286378264 value_loss=6.181339547038078 entropy=22.224197030067444 approx_kl=0.028942679055035114
2026-06-29 03:55:58	Stage1 update 35 episode=143 policy_loss=-0.0073097446002066135 value_loss=7.395791932940483 entropy=20.81286382675171 approx_kl=0.027804961428046227
2026-06-29 03:56:22	Stage1 update 36 episode=147 policy_loss=-0.0053114681504666805 value_loss=5.627076402306557 entropy=21.538877844810486 approx_kl=0.01660373341292143
2026-06-29 03:56:42	Stage1 update 37 episode=151 policy_loss=-0.006290182820521295 value_loss=5.945487663149834 entropy=21.295031666755676 approx_kl=0.011284314095973969
2026-06-29 03:57:05	Stage1 update 38 episode=155 policy_loss=-0.013255641388241202 value_loss=5.1833503395318985 entropy=21.74180269241333 approx_kl=0.022552598267793655
2026-06-29 03:57:25	Stage1 update 39 episode=159 policy_loss=-0.008251997642219067 value_loss=3.7838620841503143 entropy=20.892610788345337 approx_kl=0.029834341257810593
2026-06-29 03:57:25	Stage1 checkpoint solver\reports\dr_alns_ppo_v3_block_dr_alns\async_pilot\pilot21_learned_destroy_big\checkpoints\pilot21_learned_destroy_update_0040.pt
2026-06-29 03:57:49	Stage1 update 40 episode=163 policy_loss=-0.00604689447209239 value_loss=6.725911349058151 entropy=22.722761034965515 approx_kl=0.009470757097005844
2026-06-29 03:58:11	Stage1 update 41 episode=167 policy_loss=-0.018988279392942786 value_loss=6.027739077806473 entropy=21.83606517314911 approx_kl=0.01760619878768921
2026-06-29 03:58:33	Stage1 update 42 episode=171 policy_loss=-0.007873969443608075 value_loss=5.1945971846580505 entropy=21.953452229499817 approx_kl=0.019236896187067032
2026-06-29 03:58:56	Stage1 update 43 episode=175 policy_loss=0.01640248135663569 value_loss=5.263917773962021 entropy=22.374741315841675 approx_kl=0.016109485179185867
2026-06-29 03:59:21	Stage1 update 44 episode=179 policy_loss=-0.014758999750483781 value_loss=6.22635443508625 entropy=22.17159652709961 approx_kl=0.015424939803779125
2026-06-29 03:59:44	Stage1 update 45 episode=183 policy_loss=0.008105790591798723 value_loss=4.030193910002708 entropy=21.715070009231567 approx_kl=0.010315444320440292
2026-06-29 04:00:08	Stage1 update 46 episode=187 policy_loss=-0.0026633148081600666 value_loss=5.274988457560539 entropy=23.044290900230408 approx_kl=0.0174476383253932
2026-06-29 04:00:33	Stage1 update 47 episode=191 policy_loss=0.001187613932415843 value_loss=5.766502797603607 entropy=23.147929430007935 approx_kl=0.019816230051219463
2026-06-29 04:00:57	Stage1 update 48 episode=195 policy_loss=0.0023840098874643445 value_loss=4.489183276891708 entropy=23.501941919326782 approx_kl=0.01925746724009514
2026-06-29 04:01:22	Stage1 update 49 episode=199 policy_loss=0.018825081060640514 value_loss=7.2210735231637955 entropy=24.294373393058777 approx_kl=0.01963559351861477
2026-06-29 04:01:22	Stage1 checkpoint solver\reports\dr_alns_ppo_v3_block_dr_alns\async_pilot\pilot21_learned_destroy_big\checkpoints\pilot21_learned_destroy_update_0050.pt
2026-06-29 04:01:47	Stage1 update 50 episode=203 policy_loss=-0.0033158513251692057 value_loss=7.164829105138779 entropy=23.373687386512756 approx_kl=0.011972177773714066
2026-06-29 04:02:13	Stage1 update 51 episode=207 policy_loss=-0.01039995369501412 value_loss=5.35713604092598 entropy=23.936054825782776 approx_kl=0.011471090838313103
2026-06-29 04:02:41	Stage1 update 52 episode=211 policy_loss=0.0015973651316016912 value_loss=7.331047773361206 entropy=25.20864701271057 approx_kl=0.01718147285282612
2026-06-29 04:03:13	Stage1 update 53 episode=215 policy_loss=0.000724856392480433 value_loss=5.622857049107552 entropy=23.836114048957825 approx_kl=0.009084577672183514
2026-06-29 04:03:37	Stage1 update 54 episode=219 policy_loss=-0.007071345811709762 value_loss=3.3525402396917343 entropy=23.61330246925354 approx_kl=0.029258049093186855
2026-06-29 04:04:05	Stage1 update 55 episode=223 policy_loss=0.0020975455408915877 value_loss=8.048894472420216 entropy=25.95776343345642 approx_kl=0.010480869561433792
2026-06-29 04:04:32	Stage1 update 56 episode=227 policy_loss=0.014048805518541485 value_loss=5.667706936597824 entropy=24.3065048456192 approx_kl=0.031350038945674896
2026-06-29 04:05:01	Stage1 update 57 episode=231 policy_loss=0.004326978349126875 value_loss=4.826829619705677 entropy=24.153260707855225 approx_kl=0.014249893836677074
2026-06-29 04:05:28	Stage1 update 58 episode=235 policy_loss=0.00520027635502629 value_loss=4.394838996231556 entropy=25.17178976535797 approx_kl=0.014474981464445591
2026-06-29 04:05:53	Stage1 update 59 episode=239 policy_loss=0.004764473531395197 value_loss=4.783679813146591 entropy=24.21862542629242 approx_kl=0.015070191584527493
2026-06-29 04:05:53	Stage1 checkpoint solver\reports\dr_alns_ppo_v3_block_dr_alns\async_pilot\pilot21_learned_destroy_big\checkpoints\pilot21_learned_destroy_update_0060.pt
2026-06-29 04:06:23	Stage1 update 60 episode=243 policy_loss=0.0015669981949031353 value_loss=4.698634371161461 entropy=24.748878598213196 approx_kl=0.024137997068464756
2026-06-29 04:06:50	Stage1 update 61 episode=247 policy_loss=-0.00873205071548 value_loss=5.612192049622536 entropy=24.738807678222656 approx_kl=0.010930529795587063
2026-06-29 04:07:16	Stage1 update 62 episode=251 policy_loss=-0.01041063480079174 value_loss=4.785076424479485 entropy=23.832873344421387 approx_kl=0.010430717840790749
2026-06-29 04:07:45	Stage1 update 63 episode=255 policy_loss=-0.005333099747076631 value_loss=3.0242352336645126 entropy=24.904671788215637 approx_kl=0.009529942646622658
2026-06-29 04:08:13	Stage1 update 64 episode=259 policy_loss=0.01047455333173275 value_loss=3.262549050152302 entropy=25.345231294631958 approx_kl=0.010762382298707962
2026-06-29 04:08:43	Stage1 update 65 episode=263 policy_loss=-0.020706663955934346 value_loss=5.732069812715054 entropy=25.51979660987854 approx_kl=0.025285358540713787
2026-06-29 04:09:09	Stage1 update 66 episode=267 policy_loss=-0.008959556289482862 value_loss=3.9323347359895706 entropy=25.187848687171936 approx_kl=0.012707263231277466
2026-06-29 04:09:36	Stage1 update 67 episode=271 policy_loss=0.00454392156098038 value_loss=3.58333283662796 entropy=26.00229835510254 approx_kl=0.038591871969401836
2026-06-29 04:10:04	Stage1 update 68 episode=275 policy_loss=-0.014254625188186765 value_loss=4.102281033992767 entropy=24.417498230934143 approx_kl=0.023778610862791538
2026-06-29 04:10:34	Stage1 update 69 episode=279 policy_loss=-0.0029909199802204967 value_loss=2.4087777733802795 entropy=26.38239896297455 approx_kl=0.010588093660771847
2026-06-29 04:10:34	Stage1 checkpoint solver\reports\dr_alns_ppo_v3_block_dr_alns\async_pilot\pilot21_learned_destroy_big\checkpoints\pilot21_learned_destroy_update_0070.pt
2026-06-29 04:11:03	Stage1 update 70 episode=283 policy_loss=-0.0021608067909255624 value_loss=3.928338944911957 entropy=27.465110421180725 approx_kl=0.017661293037235737
2026-06-29 04:11:35	Stage1 update 71 episode=287 policy_loss=0.001551130146253854 value_loss=4.662041641771793 entropy=26.703566074371338 approx_kl=0.01952073536813259
2026-06-29 04:12:04	Stage1 update 72 episode=291 policy_loss=-0.010734534473158419 value_loss=2.707862228155136 entropy=27.895009636878967 approx_kl=0.013246285729110241
2026-06-29 04:12:34	Stage1 update 73 episode=295 policy_loss=0.007593427435494959 value_loss=3.9301772117614746 entropy=27.518670797348022 approx_kl=0.013293772004544735
2026-06-29 04:13:07	Stage1 update 74 episode=299 policy_loss=-0.018087314325384796 value_loss=3.4711999595165253 entropy=27.157366394996643 approx_kl=0.009437845088541508
2026-06-29 04:13:38	Stage1 update 75 episode=303 policy_loss=0.0060879860538989305 value_loss=2.7979764118790627 entropy=26.764124870300293 approx_kl=0.014469916932284832
2026-06-29 04:14:12	Stage1 update 76 episode=307 policy_loss=0.01069428469054401 value_loss=3.0052758753299713 entropy=28.279165983200073 approx_kl=0.012294400483369827
2026-06-29 04:14:42	Stage1 update 77 episode=311 policy_loss=-0.00722704321378842 value_loss=3.7063857689499855 entropy=26.444958090782166 approx_kl=0.011270989663898945
2026-06-29 04:15:11	Stage1 update 78 episode=315 policy_loss=0.001548812782857567 value_loss=2.980830207467079 entropy=26.129552841186523 approx_kl=0.03190356492996216
2026-06-29 04:15:44	Stage1 update 79 episode=319 policy_loss=-0.0032269922085106373 value_loss=3.504413526505232 entropy=27.988322854042053 approx_kl=0.023551824502646923
2026-06-29 04:15:44	Stage1 checkpoint solver\reports\dr_alns_ppo_v3_block_dr_alns\async_pilot\pilot21_learned_destroy_big\checkpoints\pilot21_learned_destroy_update_0080.pt
2026-06-29 04:16:16	Stage1 update 80 episode=323 policy_loss=-0.0004983844701200724 value_loss=3.8043374195694923 entropy=27.66519069671631 approx_kl=0.01124375406652689
2026-06-29 04:16:46	Stage1 update 81 episode=327 policy_loss=-0.0063747711246833205 value_loss=2.06542332097888 entropy=27.524094939231873 approx_kl=0.030931904911994934
2026-06-29 04:17:18	Stage1 update 82 episode=331 policy_loss=-0.0034448676160536706 value_loss=2.009608618915081 entropy=28.438210129737854 approx_kl=0.009329811669886112
2026-06-29 04:17:52	Stage1 update 83 episode=335 policy_loss=0.016816740622743964 value_loss=3.9244544990360737 entropy=27.654184341430664 approx_kl=0.025980115868151188
2026-06-29 04:18:27	Stage1 update 84 episode=339 policy_loss=0.01524502842221409 value_loss=2.69218148291111 entropy=28.727006673812866 approx_kl=0.012546613812446594
2026-06-29 04:19:00	Stage1 update 85 episode=343 policy_loss=0.00914768863003701 value_loss=3.4288081154227257 entropy=28.605520963668823 approx_kl=0.012860437855124474
2026-06-29 04:19:36	Stage1 update 86 episode=347 policy_loss=0.005779600236564875 value_loss=2.947498694062233 entropy=28.444053649902344 approx_kl=0.012337855994701385
2026-06-29 04:20:10	Stage1 update 87 episode=351 policy_loss=-0.0022974004386924207 value_loss=2.0537852123379707 entropy=27.84118354320526 approx_kl=0.01743564009666443
2026-06-29 04:20:41	Stage1 update 88 episode=355 policy_loss=-0.015071091242134571 value_loss=1.7666543163359165 entropy=28.026865601539612 approx_kl=0.02077265828847885
2026-06-29 04:21:14	Stage1 update 89 episode=359 policy_loss=-0.00046704476699233055 value_loss=2.495493743568659 entropy=28.277430653572083 approx_kl=0.030065678991377354
2026-06-29 04:21:14	Stage1 checkpoint solver\reports\dr_alns_ppo_v3_block_dr_alns\async_pilot\pilot21_learned_destroy_big\checkpoints\pilot21_learned_destroy_update_0090.pt
2026-06-29 04:21:47	Stage1 update 90 episode=363 policy_loss=-0.022995783481746912 value_loss=2.0332987047731876 entropy=27.982019305229187 approx_kl=0.014299321919679642
2026-06-29 04:22:18	Stage1 update 91 episode=367 policy_loss=-0.012233017478138208 value_loss=2.644856635481119 entropy=28.61227571964264 approx_kl=0.017673088237643242
2026-06-29 04:22:49	Stage1 update 92 episode=371 policy_loss=0.0055860180873423815 value_loss=2.05678454041481 entropy=28.646634459495544 approx_kl=0.015401762910187244
2026-06-29 04:23:21	Stage1 update 93 episode=375 policy_loss=-0.01850380061659962 value_loss=1.6045540887862444 entropy=28.737196922302246 approx_kl=0.024581200443208218
2026-06-29 04:23:57	Stage1 update 94 episode=379 policy_loss=0.01027772284578532 value_loss=3.248987387865782 entropy=29.17868971824646 approx_kl=0.011840884573757648
2026-06-29 04:24:34	Stage1 update 95 episode=383 policy_loss=-0.026857163524255157 value_loss=2.0470354668796062 entropy=29.17487144470215 approx_kl=0.00921325758099556
2026-06-29 04:25:09	Stage1 update 96 episode=387 policy_loss=-7.775425910949707e-05 value_loss=2.2993228789418936 entropy=29.32102131843567 approx_kl=0.011629337444901466
2026-06-29 04:25:41	Stage1 update 97 episode=391 policy_loss=-0.002661620848812163 value_loss=5.1058041267097 entropy=29.18960177898407 approx_kl=0.019458393566310406
2026-06-29 04:26:18	Stage1 update 98 episode=395 policy_loss=0.0028466893127188087 value_loss=2.846536811441183 entropy=29.11829125881195 approx_kl=0.04351049102842808
2026-06-29 04:26:57	Stage1 update 99 episode=399 policy_loss=-0.011295010801404715 value_loss=2.5260635316371918 entropy=29.348119497299194 approx_kl=0.020453406497836113
2026-06-29 04:26:57	Stage1 checkpoint solver\reports\dr_alns_ppo_v3_block_dr_alns\async_pilot\pilot21_learned_destroy_big\checkpoints\pilot21_learned_destroy_update_0100.pt
2026-06-29 04:27:38	Stage1 update 100 episode=403 policy_loss=0.009142940631136298 value_loss=2.581754058599472 entropy=29.89937138557434 approx_kl=0.00994059443473816
2026-06-29 04:28:14	Stage1 update 101 episode=407 policy_loss=-0.002639074344187975 value_loss=2.080814842134714 entropy=29.186314344406128 approx_kl=0.010773067362606525
2026-06-29 04:28:50	Stage1 update 102 episode=411 policy_loss=0.0014442726969718933 value_loss=1.7164610736072063 entropy=29.512513756752014 approx_kl=0.017349389381706715
2026-06-29 04:29:26	Stage1 update 103 episode=415 policy_loss=-0.0014771767891943455 value_loss=3.999205633997917 entropy=29.94827127456665 approx_kl=0.015786103904247284
2026-06-29 04:29:58	Stage1 update 104 episode=419 policy_loss=0.0057819560170173645 value_loss=2.1679680924862623 entropy=28.67226779460907 approx_kl=0.01265377551317215
2026-06-29 04:30:32	Stage1 update 105 episode=423 policy_loss=-0.003175170801114291 value_loss=1.6016665622591972 entropy=28.730398654937744 approx_kl=0.017523515969514847
2026-06-29 04:31:06	Stage1 update 106 episode=427 policy_loss=-0.0009593687718734145 value_loss=2.6801807805895805 entropy=28.797046780586243 approx_kl=0.0075956666842103004
2026-06-29 04:31:38	Stage1 update 107 episode=431 policy_loss=-0.012689673400018364 value_loss=2.058107014745474 entropy=28.502729296684265 approx_kl=0.011401939205825329
2026-06-29 04:32:11	Stage1 update 108 episode=435 policy_loss=0.007023175596259534 value_loss=1.254256946966052 entropy=28.059475302696228 approx_kl=0.028803597204387188
2026-06-29 04:32:50	Stage1 update 109 episode=439 policy_loss=-0.013301414262969047 value_loss=1.638960586860776 entropy=28.780574440956116 approx_kl=0.009091085754334927
2026-06-29 04:32:50	Stage1 checkpoint solver\reports\dr_alns_ppo_v3_block_dr_alns\async_pilot\pilot21_learned_destroy_big\checkpoints\pilot21_learned_destroy_update_0110.pt
2026-06-29 04:33:22	Stage1 update 110 episode=443 policy_loss=-0.005944009404629469 value_loss=2.237963005900383 entropy=28.309412121772766 approx_kl=0.022053218446671963
2026-06-29 04:33:58	Stage1 update 111 episode=447 policy_loss=-0.005297553259879351 value_loss=1.3259157948195934 entropy=27.535553336143494 approx_kl=0.026028025895357132
2026-06-29 04:34:29	Stage1 update 112 episode=451 policy_loss=-0.0007375376299023628 value_loss=3.2816526293754578 entropy=29.207785844802856 approx_kl=0.014462841674685478
2026-06-29 04:35:05	Stage1 update 113 episode=455 policy_loss=-0.011130408151075244 value_loss=2.024322133511305 entropy=27.704821944236755 approx_kl=0.015187054872512817
2026-06-29 04:35:40	Stage1 update 114 episode=459 policy_loss=-0.013687949045561254 value_loss=3.062696151435375 entropy=27.378596782684326 approx_kl=0.011506090871989727
2026-06-29 04:36:12	Stage1 update 115 episode=463 policy_loss=-0.005726232193410397 value_loss=2.4013062492012978 entropy=27.82829988002777 approx_kl=0.027316518127918243
2026-06-29 04:36:41	Stage1 update 116 episode=467 policy_loss=-0.0017116086091846228 value_loss=1.6356238331645727 entropy=27.732144474983215 approx_kl=0.02671602927148342
2026-06-29 04:37:08	Stage1 update 117 episode=471 policy_loss=-0.004314413934480399 value_loss=1.993328083306551 entropy=26.205360651016235 approx_kl=0.04169304948300123
2026-06-29 04:37:38	Stage1 update 118 episode=475 policy_loss=0.0017819241620600224 value_loss=2.66752140596509 entropy=28.291818976402283 approx_kl=0.011436928994953632
2026-06-29 04:38:11	Stage1 update 119 episode=479 policy_loss=-0.0030041320715099573 value_loss=2.580944813787937 entropy=28.459891438484192 approx_kl=0.023554214276373386
2026-06-29 04:38:11	Stage1 checkpoint solver\reports\dr_alns_ppo_v3_block_dr_alns\async_pilot\pilot21_learned_destroy_big\checkpoints\pilot21_learned_destroy_update_0120.pt
2026-06-29 04:38:41	Stage1 update 120 episode=483 policy_loss=-0.013705097837373614 value_loss=1.8235872238874435 entropy=27.348066806793213 approx_kl=0.015033646486699581
2026-06-29 04:39:09	Stage1 update 121 episode=487 policy_loss=0.00143731152638793 value_loss=2.2862506695091724 entropy=27.502328991889954 approx_kl=0.04058858472853899
2026-06-29 04:39:40	Stage1 update 122 episode=491 policy_loss=-0.003086036187596619 value_loss=1.7336699403822422 entropy=27.49760615825653 approx_kl=0.01280401460826397
2026-06-29 04:40:13	Stage1 update 123 episode=495 policy_loss=0.0023807520628906786 value_loss=2.225345604121685 entropy=27.53397536277771 approx_kl=0.022037746384739876
2026-06-29 04:40:45	Stage1 update 124 episode=499 policy_loss=0.016256853938102722 value_loss=4.42925252020359 entropy=27.977522611618042 approx_kl=0.025288923643529415
2026-06-29 04:41:25	Stage1 update 125 episode=503 policy_loss=0.0019679853576235473 value_loss=1.8881640397012234 entropy=28.895971417427063 approx_kl=0.012509298510849476
2026-06-29 04:41:58	Stage1 update 126 episode=507 policy_loss=-0.020792967407032847 value_loss=1.9847522303462029 entropy=28.698225259780884 approx_kl=0.0264003099873662
2026-06-29 04:42:33	Stage1 update 127 episode=511 policy_loss=0.013006352819502354 value_loss=2.9142293594777584 entropy=29.86224055290222 approx_kl=0.0388227142393589
2026-06-29 04:43:04	Stage1 update 128 episode=515 policy_loss=-0.011969730257987976 value_loss=2.1184239014983177 entropy=28.007259368896484 approx_kl=0.02037328202277422
2026-06-29 04:43:34	Stage1 update 129 episode=519 policy_loss=0.0052027590572834015 value_loss=1.202026629820466 entropy=27.34392011165619 approx_kl=0.04169155191630125
2026-06-29 04:43:34	Stage1 checkpoint solver\reports\dr_alns_ppo_v3_block_dr_alns\async_pilot\pilot21_learned_destroy_big\checkpoints\pilot21_learned_destroy_update_0130.pt
2026-06-29 04:44:07	Stage1 update 130 episode=523 policy_loss=-0.004377435834612697 value_loss=2.3182972371578217 entropy=27.98028302192688 approx_kl=0.015443170443177223
2026-06-29 04:44:39	Stage1 update 131 episode=527 policy_loss=-0.011718706809915602 value_loss=2.6974522694945335 entropy=27.931992411613464 approx_kl=0.01219323743134737
2026-06-29 04:45:13	Stage1 update 132 episode=531 policy_loss=-0.01434324134606868 value_loss=1.4166092798113823 entropy=27.852299690246582 approx_kl=0.01825848128646612
2026-06-29 04:45:50	Stage1 update 133 episode=535 policy_loss=0.00041634379886090755 value_loss=4.665931761264801 entropy=29.17799186706543 approx_kl=0.025982200168073177
2026-06-29 04:46:27	Stage1 update 134 episode=539 policy_loss=-0.01778842741623521 value_loss=3.333044119179249 entropy=29.968783497810364 approx_kl=0.013628902845084667
2026-06-29 04:47:07	Stage1 update 135 episode=543 policy_loss=0.009984757751226425 value_loss=1.6368731148540974 entropy=28.552088856697083 approx_kl=0.01677980087697506
2026-06-29 04:47:45	Stage1 update 136 episode=547 policy_loss=-0.008283786941319704 value_loss=2.579778179526329 entropy=29.71440351009369 approx_kl=0.013417389243841171
2026-06-29 04:48:25	Stage1 update 137 episode=551 policy_loss=0.012775216426234692 value_loss=1.3766118809580803 entropy=29.665812253952026 approx_kl=0.011327299289405346
2026-06-29 04:49:01	Stage1 update 138 episode=555 policy_loss=0.018691611010581255 value_loss=2.315399467945099 entropy=29.345741868019104 approx_kl=0.012341034598648548
2026-06-29 04:49:36	Stage1 update 139 episode=559 policy_loss=0.0017548261675983667 value_loss=1.891204323619604 entropy=29.493533849716187 approx_kl=0.027850384823977947
2026-06-29 04:49:36	Stage1 checkpoint solver\reports\dr_alns_ppo_v3_block_dr_alns\async_pilot\pilot21_learned_destroy_big\checkpoints\pilot21_learned_destroy_update_0140.pt
2026-06-29 04:50:13	Stage1 update 140 episode=563 policy_loss=-6.289500743150711e-05 value_loss=1.4372669197618961 entropy=29.069894433021545 approx_kl=0.0143052376806736
2026-06-29 04:50:51	Stage1 update 141 episode=567 policy_loss=0.019224826944991946 value_loss=1.661440558731556 entropy=29.579823970794678 approx_kl=0.01838858053088188
2026-06-29 04:51:31	Stage1 update 142 episode=571 policy_loss=-0.010663872584700584 value_loss=2.153310514986515 entropy=30.461912751197815 approx_kl=0.010730593465268612
2026-06-29 04:52:11	Stage1 update 143 episode=575 policy_loss=-0.013859865546692163 value_loss=1.424870977178216 entropy=29.317350268363953 approx_kl=0.020447767339646816
2026-06-29 04:52:42	Stage1 update 144 episode=579 policy_loss=0.012324689887464046 value_loss=0.9353004135191441 entropy=28.927294492721558 approx_kl=0.013579167425632477
2026-06-29 04:53:20	Stage1 update 145 episode=583 policy_loss=-0.009415698586963117 value_loss=1.861020851880312 entropy=29.329885959625244 approx_kl=0.021761798299849033
2026-06-29 04:54:00	Stage1 update 146 episode=587 policy_loss=-0.0059595133643597364 value_loss=1.5388791598379612 entropy=29.48027503490448 approx_kl=0.015345674008131027
2026-06-29 04:54:37	Stage1 update 147 episode=591 policy_loss=0.003562366124242544 value_loss=2.7167001888155937 entropy=29.361315846443176 approx_kl=0.010259048081934452
2026-06-29 04:55:15	Stage1 update 148 episode=595 policy_loss=0.011967570520937443 value_loss=2.4339734502136707 entropy=29.482173442840576 approx_kl=0.03065858781337738
2026-06-29 04:55:55	Stage1 update 149 episode=599 policy_loss=0.009025654988363385 value_loss=1.392951911315322 entropy=28.562856316566467 approx_kl=0.03130481764674187
2026-06-29 04:55:55	Stage1 checkpoint solver\reports\dr_alns_ppo_v3_block_dr_alns\async_pilot\pilot21_learned_destroy_big\checkpoints\pilot21_learned_destroy_update_0150.pt
2026-06-29 04:56:35	Stage1 update 150 episode=603 policy_loss=-0.0142683963640593 value_loss=2.8287511989474297 entropy=27.87264633178711 approx_kl=0.012609505094587803
2026-06-29 04:57:14	Stage1 update 151 episode=607 policy_loss=0.016844988975208253 value_loss=1.8832860179245472 entropy=28.624706625938416 approx_kl=0.021802499890327454
2026-06-29 04:57:53	Stage1 update 152 episode=611 policy_loss=-0.009329411434009671 value_loss=2.7900249175727367 entropy=29.364004254341125 approx_kl=0.013200214132666588
2026-06-29 04:58:32	Stage1 update 153 episode=615 policy_loss=0.0088537183473818 value_loss=3.401384085416794 entropy=28.074716210365295 approx_kl=0.07075639814138412
2026-06-29 04:59:10	Stage1 update 154 episode=619 policy_loss=0.010828551137819886 value_loss=2.383314596489072 entropy=30.309890270233154 approx_kl=0.02974122855812311
2026-06-29 04:59:46	Stage1 update 155 episode=623 policy_loss=-0.006404682877473533 value_loss=1.659916527569294 entropy=27.88736665248871 approx_kl=0.013812445104122162
2026-06-29 05:00:23	Stage1 update 156 episode=627 policy_loss=0.0021891978103667498 value_loss=1.3041599802672863 entropy=28.55730664730072 approx_kl=0.011213619261980057
2026-06-29 05:01:00	Stage1 update 157 episode=631 policy_loss=-0.0006763504352420568 value_loss=1.4521119520068169 entropy=29.53197932243347 approx_kl=0.009522287175059319
2026-06-29 05:01:39	Stage1 update 158 episode=635 policy_loss=-0.00040291488403454423 value_loss=1.6521421298384666 entropy=28.476176500320435 approx_kl=0.021084995940327644
2026-06-29 05:02:13	Stage1 update 159 episode=639 policy_loss=0.007970456499606371 value_loss=1.687744416296482 entropy=28.09309983253479 approx_kl=0.01571251079440117
2026-06-29 05:02:13	Stage1 checkpoint solver\reports\dr_alns_ppo_v3_block_dr_alns\async_pilot\pilot21_learned_destroy_big\checkpoints\pilot21_learned_destroy_update_0160.pt
2026-06-29 05:02:53	Stage1 update 160 episode=643 policy_loss=-0.012745071901008487 value_loss=1.9877423644065857 entropy=28.964237928390503 approx_kl=0.01964507717639208
2026-06-29 05:03:29	Stage1 update 161 episode=647 policy_loss=0.0007053201552480459 value_loss=1.8636103756725788 entropy=26.44837510585785 approx_kl=0.010063006542623043
2026-06-29 05:04:06	Stage1 update 162 episode=651 policy_loss=0.00023128115572035313 value_loss=1.4633603021502495 entropy=27.922918915748596 approx_kl=0.015351022593677044
2026-06-29 05:04:44	Stage1 update 163 episode=655 policy_loss=-0.002610918367281556 value_loss=2.0752521380782127 entropy=29.189563632011414 approx_kl=0.01974493730813265
2026-06-29 05:05:25	Stage1 update 164 episode=659 policy_loss=-0.009433768573217094 value_loss=4.090555064380169 entropy=28.56713044643402 approx_kl=0.018456590361893177
2026-06-29 05:06:04	Stage1 update 165 episode=663 policy_loss=0.0037802739534527063 value_loss=1.4255207739770412 entropy=28.708805322647095 approx_kl=0.011262274347245693
2026-06-29 05:06:41	Stage1 update 166 episode=667 policy_loss=0.012263496755622327 value_loss=1.8404278233647346 entropy=29.78288185596466 approx_kl=0.03969559259712696
2026-06-29 05:07:18	Stage1 update 167 episode=671 policy_loss=0.0021716548944823444 value_loss=1.2004569005221128 entropy=28.23144042491913 approx_kl=0.02650557365268469
2026-06-29 05:07:54	Stage1 update 168 episode=675 policy_loss=0.009404913755133748 value_loss=1.2370871901512146 entropy=28.84858775138855 approx_kl=0.019572452642023563
2026-06-29 05:08:34	Stage1 update 169 episode=679 policy_loss=0.0036812229081988335 value_loss=1.5932741612195969 entropy=29.28569722175598 approx_kl=0.0387946916744113
2026-06-29 05:08:34	Stage1 checkpoint solver\reports\dr_alns_ppo_v3_block_dr_alns\async_pilot\pilot21_learned_destroy_big\checkpoints\pilot21_learned_destroy_update_0170.pt
2026-06-29 05:09:17	Stage1 update 170 episode=683 policy_loss=0.012623227434232831 value_loss=1.765625111758709 entropy=29.315827012062073 approx_kl=0.030070671811699867
2026-06-29 05:09:56	Stage1 update 171 episode=687 policy_loss=0.009546556393615901 value_loss=1.775753516703844 entropy=29.2972571849823 approx_kl=0.04070086032152176
2026-06-29 05:10:37	Stage1 update 172 episode=691 policy_loss=0.009671386913396418 value_loss=2.2092677652835846 entropy=30.980890035629272 approx_kl=0.05249305348843336
2026-06-29 05:11:15	Stage1 update 173 episode=695 policy_loss=-0.015707935788668692 value_loss=1.305511724203825 entropy=28.42701292037964 approx_kl=0.017013869248330593
2026-06-29 05:11:57	Stage1 update 174 episode=699 policy_loss=-0.005944161501247436 value_loss=1.487149678170681 entropy=27.15352964401245 approx_kl=0.0156720457598567
2026-06-29 05:12:34	Stage1 update 175 episode=703 policy_loss=0.002739568939432502 value_loss=1.7394674122333527 entropy=28.107411980628967 approx_kl=0.011715306900441647
2026-06-29 05:13:14	Stage1 update 176 episode=707 policy_loss=0.004042915184982121 value_loss=1.378538642078638 entropy=27.135445952415466 approx_kl=0.013097724877297878
2026-06-29 05:13:52	Stage1 update 177 episode=711 policy_loss=-0.015283141983672976 value_loss=1.233509423211217 entropy=27.42315137386322 approx_kl=0.016513990238308907
2026-06-29 05:14:27	Stage1 update 178 episode=715 policy_loss=-0.018552761524915695 value_loss=0.9540958497673273 entropy=27.515966415405273 approx_kl=0.015048186294734478
2026-06-29 05:15:04	Stage1 update 179 episode=719 policy_loss=0.005471906391903758 value_loss=1.3975868113338947 entropy=28.207590103149414 approx_kl=0.014512244611978531
2026-06-29 05:15:04	Stage1 checkpoint solver\reports\dr_alns_ppo_v3_block_dr_alns\async_pilot\pilot21_learned_destroy_big\checkpoints\pilot21_learned_destroy_update_0180.pt
2026-06-29 05:15:45	Stage1 update 180 episode=723 policy_loss=-0.009233859716914594 value_loss=1.0890351235866547 entropy=27.722832202911377 approx_kl=0.009835263714194298
2026-06-29 05:16:23	Stage1 update 181 episode=727 policy_loss=0.004296860715840012 value_loss=1.5932815363630652 entropy=29.313297390937805 approx_kl=0.044505481608211994
2026-06-29 05:16:57	Stage1 update 182 episode=731 policy_loss=0.0016951676807366312 value_loss=1.2142936065793037 entropy=26.87023651599884 approx_kl=0.007440590299665928
2026-06-29 05:17:30	Stage1 update 183 episode=735 policy_loss=0.012205557199195027 value_loss=1.8781092688441277 entropy=25.186198949813843 approx_kl=0.020189677365124226
2026-06-29 05:18:03	Stage1 update 184 episode=739 policy_loss=0.00790208694525063 value_loss=1.5558795798569918 entropy=26.38175058364868 approx_kl=0.0216598492115736
2026-06-29 05:18:38	Stage1 update 185 episode=743 policy_loss=0.0032901749946177006 value_loss=1.1453988030552864 entropy=26.10844898223877 approx_kl=0.010196537710726261
2026-06-29 05:19:10	Stage1 update 186 episode=747 policy_loss=-0.002593856304883957 value_loss=0.9554990790784359 entropy=26.976356267929077 approx_kl=0.02204600814729929
2026-06-29 05:19:44	Stage1 update 187 episode=751 policy_loss=0.004456981550902128 value_loss=1.166663944721222 entropy=26.488009095191956 approx_kl=0.008089425973594189
2026-06-29 05:20:21	Stage1 update 188 episode=755 policy_loss=0.002644232241436839 value_loss=2.0941141732037067 entropy=26.250394344329834 approx_kl=0.018200360238552094
2026-06-29 05:20:54	Stage1 update 189 episode=759 policy_loss=0.03293731191661209 value_loss=1.4299791492521763 entropy=27.140357613563538 approx_kl=0.06345758307725191
2026-06-29 05:20:54	Stage1 checkpoint solver\reports\dr_alns_ppo_v3_block_dr_alns\async_pilot\pilot21_learned_destroy_big\checkpoints\pilot21_learned_destroy_update_0190.pt
2026-06-29 05:21:25	Stage1 update 190 episode=763 policy_loss=-0.007290788693353534 value_loss=1.2638436630368233 entropy=25.714095950126648 approx_kl=0.017617354169487953
2026-06-29 05:21:58	Stage1 update 191 episode=767 policy_loss=0.016901060240343213 value_loss=1.6407502517104149 entropy=26.062253832817078 approx_kl=0.015278029255568981
2026-06-29 05:22:26	Stage1 update 192 episode=771 policy_loss=0.013405190780758858 value_loss=1.2903115507215261 entropy=24.435830950737 approx_kl=0.010927636176347733
2026-06-29 05:22:57	Stage1 update 193 episode=775 policy_loss=0.015786748379468918 value_loss=1.3925226964056492 entropy=25.3054358959198 approx_kl=0.021552080288529396
2026-06-29 05:23:34	Stage1 update 194 episode=779 policy_loss=0.007068257953505963 value_loss=1.588946644216776 entropy=26.733100175857544 approx_kl=0.010050390847027302
2026-06-29 05:24:06	Stage1 update 195 episode=783 policy_loss=0.004081473860424012 value_loss=1.3465109504759312 entropy=26.595274686813354 approx_kl=0.028139417059719563
2026-06-29 05:24:40	Stage1 update 196 episode=787 policy_loss=-0.006929166615009308 value_loss=1.7034687139093876 entropy=27.98794937133789 approx_kl=0.02478780224919319
2026-06-29 05:25:17	Stage1 update 197 episode=791 policy_loss=-0.012770302244462073 value_loss=1.0032095294445753 entropy=27.687891125679016 approx_kl=0.02407343126833439
2026-06-29 05:25:50	Stage1 update 198 episode=795 policy_loss=0.014132027397863567 value_loss=1.6091088894754648 entropy=26.62192988395691 approx_kl=0.03516071103513241
2026-06-29 05:26:27	Stage1 update 199 episode=799 policy_loss=-0.008796353242360055 value_loss=2.5413902774453163 entropy=27.749810934066772 approx_kl=0.013947460800409317
2026-06-29 05:26:27	Stage1 checkpoint solver\reports\dr_alns_ppo_v3_block_dr_alns\async_pilot\pilot21_learned_destroy_big\checkpoints\pilot21_learned_destroy_update_0200.pt
2026-06-29 05:27:02	Stage1 update 200 episode=803 policy_loss=0.009659719420596957 value_loss=2.1175252683460712 entropy=26.73590910434723 approx_kl=0.024613872170448303
2026-06-29 05:27:37	Stage1 update 201 episode=807 policy_loss=-0.01576767908409238 value_loss=2.319689378142357 entropy=27.151739239692688 approx_kl=0.007115582935512066
2026-06-29 05:28:16	Stage1 update 202 episode=811 policy_loss=0.00888123142067343 value_loss=1.9062556102871895 entropy=28.475394010543823 approx_kl=0.008391099981963634
2026-06-29 05:28:50	Stage1 update 203 episode=815 policy_loss=0.0008563267765566707 value_loss=1.380077376961708 entropy=27.346923112869263 approx_kl=0.017850126139819622
2026-06-29 05:29:24	Stage1 update 204 episode=819 policy_loss=-0.0009225286776199937 value_loss=0.9424500316381454 entropy=27.095332860946655 approx_kl=0.02283513080328703
2026-06-29 05:30:00	Stage1 update 205 episode=823 policy_loss=-0.005116695538163185 value_loss=1.5993343219161034 entropy=28.707964539527893 approx_kl=0.008047043345868587
2026-06-29 05:30:37	Stage1 update 206 episode=827 policy_loss=0.00887373136356473 value_loss=1.5932219997048378 entropy=28.02544128894806 approx_kl=0.01429067738354206
2026-06-29 05:31:18	Stage1 update 207 episode=831 policy_loss=-0.0025022090412676334 value_loss=1.6653592735528946 entropy=27.836679220199585 approx_kl=0.011617318727076054
2026-06-29 05:31:54	Stage1 update 208 episode=835 policy_loss=0.0067380801774561405 value_loss=2.102412823587656 entropy=28.059772729873657 approx_kl=0.010635118000209332
2026-06-29 05:32:28	Stage1 update 209 episode=839 policy_loss=-0.0010874210856854916 value_loss=1.763692568987608 entropy=27.873456954956055 approx_kl=0.027681266888976097
2026-06-29 05:32:28	Stage1 checkpoint solver\reports\dr_alns_ppo_v3_block_dr_alns\async_pilot\pilot21_learned_destroy_big\checkpoints\pilot21_learned_destroy_update_0210.pt
2026-06-29 05:33:05	Stage1 update 210 episode=843 policy_loss=-0.003175478195771575 value_loss=1.62151462957263 entropy=27.00502586364746 approx_kl=0.015741456300020218
2026-06-29 05:33:42	Stage1 update 211 episode=847 policy_loss=-0.0006648830021731555 value_loss=1.8456612564623356 entropy=27.918723225593567 approx_kl=0.01699840370565653
2026-06-29 05:34:19	Stage1 update 212 episode=851 policy_loss=-0.02119302307255566 value_loss=1.526059590280056 entropy=27.798750519752502 approx_kl=0.017683232203125954
2026-06-29 05:34:55	Stage1 update 213 episode=855 policy_loss=-0.002405038569122553 value_loss=0.8183776419609785 entropy=28.473433256149292 approx_kl=0.032225304283201694
2026-06-29 05:35:33	Stage1 update 214 episode=859 policy_loss=-0.002235415391623974 value_loss=2.3224007673561573 entropy=27.621627807617188 approx_kl=0.04861465562134981
2026-06-29 05:36:10	Stage1 update 215 episode=863 policy_loss=-0.0025346248876303434 value_loss=1.4839815758168697 entropy=26.546356797218323 approx_kl=0.010425535030663013
2026-06-29 05:36:43	Stage1 update 216 episode=867 policy_loss=-0.007284988649189472 value_loss=1.1921128183603287 entropy=26.278557419776917 approx_kl=0.017835726030170918
2026-06-29 05:37:22	Stage1 update 217 episode=871 policy_loss=-0.009262763080187142 value_loss=1.9170557856559753 entropy=27.5397310256958 approx_kl=0.023181702010333538
2026-06-29 05:38:01	Stage1 update 218 episode=875 policy_loss=-0.0004335420671850443 value_loss=1.7293071001768112 entropy=27.3056697845459 approx_kl=0.02052604779601097
2026-06-29 05:38:35	Stage1 update 219 episode=879 policy_loss=-0.0010951990552712232 value_loss=0.8792415168136358 entropy=26.887158274650574 approx_kl=0.026148129254579544
2026-06-29 05:38:35	Stage1 checkpoint solver\reports\dr_alns_ppo_v3_block_dr_alns\async_pilot\pilot21_learned_destroy_big\checkpoints\pilot21_learned_destroy_update_0220.pt
2026-06-29 05:39:09	Stage1 update 220 episode=883 policy_loss=-0.012637809501029551 value_loss=1.0052165854722261 entropy=27.454585790634155 approx_kl=0.023057213984429836
2026-06-29 05:39:45	Stage1 update 221 episode=887 policy_loss=-0.005345671670511365 value_loss=2.060769498348236 entropy=28.485678553581238 approx_kl=0.009419415146112442
2026-06-29 05:40:23	Stage1 update 222 episode=891 policy_loss=-0.0005340997595340014 value_loss=0.940071776509285 entropy=27.80430805683136 approx_kl=0.019522491842508316
2026-06-29 05:41:02	Stage1 update 223 episode=895 policy_loss=-0.006583658512681723 value_loss=1.712922167032957 entropy=29.37346124649048 approx_kl=0.012166843749582767
2026-06-29 05:41:41	Stage1 update 224 episode=899 policy_loss=0.0013012008857913315 value_loss=1.3802904412150383 entropy=28.485881090164185 approx_kl=0.0145273357629776
2026-06-29 05:42:19	Stage1 update 225 episode=903 policy_loss=0.0018772496841847897 value_loss=1.434505634009838 entropy=27.952221632003784 approx_kl=0.012593424879014492
2026-06-29 05:42:56	Stage1 update 226 episode=907 policy_loss=0.0024762586690485477 value_loss=1.4696495812386274 entropy=29.025681018829346 approx_kl=0.032917373813688755
2026-06-29 05:43:38	Stage1 update 227 episode=911 policy_loss=-0.002861419168766588 value_loss=1.3104556389153004 entropy=27.995285749435425 approx_kl=0.016836083494126797
2026-06-29 05:44:16	Stage1 update 228 episode=915 policy_loss=-0.013988538295961916 value_loss=0.9019748643040657 entropy=27.748055577278137 approx_kl=0.012266785837709904
2026-06-29 05:44:52	Stage1 update 229 episode=919 policy_loss=-0.015284562017768621 value_loss=1.0371558591723442 entropy=27.402834057807922 approx_kl=0.01771798823028803
2026-06-29 05:44:52	Stage1 checkpoint solver\reports\dr_alns_ppo_v3_block_dr_alns\async_pilot\pilot21_learned_destroy_big\checkpoints\pilot21_learned_destroy_update_0230.pt
2026-06-29 05:45:31	Stage1 update 230 episode=923 policy_loss=-0.011823216918855906 value_loss=1.1424559634178877 entropy=28.670519590377808 approx_kl=0.02378295548260212
2026-06-29 05:46:10	Stage1 update 231 episode=927 policy_loss=-0.0066598012344911695 value_loss=1.5619632937014103 entropy=27.896722555160522 approx_kl=0.008701341226696968
2026-06-29 05:46:45	Stage1 update 232 episode=931 policy_loss=-0.0058281110832467675 value_loss=1.16095482558012 entropy=27.53830862045288 approx_kl=0.02037385944277048
2026-06-29 05:47:23	Stage1 update 233 episode=935 policy_loss=-0.012792703695595264 value_loss=1.8936618641018867 entropy=28.736663699150085 approx_kl=0.018132672645151615
2026-06-29 05:48:01	Stage1 update 234 episode=939 policy_loss=0.02118455432355404 value_loss=0.895869180560112 entropy=28.21705460548401 approx_kl=0.013102497905492783
2026-06-29 05:48:41	Stage1 update 235 episode=943 policy_loss=-0.0003475954872556031 value_loss=1.3433105498552322 entropy=29.625233054161072 approx_kl=0.016835208982229233
2026-06-29 05:49:22	Stage1 update 236 episode=947 policy_loss=-0.012112975004129112 value_loss=1.492032252252102 entropy=28.712000131607056 approx_kl=0.017317001707851887
2026-06-29 05:50:11	Stage1 update 237 episode=951 policy_loss=-0.00981857895385474 value_loss=1.8227544035762548 entropy=29.658862590789795 approx_kl=0.014982258901000023
2026-06-29 05:50:52	Stage1 update 238 episode=955 policy_loss=-0.003392851329408586 value_loss=1.739145576953888 entropy=29.989635229110718 approx_kl=0.01560053788125515
2026-06-29 05:51:42	Stage1 update 239 episode=959 policy_loss=0.002402352401986718 value_loss=1.285640187561512 entropy=29.44530200958252 approx_kl=0.015142049640417099
2026-06-29 05:51:42	Stage1 checkpoint solver\reports\dr_alns_ppo_v3_block_dr_alns\async_pilot\pilot21_learned_destroy_big\checkpoints\pilot21_learned_destroy_update_0240.pt
2026-06-29 05:52:25	Stage1 update 240 episode=963 policy_loss=-0.0129210923332721 value_loss=1.058840811252594 entropy=30.061363697052002 approx_kl=0.007301487028598785
2026-06-29 05:53:08	Stage1 update 241 episode=967 policy_loss=0.012954152654856443 value_loss=1.5833994317799807 entropy=30.49217116832733 approx_kl=0.008552114479243755
2026-06-29 05:54:00	Stage1 update 242 episode=971 policy_loss=-0.0064400373375974596 value_loss=1.6475323364138603 entropy=30.103438019752502 approx_kl=0.017179296351969242
2026-06-29 05:54:48	Stage1 update 243 episode=975 policy_loss=0.007014317438006401 value_loss=1.3681934662163258 entropy=30.170454502105713 approx_kl=0.008115116506814957
2026-06-29 05:55:34	Stage1 update 244 episode=979 policy_loss=-0.005126129137352109 value_loss=1.7722526974976063 entropy=30.29179036617279 approx_kl=0.012011063285171986
2026-06-29 05:56:21	Stage1 update 245 episode=983 policy_loss=0.0034076967276632786 value_loss=1.0602261051535606 entropy=30.059887886047363 approx_kl=0.011971172876656055
2026-06-29 05:57:11	Stage1 update 246 episode=987 policy_loss=0.009823622414842248 value_loss=0.9077129624783993 entropy=30.12402093410492 approx_kl=0.019337564706802368
2026-06-29 05:57:59	Stage1 update 247 episode=991 policy_loss=-0.002277012332342565 value_loss=1.9622253254055977 entropy=30.594848036766052 approx_kl=0.022278866730630398
2026-06-29 05:58:49	Stage1 update 248 episode=995 policy_loss=-0.0007309159263968468 value_loss=1.1064684763550758 entropy=30.584521412849426 approx_kl=0.01168682612478733
2026-06-29 05:59:38	Stage1 update 249 episode=999 policy_loss=-0.008952514734119177 value_loss=1.5106174796819687 entropy=30.780423998832703 approx_kl=0.01744718663394451
2026-06-29 05:59:38	Stage1 checkpoint solver\reports\dr_alns_ppo_v3_block_dr_alns\async_pilot\pilot21_learned_destroy_big\checkpoints\pilot21_learned_destroy_update_0250.pt
2026-06-29 05:59:38	Stage1 verdict=HALT_LEARNER_FLAT: reward_lift=7.286%, slope=0.00460845, entropy_drop=-9.433, finite_losses=True, kl_ok=True
2026-06-29 05:59:38	HALT HALT_LEARNER_FLAT: reward_lift=7.286%, slope=0.00460845, entropy_drop=-9.433, finite_losses=True, kl_ok=True
