Traceback (most recent call last):
  File "/Volumes/移动硬盘（512G）/ReSETP/baselines/china_e3_e7/scout_three_mechanisms_20260803_runner.py", line 1130, in <module>
    raise SystemExit(main())
                     ~~~~^^
  File "/Volumes/移动硬盘（512G）/ReSETP/baselines/china_e3_e7/scout_three_mechanisms_20260803_runner.py", line 1125, in main
    dynamic_worker((args.policy, args.seed, str(args.scenario_output)))
    ~~~~~~~~~~~~~~^^^^^^^^^^^^^^^^^^^^^^^^^^^^^^^^^^^^^^^^^^^^^^^^^^^^^
  File "/Volumes/移动硬盘（512G）/ReSETP/baselines/china_e3_e7/scout_three_mechanisms_20260803_runner.py", line 712, in dynamic_worker
    return old._run_scenario(task)
           ~~~~~~~~~~~~~~~~~^^^^^^
  File "/Volumes/移动硬盘（512G）/ReSETP/baselines/china_e3_e7/formal_dynamic_dispatch_20260802_runner.py", line 1265, in _run_scenario
    arm_results[arm] = _optimize_dynamic(
                       ~~~~~~~~~~~~~~~~~^
        bundle,
        ^^^^^^^
    ...<5 lines>...
        trigger_second=batch.trigger_second,
        ^^^^^^^^^^^^^^^^^^^^^^^^^^^^^^^^^^^^
    )
    ^
  File "/Volumes/移动硬盘（512G）/ReSETP/baselines/china_e3_e7/formal_dynamic_dispatch_20260802_runner.py", line 737, in _optimize_dynamic
    skeletons, hgs = _hgs_skeletons(
                     ~~~~~~~~~~~~~~^
        problem_bundle,
        ^^^^^^^^^^^^^^^
        construction.solution,
        ^^^^^^^^^^^^^^^^^^^^^^
        seed=seed,
        ^^^^^^^^^^
    )
    ^
  File "/Volumes/移动硬盘（512G）/ReSETP/baselines/china_e3_e7/scout_three_mechanisms_20260803_runner.py", line 677, in hgs
    run = route_pool_sp.run_hgs_route_pool_recombination(
        bundle, warm_start, seed=int(seed), hgs_seconds_per_view=None,
    ...<7 lines>...
        preserve_base_pool_recombination=False,
    )
  File "/Volumes/移动硬盘（512G）/ReSETP/baselines/algorithm_prototypes/china81_mechanism_hybrid_20260720/route_pool_sp.py", line 196, in run_hgs_route_pool_recombination
    view_epochs[mode] = _run_exact_epoch(
                        ~~~~~~~~~~~~~~~~^
        bundle,
        ^^^^^^^
    ...<20 lines>...
        ],
        ^^
    )
    ^
  File "/Volumes/移动硬盘（512G）/ReSETP/baselines/algorithm_prototypes/china81_mechanism_hybrid_20260720/epochal_hgs.py", line 546, in _run_exact_epoch
    common_completion = complete_china81_route_skeleton(
        common_initial_solution,
        bundle,
    )
  File "/Volumes/移动硬盘（512G）/ReSETP/solver/src/setp_solver/china81_completion.py", line 481, in complete_china81_route_skeleton
    raise ValueError(
    ...<3 lines>...
    )
ValueError: China81 route skeleton cannot satisfy the registered physical fleet caps at 'D_chengdu': overage=(1, 0, 1)
