concurrent.futures.process._RemoteTraceback: 
"""
Traceback (most recent call last):
  File "/opt/anaconda3/lib/python3.13/concurrent/futures/process.py", line 254, in _process_worker
    r = call_item.fn(*call_item.args, **call_item.kwargs)
  File "/Volumes/移动硬盘（512G）/ReSETP/baselines/china_e3_e7/e7_dynamic_20260731/run_e7_dynamic.py", line 1113, in worker
    result = run_task(
        scale,
    ...<3 lines>...
        max_stages=max_stages,
    )
  File "/Volumes/移动硬盘（512G）/ReSETP/baselines/china_e3_e7/e7_dynamic_20260731/run_e7_dynamic.py", line 989, in run_task
    payload = probe.run_probe_arm(
        arm,
    ...<4 lines>...
        network=scale,
    )
  File "/Volumes/移动硬盘（512G）/ReSETP/baselines/e7_dynamic/e7_full_mechanism_probe_20260714.py", line 1155, in run_probe_arm
    result = _controlled_stage(
        arm,
    ...<16 lines>...
        ),
    )
  File "/Volumes/移动硬盘（512G）/ReSETP/baselines/china_e3_e7/e7_dynamic_v3_20260731/run_e7_dynamic.py", line 931, in guarded_controlled_stage_dispatch
    result = ORIGINAL_CONTROLLED_STAGE_DISPATCH(*args, **kwargs)
  File "/Volumes/移动硬盘（512G）/ReSETP/baselines/china_e3_e7/e7_dynamic_20260731/run_e7_dynamic.py", line 834, in controlled_stage_dispatch
    result = static_fixed_stage(
        construction,
    ...<7 lines>...
        stage_new_customer_ids=stage_new_customer_ids,
    )
  File "/Volumes/移动硬盘（512G）/ReSETP/baselines/china_e3_e7/e7_dynamic_20260731/run_e7_dynamic.py", line 714, in static_fixed_stage
    probe.base.gate.prepare_stage_with_singleton_type_choices(
    ~~~~~~~~~~~~~~~~~~~~~~~~~~~~~~~~~~~~~~~~~~~~~~~~~~~~~~~~~^
        construction,
        ^^^^^^^^^^^^^
    ...<3 lines>...
        locked_charging_actions=cut.locked_charging_actions,
        ^^^^^^^^^^^^^^^^^^^^^^^^^^^^^^^^^^^^^^^^^^^^^^^^^^^^
    )
    ^
  File "/Volumes/移动硬盘（512G）/ReSETP/baselines/e7_dynamic/e7_dynamic_continuous_trigger_gate_20260714.py", line 130, in prepare_stage_with_singleton_type_choices
    raise RuntimeError(f"no feasible vehicle type assignment for separate event trips: {last_error}")
RuntimeError: no feasible vehicle type assignment for separate event trips: E7_DYNAMIC_MULTITRIP_V1: no inherited asset can serve open route S1_ADD_4
"""

The above exception was the direct cause of the following exception:

Traceback (most recent call last):
  File "/Volumes/移动硬盘（512G）/ReSETP/baselines/china_e3_e7/e7_dynamic_v3_20260731/run_e7_dynamic.py", line 2200, in <module>
    raise SystemExit(main())
                     ~~~~^^
  File "/Volumes/移动硬盘（512G）/ReSETP/baselines/china_e3_e7/e7_dynamic_v3_20260731/run_e7_dynamic.py", line 2188, in main
    output = run_formal(args.scale, args.workers)
  File "/Volumes/移动硬盘（512G）/ReSETP/baselines/china_e3_e7/e7_dynamic_v3_20260731/run_e7_dynamic.py", line 1589, in run_formal
    return LEGACY.run_formal(scale, workers)
           ~~~~~~~~~~~~~~~~~^^^^^^^^^^^^^^^^
  File "/Volumes/移动硬盘（512G）/ReSETP/baselines/china_e3_e7/e7_dynamic_20260731/run_e7_dynamic.py", line 1318, in run_formal
    result = future.result()
  File "/opt/anaconda3/lib/python3.13/concurrent/futures/_base.py", line 449, in result
    return self.__get_result()
           ~~~~~~~~~~~~~~~~~^^
  File "/opt/anaconda3/lib/python3.13/concurrent/futures/_base.py", line 401, in __get_result
    raise self._exception
RuntimeError: no feasible vehicle type assignment for separate event trips: E7_DYNAMIC_MULTITRIP_V1: no inherited asset can serve open route S1_ADD_4
