[CONV] 9 units across 5 workers
[CONV] PR11A seed=1 mother=6706.0 hybrid=6703.0 win (+0.045%) cpu_ratio=1.72
[CONV] PR17A seed=1 mother=6273.0 hybrid=6271.0 win (+0.032%) cpu_ratio=1.39
[CONV] PR11A seed=3 mother=6685.0 hybrid=6677.0 win (+0.120%) cpu_ratio=1.47
[CONV] PR11A seed=2 mother=6730.0 hybrid=6728.0 win (+0.030%) cpu_ratio=1.35
[CONV] PR17A seed=2 mother=6291.0 hybrid=6272.0 win (+0.302%) cpu_ratio=1.54
[CONV] PR17A seed=3 mother=6270.0 hybrid=6270.0 tie (+0.000%) cpu_ratio=1.18
[CONV] PR21A seed=3 mother=6264.0 hybrid=6264.0 tie (+0.000%) cpu_ratio=1.19
[CONV] PR21A seed=1 mother=6253.0 hybrid=6252.0 win (+0.016%) cpu_ratio=1.28
[CONV] PR21A seed=2 mother=6226.0 hybrid=6223.0 win (+0.048%) cpu_ratio=1.29
{
  "schema_version": "resetp.e2-final-campaign.convergence-gate.v1",
  "decision": "PASS_CONVERGENCE_DESIGN",
  "passed": true,
  "wins": 7,
  "ties": 2,
  "losses": 0,
  "median_cpu_ratio": 1.3510309684011759,
  "pass_rule": "zero losses (structural via shared phase 1 + monotone guard) AND >=5/9 strict wins AND median CPU ratio <= 2.5",
  "design": "mother runs to own convergence (NoImprovement(4000) | cap 240s); hybrid shares phase 1 then continues: elite harvest -> exact SP over accumulated route pool -> warm-started restart epochs (NoImprovement(2000) | cap 60s each), stop after 2 stalled epochs; comparison at own-termination with CPU disclosed, per venue convention (Chen 2025 Table 6)"
}
