{"budgets": [4000, 8000, 16000], "event": "start", "head": "d967cae19b1b1437878ee80e0a38133f2bf6a73d", "time": 1783423717.5422862, "workers": 3}
{"event": "task_complete", "run_id": "STRUCTURAL_RESCUE__b4000__multidepot__e2-multidepot-100c-01__A10_ELITE_ARCHIVE_RESTART__seed1", "status": "OK", "time": 1783424432.0803578}
{"event": "task_complete", "run_id": "STRUCTURAL_RESCUE__b4000__multidepot__e2-multidepot-100c-01__A9_RVND_SWAPSTAR_LOCAL_SEARCH__seed1", "status": "OK", "time": 1783424433.118043}
{"event": "task_complete", "run_id": "STRUCTURAL_RESCUE__b4000__multidepot__e2-multidepot-100c-01__A8_ROUTE_POOL_RECOMBINATION__seed1", "status": "OK", "time": 1783424435.0109491}
{"event": "task_complete", "run_id": "STRUCTURAL_RESCUE__b4000__multidepot__e2-multidepot-100c-01__A8_ROUTE_POOL_RECOMBINATION__seed2", "status": "OK", "time": 1783425007.4306939}
{"event": "task_complete", "run_id": "STRUCTURAL_RESCUE__b4000__multidepot__e2-multidepot-100c-01__A9_RVND_SWAPSTAR_LOCAL_SEARCH__seed2", "status": "OK", "time": 1783425010.396296}
{"event": "task_complete", "run_id": "STRUCTURAL_RESCUE__b4000__multidepot__e2-multidepot-100c-01__A10_ELITE_ARCHIVE_RESTART__seed2", "status": "OK", "time": 1783425011.4487522}
{"event": "task_complete", "run_id": "STRUCTURAL_RESCUE__b4000__multidepot__e2-multidepot-100c-01__A8_ROUTE_POOL_RECOMBINATION__seed3", "status": "OK", "time": 1783425531.243464}
{"event": "task_complete", "run_id": "STRUCTURAL_RESCUE__b4000__multidepot__e2-multidepot-100c-01__A10_ELITE_ARCHIVE_RESTART__seed3", "status": "OK", "time": 1783425533.17423}
{"event": "task_complete", "run_id": "STRUCTURAL_RESCUE__b4000__multidepot__e2-multidepot-100c-01__A9_RVND_SWAPSTAR_LOCAL_SEARCH__seed3", "status": "OK", "time": 1783425534.5670478}
{"event": "task_complete", "run_id": "STRUCTURAL_RESCUE__b4000__multidepot__e2-multidepot-10c-01__A8_ROUTE_POOL_RECOMBINATION__seed1", "status": "OK", "time": 1783425553.6970408}
{"event": "task_complete", "run_id": "STRUCTURAL_RESCUE__b4000__multidepot__e2-multidepot-10c-01__A9_RVND_SWAPSTAR_LOCAL_SEARCH__seed1", "status": "OK", "time": 1783425555.049209}
{"event": "task_complete", "run_id": "STRUCTURAL_RESCUE__b4000__multidepot__e2-multidepot-10c-01__A10_ELITE_ARCHIVE_RESTART__seed1", "status": "OK", "time": 1783425556.2144792}
{"event": "task_complete", "run_id": "STRUCTURAL_RESCUE__b4000__multidepot__e2-multidepot-10c-01__A8_ROUTE_POOL_RECOMBINATION__seed2", "status": "OK", "time": 1783425588.186812}
{"event": "task_complete", "run_id": "STRUCTURAL_RESCUE__b4000__multidepot__e2-multidepot-10c-01__A9_RVND_SWAPSTAR_LOCAL_SEARCH__seed2", "status": "OK", "time": 1783425589.171241}
{"event": "task_complete", "run_id": "STRUCTURAL_RESCUE__b4000__multidepot__e2-multidepot-10c-01__A10_ELITE_ARCHIVE_RESTART__seed2", "status": "OK", "time": 1783425590.82129}
{"event": "task_complete", "run_id": "STRUCTURAL_RESCUE__b4000__multidepot__e2-multidepot-10c-01__A8_ROUTE_POOL_RECOMBINATION__seed3", "status": "OK", "time": 1783425609.284359}
{"event": "task_complete", "run_id": "STRUCTURAL_RESCUE__b4000__multidepot__e2-multidepot-10c-01__A9_RVND_SWAPSTAR_LOCAL_SEARCH__seed3", "status": "OK", "time": 1783425610.231405}
{"event": "task_complete", "run_id": "STRUCTURAL_RESCUE__b4000__multidepot__e2-multidepot-10c-01__A10_ELITE_ARCHIVE_RESTART__seed3", "status": "OK", "time": 1783425612.423934}
{"event": "task_complete", "run_id": "STRUCTURAL_RESCUE__b4000__multidepot__e2-multidepot-150c-01__A8_ROUTE_POOL_RECOMBINATION__seed1", "status": "OK", "time": 1783426442.9622772}
{"event": "task_complete", "run_id": "STRUCTURAL_RESCUE__b4000__multidepot__e2-multidepot-150c-01__A9_RVND_SWAPSTAR_LOCAL_SEARCH__seed1", "status": "OK", "time": 1783426445.6852212}
{"event": "task_complete", "run_id": "STRUCTURAL_RESCUE__b4000__multidepot__e2-multidepot-150c-01__A10_ELITE_ARCHIVE_RESTART__seed1", "status": "OK", "time": 1783426449.204931}
{"event": "task_complete", "run_id": "STRUCTURAL_RESCUE__b4000__multidepot__e2-multidepot-150c-01__A8_ROUTE_POOL_RECOMBINATION__seed2", "status": "OK", "time": 1783427162.320062}
{"event": "task_complete", "run_id": "STRUCTURAL_RESCUE__b4000__multidepot__e2-multidepot-150c-01__A9_RVND_SWAPSTAR_LOCAL_SEARCH__seed2", "status": "OK", "time": 1783427166.917808}
{"event": "task_complete", "run_id": "STRUCTURAL_RESCUE__b4000__multidepot__e2-multidepot-150c-01__A10_ELITE_ARCHIVE_RESTART__seed2", "status": "OK", "time": 1783427171.19638}
{"event": "task_complete", "run_id": "STRUCTURAL_RESCUE__b4000__multidepot__e2-multidepot-150c-01__A8_ROUTE_POOL_RECOMBINATION__seed3", "status": "OK", "time": 1783428063.816503}
{"event": "task_complete", "run_id": "STRUCTURAL_RESCUE__b4000__multidepot__e2-multidepot-150c-01__A9_RVND_SWAPSTAR_LOCAL_SEARCH__seed3", "status": "OK", "time": 1783428070.201192}
{"event": "task_complete", "run_id": "STRUCTURAL_RESCUE__b4000__multidepot__e2-multidepot-15c-01__A8_ROUTE_POOL_RECOMBINATION__seed1", "status": "OK", "time": 1783428073.761866}
{"event": "task_complete", "run_id": "STRUCTURAL_RESCUE__b4000__multidepot__e2-multidepot-150c-01__A10_ELITE_ARCHIVE_RESTART__seed3", "status": "OK", "time": 1783428076.9128141}
{"event": "task_complete", "run_id": "STRUCTURAL_RESCUE__b4000__multidepot__e2-multidepot-15c-01__A9_RVND_SWAPSTAR_LOCAL_SEARCH__seed1", "status": "OK", "time": 1783428079.972208}
{"event": "task_complete", "run_id": "STRUCTURAL_RESCUE__b4000__multidepot__e2-multidepot-15c-01__A10_ELITE_ARCHIVE_RESTART__seed1", "status": "OK", "time": 1783428083.455405}
{"event": "task_complete", "run_id": "STRUCTURAL_RESCUE__b4000__multidepot__e2-multidepot-15c-01__A8_ROUTE_POOL_RECOMBINATION__seed2", "status": "OK", "time": 1783428086.75036}
{"event": "task_complete", "run_id": "STRUCTURAL_RESCUE__b4000__multidepot__e2-multidepot-15c-01__A9_RVND_SWAPSTAR_LOCAL_SEARCH__seed2", "status": "OK", "time": 1783428090.110838}
{"event": "task_complete", "run_id": "STRUCTURAL_RESCUE__b4000__multidepot__e2-multidepot-15c-01__A10_ELITE_ARCHIVE_RESTART__seed2", "status": "OK", "time": 1783428093.245149}
{"event": "task_complete", "run_id": "STRUCTURAL_RESCUE__b4000__multidepot__e2-multidepot-15c-01__A8_ROUTE_POOL_RECOMBINATION__seed3", "status": "OK", "time": 1783428094.825866}
{"event": "task_complete", "run_id": "STRUCTURAL_RESCUE__b4000__multidepot__e2-multidepot-15c-01__A9_RVND_SWAPSTAR_LOCAL_SEARCH__seed3", "status": "OK", "time": 1783428098.021728}
{"event": "task_complete", "run_id": "STRUCTURAL_RESCUE__b4000__multidepot__e2-multidepot-15c-01__A10_ELITE_ARCHIVE_RESTART__seed3", "status": "OK", "time": 1783428101.313607}
{"event": "task_complete", "run_id": "STRUCTURAL_RESCUE__b4000__multidepot__e2-multidepot-20c-01__A8_ROUTE_POOL_RECOMBINATION__seed1", "status": "OK", "time": 1783428111.545548}
{"event": "task_complete", "run_id": "STRUCTURAL_RESCUE__b4000__multidepot__e2-multidepot-20c-01__A9_RVND_SWAPSTAR_LOCAL_SEARCH__seed1", "status": "OK", "time": 1783428115.0336452}
{"event": "task_complete", "run_id": "STRUCTURAL_RESCUE__b4000__multidepot__e2-multidepot-20c-01__A10_ELITE_ARCHIVE_RESTART__seed1", "status": "OK", "time": 1783428117.943435}
{"event": "task_complete", "run_id": "STRUCTURAL_RESCUE__b4000__multidepot__e2-multidepot-20c-01__A8_ROUTE_POOL_RECOMBINATION__seed2", "status": "OK", "time": 1783428130.4140081}
{"event": "task_complete", "run_id": "STRUCTURAL_RESCUE__b4000__multidepot__e2-multidepot-20c-01__A9_RVND_SWAPSTAR_LOCAL_SEARCH__seed2", "status": "OK", "time": 1783428135.024651}
{"event": "task_complete", "run_id": "STRUCTURAL_RESCUE__b4000__multidepot__e2-multidepot-20c-01__A10_ELITE_ARCHIVE_RESTART__seed2", "status": "OK", "time": 1783428138.005791}
{"event": "task_complete", "run_id": "STRUCTURAL_RESCUE__b4000__multidepot__e2-multidepot-20c-01__A8_ROUTE_POOL_RECOMBINATION__seed3", "status": "OK", "time": 1783428148.9931898}
{"event": "task_complete", "run_id": "STRUCTURAL_RESCUE__b4000__multidepot__e2-multidepot-20c-01__A9_RVND_SWAPSTAR_LOCAL_SEARCH__seed3", "status": "OK", "time": 1783428152.903409}
{"event": "task_complete", "run_id": "STRUCTURAL_RESCUE__b4000__multidepot__e2-multidepot-20c-01__A10_ELITE_ARCHIVE_RESTART__seed3", "status": "OK", "time": 1783428156.154913}
{"event": "task_complete", "run_id": "STRUCTURAL_RESCUE__b4000__multidepot__e2-multidepot-50c-01__A8_ROUTE_POOL_RECOMBINATION__seed1", "status": "OK", "time": 1783428396.6109262}
{"event": "task_complete", "run_id": "STRUCTURAL_RESCUE__b4000__multidepot__e2-multidepot-50c-01__A9_RVND_SWAPSTAR_LOCAL_SEARCH__seed1", "status": "OK", "time": 1783428399.022676}
{"event": "task_complete", "run_id": "STRUCTURAL_RESCUE__b4000__multidepot__e2-multidepot-50c-01__A10_ELITE_ARCHIVE_RESTART__seed1", "status": "OK", "time": 1783428402.621825}
{"event": "task_complete", "run_id": "STRUCTURAL_RESCUE__b4000__multidepot__e2-multidepot-50c-01__A8_ROUTE_POOL_RECOMBINATION__seed2", "status": "OK", "time": 1783428569.7216058}
{"event": "task_complete", "run_id": "STRUCTURAL_RESCUE__b4000__multidepot__e2-multidepot-50c-01__A9_RVND_SWAPSTAR_LOCAL_SEARCH__seed2", "status": "OK", "time": 1783428572.255636}
{"event": "task_complete", "run_id": "STRUCTURAL_RESCUE__b4000__multidepot__e2-multidepot-50c-01__A10_ELITE_ARCHIVE_RESTART__seed2", "status": "OK", "time": 1783428573.49736}
{"event": "task_complete", "run_id": "STRUCTURAL_RESCUE__b4000__multidepot__e2-multidepot-50c-01__A8_ROUTE_POOL_RECOMBINATION__seed3", "status": "OK", "time": 1783428746.713891}
{"event": "task_complete", "run_id": "STRUCTURAL_RESCUE__b4000__multidepot__e2-multidepot-50c-01__A9_RVND_SWAPSTAR_LOCAL_SEARCH__seed3", "status": "OK", "time": 1783428748.9123409}
{"event": "task_complete", "run_id": "STRUCTURAL_RESCUE__b4000__multidepot__e2-multidepot-50c-01__A10_ELITE_ARCHIVE_RESTART__seed3", "status": "OK", "time": 1783428749.438922}
{"event": "task_complete", "run_id": "STRUCTURAL_RESCUE__b4000__multidepot__e2-multidepot-75c-01__A8_ROUTE_POOL_RECOMBINATION__seed1", "status": "OK", "time": 1783429060.350899}
{"event": "task_complete", "run_id": "STRUCTURAL_RESCUE__b4000__multidepot__e2-multidepot-75c-01__A9_RVND_SWAPSTAR_LOCAL_SEARCH__seed1", "status": "OK", "time": 1783429061.842019}
{"event": "task_complete", "run_id": "STRUCTURAL_RESCUE__b4000__multidepot__e2-multidepot-75c-01__A10_ELITE_ARCHIVE_RESTART__seed1", "status": "OK", "time": 1783429063.707733}
{"event": "task_complete", "run_id": "STRUCTURAL_RESCUE__b4000__multidepot__e2-multidepot-75c-01__A8_ROUTE_POOL_RECOMBINATION__seed2", "status": "OK", "time": 1783429369.853364}
{"event": "task_complete", "run_id": "STRUCTURAL_RESCUE__b4000__multidepot__e2-multidepot-75c-01__A9_RVND_SWAPSTAR_LOCAL_SEARCH__seed2", "status": "OK", "time": 1783429371.679586}
{"event": "task_complete", "run_id": "STRUCTURAL_RESCUE__b4000__multidepot__e2-multidepot-75c-01__A10_ELITE_ARCHIVE_RESTART__seed2", "status": "OK", "time": 1783429373.1599429}
{"event": "task_complete", "run_id": "STRUCTURAL_RESCUE__b4000__multidepot__e2-multidepot-75c-01__A8_ROUTE_POOL_RECOMBINATION__seed3", "status": "OK", "time": 1783429639.1677382}
{"event": "task_complete", "run_id": "STRUCTURAL_RESCUE__b4000__multidepot__e2-multidepot-75c-01__A9_RVND_SWAPSTAR_LOCAL_SEARCH__seed3", "status": "OK", "time": 1783429640.5340428}
{"event": "task_complete", "run_id": "STRUCTURAL_RESCUE__b4000__multidepot__e2-multidepot-75c-01__A10_ELITE_ARCHIVE_RESTART__seed3", "status": "OK", "time": 1783429641.952559}
{"event": "task_complete", "run_id": "STRUCTURAL_RESCUE__b4000__threeshift__e2-threeshift-100c-01__A8_ROUTE_POOL_RECOMBINATION__seed1", "status": "OK", "time": 1783430251.252343}
{"event": "task_complete", "run_id": "STRUCTURAL_RESCUE__b4000__threeshift__e2-threeshift-100c-01__A10_ELITE_ARCHIVE_RESTART__seed1", "status": "OK", "time": 1783430251.626996}
{"event": "task_complete", "run_id": "STRUCTURAL_RESCUE__b4000__threeshift__e2-threeshift-100c-01__A9_RVND_SWAPSTAR_LOCAL_SEARCH__seed1", "status": "OK", "time": 1783430252.871787}
{"event": "task_complete", "run_id": "STRUCTURAL_RESCUE__b4000__threeshift__e2-threeshift-100c-01__A9_RVND_SWAPSTAR_LOCAL_SEARCH__seed2", "status": "OK", "time": 1783430676.890597}
{"event": "task_complete", "run_id": "STRUCTURAL_RESCUE__b4000__threeshift__e2-threeshift-100c-01__A8_ROUTE_POOL_RECOMBINATION__seed2", "status": "OK", "time": 1783430680.146556}
{"event": "task_complete", "run_id": "STRUCTURAL_RESCUE__b4000__threeshift__e2-threeshift-100c-01__A10_ELITE_ARCHIVE_RESTART__seed2", "status": "OK", "time": 1783430680.592076}
{"event": "task_complete", "run_id": "STRUCTURAL_RESCUE__b4000__threeshift__e2-threeshift-100c-01__A8_ROUTE_POOL_RECOMBINATION__seed3", "status": "OK", "time": 1783431123.937242}
{"event": "task_complete", "run_id": "STRUCTURAL_RESCUE__b4000__threeshift__e2-threeshift-100c-01__A10_ELITE_ARCHIVE_RESTART__seed3", "status": "OK", "time": 1783431124.998527}
{"event": "task_complete", "run_id": "STRUCTURAL_RESCUE__b4000__threeshift__e2-threeshift-100c-01__A9_RVND_SWAPSTAR_LOCAL_SEARCH__seed3", "status": "OK", "time": 1783431126.339239}
{"event": "task_complete", "run_id": "STRUCTURAL_RESCUE__b4000__threeshift__e2-threeshift-150c-01__A10_ELITE_ARCHIVE_RESTART__seed1", "status": "OK", "time": 1783431829.347479}
{"event": "task_complete", "run_id": "STRUCTURAL_RESCUE__b4000__threeshift__e2-threeshift-150c-01__A9_RVND_SWAPSTAR_LOCAL_SEARCH__seed1", "status": "OK", "time": 1783431836.830038}
{"event": "task_complete", "run_id": "STRUCTURAL_RESCUE__b4000__threeshift__e2-threeshift-150c-01__A8_ROUTE_POOL_RECOMBINATION__seed1", "status": "OK", "time": 1783431845.046726}
{"event": "task_complete", "run_id": "STRUCTURAL_RESCUE__b4000__threeshift__e2-threeshift-150c-01__A8_ROUTE_POOL_RECOMBINATION__seed2", "status": "OK", "time": 1783432641.62582}
{"event": "task_complete", "run_id": "STRUCTURAL_RESCUE__b4000__threeshift__e2-threeshift-150c-01__A9_RVND_SWAPSTAR_LOCAL_SEARCH__seed2", "status": "OK", "time": 1783432649.7132318}
{"event": "task_complete", "run_id": "STRUCTURAL_RESCUE__b4000__threeshift__e2-threeshift-150c-01__A10_ELITE_ARCHIVE_RESTART__seed2", "status": "OK", "time": 1783432656.998967}
{"event": "task_complete", "run_id": "STRUCTURAL_RESCUE__b4000__threeshift__e2-threeshift-150c-01__A8_ROUTE_POOL_RECOMBINATION__seed3", "status": "OK", "time": 1783433148.601162}
{"event": "task_complete", "run_id": "STRUCTURAL_RESCUE__b4000__threeshift__e2-threeshift-150c-01__A9_RVND_SWAPSTAR_LOCAL_SEARCH__seed3", "status": "OK", "time": 1783433151.385741}
{"event": "task_complete", "run_id": "STRUCTURAL_RESCUE__b4000__threeshift__e2-threeshift-150c-01__A10_ELITE_ARCHIVE_RESTART__seed3", "status": "OK", "time": 1783433161.1421518}
{"event": "task_complete", "run_id": "STRUCTURAL_RESCUE__b4000__threeshift__e2-threeshift-50c-01__A8_ROUTE_POOL_RECOMBINATION__seed1", "status": "OK", "time": 1783433283.3751612}
{"event": "task_complete", "run_id": "STRUCTURAL_RESCUE__b4000__threeshift__e2-threeshift-50c-01__A9_RVND_SWAPSTAR_LOCAL_SEARCH__seed1", "status": "OK", "time": 1783433285.0531762}
{"event": "task_complete", "run_id": "STRUCTURAL_RESCUE__b4000__threeshift__e2-threeshift-50c-01__A10_ELITE_ARCHIVE_RESTART__seed1", "status": "OK", "time": 1783433294.449204}
{"event": "task_complete", "run_id": "STRUCTURAL_RESCUE__b4000__threeshift__e2-threeshift-50c-01__A8_ROUTE_POOL_RECOMBINATION__seed2", "status": "OK", "time": 1783433409.45001}
{"event": "task_complete", "run_id": "STRUCTURAL_RESCUE__b4000__threeshift__e2-threeshift-50c-01__A9_RVND_SWAPSTAR_LOCAL_SEARCH__seed2", "status": "OK", "time": 1783433411.294113}
{"event": "task_complete", "run_id": "STRUCTURAL_RESCUE__b4000__threeshift__e2-threeshift-50c-01__A10_ELITE_ARCHIVE_RESTART__seed2", "status": "OK", "time": 1783433420.438465}
{"event": "task_complete", "run_id": "STRUCTURAL_RESCUE__b4000__threeshift__e2-threeshift-50c-01__A8_ROUTE_POOL_RECOMBINATION__seed3", "status": "OK", "time": 1783433545.965874}
{"event": "task_complete", "run_id": "STRUCTURAL_RESCUE__b4000__threeshift__e2-threeshift-50c-01__A9_RVND_SWAPSTAR_LOCAL_SEARCH__seed3", "status": "OK", "time": 1783433547.6157188}
{"event": "task_complete", "run_id": "STRUCTURAL_RESCUE__b4000__threeshift__e2-threeshift-50c-01__A10_ELITE_ARCHIVE_RESTART__seed3", "status": "OK", "time": 1783433556.7916238}
{"event": "task_complete", "run_id": "STRUCTURAL_RESCUE__b4000__threeshift__e2-threeshift-75c-01__A9_RVND_SWAPSTAR_LOCAL_SEARCH__seed1", "status": "OK", "time": 1783433762.636672}
{"event": "task_complete", "run_id": "STRUCTURAL_RESCUE__b4000__threeshift__e2-threeshift-75c-01__A8_ROUTE_POOL_RECOMBINATION__seed1", "status": "OK", "time": 1783433763.2880871}
{"event": "task_complete", "run_id": "STRUCTURAL_RESCUE__b4000__threeshift__e2-threeshift-75c-01__A10_ELITE_ARCHIVE_RESTART__seed1", "status": "OK", "time": 1783433770.591114}
{"event": "task_complete", "run_id": "STRUCTURAL_RESCUE__b4000__threeshift__e2-threeshift-75c-01__A8_ROUTE_POOL_RECOMBINATION__seed2", "status": "OK", "time": 1783434005.4265568}
{"event": "task_complete", "run_id": "STRUCTURAL_RESCUE__b4000__threeshift__e2-threeshift-75c-01__A9_RVND_SWAPSTAR_LOCAL_SEARCH__seed2", "status": "OK", "time": 1783434007.437488}
{"event": "task_complete", "run_id": "STRUCTURAL_RESCUE__b4000__threeshift__e2-threeshift-75c-01__A10_ELITE_ARCHIVE_RESTART__seed2", "status": "OK", "time": 1783434014.186104}
{"event": "task_complete", "run_id": "STRUCTURAL_RESCUE__b4000__threeshift__e2-threeshift-75c-01__A8_ROUTE_POOL_RECOMBINATION__seed3", "status": "OK", "time": 1783434289.561929}
{"event": "task_complete", "run_id": "STRUCTURAL_RESCUE__b4000__threeshift__e2-threeshift-75c-01__A9_RVND_SWAPSTAR_LOCAL_SEARCH__seed3", "status": "OK", "time": 1783434290.2281961}
{"event": "task_complete", "run_id": "STRUCTURAL_RESCUE__b4000__threeshift__e2-threeshift-75c-01__A10_ELITE_ARCHIVE_RESTART__seed3", "status": "OK", "time": 1783434297.545537}
{"event": "task_complete", "run_id": "STRUCTURAL_RESCUE__b4000__vanilla__e2-vanilla-100c-01__A8_ROUTE_POOL_RECOMBINATION__seed1", "status": "OK", "time": 1783434607.811852}
{"event": "task_complete", "run_id": "STRUCTURAL_RESCUE__b4000__vanilla__e2-vanilla-100c-01__A9_RVND_SWAPSTAR_LOCAL_SEARCH__seed1", "status": "OK", "time": 1783434608.8718}
{"event": "task_complete", "run_id": "STRUCTURAL_RESCUE__b4000__vanilla__e2-vanilla-100c-01__A10_ELITE_ARCHIVE_RESTART__seed1", "status": "OK", "time": 1783434614.0082161}
{"event": "task_complete", "run_id": "STRUCTURAL_RESCUE__b4000__vanilla__e2-vanilla-100c-01__A8_ROUTE_POOL_RECOMBINATION__seed2", "status": "OK", "time": 1783434939.247968}
{"event": "task_complete", "run_id": "STRUCTURAL_RESCUE__b4000__vanilla__e2-vanilla-100c-01__A9_RVND_SWAPSTAR_LOCAL_SEARCH__seed2", "status": "OK", "time": 1783434939.481345}
{"event": "task_complete", "run_id": "STRUCTURAL_RESCUE__b4000__vanilla__e2-vanilla-100c-01__A10_ELITE_ARCHIVE_RESTART__seed2", "status": "OK", "time": 1783434946.399856}
{"event": "task_complete", "run_id": "STRUCTURAL_RESCUE__b4000__vanilla__e2-vanilla-100c-01__A8_ROUTE_POOL_RECOMBINATION__seed3", "status": "OK", "time": 1783435295.681449}
{"event": "task_complete", "run_id": "STRUCTURAL_RESCUE__b4000__vanilla__e2-vanilla-100c-01__A9_RVND_SWAPSTAR_LOCAL_SEARCH__seed3", "status": "OK", "time": 1783435300.167935}
{"event": "task_complete", "run_id": "STRUCTURAL_RESCUE__b4000__vanilla__e2-vanilla-100c-01__A10_ELITE_ARCHIVE_RESTART__seed3", "status": "OK", "time": 1783435305.0012748}
{"event": "task_complete", "run_id": "STRUCTURAL_RESCUE__b4000__vanilla__e2-vanilla-150c-01__A8_ROUTE_POOL_RECOMBINATION__seed1", "status": "OK", "time": 1783435815.687104}
{"event": "task_complete", "run_id": "STRUCTURAL_RESCUE__b4000__vanilla__e2-vanilla-150c-01__A9_RVND_SWAPSTAR_LOCAL_SEARCH__seed1", "status": "OK", "time": 1783435819.062895}
{"event": "task_complete", "run_id": "STRUCTURAL_RESCUE__b4000__vanilla__e2-vanilla-150c-01__A10_ELITE_ARCHIVE_RESTART__seed1", "status": "OK", "time": 1783435823.426868}
{"event": "task_complete", "run_id": "STRUCTURAL_RESCUE__b4000__vanilla__e2-vanilla-150c-01__A8_ROUTE_POOL_RECOMBINATION__seed2", "status": "OK", "time": 1783436305.881398}
{"event": "task_complete", "run_id": "STRUCTURAL_RESCUE__b4000__vanilla__e2-vanilla-150c-01__A9_RVND_SWAPSTAR_LOCAL_SEARCH__seed2", "status": "OK", "time": 1783436311.928297}
{"event": "task_complete", "run_id": "STRUCTURAL_RESCUE__b4000__vanilla__e2-vanilla-150c-01__A10_ELITE_ARCHIVE_RESTART__seed2", "status": "OK", "time": 1783436320.326708}
{"event": "task_complete", "run_id": "STRUCTURAL_RESCUE__b4000__vanilla__e2-vanilla-150c-01__A8_ROUTE_POOL_RECOMBINATION__seed3", "status": "OK", "time": 1783436972.7881632}
{"event": "task_complete", "run_id": "STRUCTURAL_RESCUE__b4000__vanilla__e2-vanilla-150c-01__A9_RVND_SWAPSTAR_LOCAL_SEARCH__seed3", "status": "OK", "time": 1783436983.221455}
{"event": "task_complete", "run_id": "STRUCTURAL_RESCUE__b4000__vanilla__e2-vanilla-15c-01__A8_ROUTE_POOL_RECOMBINATION__seed1", "status": "OK", "time": 1783436993.2210078}
{"event": "task_complete", "run_id": "STRUCTURAL_RESCUE__b4000__vanilla__e2-vanilla-150c-01__A10_ELITE_ARCHIVE_RESTART__seed3", "status": "OK", "time": 1783436994.441685}
{"event": "task_complete", "run_id": "STRUCTURAL_RESCUE__b4000__vanilla__e2-vanilla-15c-01__A9_RVND_SWAPSTAR_LOCAL_SEARCH__seed1", "status": "OK", "time": 1783437004.689118}
{"event": "task_complete", "run_id": "STRUCTURAL_RESCUE__b4000__vanilla__e2-vanilla-15c-01__A10_ELITE_ARCHIVE_RESTART__seed1", "status": "OK", "time": 1783437014.602512}
{"event": "task_complete", "run_id": "STRUCTURAL_RESCUE__b4000__vanilla__e2-vanilla-15c-01__A8_ROUTE_POOL_RECOMBINATION__seed2", "status": "OK", "time": 1783437015.934401}
{"event": "task_complete", "run_id": "STRUCTURAL_RESCUE__b4000__vanilla__e2-vanilla-15c-01__A9_RVND_SWAPSTAR_LOCAL_SEARCH__seed2", "status": "OK", "time": 1783437025.385955}
{"event": "task_complete", "run_id": "STRUCTURAL_RESCUE__b4000__vanilla__e2-vanilla-15c-01__A8_ROUTE_POOL_RECOMBINATION__seed3", "status": "OK", "time": 1783437032.216962}
{"event": "task_complete", "run_id": "STRUCTURAL_RESCUE__b4000__vanilla__e2-vanilla-15c-01__A10_ELITE_ARCHIVE_RESTART__seed2", "status": "OK", "time": 1783437035.07216}
{"event": "task_complete", "run_id": "STRUCTURAL_RESCUE__b4000__vanilla__e2-vanilla-15c-01__A9_RVND_SWAPSTAR_LOCAL_SEARCH__seed3", "status": "OK", "time": 1783437042.791542}
{"event": "task_complete", "run_id": "STRUCTURAL_RESCUE__b4000__vanilla__e2-vanilla-15c-01__A10_ELITE_ARCHIVE_RESTART__seed3", "status": "OK", "time": 1783437050.227832}
{"event": "task_complete", "run_id": "STRUCTURAL_RESCUE__b4000__vanilla__e2-vanilla-25c-01__A8_ROUTE_POOL_RECOMBINATION__seed1", "status": "OK", "time": 1783437060.8394701}
{"event": "task_complete", "run_id": "STRUCTURAL_RESCUE__b4000__vanilla__e2-vanilla-25c-01__A9_RVND_SWAPSTAR_LOCAL_SEARCH__seed1", "status": "OK", "time": 1783437067.8879292}
{"event": "task_complete", "run_id": "STRUCTURAL_RESCUE__b4000__vanilla__e2-vanilla-25c-01__A10_ELITE_ARCHIVE_RESTART__seed1", "status": "OK", "time": 1783437074.761323}
{"event": "task_complete", "run_id": "STRUCTURAL_RESCUE__b4000__vanilla__e2-vanilla-25c-01__A8_ROUTE_POOL_RECOMBINATION__seed2", "status": "OK", "time": 1783437093.220442}
{"event": "task_complete", "run_id": "STRUCTURAL_RESCUE__b4000__vanilla__e2-vanilla-25c-01__A9_RVND_SWAPSTAR_LOCAL_SEARCH__seed2", "status": "OK", "time": 1783437100.1542232}
{"event": "task_complete", "run_id": "STRUCTURAL_RESCUE__b4000__vanilla__e2-vanilla-25c-01__A10_ELITE_ARCHIVE_RESTART__seed2", "status": "OK", "time": 1783437106.543308}
{"event": "task_complete", "run_id": "STRUCTURAL_RESCUE__b4000__vanilla__e2-vanilla-25c-01__A8_ROUTE_POOL_RECOMBINATION__seed3", "status": "OK", "time": 1783437115.125477}
{"event": "task_complete", "run_id": "STRUCTURAL_RESCUE__b4000__vanilla__e2-vanilla-25c-01__A9_RVND_SWAPSTAR_LOCAL_SEARCH__seed3", "status": "OK", "time": 1783437121.794451}
{"event": "task_complete", "run_id": "STRUCTURAL_RESCUE__b4000__vanilla__e2-vanilla-25c-01__A10_ELITE_ARCHIVE_RESTART__seed3", "status": "OK", "time": 1783437128.407893}
{"event": "task_complete", "run_id": "STRUCTURAL_RESCUE__b4000__vanilla__e2-vanilla-50c-01__A8_ROUTE_POOL_RECOMBINATION__seed1", "status": "OK", "time": 1783437241.127336}
{"event": "task_complete", "run_id": "STRUCTURAL_RESCUE__b4000__vanilla__e2-vanilla-50c-01__A9_RVND_SWAPSTAR_LOCAL_SEARCH__seed1", "status": "OK", "time": 1783437248.917297}
{"event": "task_complete", "run_id": "STRUCTURAL_RESCUE__b4000__vanilla__e2-vanilla-50c-01__A10_ELITE_ARCHIVE_RESTART__seed1", "status": "OK", "time": 1783437256.787734}
{"event": "task_complete", "run_id": "STRUCTURAL_RESCUE__b4000__vanilla__e2-vanilla-50c-01__A8_ROUTE_POOL_RECOMBINATION__seed2", "status": "OK", "time": 1783437334.712969}
{"event": "task_complete", "run_id": "STRUCTURAL_RESCUE__b4000__vanilla__e2-vanilla-50c-01__A9_RVND_SWAPSTAR_LOCAL_SEARCH__seed2", "status": "OK", "time": 1783437339.7806451}
{"event": "task_complete", "run_id": "STRUCTURAL_RESCUE__b4000__vanilla__e2-vanilla-50c-01__A10_ELITE_ARCHIVE_RESTART__seed2", "status": "OK", "time": 1783437345.3345559}
{"event": "task_complete", "run_id": "STRUCTURAL_RESCUE__b4000__vanilla__e2-vanilla-50c-01__A8_ROUTE_POOL_RECOMBINATION__seed3", "status": "OK", "time": 1783437457.090382}
{"event": "task_complete", "run_id": "STRUCTURAL_RESCUE__b4000__vanilla__e2-vanilla-50c-01__A9_RVND_SWAPSTAR_LOCAL_SEARCH__seed3", "status": "OK", "time": 1783437460.392874}
{"event": "task_complete", "run_id": "STRUCTURAL_RESCUE__b4000__vanilla__e2-vanilla-50c-01__A10_ELITE_ARCHIVE_RESTART__seed3", "status": "OK", "time": 1783437464.490071}
{"budget": 4000, "event": "budget_complete", "reused_reference_rows": 144, "rows": 288, "survivors": [], "time": 1783437519.043911}
{"event": "complete", "expected": 288, "rows": 288, "time": 1783437520.549414, "verdict": "STRUCTURAL_RESCUE_ALL_FAILED"}
