2026-06-29 13:36:35	Pilot23 start
2026-06-29 13:36:35	StageA independent-test learned_destroy bundle=models/data_bundle/generated_instances/E-UK50_01__curric_d2_s3_seed1_24h seed=501
2026-06-29 13:37:27	StageA independent-test operator_select bundle=models/data_bundle/generated_instances/E-UK50_01__curric_d2_s3_seed1_24h seed=501
2026-06-29 13:37:59	StageA independent-test random_operator bundle=models/data_bundle/generated_instances/E-UK50_01__curric_d2_s3_seed1_24h seed=501
2026-06-29 13:38:11	StageA independent-test worst_removal_fixed bundle=models/data_bundle/generated_instances/E-UK50_01__curric_d2_s3_seed1_24h seed=501
2026-06-29 13:38:32	StageA independent-test learned_destroy bundle=models/data_bundle/generated_instances/E-UK50_01__curric_d2_s3_seed1_24h seed=502
2026-06-29 13:39:23	StageA independent-test operator_select bundle=models/data_bundle/generated_instances/E-UK50_01__curric_d2_s3_seed1_24h seed=502
2026-06-29 13:39:55	StageA independent-test random_operator bundle=models/data_bundle/generated_instances/E-UK50_01__curric_d2_s3_seed1_24h seed=502
2026-06-29 13:40:06	StageA independent-test worst_removal_fixed bundle=models/data_bundle/generated_instances/E-UK50_01__curric_d2_s3_seed1_24h seed=502
2026-06-29 13:40:27	StageA independent-test learned_destroy bundle=models/data_bundle/generated_instances/E-UK50_01__curric_d2_s3_seed1_24h seed=503
2026-06-29 13:41:18	StageA independent-test operator_select bundle=models/data_bundle/generated_instances/E-UK50_01__curric_d2_s3_seed1_24h seed=503
2026-06-29 13:41:48	StageA independent-test random_operator bundle=models/data_bundle/generated_instances/E-UK50_01__curric_d2_s3_seed1_24h seed=503
2026-06-29 13:42:00	StageA independent-test worst_removal_fixed bundle=models/data_bundle/generated_instances/E-UK50_01__curric_d2_s3_seed1_24h seed=503
2026-06-29 13:42:22	StageA independent-test learned_destroy bundle=models/data_bundle/generated_instances/E-UK50_02__curric_d2_s3_seed2_24h seed=501
2026-06-29 13:43:06	StageA independent-test operator_select bundle=models/data_bundle/generated_instances/E-UK50_02__curric_d2_s3_seed2_24h seed=501
2026-06-29 13:43:35	StageA independent-test random_operator bundle=models/data_bundle/generated_instances/E-UK50_02__curric_d2_s3_seed2_24h seed=501
2026-06-29 13:43:45	StageA independent-test worst_removal_fixed bundle=models/data_bundle/generated_instances/E-UK50_02__curric_d2_s3_seed2_24h seed=501
2026-06-29 13:44:05	StageA independent-test learned_destroy bundle=models/data_bundle/generated_instances/E-UK50_02__curric_d2_s3_seed2_24h seed=502
2026-06-29 13:44:47	StageA independent-test operator_select bundle=models/data_bundle/generated_instances/E-UK50_02__curric_d2_s3_seed2_24h seed=502
2026-06-29 13:45:14	StageA independent-test random_operator bundle=models/data_bundle/generated_instances/E-UK50_02__curric_d2_s3_seed2_24h seed=502
2026-06-29 13:45:25	StageA independent-test worst_removal_fixed bundle=models/data_bundle/generated_instances/E-UK50_02__curric_d2_s3_seed2_24h seed=502
2026-06-29 13:45:44	StageA independent-test learned_destroy bundle=models/data_bundle/generated_instances/E-UK50_02__curric_d2_s3_seed2_24h seed=503
2026-06-29 13:46:27	StageA independent-test operator_select bundle=models/data_bundle/generated_instances/E-UK50_02__curric_d2_s3_seed2_24h seed=503
2026-06-29 13:46:51	StageA independent-test random_operator bundle=models/data_bundle/generated_instances/E-UK50_02__curric_d2_s3_seed2_24h seed=503
2026-06-29 13:47:01	StageA independent-test worst_removal_fixed bundle=models/data_bundle/generated_instances/E-UK50_02__curric_d2_s3_seed2_24h seed=503
2026-06-29 13:47:21	StageA independent-test learned_destroy bundle=models/data_bundle/generated_instances/E-UK50_03__curric_d2_s3_seed3_24h seed=501
2026-06-29 13:48:02	StageA independent-test operator_select bundle=models/data_bundle/generated_instances/E-UK50_03__curric_d2_s3_seed3_24h seed=501
2026-06-29 13:48:27	StageA independent-test random_operator bundle=models/data_bundle/generated_instances/E-UK50_03__curric_d2_s3_seed3_24h seed=501
2026-06-29 13:48:37	StageA independent-test worst_removal_fixed bundle=models/data_bundle/generated_instances/E-UK50_03__curric_d2_s3_seed3_24h seed=501
2026-06-29 13:48:57	StageA independent-test learned_destroy bundle=models/data_bundle/generated_instances/E-UK50_03__curric_d2_s3_seed3_24h seed=502
2026-06-29 13:49:39	StageA independent-test operator_select bundle=models/data_bundle/generated_instances/E-UK50_03__curric_d2_s3_seed3_24h seed=502
2026-06-29 13:50:09	StageA independent-test random_operator bundle=models/data_bundle/generated_instances/E-UK50_03__curric_d2_s3_seed3_24h seed=502
2026-06-29 13:50:20	StageA independent-test worst_removal_fixed bundle=models/data_bundle/generated_instances/E-UK50_03__curric_d2_s3_seed3_24h seed=502
2026-06-29 13:50:40	StageA independent-test learned_destroy bundle=models/data_bundle/generated_instances/E-UK50_03__curric_d2_s3_seed3_24h seed=503
2026-06-29 13:51:22	StageA independent-test operator_select bundle=models/data_bundle/generated_instances/E-UK50_03__curric_d2_s3_seed3_24h seed=503
2026-06-29 13:51:49	StageA independent-test random_operator bundle=models/data_bundle/generated_instances/E-UK50_03__curric_d2_s3_seed3_24h seed=503
2026-06-29 13:51:59	StageA independent-test worst_removal_fixed bundle=models/data_bundle/generated_instances/E-UK50_03__curric_d2_s3_seed3_24h seed=503
2026-06-29 13:52:19	StageA independent-test learned_destroy bundle=models/data_bundle/generated_instances/E-UK100_01__d2_s3_seed1_24h_20251113 seed=501
2026-06-29 13:55:09	StageA independent-test operator_select bundle=models/data_bundle/generated_instances/E-UK100_01__d2_s3_seed1_24h_20251113 seed=501
2026-06-29 13:56:09	StageA independent-test random_operator bundle=models/data_bundle/generated_instances/E-UK100_01__d2_s3_seed1_24h_20251113 seed=501
2026-06-29 13:56:33	StageA independent-test worst_removal_fixed bundle=models/data_bundle/generated_instances/E-UK100_01__d2_s3_seed1_24h_20251113 seed=501
2026-06-29 13:57:28	StageA independent-test learned_destroy bundle=models/data_bundle/generated_instances/E-UK100_01__d2_s3_seed1_24h_20251113 seed=502
2026-06-29 14:00:33	StageA independent-test operator_select bundle=models/data_bundle/generated_instances/E-UK100_01__d2_s3_seed1_24h_20251113 seed=502
2026-06-29 14:01:30	StageA independent-test random_operator bundle=models/data_bundle/generated_instances/E-UK100_01__d2_s3_seed1_24h_20251113 seed=502
2026-06-29 14:01:54	StageA independent-test worst_removal_fixed bundle=models/data_bundle/generated_instances/E-UK100_01__d2_s3_seed1_24h_20251113 seed=502
2026-06-29 14:02:49	StageA independent-test learned_destroy bundle=models/data_bundle/generated_instances/E-UK100_01__d2_s3_seed1_24h_20251113 seed=503
2026-06-29 14:05:52	StageA independent-test operator_select bundle=models/data_bundle/generated_instances/E-UK100_01__d2_s3_seed1_24h_20251113 seed=503
2026-06-29 14:06:47	StageA independent-test random_operator bundle=models/data_bundle/generated_instances/E-UK100_01__d2_s3_seed1_24h_20251113 seed=503
2026-06-29 14:07:15	StageA independent-test worst_removal_fixed bundle=models/data_bundle/generated_instances/E-UK100_01__d2_s3_seed1_24h_20251113 seed=503
2026-06-29 14:08:11	StageA verdict=STAGEB_REQUIRED_CKPT_LT2: avg_vs_operator=-17.726%, min_scale=-23.635%, avg_vs_random=-16.775%, avg_vs_worst=-11.453%, zero_violations=True, worker_ok=True, preserves_plus_10=False
2026-06-29 14:08:12	StageB validation initial bundle=models/data_bundle/generated_instances/E-UK25_08__curric_d2_s3_seed8_24h seed=301
2026-06-29 14:08:15	StageB validation initial bundle=models/data_bundle/generated_instances/E-UK25_09__curric_d2_s3_seed9_24h seed=301
2026-06-29 14:08:17	StageB validation initial bundle=models/data_bundle/generated_instances/E-UK50_04__curric_d2_s3_seed4_24h seed=301
2026-06-29 14:08:45	StageB update 0 group=0 lr=0.0001 kl=0.01693066954612732 early=False val_gain=
2026-06-29 14:09:06	StageB update 1 group=1 lr=9.96386e-05 kl=0.016349200159311295 early=False val_gain=
2026-06-29 14:09:27	StageB update 2 group=2 lr=9.92771e-05 kl=0.012471217662096024 early=False val_gain=
2026-06-29 14:09:55	StageB update 3 group=3 lr=9.89157e-05 kl=0.010709105059504509 early=False val_gain=
2026-06-29 14:10:25	StageB update 4 group=4 lr=9.85542e-05 kl=0.004713805392384529 early=False val_gain=
2026-06-29 14:10:48	StageB update 5 group=5 lr=9.81928e-05 kl=0.006015703082084656 early=False val_gain=
2026-06-29 14:11:15	StageB update 6 group=6 lr=9.78313e-05 kl=0.004504768177866936 early=False val_gain=
2026-06-29 14:11:39	StageB update 7 group=7 lr=9.74699e-05 kl=0.005892418324947357 early=False val_gain=
2026-06-29 14:12:06	StageB update 8 group=8 lr=9.71084e-05 kl=0.005402090027928352 early=False val_gain=
2026-06-29 14:12:33	StageB validation update_0010 bundle=models/data_bundle/generated_instances/E-UK25_08__curric_d2_s3_seed8_24h seed=301
2026-06-29 14:12:45	StageB validation update_0010 bundle=models/data_bundle/generated_instances/E-UK25_09__curric_d2_s3_seed9_24h seed=301
2026-06-29 14:12:49	StageB validation update_0010 bundle=models/data_bundle/generated_instances/E-UK50_04__curric_d2_s3_seed4_24h seed=301
2026-06-29 14:13:22	StageB update 9 group=9 lr=9.6747e-05 kl=0.004215965047478676 early=False val_gain=2.778686717672938
2026-06-29 14:13:22	StageB checkpoint solver\reports\dr_alns_ppo_v3_block_dr_alns\async_pilot\pilot23_stabilize\checkpoints\pilot23_learned_destroy_update_0010.pt
2026-06-29 14:13:49	StageB update 10 group=10 lr=9.63855e-05 kl=0.002107558771967888 early=False val_gain=
2026-06-29 14:14:12	StageB update 11 group=11 lr=9.60241e-05 kl=0.0022919829934835434 early=False val_gain=
2026-06-29 14:14:41	StageB update 12 group=12 lr=9.56627e-05 kl=0.002260373905301094 early=False val_gain=
2026-06-29 14:15:05	StageB update 13 group=13 lr=9.53012e-05 kl=0.0011697430163621902 early=False val_gain=
2026-06-29 14:15:28	StageB update 14 group=14 lr=9.49398e-05 kl=0.0027659479528665543 early=False val_gain=
2026-06-29 14:15:56	StageB update 15 group=15 lr=9.45783e-05 kl=0.002614593133330345 early=False val_gain=
2026-06-29 14:16:23	StageB update 16 group=16 lr=9.42169e-05 kl=0.0015259459614753723 early=False val_gain=
2026-06-29 14:16:46	StageB update 17 group=17 lr=9.38554e-05 kl=0.0031668487936258316 early=False val_gain=
2026-06-29 14:17:13	StageB update 18 group=18 lr=9.3494e-05 kl=0.001059405505657196 early=False val_gain=
2026-06-29 14:17:37	StageB validation update_0020 bundle=models/data_bundle/generated_instances/E-UK25_08__curric_d2_s3_seed8_24h seed=301
2026-06-29 14:17:43	StageB validation update_0020 bundle=models/data_bundle/generated_instances/E-UK25_09__curric_d2_s3_seed9_24h seed=301
2026-06-29 14:17:53	StageB validation update_0020 bundle=models/data_bundle/generated_instances/E-UK50_04__curric_d2_s3_seed4_24h seed=301
2026-06-29 14:18:27	StageB update 19 group=19 lr=9.31325e-05 kl=0.002499375492334366 early=False val_gain=7.718735940353799
2026-06-29 14:18:27	StageB checkpoint solver\reports\dr_alns_ppo_v3_block_dr_alns\async_pilot\pilot23_stabilize\checkpoints\pilot23_learned_destroy_update_0020.pt
2026-06-29 14:18:52	StageB update 20 group=20 lr=9.27711e-05 kl=0.0017963852733373642 early=False val_gain=
2026-06-29 14:19:18	StageB update 21 group=21 lr=9.24096e-05 kl=0.00251198373734951 early=False val_gain=
2026-06-29 14:19:43	StageB update 22 group=22 lr=9.20482e-05 kl=0.002254864200949669 early=False val_gain=
2026-06-29 14:20:06	StageB update 23 group=23 lr=9.16867e-05 kl=0.0021011456847190857 early=False val_gain=
2026-06-29 14:20:33	StageB update 24 group=24 lr=9.13253e-05 kl=0.0016492381691932678 early=False val_gain=
2026-06-29 14:20:57	StageB update 25 group=25 lr=9.09639e-05 kl=0.0013889390975236893 early=False val_gain=
2026-06-29 14:21:25	StageB update 26 group=26 lr=9.06024e-05 kl=0.00177810899913311 early=False val_gain=
2026-06-29 14:21:53	StageB update 27 group=27 lr=9.0241e-05 kl=0.0020031798630952835 early=False val_gain=
2026-06-29 14:22:21	StageB update 28 group=28 lr=8.98795e-05 kl=0.0009870566427707672 early=False val_gain=
2026-06-29 14:22:46	StageB validation update_0030 bundle=models/data_bundle/generated_instances/E-UK25_08__curric_d2_s3_seed8_24h seed=301
2026-06-29 14:22:55	StageB validation update_0030 bundle=models/data_bundle/generated_instances/E-UK25_09__curric_d2_s3_seed9_24h seed=301
2026-06-29 14:23:03	StageB validation update_0030 bundle=models/data_bundle/generated_instances/E-UK50_04__curric_d2_s3_seed4_24h seed=301
2026-06-29 14:23:37	StageB update 29 group=29 lr=8.95181e-05 kl=0.0005868338048458099 early=False val_gain=6.456707361741653
2026-06-29 14:23:37	StageB checkpoint solver\reports\dr_alns_ppo_v3_block_dr_alns\async_pilot\pilot23_stabilize\checkpoints\pilot23_learned_destroy_update_0030.pt
2026-06-29 14:24:07	StageB update 30 group=30 lr=8.91566e-05 kl=0.0015049874782562256 early=False val_gain=
2026-06-29 14:24:31	StageB update 31 group=31 lr=8.87952e-05 kl=0.0009830910712480545 early=False val_gain=
2026-06-29 14:24:59	StageB update 32 group=32 lr=8.84337e-05 kl=0.003448106348514557 early=False val_gain=
2026-06-29 14:25:29	StageB update 33 group=33 lr=8.80723e-05 kl=0.002335231751203537 early=False val_gain=
2026-06-29 14:25:58	StageB update 34 group=34 lr=8.77108e-05 kl=0.0010931957513093948 early=False val_gain=
2026-06-29 14:26:23	StageB update 35 group=35 lr=8.73494e-05 kl=0.0018822494894266129 early=False val_gain=
2026-06-29 14:26:49	StageB update 36 group=36 lr=8.6988e-05 kl=0.0017459448426961899 early=False val_gain=
2026-06-29 14:27:14	StageB update 37 group=37 lr=8.66265e-05 kl=0.0020720288157463074 early=False val_gain=
2026-06-29 14:27:44	StageB update 38 group=38 lr=8.62651e-05 kl=0.003604646772146225 early=False val_gain=
2026-06-29 14:28:14	StageB validation update_0040 bundle=models/data_bundle/generated_instances/E-UK25_08__curric_d2_s3_seed8_24h seed=301
2026-06-29 14:28:23	StageB validation update_0040 bundle=models/data_bundle/generated_instances/E-UK25_09__curric_d2_s3_seed9_24h seed=301
2026-06-29 14:28:34	StageB validation update_0040 bundle=models/data_bundle/generated_instances/E-UK50_04__curric_d2_s3_seed4_24h seed=301
2026-06-29 14:29:07	StageB update 39 group=39 lr=8.59036e-05 kl=0.004470672458410263 early=False val_gain=12.071601780805983
2026-06-29 14:29:07	StageB checkpoint solver\reports\dr_alns_ppo_v3_block_dr_alns\async_pilot\pilot23_stabilize\checkpoints\pilot23_learned_destroy_update_0040.pt
2026-06-29 14:29:35	StageB update 40 group=40 lr=8.55422e-05 kl=0.0019500795751810074 early=False val_gain=
2026-06-29 14:29:57	StageB update 41 group=41 lr=8.51807e-05 kl=0.0015803519636392593 early=False val_gain=
2026-06-29 14:30:23	StageB update 42 group=42 lr=8.48193e-05 kl=0.002453939989209175 early=False val_gain=
2026-06-29 14:30:47	StageB update 43 group=43 lr=8.44578e-05 kl=0.0020599830895662308 early=False val_gain=
2026-06-29 14:31:14	StageB update 44 group=44 lr=8.40964e-05 kl=0.0015509463846683502 early=False val_gain=
2026-06-29 14:31:42	StageB update 45 group=45 lr=8.37349e-05 kl=0.002684926614165306 early=False val_gain=
2026-06-29 14:32:06	StageB update 46 group=46 lr=8.33735e-05 kl=0.0018530189990997314 early=False val_gain=
2026-06-29 14:32:30	StageB update 47 group=47 lr=8.3012e-05 kl=0.0015126671642065048 early=False val_gain=
2026-06-29 14:32:57	StageB update 48 group=48 lr=8.26506e-05 kl=0.0017830561846494675 early=False val_gain=
2026-06-29 14:33:21	StageB validation update_0050 bundle=models/data_bundle/generated_instances/E-UK25_08__curric_d2_s3_seed8_24h seed=301
2026-06-29 14:33:28	StageB validation update_0050 bundle=models/data_bundle/generated_instances/E-UK25_09__curric_d2_s3_seed9_24h seed=301
2026-06-29 14:33:39	StageB validation update_0050 bundle=models/data_bundle/generated_instances/E-UK50_04__curric_d2_s3_seed4_24h seed=301
2026-06-29 14:34:16	StageB update 49 group=49 lr=8.22892e-05 kl=0.000570809468626976 early=False val_gain=10.055035307398633
2026-06-29 14:34:16	StageB checkpoint solver\reports\dr_alns_ppo_v3_block_dr_alns\async_pilot\pilot23_stabilize\checkpoints\pilot23_learned_destroy_update_0050.pt
2026-06-29 14:34:40	StageB update 50 group=50 lr=8.19277e-05 kl=0.0024426113814115524 early=False val_gain=
2026-06-29 14:35:08	StageB update 51 group=51 lr=8.15663e-05 kl=0.0010973010212182999 early=False val_gain=
2026-06-29 14:35:37	StageB update 52 group=52 lr=8.12048e-05 kl=0.0023405328392982483 early=False val_gain=
2026-06-29 14:36:00	StageB update 53 group=53 lr=8.08434e-05 kl=0.0013005752116441727 early=False val_gain=
2026-06-29 14:36:30	StageB update 54 group=54 lr=8.04819e-05 kl=0.0013775452971458435 early=False val_gain=
2026-06-29 14:36:54	StageB update 55 group=55 lr=8.01205e-05 kl=0.00030047446489334106 early=False val_gain=
2026-06-29 14:37:18	StageB update 56 group=56 lr=7.9759e-05 kl=0.0014502406120300293 early=False val_gain=
2026-06-29 14:37:45	StageB update 57 group=57 lr=7.93976e-05 kl=0.0022055283188819885 early=False val_gain=
2026-06-29 14:38:15	StageB update 58 group=58 lr=7.90361e-05 kl=0.001960013061761856 early=False val_gain=
2026-06-29 14:38:39	StageB validation update_0060 bundle=models/data_bundle/generated_instances/E-UK25_08__curric_d2_s3_seed8_24h seed=301
2026-06-29 14:38:46	StageB validation update_0060 bundle=models/data_bundle/generated_instances/E-UK25_09__curric_d2_s3_seed9_24h seed=301
2026-06-29 14:39:04	StageB validation update_0060 bundle=models/data_bundle/generated_instances/E-UK50_04__curric_d2_s3_seed4_24h seed=301
2026-06-29 14:39:39	StageB update 59 group=59 lr=7.86747e-05 kl=0.0026802700012922287 early=False val_gain=10.352974012996068
2026-06-29 14:39:39	StageB checkpoint solver\reports\dr_alns_ppo_v3_block_dr_alns\async_pilot\pilot23_stabilize\checkpoints\pilot23_learned_destroy_update_0060.pt
2026-06-29 14:40:08	StageB update 60 group=60 lr=7.83133e-05 kl=0.0008523166179656982 early=False val_gain=
2026-06-29 14:40:34	StageB update 61 group=61 lr=7.79518e-05 kl=0.0019398797303438187 early=False val_gain=
2026-06-29 14:41:01	StageB update 62 group=62 lr=7.75904e-05 kl=0.002104915678501129 early=False val_gain=
2026-06-29 14:41:31	StageB update 63 group=63 lr=7.72289e-05 kl=0.0011067930608987808 early=False val_gain=
2026-06-29 14:41:56	StageB update 64 group=64 lr=7.68675e-05 kl=0.002239782363176346 early=False val_gain=
2026-06-29 14:42:21	StageB update 65 group=65 lr=7.6506e-05 kl=0.0014693010598421097 early=False val_gain=
2026-06-29 14:42:51	StageB update 66 group=66 lr=7.61446e-05 kl=0.0011826157569885254 early=False val_gain=
2026-06-29 14:43:14	StageB update 67 group=67 lr=7.57831e-05 kl=0.0015026647597551346 early=False val_gain=
2026-06-29 14:43:37	StageB update 68 group=68 lr=7.54217e-05 kl=0.00173158198595047 early=False val_gain=
2026-06-29 14:44:04	StageB validation update_0070 bundle=models/data_bundle/generated_instances/E-UK25_08__curric_d2_s3_seed8_24h seed=301
2026-06-29 14:44:13	StageB validation update_0070 bundle=models/data_bundle/generated_instances/E-UK25_09__curric_d2_s3_seed9_24h seed=301
2026-06-29 14:44:17	StageB validation update_0070 bundle=models/data_bundle/generated_instances/E-UK50_04__curric_d2_s3_seed4_24h seed=301
2026-06-29 14:44:52	StageB update 69 group=69 lr=7.50602e-05 kl=0.0030550993978977203 early=False val_gain=8.325783984103586
2026-06-29 14:44:52	StageB checkpoint solver\reports\dr_alns_ppo_v3_block_dr_alns\async_pilot\pilot23_stabilize\checkpoints\pilot23_learned_destroy_update_0070.pt
2026-06-29 14:45:20	StageB update 70 group=70 lr=7.46988e-05 kl=0.0018210671842098236 early=False val_gain=
2026-06-29 14:45:43	StageB update 71 group=71 lr=7.43373e-05 kl=0.0027233976870775223 early=False val_gain=
2026-06-29 14:46:08	StageB update 72 group=72 lr=7.39759e-05 kl=0.0008653588593006134 early=False val_gain=
2026-06-29 14:46:32	StageB update 73 group=73 lr=7.36145e-05 kl=0.0033891964703798294 early=False val_gain=
2026-06-29 14:46:56	StageB update 74 group=74 lr=7.3253e-05 kl=0.0013228412717580795 early=False val_gain=
2026-06-29 14:47:24	StageB update 75 group=75 lr=7.28916e-05 kl=0.0025163795799016953 early=False val_gain=
2026-06-29 14:47:51	StageB update 76 group=76 lr=7.25301e-05 kl=0.0017557274550199509 early=False val_gain=
2026-06-29 14:48:15	StageB update 77 group=77 lr=7.21687e-05 kl=0.0015760976821184158 early=False val_gain=
2026-06-29 14:48:41	StageB update 78 group=78 lr=7.18072e-05 kl=0.0011584833264350891 early=False val_gain=
2026-06-29 14:49:03	StageB validation update_0080 bundle=models/data_bundle/generated_instances/E-UK25_08__curric_d2_s3_seed8_24h seed=301
2026-06-29 14:49:06	StageB validation update_0080 bundle=models/data_bundle/generated_instances/E-UK25_09__curric_d2_s3_seed9_24h seed=301
2026-06-29 14:49:08	StageB validation update_0080 bundle=models/data_bundle/generated_instances/E-UK50_04__curric_d2_s3_seed4_24h seed=301
2026-06-29 14:49:13	StageB update 79 group=79 lr=7.14458e-05 kl=0.0010973066091537476 early=False val_gain=6.536150250571046
2026-06-29 14:49:13	StageB checkpoint solver\reports\dr_alns_ppo_v3_block_dr_alns\async_pilot\pilot23_stabilize\checkpoints\pilot23_learned_destroy_update_0080.pt
2026-06-29 14:49:40	StageB update 80 group=80 lr=7.10843e-05 kl=0.0016744434833526611 early=False val_gain=
2026-06-29 14:50:06	StageB update 81 group=81 lr=7.07229e-05 kl=0.002833506092429161 early=False val_gain=
2026-06-29 14:50:34	StageB update 82 group=82 lr=7.03614e-05 kl=0.0008587054908275604 early=False val_gain=
2026-06-29 14:50:58	StageB update 83 group=83 lr=7e-05 kl=0.000634877011179924 early=False val_gain=
2026-06-29 14:51:24	StageB update 84 group=84 lr=6.96386e-05 kl=0.0004485342651605606 early=False val_gain=
2026-06-29 14:51:48	StageB update 85 group=85 lr=6.92771e-05 kl=0.0008966568857431412 early=False val_gain=
2026-06-29 14:52:11	StageB update 86 group=86 lr=6.89157e-05 kl=0.001844562590122223 early=False val_gain=
2026-06-29 14:52:36	StageB update 87 group=87 lr=6.85542e-05 kl=0.0014500711113214493 early=False val_gain=
2026-06-29 14:53:00	StageB update 88 group=88 lr=6.81928e-05 kl=0.0028053224086761475 early=False val_gain=
2026-06-29 14:53:22	StageB validation update_0090 bundle=models/data_bundle/generated_instances/E-UK25_08__curric_d2_s3_seed8_24h seed=301
2026-06-29 14:53:24	StageB validation update_0090 bundle=models/data_bundle/generated_instances/E-UK25_09__curric_d2_s3_seed9_24h seed=301
2026-06-29 14:53:27	StageB validation update_0090 bundle=models/data_bundle/generated_instances/E-UK50_04__curric_d2_s3_seed4_24h seed=301
2026-06-29 14:53:31	StageB update 89 group=89 lr=6.78313e-05 kl=0.002372758463025093 early=False val_gain=0.8531692618584542
2026-06-29 14:53:31	StageB checkpoint solver\reports\dr_alns_ppo_v3_block_dr_alns\async_pilot\pilot23_stabilize\checkpoints\pilot23_learned_destroy_update_0090.pt
2026-06-29 14:53:56	StageB update 90 group=90 lr=6.74699e-05 kl=0.001898316666483879 early=False val_gain=
2026-06-29 14:54:16	StageB update 91 group=91 lr=6.71084e-05 kl=0.0029880795627832413 early=False val_gain=
2026-06-29 14:54:41	StageB update 92 group=92 lr=6.6747e-05 kl=0.003022732213139534 early=False val_gain=
2026-06-29 14:55:07	StageB update 93 group=93 lr=6.63855e-05 kl=0.001783762127161026 early=False val_gain=
2026-06-29 14:55:31	StageB update 94 group=94 lr=6.60241e-05 kl=0.0006337910890579224 early=False val_gain=
2026-06-29 14:55:52	StageB update 95 group=95 lr=6.56627e-05 kl=0.00103805772960186 early=False val_gain=
2026-06-29 14:56:16	StageB update 96 group=96 lr=6.53012e-05 kl=0.002696586772799492 early=False val_gain=
2026-06-29 14:56:37	StageB update 97 group=97 lr=6.49398e-05 kl=0.002948584035038948 early=False val_gain=
2026-06-29 14:57:00	StageB update 98 group=98 lr=6.45783e-05 kl=0.0024060308933258057 early=False val_gain=
2026-06-29 14:57:24	StageB validation update_0100 bundle=models/data_bundle/generated_instances/E-UK25_08__curric_d2_s3_seed8_24h seed=301
2026-06-29 14:57:26	StageB validation update_0100 bundle=models/data_bundle/generated_instances/E-UK25_09__curric_d2_s3_seed9_24h seed=301
2026-06-29 14:57:28	StageB validation update_0100 bundle=models/data_bundle/generated_instances/E-UK50_04__curric_d2_s3_seed4_24h seed=301
2026-06-29 14:57:32	StageB update 99 group=99 lr=6.42169e-05 kl=0.0020249206572771072 early=False val_gain=0.5997714560002222
2026-06-29 14:57:32	StageB checkpoint solver\reports\dr_alns_ppo_v3_block_dr_alns\async_pilot\pilot23_stabilize\checkpoints\pilot23_learned_destroy_update_0100.pt
2026-06-29 14:57:57	StageB update 100 group=100 lr=6.38554e-05 kl=0.0013233963400125504 early=False val_gain=
2026-06-29 14:58:18	StageB update 101 group=101 lr=6.3494e-05 kl=0.0015185289084911346 early=False val_gain=
2026-06-29 14:58:44	StageB update 102 group=102 lr=6.31325e-05 kl=0.0017618387937545776 early=False val_gain=
2026-06-29 14:59:07	StageB update 103 group=103 lr=6.27711e-05 kl=0.0016593877226114273 early=False val_gain=
2026-06-29 14:59:29	StageB update 104 group=104 lr=6.24096e-05 kl=0.0012059230357408524 early=False val_gain=
2026-06-29 14:59:54	StageB update 105 group=105 lr=6.20482e-05 kl=0.0007704850286245346 early=False val_gain=
2026-06-29 15:00:18	StageB update 106 group=106 lr=6.16867e-05 kl=0.0009717512875795364 early=False val_gain=
2026-06-29 15:00:39	StageB update 107 group=107 lr=6.13253e-05 kl=0.0008211508393287659 early=False val_gain=
2026-06-29 15:01:03	StageB update 108 group=108 lr=6.09639e-05 kl=0.0013931673020124435 early=False val_gain=
2026-06-29 15:01:25	StageB validation update_0110 bundle=models/data_bundle/generated_instances/E-UK25_08__curric_d2_s3_seed8_24h seed=301
2026-06-29 15:01:27	StageB validation update_0110 bundle=models/data_bundle/generated_instances/E-UK25_09__curric_d2_s3_seed9_24h seed=301
2026-06-29 15:01:29	StageB validation update_0110 bundle=models/data_bundle/generated_instances/E-UK50_04__curric_d2_s3_seed4_24h seed=301
2026-06-29 15:01:33	StageB update 109 group=109 lr=6.06024e-05 kl=0.000508652999997139 early=False val_gain=0.5997714560002222
2026-06-29 15:01:33	StageB checkpoint solver\reports\dr_alns_ppo_v3_block_dr_alns\async_pilot\pilot23_stabilize\checkpoints\pilot23_learned_destroy_update_0110.pt
2026-06-29 15:01:57	StageB update 110 group=110 lr=6.0241e-05 kl=0.0016058199107646942 early=False val_gain=
2026-06-29 15:02:26	StageB update 111 group=111 lr=5.98795e-05 kl=0.0027298927307128906 early=False val_gain=
2026-06-29 15:02:50	StageB update 112 group=112 lr=5.95181e-05 kl=0.0014834366738796234 early=False val_gain=
2026-06-29 15:03:12	StageB update 113 group=113 lr=5.91566e-05 kl=0.001527290791273117 early=False val_gain=
2026-06-29 15:03:36	StageB update 114 group=114 lr=5.87952e-05 kl=0.002385444939136505 early=False val_gain=
2026-06-29 15:03:59	StageB update 115 group=115 lr=5.84337e-05 kl=0.0011346656829118729 early=False val_gain=
2026-06-29 15:04:22	StageB update 116 group=116 lr=5.80723e-05 kl=0.0015108250081539154 early=False val_gain=
2026-06-29 15:04:46	StageB update 117 group=117 lr=5.77108e-05 kl=0.0023871492594480515 early=False val_gain=
2026-06-29 15:05:11	StageB update 118 group=118 lr=5.73494e-05 kl=0.00074772909283638 early=False val_gain=
2026-06-29 15:05:32	StageB validation update_0120 bundle=models/data_bundle/generated_instances/E-UK25_08__curric_d2_s3_seed8_24h seed=301
2026-06-29 15:05:34	StageB validation update_0120 bundle=models/data_bundle/generated_instances/E-UK25_09__curric_d2_s3_seed9_24h seed=301
2026-06-29 15:05:37	StageB validation update_0120 bundle=models/data_bundle/generated_instances/E-UK50_04__curric_d2_s3_seed4_24h seed=301
2026-06-29 15:05:40	StageB update 119 group=119 lr=5.6988e-05 kl=0.0012659355998039246 early=False val_gain=0.8531692618584542
2026-06-29 15:05:40	StageB checkpoint solver\reports\dr_alns_ppo_v3_block_dr_alns\async_pilot\pilot23_stabilize\checkpoints\pilot23_learned_destroy_update_0120.pt
2026-06-29 15:06:05	StageB update 120 group=120 lr=5.66265e-05 kl=0.00131324864923954 early=False val_gain=
2026-06-29 15:06:27	StageB update 121 group=121 lr=5.62651e-05 kl=0.0012311525642871857 early=False val_gain=
2026-06-29 15:06:51	StageB update 122 group=122 lr=5.59036e-05 kl=0.0016239378601312637 early=False val_gain=
2026-06-29 15:07:20	StageB update 123 group=123 lr=5.55422e-05 kl=0.0009222310036420822 early=False val_gain=
2026-06-29 15:07:46	StageB update 124 group=124 lr=5.51807e-05 kl=0.0011319052428007126 early=False val_gain=
2026-06-29 15:08:08	StageB update 125 group=125 lr=5.48193e-05 kl=0.0012625828385353088 early=False val_gain=
2026-06-29 15:08:39	StageB update 126 group=126 lr=5.44578e-05 kl=0.0009239017963409424 early=False val_gain=
2026-06-29 15:09:03	StageB update 127 group=127 lr=5.40964e-05 kl=0.0009949877858161926 early=False val_gain=
2026-06-29 15:09:26	StageB update 128 group=128 lr=5.37349e-05 kl=0.0008542332798242569 early=False val_gain=
2026-06-29 15:09:52	StageB validation update_0130 bundle=models/data_bundle/generated_instances/E-UK25_08__curric_d2_s3_seed8_24h seed=301
2026-06-29 15:09:54	StageB validation update_0130 bundle=models/data_bundle/generated_instances/E-UK25_09__curric_d2_s3_seed9_24h seed=301
2026-06-29 15:09:57	StageB validation update_0130 bundle=models/data_bundle/generated_instances/E-UK50_04__curric_d2_s3_seed4_24h seed=301
2026-06-29 15:10:01	StageB update 129 group=129 lr=5.33735e-05 kl=0.002589963376522064 early=False val_gain=7.038545898002793
2026-06-29 15:10:01	StageB checkpoint solver\reports\dr_alns_ppo_v3_block_dr_alns\async_pilot\pilot23_stabilize\checkpoints\pilot23_learned_destroy_update_0130.pt
2026-06-29 15:10:28	StageB update 130 group=130 lr=5.3012e-05 kl=0.0009030085057020187 early=False val_gain=
2026-06-29 15:10:50	StageB update 131 group=131 lr=5.26506e-05 kl=0.001055993139743805 early=False val_gain=
2026-06-29 15:11:17	StageB update 132 group=132 lr=5.22892e-05 kl=0.0003777947276830673 early=False val_gain=
2026-06-29 15:11:42	StageB update 133 group=133 lr=5.19277e-05 kl=0.001987192779779434 early=False val_gain=
2026-06-29 15:12:10	StageB update 134 group=134 lr=5.15663e-05 kl=0.0016011931002140045 early=False val_gain=
2026-06-29 15:12:37	StageB update 135 group=135 lr=5.12048e-05 kl=0.0011255443096160889 early=False val_gain=
2026-06-29 15:13:04	StageB update 136 group=136 lr=5.08434e-05 kl=0.0010985266417264938 early=False val_gain=
2026-06-29 15:13:28	StageB update 137 group=137 lr=5.04819e-05 kl=0.0015688855201005936 early=False val_gain=
2026-06-29 15:13:55	StageB update 138 group=138 lr=5.01205e-05 kl=0.0005906540900468826 early=False val_gain=
2026-06-29 15:14:20	StageB validation update_0140 bundle=models/data_bundle/generated_instances/E-UK25_08__curric_d2_s3_seed8_24h seed=301
2026-06-29 15:14:27	StageB validation update_0140 bundle=models/data_bundle/generated_instances/E-UK25_09__curric_d2_s3_seed9_24h seed=301
2026-06-29 15:14:34	StageB validation update_0140 bundle=models/data_bundle/generated_instances/E-UK50_04__curric_d2_s3_seed4_24h seed=301
2026-06-29 15:14:55	StageB update 139 group=139 lr=4.9759e-05 kl=0.0023335441946983337 early=False val_gain=3.8175766305335515
2026-06-29 15:14:55	StageB checkpoint solver\reports\dr_alns_ppo_v3_block_dr_alns\async_pilot\pilot23_stabilize\checkpoints\pilot23_learned_destroy_update_0140.pt
2026-06-29 15:15:18	StageB update 140 group=140 lr=4.93976e-05 kl=0.0009393393993377686 early=False val_gain=
2026-06-29 15:15:44	StageB update 141 group=141 lr=4.90361e-05 kl=0.0005642026662826538 early=False val_gain=
2026-06-29 15:16:15	StageB update 142 group=142 lr=4.86747e-05 kl=0.0006068293005228043 early=False val_gain=
2026-06-29 15:16:38	StageB update 143 group=143 lr=4.83133e-05 kl=0.0012922156602144241 early=False val_gain=
2026-06-29 15:17:04	StageB update 144 group=144 lr=4.79518e-05 kl=0.0026140473783016205 early=False val_gain=
2026-06-29 15:17:27	StageB update 145 group=145 lr=4.75904e-05 kl=0.0015392675995826721 early=False val_gain=
2026-06-29 15:17:52	StageB update 146 group=146 lr=4.72289e-05 kl=0.0030708052217960358 early=False val_gain=
2026-06-29 15:18:22	StageB update 147 group=147 lr=4.68675e-05 kl=0.000812014564871788 early=False val_gain=
2026-06-29 15:18:49	StageB update 148 group=148 lr=4.6506e-05 kl=0.0018621720373630524 early=False val_gain=
2026-06-29 15:19:12	StageB validation update_0150 bundle=models/data_bundle/generated_instances/E-UK25_08__curric_d2_s3_seed8_24h seed=301
2026-06-29 15:19:18	StageB validation update_0150 bundle=models/data_bundle/generated_instances/E-UK25_09__curric_d2_s3_seed9_24h seed=301
2026-06-29 15:19:24	StageB validation update_0150 bundle=models/data_bundle/generated_instances/E-UK50_04__curric_d2_s3_seed4_24h seed=301
2026-06-29 15:19:47	StageB update 149 group=149 lr=4.61446e-05 kl=0.0006714742630720139 early=False val_gain=4.3618849208092465
2026-06-29 15:19:47	StageB checkpoint solver\reports\dr_alns_ppo_v3_block_dr_alns\async_pilot\pilot23_stabilize\checkpoints\pilot23_learned_destroy_update_0150.pt
2026-06-29 15:20:12	StageB update 150 group=150 lr=4.57831e-05 kl=0.0018974673002958298 early=False val_gain=
2026-06-29 15:20:35	StageB update 151 group=151 lr=4.54217e-05 kl=0.0020628049969673157 early=False val_gain=
2026-06-29 15:21:01	StageB update 152 group=152 lr=4.50602e-05 kl=0.0004245135933160782 early=False val_gain=
2026-06-29 15:21:30	StageB update 153 group=153 lr=4.46988e-05 kl=0.0017246920615434647 early=False val_gain=
2026-06-29 15:21:56	StageB update 154 group=154 lr=4.43373e-05 kl=0.0007616952061653137 early=False val_gain=
2026-06-29 15:22:18	StageB update 155 group=155 lr=4.39759e-05 kl=0.0005127023905515671 early=False val_gain=
2026-06-29 15:22:46	StageB update 156 group=156 lr=4.36145e-05 kl=0.0004970114678144455 early=False val_gain=
2026-06-29 15:23:08	StageB update 157 group=157 lr=4.3253e-05 kl=0.0009628478437662125 early=False val_gain=
2026-06-29 15:23:30	StageB update 158 group=158 lr=4.28916e-05 kl=0.0012997202575206757 early=False val_gain=
2026-06-29 15:23:59	StageB validation update_0160 bundle=models/data_bundle/generated_instances/E-UK25_08__curric_d2_s3_seed8_24h seed=301
2026-06-29 15:24:05	StageB validation update_0160 bundle=models/data_bundle/generated_instances/E-UK25_09__curric_d2_s3_seed9_24h seed=301
2026-06-29 15:24:08	StageB validation update_0160 bundle=models/data_bundle/generated_instances/E-UK50_04__curric_d2_s3_seed4_24h seed=301
2026-06-29 15:24:28	StageB update 159 group=159 lr=4.25301e-05 kl=0.0008436702191829681 early=False val_gain=5.6455229637633035
2026-06-29 15:24:28	StageB checkpoint solver\reports\dr_alns_ppo_v3_block_dr_alns\async_pilot\pilot23_stabilize\checkpoints\pilot23_learned_destroy_update_0160.pt
2026-06-29 15:24:54	StageB update 160 group=160 lr=4.21687e-05 kl=0.0015842672437429428 early=False val_gain=
2026-06-29 15:25:18	StageB update 161 group=161 lr=4.18072e-05 kl=0.0007306914776563644 early=False val_gain=
2026-06-29 15:25:45	StageB update 162 group=162 lr=4.14458e-05 kl=0.0015154872089624405 early=False val_gain=
2026-06-29 15:26:09	StageB update 163 group=163 lr=4.10843e-05 kl=0.0008891765028238297 early=False val_gain=
2026-06-29 15:26:33	StageB update 164 group=164 lr=4.07229e-05 kl=0.00025934353470802307 early=False val_gain=
2026-06-29 15:26:58	StageB update 165 group=165 lr=4.03614e-05 kl=0.0007762275636196136 early=False val_gain=
2026-06-29 15:27:23	StageB update 166 group=166 lr=4e-05 kl=0.0006198771297931671 early=False val_gain=
2026-06-29 15:27:46	StageB update 167 group=167 lr=3.96386e-05 kl=0.0007453523576259613 early=False val_gain=
2026-06-29 15:28:11	StageB update 168 group=168 lr=3.92771e-05 kl=0.0007869787514209747 early=False val_gain=
2026-06-29 15:28:34	StageB validation update_0170 bundle=models/data_bundle/generated_instances/E-UK25_08__curric_d2_s3_seed8_24h seed=301
2026-06-29 15:28:43	StageB validation update_0170 bundle=models/data_bundle/generated_instances/E-UK25_09__curric_d2_s3_seed9_24h seed=301
2026-06-29 15:28:57	StageB validation update_0170 bundle=models/data_bundle/generated_instances/E-UK50_04__curric_d2_s3_seed4_24h seed=301
2026-06-29 15:29:33	StageB update 169 group=169 lr=3.89157e-05 kl=0.0005472637712955475 early=False val_gain=7.788005464506566
2026-06-29 15:29:33	StageB checkpoint solver\reports\dr_alns_ppo_v3_block_dr_alns\async_pilot\pilot23_stabilize\checkpoints\pilot23_learned_destroy_update_0170.pt
2026-06-29 15:29:57	StageB update 170 group=170 lr=3.85542e-05 kl=0.0011817477643489838 early=False val_gain=
2026-06-29 15:30:25	StageB update 171 group=171 lr=3.81928e-05 kl=0.0025079697370529175 early=False val_gain=
2026-06-29 15:30:53	StageB update 172 group=172 lr=3.78313e-05 kl=0.0007033552974462509 early=False val_gain=
2026-06-29 15:31:16	StageB update 173 group=173 lr=3.74699e-05 kl=0.0011700727045536041 early=False val_gain=
2026-06-29 15:31:44	StageB update 174 group=174 lr=3.71084e-05 kl=0.0005649793893098831 early=False val_gain=
2026-06-29 15:32:08	StageB update 175 group=175 lr=3.6747e-05 kl=0.0007913969457149506 early=False val_gain=
2026-06-29 15:32:33	StageB update 176 group=176 lr=3.63855e-05 kl=0.000735623762011528 early=False val_gain=
2026-06-29 15:33:05	StageB update 177 group=177 lr=3.60241e-05 kl=0.0012887734919786453 early=False val_gain=
2026-06-29 15:33:30	StageB update 178 group=178 lr=3.56627e-05 kl=0.0008353795856237411 early=False val_gain=
2026-06-29 15:33:54	StageB validation update_0180 bundle=models/data_bundle/generated_instances/E-UK25_08__curric_d2_s3_seed8_24h seed=301
2026-06-29 15:34:03	StageB validation update_0180 bundle=models/data_bundle/generated_instances/E-UK25_09__curric_d2_s3_seed9_24h seed=301
2026-06-29 15:34:17	StageB validation update_0180 bundle=models/data_bundle/generated_instances/E-UK50_04__curric_d2_s3_seed4_24h seed=301
2026-06-29 15:34:47	StageB update 179 group=179 lr=3.53012e-05 kl=0.0008407123386859894 early=False val_gain=7.789849341216323
2026-06-29 15:34:47	StageB checkpoint solver\reports\dr_alns_ppo_v3_block_dr_alns\async_pilot\pilot23_stabilize\checkpoints\pilot23_learned_destroy_update_0180.pt
2026-06-29 15:35:14	StageB update 180 group=180 lr=3.49398e-05 kl=0.0008924230933189392 early=False val_gain=
2026-06-29 15:35:37	StageB update 181 group=181 lr=3.45783e-05 kl=0.00101395882666111 early=False val_gain=
2026-06-29 15:36:02	StageB update 182 group=182 lr=3.42169e-05 kl=0.0004291106015443802 early=False val_gain=
2026-06-29 15:36:33	StageB update 183 group=183 lr=3.38554e-05 kl=0.00036925822496414185 early=False val_gain=
2026-06-29 15:37:02	StageB update 184 group=184 lr=3.3494e-05 kl=0.00040197186172008514 early=False val_gain=
2026-06-29 15:37:25	StageB update 185 group=185 lr=3.31325e-05 kl=0.0007061250507831573 early=False val_gain=
2026-06-29 15:37:53	StageB update 186 group=186 lr=3.27711e-05 kl=0.0013034194707870483 early=False val_gain=
2026-06-29 15:38:16	StageB update 187 group=187 lr=3.24096e-05 kl=0.0006667114794254303 early=False val_gain=
2026-06-29 15:38:41	StageB update 188 group=188 lr=3.20482e-05 kl=0.0010851435363292694 early=False val_gain=
2026-06-29 15:39:11	StageB validation update_0190 bundle=models/data_bundle/generated_instances/E-UK25_08__curric_d2_s3_seed8_24h seed=301
2026-06-29 15:39:20	StageB validation update_0190 bundle=models/data_bundle/generated_instances/E-UK25_09__curric_d2_s3_seed9_24h seed=301
2026-06-29 15:39:33	StageB validation update_0190 bundle=models/data_bundle/generated_instances/E-UK50_04__curric_d2_s3_seed4_24h seed=301
2026-06-29 15:40:03	StageB update 189 group=189 lr=3.16867e-05 kl=0.0006103739142417908 early=False val_gain=7.789849341216323
2026-06-29 15:40:03	StageB checkpoint solver\reports\dr_alns_ppo_v3_block_dr_alns\async_pilot\pilot23_stabilize\checkpoints\pilot23_learned_destroy_update_0190.pt
2026-06-29 15:40:28	StageB update 190 group=190 lr=3.13253e-05 kl=0.0006883330643177032 early=False val_gain=
2026-06-29 15:40:52	StageB update 191 group=191 lr=3.09639e-05 kl=0.00046132132411003113 early=False val_gain=
2026-06-29 15:41:21	StageB update 192 group=192 lr=3.06024e-05 kl=0.0005366411060094833 early=False val_gain=
2026-06-29 15:41:46	StageB update 193 group=193 lr=3.0241e-05 kl=0.0009916815906763077 early=False val_gain=
2026-06-29 15:42:12	StageB update 194 group=194 lr=2.98795e-05 kl=0.0005310866981744766 early=False val_gain=
2026-06-29 15:42:42	StageB update 195 group=195 lr=2.95181e-05 kl=0.0015579722821712494 early=False val_gain=
2026-06-29 15:43:07	StageB update 196 group=196 lr=2.91566e-05 kl=0.0006148256361484528 early=False val_gain=
2026-06-29 15:43:30	StageB update 197 group=197 lr=2.87952e-05 kl=0.0005582571029663086 early=False val_gain=
2026-06-29 15:43:58	StageB update 198 group=198 lr=2.84337e-05 kl=0.0006478428840637207 early=False val_gain=
2026-06-29 15:44:22	StageB validation update_0200 bundle=models/data_bundle/generated_instances/E-UK25_08__curric_d2_s3_seed8_24h seed=301
2026-06-29 15:44:30	StageB validation update_0200 bundle=models/data_bundle/generated_instances/E-UK25_09__curric_d2_s3_seed9_24h seed=301
2026-06-29 15:44:44	StageB validation update_0200 bundle=models/data_bundle/generated_instances/E-UK50_04__curric_d2_s3_seed4_24h seed=301
2026-06-29 15:45:13	StageB update 199 group=199 lr=2.80723e-05 kl=0.0003918558359146118 early=False val_gain=7.789849341216323
2026-06-29 15:45:13	StageB checkpoint solver\reports\dr_alns_ppo_v3_block_dr_alns\async_pilot\pilot23_stabilize\checkpoints\pilot23_learned_destroy_update_0200.pt
2026-06-29 15:45:40	StageB update 200 group=200 lr=2.77108e-05 kl=0.0005204658955335617 early=False val_gain=
2026-06-29 15:46:05	StageB update 201 group=201 lr=2.73494e-05 kl=0.0006863679736852646 early=False val_gain=
2026-06-29 15:46:32	StageB update 202 group=202 lr=2.6988e-05 kl=0.0008031465113162994 early=False val_gain=
2026-06-29 15:46:58	StageB update 203 group=203 lr=2.66265e-05 kl=0.0007563717663288116 early=False val_gain=
2026-06-29 15:47:25	StageB update 204 group=204 lr=2.62651e-05 kl=0.00023689493536949158 early=False val_gain=
2026-06-29 15:47:49	StageB update 205 group=205 lr=2.59036e-05 kl=0.00031505338847637177 early=False val_gain=
2026-06-29 15:48:13	StageB update 206 group=206 lr=2.55422e-05 kl=0.00029676780104637146 early=False val_gain=
2026-06-29 15:48:42	StageB update 207 group=207 lr=2.51807e-05 kl=0.0008419286459684372 early=False val_gain=
2026-06-29 15:49:11	StageB update 208 group=208 lr=2.48193e-05 kl=0.0007238797843456268 early=False val_gain=
2026-06-29 15:49:36	StageB validation update_0210 bundle=models/data_bundle/generated_instances/E-UK25_08__curric_d2_s3_seed8_24h seed=301
2026-06-29 15:49:45	StageB validation update_0210 bundle=models/data_bundle/generated_instances/E-UK25_09__curric_d2_s3_seed9_24h seed=301
2026-06-29 15:49:59	StageB validation update_0210 bundle=models/data_bundle/generated_instances/E-UK50_04__curric_d2_s3_seed4_24h seed=301
2026-06-29 15:50:29	StageB update 209 group=209 lr=2.44578e-05 kl=0.0003030262887477875 early=False val_gain=7.789849341216323
2026-06-29 15:50:29	StageB checkpoint solver\reports\dr_alns_ppo_v3_block_dr_alns\async_pilot\pilot23_stabilize\checkpoints\pilot23_learned_destroy_update_0210.pt
2026-06-29 15:51:01	StageB update 210 group=210 lr=2.40964e-05 kl=0.0005479380488395691 early=False val_gain=
2026-06-29 15:51:26	StageB update 211 group=211 lr=2.37349e-05 kl=0.0007755551487207413 early=False val_gain=
2026-06-29 15:51:50	StageB update 212 group=212 lr=2.33735e-05 kl=0.0009643808007240295 early=False val_gain=
2026-06-29 15:52:17	StageB update 213 group=213 lr=2.3012e-05 kl=0.0006487779319286346 early=False val_gain=
2026-06-29 15:52:48	StageB update 214 group=214 lr=2.26506e-05 kl=0.0004634559154510498 early=False val_gain=
2026-06-29 15:53:13	StageB update 215 group=215 lr=2.22892e-05 kl=0.0007313229143619537 early=False val_gain=
2026-06-29 15:53:41	StageB update 216 group=216 lr=2.19277e-05 kl=0.00060218945145607 early=False val_gain=
2026-06-29 15:54:07	StageB update 217 group=217 lr=2.15663e-05 kl=0.0007505714893341064 early=False val_gain=
2026-06-29 15:54:39	StageB update 218 group=218 lr=2.12048e-05 kl=0.0009079184383153915 early=False val_gain=
2026-06-29 15:55:08	StageB validation update_0220 bundle=models/data_bundle/generated_instances/E-UK25_08__curric_d2_s3_seed8_24h seed=301
2026-06-29 15:55:18	StageB validation update_0220 bundle=models/data_bundle/generated_instances/E-UK25_09__curric_d2_s3_seed9_24h seed=301
2026-06-29 15:55:32	StageB validation update_0220 bundle=models/data_bundle/generated_instances/E-UK50_04__curric_d2_s3_seed4_24h seed=301
2026-06-29 15:56:03	StageB update 219 group=219 lr=2.08434e-05 kl=0.0003477092832326889 early=False val_gain=7.789849341216323
2026-06-29 15:56:03	StageB checkpoint solver\reports\dr_alns_ppo_v3_block_dr_alns\async_pilot\pilot23_stabilize\checkpoints\pilot23_learned_destroy_update_0220.pt
2026-06-29 15:56:34	StageB update 220 group=220 lr=2.04819e-05 kl=0.0004905574023723602 early=False val_gain=
2026-06-29 15:56:58	StageB update 221 group=221 lr=2.01205e-05 kl=0.0003725271672010422 early=False val_gain=
2026-06-29 15:57:30	StageB update 222 group=222 lr=1.9759e-05 kl=0.000638280063867569 early=False val_gain=
2026-06-29 15:57:54	StageB update 223 group=223 lr=1.93976e-05 kl=0.0007339920848608017 early=False val_gain=
2026-06-29 15:58:24	StageB update 224 group=224 lr=1.90361e-05 kl=0.0004329681396484375 early=False val_gain=
2026-06-29 15:58:54	StageB update 225 group=225 lr=1.86747e-05 kl=0.00032318755984306335 early=False val_gain=
2026-06-29 15:59:27	StageB update 226 group=226 lr=1.83133e-05 kl=0.0003218855708837509 early=False val_gain=
2026-06-29 15:59:53	StageB update 227 group=227 lr=1.79518e-05 kl=0.0005202013999223709 early=False val_gain=
2026-06-29 16:00:25	StageB update 228 group=228 lr=1.75904e-05 kl=0.00011842884123325348 early=False val_gain=
2026-06-29 16:00:53	StageB validation update_0230 bundle=models/data_bundle/generated_instances/E-UK25_08__curric_d2_s3_seed8_24h seed=301
2026-06-29 16:01:02	StageB validation update_0230 bundle=models/data_bundle/generated_instances/E-UK25_09__curric_d2_s3_seed9_24h seed=301
2026-06-29 16:01:17	StageB validation update_0230 bundle=models/data_bundle/generated_instances/E-UK50_04__curric_d2_s3_seed4_24h seed=301
2026-06-29 16:01:48	StageB update 229 group=229 lr=1.72289e-05 kl=0.0006925482302904129 early=False val_gain=7.789849341216323
2026-06-29 16:01:48	StageB checkpoint solver\reports\dr_alns_ppo_v3_block_dr_alns\async_pilot\pilot23_stabilize\checkpoints\pilot23_learned_destroy_update_0230.pt
2026-06-29 16:02:16	StageB update 230 group=230 lr=1.68675e-05 kl=0.0002698563039302826 early=False val_gain=
2026-06-29 16:02:50	StageB update 231 group=231 lr=1.6506e-05 kl=0.0002654474228620529 early=False val_gain=
2026-06-29 16:03:20	StageB update 232 group=232 lr=1.61446e-05 kl=0.00041964463889598846 early=False val_gain=
2026-06-29 16:03:46	StageB update 233 group=233 lr=1.57831e-05 kl=0.0003980454057455063 early=False val_gain=
2026-06-29 16:04:15	StageB update 234 group=234 lr=1.54217e-05 kl=0.0003332681953907013 early=False val_gain=
2026-06-29 16:04:43	StageB update 235 group=235 lr=1.50602e-05 kl=0.0001584421843290329 early=False val_gain=
2026-06-29 16:05:08	StageB update 236 group=236 lr=1.46988e-05 kl=0.00020136870443820953 early=False val_gain=
2026-06-29 16:05:40	StageB update 237 group=237 lr=1.43373e-05 kl=0.00032163411378860474 early=False val_gain=
2026-06-29 16:06:12	StageB update 238 group=238 lr=1.39759e-05 kl=0.000325547531247139 early=False val_gain=
2026-06-29 16:06:37	StageB validation update_0240 bundle=models/data_bundle/generated_instances/E-UK25_08__curric_d2_s3_seed8_24h seed=301
2026-06-29 16:06:46	StageB validation update_0240 bundle=models/data_bundle/generated_instances/E-UK25_09__curric_d2_s3_seed9_24h seed=301
2026-06-29 16:07:01	StageB validation update_0240 bundle=models/data_bundle/generated_instances/E-UK50_04__curric_d2_s3_seed4_24h seed=301
2026-06-29 16:07:32	StageB update 239 group=239 lr=1.36145e-05 kl=0.00023016706109046936 early=False val_gain=7.789849341216323
2026-06-29 16:07:32	StageB checkpoint solver\reports\dr_alns_ppo_v3_block_dr_alns\async_pilot\pilot23_stabilize\checkpoints\pilot23_learned_destroy_update_0240.pt
2026-06-29 16:08:01	StageB update 240 group=240 lr=1.3253e-05 kl=0.0002683103084564209 early=False val_gain=
2026-06-29 16:08:27	StageB update 241 group=241 lr=1.28916e-05 kl=0.0004904922097921371 early=False val_gain=
2026-06-29 16:08:58	StageB update 242 group=242 lr=1.25301e-05 kl=0.0005259662866592407 early=False val_gain=
2026-06-29 16:09:32	StageB update 243 group=243 lr=1.21687e-05 kl=0.0003437995910644531 early=False val_gain=
2026-06-29 16:10:01	StageB update 244 group=244 lr=1.18072e-05 kl=0.00014015845954418182 early=False val_gain=
2026-06-29 16:10:29	StageB update 245 group=245 lr=1.14458e-05 kl=0.00017828866839408875 early=False val_gain=
2026-06-29 16:11:00	StageB update 246 group=246 lr=1.10843e-05 kl=0.0001700427383184433 early=False val_gain=
2026-06-29 16:11:27	StageB update 247 group=247 lr=1.07229e-05 kl=0.00015948526561260223 early=False val_gain=
2026-06-29 16:11:57	StageB update 248 group=248 lr=1.03614e-05 kl=0.00030438415706157684 early=False val_gain=
2026-06-29 16:12:30	StageB validation update_0250 bundle=models/data_bundle/generated_instances/E-UK25_08__curric_d2_s3_seed8_24h seed=301
2026-06-29 16:12:39	StageB validation update_0250 bundle=models/data_bundle/generated_instances/E-UK25_09__curric_d2_s3_seed9_24h seed=301
2026-06-29 16:12:54	StageB validation update_0250 bundle=models/data_bundle/generated_instances/E-UK50_04__curric_d2_s3_seed4_24h seed=301
2026-06-29 16:13:24	StageB update 249 group=249 lr=1e-05 kl=0.00029798783361911774 early=False val_gain=8.688299494398018
2026-06-29 16:13:24	StageB checkpoint solver\reports\dr_alns_ppo_v3_block_dr_alns\async_pilot\pilot23_stabilize\checkpoints\pilot23_learned_destroy_update_0250.pt
2026-06-29 16:13:24	StageB validation final bundle=models/data_bundle/generated_instances/E-UK25_08__curric_d2_s3_seed8_24h seed=301
2026-06-29 16:13:33	StageB validation final bundle=models/data_bundle/generated_instances/E-UK25_09__curric_d2_s3_seed9_24h seed=301
2026-06-29 16:13:47	StageB validation final bundle=models/data_bundle/generated_instances/E-UK50_04__curric_d2_s3_seed4_24h seed=301
2026-06-29 16:14:18	StageB verdict=HALT_POLICY_UNSTABLE_V2: best_validation_gain=12.072%, final_validation_gain=8.688%, recent_slope=0.449225, stable_keep=False, finite_losses=True, kl_ok=True, zero_violations=True, entropy_floor_ok=True
2026-06-29 16:14:18	HALT HALT_POLICY_UNSTABLE_V2: best_validation_gain=12.072%, final_validation_gain=8.688%, recent_slope=0.449225, stable_keep=False, finite_losses=True, kl_ok=True, zero_violations=True, entropy_floor_ok=True
