{"budgets": [4000, 8000, 16000], "event": "start", "head": "010a5114bff15118c0514582890c7ac551464143", "time": 1783450641.165457, "workers": 3}
{"event": "task_complete", "run_id": "GLOBAL_REPACK_FLEET__b4000__multidepot__e2-multidepot-100c-01__A11_GLOBAL_ORDER_REPACK__seed2", "status": "OK", "time": 1783450868.368232}
{"event": "task_complete", "run_id": "GLOBAL_REPACK_FLEET__b4000__multidepot__e2-multidepot-100c-01__A11_GLOBAL_ORDER_REPACK__seed1", "status": "OK", "time": 1783450930.8259468}
{"event": "task_complete", "run_id": "GLOBAL_REPACK_FLEET__b4000__multidepot__e2-multidepot-100c-01__A12_FLEET_CHARGE_COREPAIR__seed1", "status": "OK", "time": 1783450936.637068}
{"event": "task_complete", "run_id": "GLOBAL_REPACK_FLEET__b4000__multidepot__e2-multidepot-100c-01__A12_FLEET_CHARGE_COREPAIR__seed2", "status": "OK", "time": 1783451109.1728199}
{"event": "task_complete", "run_id": "GLOBAL_REPACK_FLEET__b4000__multidepot__e2-multidepot-10c-01__A11_GLOBAL_ORDER_REPACK__seed1", "status": "OK", "time": 1783451117.952189}
{"event": "task_complete", "run_id": "GLOBAL_REPACK_FLEET__b4000__multidepot__e2-multidepot-10c-01__A12_FLEET_CHARGE_COREPAIR__seed1", "status": "OK", "time": 1783451127.3223538}
{"event": "task_complete", "run_id": "GLOBAL_REPACK_FLEET__b4000__multidepot__e2-multidepot-10c-01__A11_GLOBAL_ORDER_REPACK__seed2", "status": "OK", "time": 1783451141.112857}
{"event": "task_complete", "run_id": "GLOBAL_REPACK_FLEET__b4000__multidepot__e2-multidepot-100c-01__A11_GLOBAL_ORDER_REPACK__seed3", "status": "OK", "time": 1783451147.780687}
{"event": "task_complete", "run_id": "GLOBAL_REPACK_FLEET__b4000__multidepot__e2-multidepot-10c-01__A12_FLEET_CHARGE_COREPAIR__seed2", "status": "OK", "time": 1783451154.269314}
{"event": "task_complete", "run_id": "GLOBAL_REPACK_FLEET__b4000__multidepot__e2-multidepot-10c-01__A11_GLOBAL_ORDER_REPACK__seed3", "status": "OK", "time": 1783451157.034824}
{"event": "task_complete", "run_id": "GLOBAL_REPACK_FLEET__b4000__multidepot__e2-multidepot-10c-01__A12_FLEET_CHARGE_COREPAIR__seed3", "status": "OK", "time": 1783451162.680365}
{"event": "task_complete", "run_id": "GLOBAL_REPACK_FLEET__b4000__multidepot__e2-multidepot-100c-01__A12_FLEET_CHARGE_COREPAIR__seed3", "status": "OK", "time": 1783451165.435122}
{"event": "task_complete", "run_id": "GLOBAL_REPACK_FLEET__b4000__multidepot__e2-multidepot-150c-01__A11_GLOBAL_ORDER_REPACK__seed1", "status": "OK", "time": 1783451491.932056}
{"event": "task_complete", "run_id": "GLOBAL_REPACK_FLEET__b4000__multidepot__e2-multidepot-150c-01__A11_GLOBAL_ORDER_REPACK__seed2", "status": "OK", "time": 1783451496.083526}
{"event": "task_complete", "run_id": "GLOBAL_REPACK_FLEET__b4000__multidepot__e2-multidepot-150c-01__A12_FLEET_CHARGE_COREPAIR__seed1", "status": "OK", "time": 1783451510.403239}
{"event": "task_complete", "run_id": "GLOBAL_REPACK_FLEET__b4000__multidepot__e2-multidepot-150c-01__A12_FLEET_CHARGE_COREPAIR__seed2", "status": "OK", "time": 1783451791.3453681}
{"event": "task_complete", "run_id": "GLOBAL_REPACK_FLEET__b4000__multidepot__e2-multidepot-15c-01__A11_GLOBAL_ORDER_REPACK__seed1", "status": "OK", "time": 1783451795.8888068}
{"event": "task_complete", "run_id": "GLOBAL_REPACK_FLEET__b4000__multidepot__e2-multidepot-15c-01__A12_FLEET_CHARGE_COREPAIR__seed1", "status": "OK", "time": 1783451800.5712562}
{"event": "task_complete", "run_id": "GLOBAL_REPACK_FLEET__b4000__multidepot__e2-multidepot-15c-01__A11_GLOBAL_ORDER_REPACK__seed2", "status": "OK", "time": 1783451806.068695}
{"event": "task_complete", "run_id": "GLOBAL_REPACK_FLEET__b4000__multidepot__e2-multidepot-15c-01__A12_FLEET_CHARGE_COREPAIR__seed2", "status": "OK", "time": 1783451810.8271759}
{"event": "task_complete", "run_id": "GLOBAL_REPACK_FLEET__b4000__multidepot__e2-multidepot-15c-01__A11_GLOBAL_ORDER_REPACK__seed3", "status": "OK", "time": 1783451815.445775}
{"event": "task_complete", "run_id": "GLOBAL_REPACK_FLEET__b4000__multidepot__e2-multidepot-15c-01__A12_FLEET_CHARGE_COREPAIR__seed3", "status": "OK", "time": 1783451818.967061}
{"event": "task_complete", "run_id": "GLOBAL_REPACK_FLEET__b4000__multidepot__e2-multidepot-20c-01__A11_GLOBAL_ORDER_REPACK__seed1", "status": "OK", "time": 1783451827.60765}
{"event": "task_complete", "run_id": "GLOBAL_REPACK_FLEET__b4000__multidepot__e2-multidepot-20c-01__A12_FLEET_CHARGE_COREPAIR__seed1", "status": "OK", "time": 1783451834.862143}
{"event": "task_complete", "run_id": "GLOBAL_REPACK_FLEET__b4000__multidepot__e2-multidepot-20c-01__A11_GLOBAL_ORDER_REPACK__seed2", "status": "OK", "time": 1783451844.182535}
{"event": "task_complete", "run_id": "GLOBAL_REPACK_FLEET__b4000__multidepot__e2-multidepot-150c-01__A11_GLOBAL_ORDER_REPACK__seed3", "status": "OK", "time": 1783451846.931156}
{"event": "task_complete", "run_id": "GLOBAL_REPACK_FLEET__b4000__multidepot__e2-multidepot-20c-01__A12_FLEET_CHARGE_COREPAIR__seed2", "status": "OK", "time": 1783451852.1384718}
{"event": "task_complete", "run_id": "GLOBAL_REPACK_FLEET__b4000__multidepot__e2-multidepot-20c-01__A11_GLOBAL_ORDER_REPACK__seed3", "status": "OK", "time": 1783451855.956032}
{"event": "task_complete", "run_id": "GLOBAL_REPACK_FLEET__b4000__multidepot__e2-multidepot-20c-01__A12_FLEET_CHARGE_COREPAIR__seed3", "status": "OK", "time": 1783451859.4385762}
{"event": "task_complete", "run_id": "GLOBAL_REPACK_FLEET__b4000__multidepot__e2-multidepot-150c-01__A12_FLEET_CHARGE_COREPAIR__seed3", "status": "OK", "time": 1783451904.5256279}
{"event": "task_complete", "run_id": "GLOBAL_REPACK_FLEET__b4000__multidepot__e2-multidepot-50c-01__A12_FLEET_CHARGE_COREPAIR__seed1", "status": "OK", "time": 1783451960.2848818}
{"event": "task_complete", "run_id": "GLOBAL_REPACK_FLEET__b4000__multidepot__e2-multidepot-50c-01__A11_GLOBAL_ORDER_REPACK__seed1", "status": "OK", "time": 1783451960.9075599}
{"event": "task_complete", "run_id": "GLOBAL_REPACK_FLEET__b4000__multidepot__e2-multidepot-50c-01__A11_GLOBAL_ORDER_REPACK__seed2", "status": "OK", "time": 1783452010.184936}
{"event": "task_complete", "run_id": "GLOBAL_REPACK_FLEET__b4000__multidepot__e2-multidepot-50c-01__A11_GLOBAL_ORDER_REPACK__seed3", "status": "OK", "time": 1783452025.9189389}
{"event": "task_complete", "run_id": "GLOBAL_REPACK_FLEET__b4000__multidepot__e2-multidepot-50c-01__A12_FLEET_CHARGE_COREPAIR__seed2", "status": "OK", "time": 1783452028.223487}
{"event": "task_complete", "run_id": "GLOBAL_REPACK_FLEET__b4000__multidepot__e2-multidepot-50c-01__A12_FLEET_CHARGE_COREPAIR__seed3", "status": "OK", "time": 1783452075.035757}
{"event": "task_complete", "run_id": "GLOBAL_REPACK_FLEET__b4000__multidepot__e2-multidepot-75c-01__A12_FLEET_CHARGE_COREPAIR__seed1", "status": "OK", "time": 1783452155.872552}
{"event": "task_complete", "run_id": "GLOBAL_REPACK_FLEET__b4000__multidepot__e2-multidepot-75c-01__A11_GLOBAL_ORDER_REPACK__seed1", "status": "OK", "time": 1783452165.846389}
{"event": "task_complete", "run_id": "GLOBAL_REPACK_FLEET__b4000__multidepot__e2-multidepot-75c-01__A11_GLOBAL_ORDER_REPACK__seed2", "status": "OK", "time": 1783452198.4562}
{"event": "task_complete", "run_id": "GLOBAL_REPACK_FLEET__b4000__multidepot__e2-multidepot-75c-01__A11_GLOBAL_ORDER_REPACK__seed3", "status": "OK", "time": 1783452270.585631}
{"event": "task_complete", "run_id": "GLOBAL_REPACK_FLEET__b4000__multidepot__e2-multidepot-75c-01__A12_FLEET_CHARGE_COREPAIR__seed2", "status": "OK", "time": 1783452278.182227}
{"event": "task_complete", "run_id": "GLOBAL_REPACK_FLEET__b4000__multidepot__e2-multidepot-75c-01__A12_FLEET_CHARGE_COREPAIR__seed3", "status": "OK", "time": 1783452304.347946}
{"event": "task_complete", "run_id": "GLOBAL_REPACK_FLEET__b4000__threeshift__e2-threeshift-100c-01__A11_GLOBAL_ORDER_REPACK__seed1", "status": "OK", "time": 1783452495.891911}
{"event": "task_complete", "run_id": "GLOBAL_REPACK_FLEET__b4000__threeshift__e2-threeshift-100c-01__A12_FLEET_CHARGE_COREPAIR__seed1", "status": "OK", "time": 1783452516.255641}
{"event": "task_complete", "run_id": "GLOBAL_REPACK_FLEET__b4000__threeshift__e2-threeshift-100c-01__A11_GLOBAL_ORDER_REPACK__seed2", "status": "OK", "time": 1783452548.2892292}
{"event": "task_complete", "run_id": "GLOBAL_REPACK_FLEET__b4000__threeshift__e2-threeshift-100c-01__A12_FLEET_CHARGE_COREPAIR__seed2", "status": "OK", "time": 1783452720.631816}
{"event": "task_complete", "run_id": "GLOBAL_REPACK_FLEET__b4000__threeshift__e2-threeshift-100c-01__A12_FLEET_CHARGE_COREPAIR__seed3", "status": "OK", "time": 1783452792.276545}
{"event": "task_complete", "run_id": "GLOBAL_REPACK_FLEET__b4000__threeshift__e2-threeshift-100c-01__A11_GLOBAL_ORDER_REPACK__seed3", "status": "OK", "time": 1783452793.3849542}
{"event": "task_complete", "run_id": "GLOBAL_REPACK_FLEET__b4000__threeshift__e2-threeshift-150c-01__A11_GLOBAL_ORDER_REPACK__seed1", "status": "OK", "time": 1783453088.317305}
{"event": "task_complete", "run_id": "GLOBAL_REPACK_FLEET__b4000__threeshift__e2-threeshift-150c-01__A12_FLEET_CHARGE_COREPAIR__seed1", "status": "OK", "time": 1783453200.240032}
{"event": "task_complete", "run_id": "GLOBAL_REPACK_FLEET__b4000__threeshift__e2-threeshift-150c-01__A11_GLOBAL_ORDER_REPACK__seed2", "status": "OK", "time": 1783453247.7546828}
{"event": "task_complete", "run_id": "GLOBAL_REPACK_FLEET__b4000__threeshift__e2-threeshift-150c-01__A11_GLOBAL_ORDER_REPACK__seed3", "status": "OK", "time": 1783453500.847738}
{"event": "task_complete", "run_id": "GLOBAL_REPACK_FLEET__b4000__threeshift__e2-threeshift-150c-01__A12_FLEET_CHARGE_COREPAIR__seed2", "status": "OK", "time": 1783453519.105649}
{"event": "task_complete", "run_id": "GLOBAL_REPACK_FLEET__b4000__threeshift__e2-threeshift-150c-01__A12_FLEET_CHARGE_COREPAIR__seed3", "status": "OK", "time": 1783453540.513212}
{"event": "task_complete", "run_id": "GLOBAL_REPACK_FLEET__b4000__threeshift__e2-threeshift-50c-01__A11_GLOBAL_ORDER_REPACK__seed1", "status": "OK", "time": 1783453577.66303}
{"event": "task_complete", "run_id": "GLOBAL_REPACK_FLEET__b4000__threeshift__e2-threeshift-50c-01__A12_FLEET_CHARGE_COREPAIR__seed1", "status": "OK", "time": 1783453598.4020748}
{"event": "task_complete", "run_id": "GLOBAL_REPACK_FLEET__b4000__threeshift__e2-threeshift-50c-01__A11_GLOBAL_ORDER_REPACK__seed2", "status": "OK", "time": 1783453618.3334138}
{"event": "task_complete", "run_id": "GLOBAL_REPACK_FLEET__b4000__threeshift__e2-threeshift-50c-01__A12_FLEET_CHARGE_COREPAIR__seed2", "status": "OK", "time": 1783453650.7729979}
{"event": "task_complete", "run_id": "GLOBAL_REPACK_FLEET__b4000__threeshift__e2-threeshift-50c-01__A11_GLOBAL_ORDER_REPACK__seed3", "status": "OK", "time": 1783453682.254723}
{"event": "task_complete", "run_id": "GLOBAL_REPACK_FLEET__b4000__threeshift__e2-threeshift-50c-01__A12_FLEET_CHARGE_COREPAIR__seed3", "status": "OK", "time": 1783453695.2100759}
{"event": "task_complete", "run_id": "GLOBAL_REPACK_FLEET__b4000__threeshift__e2-threeshift-75c-01__A11_GLOBAL_ORDER_REPACK__seed1", "status": "OK", "time": 1783453785.58913}
{"event": "task_complete", "run_id": "GLOBAL_REPACK_FLEET__b4000__threeshift__e2-threeshift-75c-01__A12_FLEET_CHARGE_COREPAIR__seed1", "status": "OK", "time": 1783453809.448718}
{"event": "task_complete", "run_id": "GLOBAL_REPACK_FLEET__b4000__threeshift__e2-threeshift-75c-01__A11_GLOBAL_ORDER_REPACK__seed2", "status": "OK", "time": 1783453841.903815}
{"event": "task_complete", "run_id": "GLOBAL_REPACK_FLEET__b4000__threeshift__e2-threeshift-75c-01__A12_FLEET_CHARGE_COREPAIR__seed2", "status": "OK", "time": 1783453926.436803}
{"event": "task_complete", "run_id": "GLOBAL_REPACK_FLEET__b4000__threeshift__e2-threeshift-75c-01__A12_FLEET_CHARGE_COREPAIR__seed3", "status": "OK", "time": 1783454013.5315719}
{"event": "task_complete", "run_id": "GLOBAL_REPACK_FLEET__b4000__threeshift__e2-threeshift-75c-01__A11_GLOBAL_ORDER_REPACK__seed3", "status": "OK", "time": 1783454059.714703}
{"event": "task_complete", "run_id": "GLOBAL_REPACK_FLEET__b4000__vanilla__e2-vanilla-100c-01__A11_GLOBAL_ORDER_REPACK__seed1", "status": "OK", "time": 1783454115.301014}
{"event": "task_complete", "run_id": "GLOBAL_REPACK_FLEET__b4000__vanilla__e2-vanilla-100c-01__A12_FLEET_CHARGE_COREPAIR__seed1", "status": "OK", "time": 1783454192.58916}
{"event": "task_complete", "run_id": "GLOBAL_REPACK_FLEET__b4000__vanilla__e2-vanilla-100c-01__A11_GLOBAL_ORDER_REPACK__seed2", "status": "OK", "time": 1783454252.092621}
{"event": "task_complete", "run_id": "GLOBAL_REPACK_FLEET__b4000__vanilla__e2-vanilla-100c-01__A12_FLEET_CHARGE_COREPAIR__seed2", "status": "OK", "time": 1783454306.473525}
{"event": "task_complete", "run_id": "GLOBAL_REPACK_FLEET__b4000__vanilla__e2-vanilla-100c-01__A11_GLOBAL_ORDER_REPACK__seed3", "status": "OK", "time": 1783454407.1823099}
{"event": "task_complete", "run_id": "GLOBAL_REPACK_FLEET__b4000__vanilla__e2-vanilla-100c-01__A12_FLEET_CHARGE_COREPAIR__seed3", "status": "OK", "time": 1783454462.4516962}
{"event": "task_complete", "run_id": "GLOBAL_REPACK_FLEET__b4000__vanilla__e2-vanilla-150c-01__A11_GLOBAL_ORDER_REPACK__seed1", "status": "OK", "time": 1783454628.615598}
{"event": "task_complete", "run_id": "GLOBAL_REPACK_FLEET__b4000__vanilla__e2-vanilla-150c-01__A12_FLEET_CHARGE_COREPAIR__seed1", "status": "OK", "time": 1783454704.237361}
{"event": "task_complete", "run_id": "GLOBAL_REPACK_FLEET__b4000__vanilla__e2-vanilla-150c-01__A11_GLOBAL_ORDER_REPACK__seed2", "status": "OK", "time": 1783454748.139799}
{"event": "task_complete", "run_id": "GLOBAL_REPACK_FLEET__b4000__vanilla__e2-vanilla-150c-01__A12_FLEET_CHARGE_COREPAIR__seed2", "status": "OK", "time": 1783454923.6700768}
{"event": "task_complete", "run_id": "GLOBAL_REPACK_FLEET__b4000__vanilla__e2-vanilla-15c-01__A11_GLOBAL_ORDER_REPACK__seed1", "status": "OK", "time": 1783454932.889486}
{"event": "task_complete", "run_id": "GLOBAL_REPACK_FLEET__b4000__vanilla__e2-vanilla-15c-01__A12_FLEET_CHARGE_COREPAIR__seed1", "status": "OK", "time": 1783454940.79839}
{"event": "task_complete", "run_id": "GLOBAL_REPACK_FLEET__b4000__vanilla__e2-vanilla-15c-01__A11_GLOBAL_ORDER_REPACK__seed2", "status": "OK", "time": 1783454949.854939}
{"event": "task_complete", "run_id": "GLOBAL_REPACK_FLEET__b4000__vanilla__e2-vanilla-15c-01__A12_FLEET_CHARGE_COREPAIR__seed2", "status": "OK", "time": 1783454957.77911}
{"event": "task_complete", "run_id": "GLOBAL_REPACK_FLEET__b4000__vanilla__e2-vanilla-15c-01__A11_GLOBAL_ORDER_REPACK__seed3", "status": "OK", "time": 1783454963.8735518}
{"event": "task_complete", "run_id": "GLOBAL_REPACK_FLEET__b4000__vanilla__e2-vanilla-15c-01__A12_FLEET_CHARGE_COREPAIR__seed3", "status": "OK", "time": 1783454970.6387992}
{"event": "task_complete", "run_id": "GLOBAL_REPACK_FLEET__b4000__vanilla__e2-vanilla-25c-01__A11_GLOBAL_ORDER_REPACK__seed1", "status": "OK", "time": 1783454982.961052}
{"event": "task_complete", "run_id": "GLOBAL_REPACK_FLEET__b4000__vanilla__e2-vanilla-25c-01__A12_FLEET_CHARGE_COREPAIR__seed1", "status": "OK", "time": 1783454994.1367722}
{"event": "task_complete", "run_id": "GLOBAL_REPACK_FLEET__b4000__vanilla__e2-vanilla-25c-01__A11_GLOBAL_ORDER_REPACK__seed2", "status": "OK", "time": 1783455008.510581}
{"event": "task_complete", "run_id": "GLOBAL_REPACK_FLEET__b4000__vanilla__e2-vanilla-25c-01__A12_FLEET_CHARGE_COREPAIR__seed2", "status": "OK", "time": 1783455020.72799}
{"event": "task_complete", "run_id": "GLOBAL_REPACK_FLEET__b4000__vanilla__e2-vanilla-25c-01__A11_GLOBAL_ORDER_REPACK__seed3", "status": "OK", "time": 1783455032.487623}
{"event": "task_complete", "run_id": "GLOBAL_REPACK_FLEET__b4000__vanilla__e2-vanilla-25c-01__A12_FLEET_CHARGE_COREPAIR__seed3", "status": "OK", "time": 1783455042.638419}
{"event": "task_complete", "run_id": "GLOBAL_REPACK_FLEET__b4000__vanilla__e2-vanilla-150c-01__A11_GLOBAL_ORDER_REPACK__seed3", "status": "OK", "time": 1783455045.4380422}
{"event": "task_complete", "run_id": "GLOBAL_REPACK_FLEET__b4000__vanilla__e2-vanilla-150c-01__A12_FLEET_CHARGE_COREPAIR__seed3", "status": "OK", "time": 1783455090.910134}
{"event": "task_complete", "run_id": "GLOBAL_REPACK_FLEET__b4000__vanilla__e2-vanilla-50c-01__A11_GLOBAL_ORDER_REPACK__seed1", "status": "OK", "time": 1783455100.8531861}
{"event": "task_complete", "run_id": "GLOBAL_REPACK_FLEET__b4000__vanilla__e2-vanilla-50c-01__A12_FLEET_CHARGE_COREPAIR__seed1", "status": "OK", "time": 1783455103.834618}
{"event": "task_complete", "run_id": "GLOBAL_REPACK_FLEET__b4000__vanilla__e2-vanilla-50c-01__A11_GLOBAL_ORDER_REPACK__seed2", "status": "OK", "time": 1783455141.530731}
{"event": "task_complete", "run_id": "GLOBAL_REPACK_FLEET__b4000__vanilla__e2-vanilla-50c-01__A12_FLEET_CHARGE_COREPAIR__seed2", "status": "OK", "time": 1783455145.3964632}
{"event": "task_complete", "run_id": "GLOBAL_REPACK_FLEET__b4000__vanilla__e2-vanilla-50c-01__A11_GLOBAL_ORDER_REPACK__seed3", "status": "OK", "time": 1783455167.6617558}
{"event": "task_complete", "run_id": "GLOBAL_REPACK_FLEET__b4000__vanilla__e2-vanilla-50c-01__A12_FLEET_CHARGE_COREPAIR__seed3", "status": "OK", "time": 1783455198.99562}
{"budget": 4000, "event": "budget_complete", "rows": 240, "survivors": ["A11_GLOBAL_ORDER_REPACK"], "time": 1783455205.459687}
{"event": "task_complete", "run_id": "GLOBAL_REPACK_FLEET__b8000__multidepot__e2-multidepot-100c-01__A11_GLOBAL_ORDER_REPACK__seed1", "status": "OK", "time": 1783455595.422053}
{"event": "task_complete", "run_id": "GLOBAL_REPACK_FLEET__b8000__multidepot__e2-multidepot-10c-01__A11_GLOBAL_ORDER_REPACK__seed1", "status": "OK", "time": 1783455610.8652108}
{"event": "task_complete", "run_id": "GLOBAL_REPACK_FLEET__b8000__multidepot__e2-multidepot-100c-01__A11_GLOBAL_ORDER_REPACK__seed2", "status": "OK", "time": 1783455621.46301}
{"event": "task_complete", "run_id": "GLOBAL_REPACK_FLEET__b8000__multidepot__e2-multidepot-10c-01__A11_GLOBAL_ORDER_REPACK__seed2", "status": "OK", "time": 1783455634.5473769}
{"event": "task_complete", "run_id": "GLOBAL_REPACK_FLEET__b8000__multidepot__e2-multidepot-10c-01__A11_GLOBAL_ORDER_REPACK__seed3", "status": "OK", "time": 1783455636.489783}
{"event": "task_complete", "run_id": "GLOBAL_REPACK_FLEET__b8000__multidepot__e2-multidepot-100c-01__A11_GLOBAL_ORDER_REPACK__seed3", "status": "OK", "time": 1783455677.68062}
{"event": "task_complete", "run_id": "GLOBAL_REPACK_FLEET__b8000__multidepot__e2-multidepot-150c-01__A11_GLOBAL_ORDER_REPACK__seed2", "status": "OK", "time": 1783456205.084907}
{"event": "task_complete", "run_id": "GLOBAL_REPACK_FLEET__b8000__multidepot__e2-multidepot-15c-01__A11_GLOBAL_ORDER_REPACK__seed1", "status": "OK", "time": 1783456211.25355}
{"event": "task_complete", "run_id": "GLOBAL_REPACK_FLEET__b8000__multidepot__e2-multidepot-15c-01__A11_GLOBAL_ORDER_REPACK__seed2", "status": "OK", "time": 1783456218.292848}
{"event": "task_complete", "run_id": "GLOBAL_REPACK_FLEET__b8000__multidepot__e2-multidepot-15c-01__A11_GLOBAL_ORDER_REPACK__seed3", "status": "OK", "time": 1783456223.812644}
{"event": "task_complete", "run_id": "GLOBAL_REPACK_FLEET__b8000__multidepot__e2-multidepot-20c-01__A11_GLOBAL_ORDER_REPACK__seed1", "status": "OK", "time": 1783456237.819674}
{"event": "task_complete", "run_id": "GLOBAL_REPACK_FLEET__b8000__multidepot__e2-multidepot-20c-01__A11_GLOBAL_ORDER_REPACK__seed2", "status": "OK", "time": 1783456251.6587}
{"event": "task_complete", "run_id": "GLOBAL_REPACK_FLEET__b8000__multidepot__e2-multidepot-20c-01__A11_GLOBAL_ORDER_REPACK__seed3", "status": "OK", "time": 1783456265.089791}
{"event": "task_complete", "run_id": "GLOBAL_REPACK_FLEET__b8000__multidepot__e2-multidepot-150c-01__A11_GLOBAL_ORDER_REPACK__seed3", "status": "OK", "time": 1783456343.372297}
{"event": "task_complete", "run_id": "GLOBAL_REPACK_FLEET__b8000__multidepot__e2-multidepot-50c-01__A11_GLOBAL_ORDER_REPACK__seed1", "status": "OK", "time": 1783456378.435966}
{"event": "task_complete", "run_id": "GLOBAL_REPACK_FLEET__b8000__multidepot__e2-multidepot-150c-01__A11_GLOBAL_ORDER_REPACK__seed1", "status": "OK", "time": 1783456381.376966}
{"event": "task_complete", "run_id": "GLOBAL_REPACK_FLEET__b8000__multidepot__e2-multidepot-50c-01__A11_GLOBAL_ORDER_REPACK__seed2", "status": "OK", "time": 1783456446.388747}
{"event": "task_complete", "run_id": "GLOBAL_REPACK_FLEET__b8000__multidepot__e2-multidepot-50c-01__A11_GLOBAL_ORDER_REPACK__seed3", "status": "OK", "time": 1783456521.295412}
{"event": "task_complete", "run_id": "GLOBAL_REPACK_FLEET__b8000__multidepot__e2-multidepot-75c-01__A11_GLOBAL_ORDER_REPACK__seed1", "status": "OK", "time": 1783456631.866096}
{"event": "task_complete", "run_id": "GLOBAL_REPACK_FLEET__b8000__multidepot__e2-multidepot-75c-01__A11_GLOBAL_ORDER_REPACK__seed2", "status": "OK", "time": 1783456697.1566248}
{"event": "task_complete", "run_id": "GLOBAL_REPACK_FLEET__b8000__multidepot__e2-multidepot-75c-01__A11_GLOBAL_ORDER_REPACK__seed3", "status": "OK", "time": 1783456710.568862}
{"event": "task_complete", "run_id": "GLOBAL_REPACK_FLEET__b8000__threeshift__e2-threeshift-100c-01__A11_GLOBAL_ORDER_REPACK__seed2", "status": "OK", "time": 1783457046.188853}
{"event": "task_complete", "run_id": "GLOBAL_REPACK_FLEET__b8000__threeshift__e2-threeshift-100c-01__A11_GLOBAL_ORDER_REPACK__seed1", "status": "OK", "time": 1783457095.431933}
{"event": "task_complete", "run_id": "GLOBAL_REPACK_FLEET__b8000__threeshift__e2-threeshift-100c-01__A11_GLOBAL_ORDER_REPACK__seed3", "status": "OK", "time": 1783457171.01888}
{"event": "task_complete", "run_id": "GLOBAL_REPACK_FLEET__b8000__threeshift__e2-threeshift-150c-01__A11_GLOBAL_ORDER_REPACK__seed3", "status": "OK", "time": 1783457630.94198}
{"event": "task_complete", "run_id": "GLOBAL_REPACK_FLEET__b8000__threeshift__e2-threeshift-150c-01__A11_GLOBAL_ORDER_REPACK__seed1", "status": "OK", "time": 1783457652.362132}
{"event": "task_complete", "run_id": "GLOBAL_REPACK_FLEET__b8000__threeshift__e2-threeshift-150c-01__A11_GLOBAL_ORDER_REPACK__seed2", "status": "OK", "time": 1783457728.4228852}
{"event": "task_complete", "run_id": "GLOBAL_REPACK_FLEET__b8000__threeshift__e2-threeshift-50c-01__A11_GLOBAL_ORDER_REPACK__seed1", "status": "OK", "time": 1783457757.0479932}
{"event": "task_complete", "run_id": "GLOBAL_REPACK_FLEET__b8000__threeshift__e2-threeshift-50c-01__A11_GLOBAL_ORDER_REPACK__seed2", "status": "OK", "time": 1783457800.3635352}
{"event": "task_complete", "run_id": "GLOBAL_REPACK_FLEET__b8000__threeshift__e2-threeshift-50c-01__A11_GLOBAL_ORDER_REPACK__seed3", "status": "OK", "time": 1783457862.404765}
{"event": "task_complete", "run_id": "GLOBAL_REPACK_FLEET__b8000__threeshift__e2-threeshift-75c-01__A11_GLOBAL_ORDER_REPACK__seed1", "status": "OK", "time": 1783458093.2496052}
{"event": "task_complete", "run_id": "GLOBAL_REPACK_FLEET__b8000__threeshift__e2-threeshift-75c-01__A11_GLOBAL_ORDER_REPACK__seed2", "status": "OK", "time": 1783458106.330595}
{"event": "task_complete", "run_id": "GLOBAL_REPACK_FLEET__b8000__threeshift__e2-threeshift-75c-01__A11_GLOBAL_ORDER_REPACK__seed3", "status": "OK", "time": 1783458196.188673}
{"event": "task_complete", "run_id": "GLOBAL_REPACK_FLEET__b8000__vanilla__e2-vanilla-100c-01__A11_GLOBAL_ORDER_REPACK__seed1", "status": "OK", "time": 1783458406.103796}
{"event": "task_complete", "run_id": "GLOBAL_REPACK_FLEET__b8000__vanilla__e2-vanilla-100c-01__A11_GLOBAL_ORDER_REPACK__seed2", "status": "OK", "time": 1783458451.487128}
{"event": "task_complete", "run_id": "GLOBAL_REPACK_FLEET__b8000__vanilla__e2-vanilla-100c-01__A11_GLOBAL_ORDER_REPACK__seed3", "status": "OK", "time": 1783458507.301399}
{"event": "task_complete", "run_id": "GLOBAL_REPACK_FLEET__b8000__vanilla__e2-vanilla-150c-01__A11_GLOBAL_ORDER_REPACK__seed1", "status": "OK", "time": 1783458804.029865}
{"event": "task_complete", "run_id": "GLOBAL_REPACK_FLEET__b8000__vanilla__e2-vanilla-15c-01__A11_GLOBAL_ORDER_REPACK__seed1", "status": "OK", "time": 1783458818.903647}
{"event": "task_complete", "run_id": "GLOBAL_REPACK_FLEET__b8000__vanilla__e2-vanilla-15c-01__A11_GLOBAL_ORDER_REPACK__seed2", "status": "OK", "time": 1783458833.432995}
{"event": "task_complete", "run_id": "GLOBAL_REPACK_FLEET__b8000__vanilla__e2-vanilla-15c-01__A11_GLOBAL_ORDER_REPACK__seed3", "status": "OK", "time": 1783458840.261101}
{"event": "task_complete", "run_id": "GLOBAL_REPACK_FLEET__b8000__vanilla__e2-vanilla-25c-01__A11_GLOBAL_ORDER_REPACK__seed1", "status": "OK", "time": 1783458856.96636}
{"event": "task_complete", "run_id": "GLOBAL_REPACK_FLEET__b8000__vanilla__e2-vanilla-25c-01__A11_GLOBAL_ORDER_REPACK__seed2", "status": "OK", "time": 1783458872.970294}
{"event": "task_complete", "run_id": "GLOBAL_REPACK_FLEET__b8000__vanilla__e2-vanilla-25c-01__A11_GLOBAL_ORDER_REPACK__seed3", "status": "OK", "time": 1783458889.188131}
{"event": "task_complete", "run_id": "GLOBAL_REPACK_FLEET__b8000__vanilla__e2-vanilla-50c-01__A11_GLOBAL_ORDER_REPACK__seed1", "status": "OK", "time": 1783458978.1836748}
{"event": "task_complete", "run_id": "GLOBAL_REPACK_FLEET__b8000__vanilla__e2-vanilla-150c-01__A11_GLOBAL_ORDER_REPACK__seed3", "status": "OK", "time": 1783459035.440365}
{"event": "task_complete", "run_id": "GLOBAL_REPACK_FLEET__b8000__vanilla__e2-vanilla-50c-01__A11_GLOBAL_ORDER_REPACK__seed2", "status": "OK", "time": 1783459069.652498}
{"event": "task_complete", "run_id": "GLOBAL_REPACK_FLEET__b8000__vanilla__e2-vanilla-150c-01__A11_GLOBAL_ORDER_REPACK__seed2", "status": "OK", "time": 1783459112.235036}
{"event": "task_complete", "run_id": "GLOBAL_REPACK_FLEET__b8000__vanilla__e2-vanilla-50c-01__A11_GLOBAL_ORDER_REPACK__seed3", "status": "OK", "time": 1783459144.561253}
{"budget": 8000, "event": "budget_complete", "rows": 192, "survivors": [], "time": 1783459149.638062}
{"event": "complete", "expected": 432, "rows": 432, "time": 1783459152.249228, "verdict": "GLOBAL_REPACK_FLEET_CHARGE_4000_ONLY"}
