2026-07-02 14:47:11	Track21 reclaim start
2026-07-02 14:47:11	StageA ablation bundle=E-UK25_02__curric_d2_s3_seed2_24h seed=901 method=plain_alns
2026-07-02 14:55:57	StageA ablation bundle=E-UK25_02__curric_d2_s3_seed2_24h seed=901 method=winner_kernel
2026-07-02 15:02:59	StageA ablation bundle=E-UK25_02__curric_d2_s3_seed2_24h seed=901 method=winner_kernel_local_search
2026-07-02 15:13:04	StageA ablation bundle=E-UK25_02__curric_d2_s3_seed2_24h seed=901 method=winner_kernel_charging_required
2026-07-02 15:20:15	StageA ablation bundle=E-UK25_02__curric_d2_s3_seed2_24h seed=901 method=winner_kernel_true_repair_adaptive_q
2026-07-02 15:25:40	StageA ablation bundle=E-UK25_02__curric_d2_s3_seed2_24h seed=901 method=winner_kernel_scan_bridge
2026-07-02 15:32:19	StageA ablation bundle=E-UK25_02__curric_d2_s3_seed2_24h seed=901 method=winner_kernel_sa_lns_cooling
2026-07-02 15:38:47	StageA ablation bundle=E-UK50_01__curric_d2_s3_seed1_24h seed=901 method=plain_alns
2026-07-02 15:53:47	StageA ablation bundle=E-UK50_01__curric_d2_s3_seed1_24h seed=901 method=winner_kernel
2026-07-02 15:57:29	StageA ablation bundle=E-UK50_01__curric_d2_s3_seed1_24h seed=901 method=winner_kernel_local_search
2026-07-02 16:12:29	StageA ablation bundle=E-UK50_01__curric_d2_s3_seed1_24h seed=901 method=winner_kernel_charging_required
2026-07-02 16:19:15	StageA ablation bundle=E-UK50_01__curric_d2_s3_seed1_24h seed=901 method=winner_kernel_true_repair_adaptive_q
2026-07-02 16:26:19	StageA ablation bundle=E-UK50_01__curric_d2_s3_seed1_24h seed=901 method=winner_kernel_scan_bridge
2026-07-02 16:33:06	StageA ablation bundle=E-UK50_01__curric_d2_s3_seed1_24h seed=901 method=winner_kernel_sa_lns_cooling
2026-07-02 16:47:46	Track21 reclaim start
2026-07-02 16:47:46	StageA ablation bundle=E-UK50_01__curric_d2_s3_seed1_24h seed=901 method=winner_kernel_sa_lns_cooling
2026-07-02 17:03:19	Track21 reclaim start
2026-07-02 17:03:19	StageB fair bundle=E-UK25_02__curric_d2_s3_seed2_24h seed=901 algorithm=winner_kernel_true_repair_adaptive_q
2026-07-02 17:09:13	StageB fair bundle=E-UK25_02__curric_d2_s3_seed2_24h seed=901 algorithm=GA
2026-07-02 17:09:58	StageB fair bundle=E-UK25_02__curric_d2_s3_seed2_24h seed=901 algorithm=VNS
2026-07-02 17:12:05	StageB fair bundle=E-UK25_02__curric_d2_s3_seed2_24h seed=901 algorithm=SA
2026-07-02 17:12:31	StageB fair bundle=E-UK25_02__curric_d2_s3_seed2_24h seed=901 algorithm=GWO
2026-07-02 17:19:00	StageB fair bundle=E-UK25_02__curric_d2_s3_seed2_24h seed=901 algorithm=ACO
2026-07-02 17:21:39	StageB fair bundle=E-UK25_02__curric_d2_s3_seed2_24h seed=901 algorithm=IWD
2026-07-02 17:26:02	StageB fair bundle=E-UK25_02__curric_d2_s3_seed2_24h seed=902 algorithm=winner_kernel_true_repair_adaptive_q
2026-07-02 17:32:20	StageB fair bundle=E-UK25_02__curric_d2_s3_seed2_24h seed=902 algorithm=GA
2026-07-02 17:33:05	StageB fair bundle=E-UK25_02__curric_d2_s3_seed2_24h seed=902 algorithm=VNS
2026-07-02 17:35:19	StageB fair bundle=E-UK25_02__curric_d2_s3_seed2_24h seed=902 algorithm=SA
2026-07-02 17:35:43	StageB fair bundle=E-UK25_02__curric_d2_s3_seed2_24h seed=902 algorithm=GWO
2026-07-02 17:42:27	StageB fair bundle=E-UK25_02__curric_d2_s3_seed2_24h seed=902 algorithm=ACO
2026-07-02 17:45:11	StageB fair bundle=E-UK25_02__curric_d2_s3_seed2_24h seed=902 algorithm=IWD
2026-07-02 17:49:30	StageB fair bundle=E-UK25_02__curric_d2_s3_seed2_24h seed=903 algorithm=winner_kernel_true_repair_adaptive_q
2026-07-02 17:55:32	StageB fair bundle=E-UK25_02__curric_d2_s3_seed2_24h seed=903 algorithm=GA
2026-07-02 17:56:13	StageB fair bundle=E-UK25_02__curric_d2_s3_seed2_24h seed=903 algorithm=VNS
2026-07-02 17:58:15	StageB fair bundle=E-UK25_02__curric_d2_s3_seed2_24h seed=903 algorithm=SA
2026-07-02 17:58:38	StageB fair bundle=E-UK25_02__curric_d2_s3_seed2_24h seed=903 algorithm=GWO
2026-07-02 18:04:24	StageB fair bundle=E-UK25_02__curric_d2_s3_seed2_24h seed=903 algorithm=ACO
2026-07-02 18:06:48	StageB fair bundle=E-UK25_02__curric_d2_s3_seed2_24h seed=903 algorithm=IWD
2026-07-02 18:10:35	StageB fair bundle=E-UK25_02__curric_d2_s3_seed2_24h seed=904 algorithm=winner_kernel_true_repair_adaptive_q
2026-07-02 18:16:24	StageB fair bundle=E-UK25_02__curric_d2_s3_seed2_24h seed=904 algorithm=GA
2026-07-02 18:17:04	StageB fair bundle=E-UK25_02__curric_d2_s3_seed2_24h seed=904 algorithm=VNS
2026-07-02 18:19:02	StageB fair bundle=E-UK25_02__curric_d2_s3_seed2_24h seed=904 algorithm=SA
2026-07-02 18:19:24	StageB fair bundle=E-UK25_02__curric_d2_s3_seed2_24h seed=904 algorithm=GWO
2026-07-02 18:25:17	StageB fair bundle=E-UK25_02__curric_d2_s3_seed2_24h seed=904 algorithm=ACO
2026-07-02 18:27:44	StageB fair bundle=E-UK25_02__curric_d2_s3_seed2_24h seed=904 algorithm=IWD
2026-07-02 18:31:28	StageB fair bundle=E-UK25_02__curric_d2_s3_seed2_24h seed=905 algorithm=winner_kernel_true_repair_adaptive_q
2026-07-02 18:35:31	StageB fair bundle=E-UK25_02__curric_d2_s3_seed2_24h seed=905 algorithm=GA
2026-07-02 18:36:12	StageB fair bundle=E-UK25_02__curric_d2_s3_seed2_24h seed=905 algorithm=VNS
2026-07-02 18:38:10	StageB fair bundle=E-UK25_02__curric_d2_s3_seed2_24h seed=905 algorithm=SA
2026-07-02 18:38:26	StageB fair bundle=E-UK25_02__curric_d2_s3_seed2_24h seed=905 algorithm=GWO
2026-07-02 18:44:52	StageB fair bundle=E-UK25_02__curric_d2_s3_seed2_24h seed=905 algorithm=ACO
2026-07-02 18:47:13	StageB fair bundle=E-UK25_02__curric_d2_s3_seed2_24h seed=905 algorithm=IWD
2026-07-02 18:51:34	StageB fair bundle=E-UK25_02__curric_d2_s3_seed2_24h seed=906 algorithm=winner_kernel_true_repair_adaptive_q
2026-07-02 18:57:39	StageB fair bundle=E-UK25_02__curric_d2_s3_seed2_24h seed=906 algorithm=GA
2026-07-02 18:58:24	StageB fair bundle=E-UK25_02__curric_d2_s3_seed2_24h seed=906 algorithm=VNS
2026-07-02 19:00:28	StageB fair bundle=E-UK25_02__curric_d2_s3_seed2_24h seed=906 algorithm=SA
2026-07-02 19:00:54	StageB fair bundle=E-UK25_02__curric_d2_s3_seed2_24h seed=906 algorithm=GWO
2026-07-02 19:04:00	Track21 reclaim start
2026-07-02 19:04:00	StageB fair bundle=E-UK25_02__curric_d2_s3_seed2_24h seed=906 algorithm=GWO
2026-07-02 19:07:12	StageB fair bundle=E-UK25_02__curric_d2_s3_seed2_24h seed=906 algorithm=ACO
2026-07-02 19:09:51	StageB fair bundle=E-UK25_02__curric_d2_s3_seed2_24h seed=906 algorithm=IWD
2026-07-02 19:10:21	StageB fair bundle=E-UK25_02__curric_d2_s3_seed2_24h seed=906 algorithm=ACO
2026-07-02 19:12:58	StageB fair bundle=E-UK25_02__curric_d2_s3_seed2_24h seed=906 algorithm=IWD
2026-07-02 19:13:59	StageB fair bundle=E-UK25_02__curric_d2_s3_seed2_24h seed=907 algorithm=winner_kernel_true_repair_adaptive_q
2026-07-02 19:17:07	StageB fair bundle=E-UK25_02__curric_d2_s3_seed2_24h seed=907 algorithm=winner_kernel_true_repair_adaptive_q
2026-07-02 19:21:22	StageB fair bundle=E-UK25_02__curric_d2_s3_seed2_24h seed=907 algorithm=GA
2026-07-02 19:22:07	StageB fair bundle=E-UK25_02__curric_d2_s3_seed2_24h seed=907 algorithm=VNS
2026-07-02 19:24:25	StageB fair bundle=E-UK25_02__curric_d2_s3_seed2_24h seed=907 algorithm=SA
2026-07-02 19:24:47	StageB fair bundle=E-UK25_02__curric_d2_s3_seed2_24h seed=907 algorithm=GA
2026-07-02 19:24:47	StageB fair bundle=E-UK25_02__curric_d2_s3_seed2_24h seed=907 algorithm=GWO
2026-07-02 19:25:32	StageB fair bundle=E-UK25_02__curric_d2_s3_seed2_24h seed=907 algorithm=VNS
2026-07-02 19:27:47	StageB fair bundle=E-UK25_02__curric_d2_s3_seed2_24h seed=907 algorithm=SA
2026-07-02 19:28:11	StageB fair bundle=E-UK25_02__curric_d2_s3_seed2_24h seed=907 algorithm=GWO
2026-07-02 19:31:35	StageB fair bundle=E-UK25_02__curric_d2_s3_seed2_24h seed=907 algorithm=ACO
2026-07-02 19:34:26	StageB fair bundle=E-UK25_02__curric_d2_s3_seed2_24h seed=907 algorithm=IWD
2026-07-02 19:35:01	StageB fair bundle=E-UK25_02__curric_d2_s3_seed2_24h seed=907 algorithm=ACO
2026-07-02 19:37:49	StageB fair bundle=E-UK25_02__curric_d2_s3_seed2_24h seed=907 algorithm=IWD
2026-07-02 19:38:51	StageB fair bundle=E-UK25_02__curric_d2_s3_seed2_24h seed=908 algorithm=winner_kernel_true_repair_adaptive_q
2026-07-02 19:42:32	StageB fair bundle=E-UK25_02__curric_d2_s3_seed2_24h seed=908 algorithm=winner_kernel_true_repair_adaptive_q
2026-07-02 19:45:58	StageB fair bundle=E-UK25_02__curric_d2_s3_seed2_24h seed=908 algorithm=GA
2026-07-02 19:46:46	StageB fair bundle=E-UK25_02__curric_d2_s3_seed2_24h seed=908 algorithm=VNS
2026-07-02 19:49:00	StageB fair bundle=E-UK25_02__curric_d2_s3_seed2_24h seed=908 algorithm=SA
2026-07-02 19:49:24	StageB fair bundle=E-UK25_02__curric_d2_s3_seed2_24h seed=908 algorithm=GWO
2026-07-02 19:49:28	StageB fair bundle=E-UK25_02__curric_d2_s3_seed2_24h seed=908 algorithm=GA
2026-07-02 19:50:17	StageB fair bundle=E-UK25_02__curric_d2_s3_seed2_24h seed=908 algorithm=VNS
2026-07-02 19:52:36	StageB fair bundle=E-UK25_02__curric_d2_s3_seed2_24h seed=908 algorithm=SA
2026-07-02 19:52:59	StageB fair bundle=E-UK25_02__curric_d2_s3_seed2_24h seed=908 algorithm=GWO
2026-07-02 19:56:26	StageB fair bundle=E-UK25_02__curric_d2_s3_seed2_24h seed=908 algorithm=ACO
2026-07-02 19:59:30	StageB fair bundle=E-UK25_02__curric_d2_s3_seed2_24h seed=908 algorithm=IWD
2026-07-02 20:00:13	StageB fair bundle=E-UK25_02__curric_d2_s3_seed2_24h seed=908 algorithm=ACO
2026-07-02 20:03:09	StageB fair bundle=E-UK25_02__curric_d2_s3_seed2_24h seed=908 algorithm=IWD
2026-07-02 20:04:09	StageB fair bundle=E-UK25_02__curric_d2_s3_seed2_24h seed=909 algorithm=winner_kernel_true_repair_adaptive_q
2026-07-02 20:07:51	StageB fair bundle=E-UK25_02__curric_d2_s3_seed2_24h seed=909 algorithm=winner_kernel_true_repair_adaptive_q
2026-07-02 20:11:05	StageB fair bundle=E-UK25_02__curric_d2_s3_seed2_24h seed=909 algorithm=GA
2026-07-02 20:11:53	StageB fair bundle=E-UK25_02__curric_d2_s3_seed2_24h seed=909 algorithm=VNS
2026-07-02 20:14:14	StageB fair bundle=E-UK25_02__curric_d2_s3_seed2_24h seed=909 algorithm=SA
2026-07-02 20:14:42	StageB fair bundle=E-UK25_02__curric_d2_s3_seed2_24h seed=909 algorithm=GWO
2026-07-02 20:14:45	StageB fair bundle=E-UK25_02__curric_d2_s3_seed2_24h seed=909 algorithm=GA
2026-07-02 20:15:33	StageB fair bundle=E-UK25_02__curric_d2_s3_seed2_24h seed=909 algorithm=VNS
2026-07-02 20:17:49	StageB fair bundle=E-UK25_02__curric_d2_s3_seed2_24h seed=909 algorithm=SA
2026-07-02 20:18:16	StageB fair bundle=E-UK25_02__curric_d2_s3_seed2_24h seed=909 algorithm=GWO
2026-07-02 20:21:34	StageB fair bundle=E-UK25_02__curric_d2_s3_seed2_24h seed=909 algorithm=ACO
2026-07-02 20:24:20	StageB fair bundle=E-UK25_02__curric_d2_s3_seed2_24h seed=909 algorithm=IWD
2026-07-02 20:25:07	StageB fair bundle=E-UK25_02__curric_d2_s3_seed2_24h seed=909 algorithm=ACO
2026-07-02 20:27:54	StageB fair bundle=E-UK25_02__curric_d2_s3_seed2_24h seed=909 algorithm=IWD
2026-07-02 20:28:43	StageB fair bundle=E-UK25_02__curric_d2_s3_seed2_24h seed=910 algorithm=winner_kernel_true_repair_adaptive_q
2026-07-02 20:32:27	StageB fair bundle=E-UK25_02__curric_d2_s3_seed2_24h seed=910 algorithm=winner_kernel_true_repair_adaptive_q
2026-07-02 20:35:34	StageB fair bundle=E-UK25_02__curric_d2_s3_seed2_24h seed=910 algorithm=GA
2026-07-02 20:36:23	StageB fair bundle=E-UK25_02__curric_d2_s3_seed2_24h seed=910 algorithm=VNS
2026-07-02 20:38:46	StageB fair bundle=E-UK25_02__curric_d2_s3_seed2_24h seed=910 algorithm=SA
2026-07-02 20:39:16	StageB fair bundle=E-UK25_02__curric_d2_s3_seed2_24h seed=910 algorithm=GWO
2026-07-02 20:39:24	StageB fair bundle=E-UK25_02__curric_d2_s3_seed2_24h seed=910 algorithm=GA
2026-07-02 20:40:18	StageB fair bundle=E-UK25_02__curric_d2_s3_seed2_24h seed=910 algorithm=VNS
2026-07-02 20:42:52	StageB fair bundle=E-UK25_02__curric_d2_s3_seed2_24h seed=910 algorithm=SA
2026-07-02 20:43:21	StageB fair bundle=E-UK25_02__curric_d2_s3_seed2_24h seed=910 algorithm=GWO
2026-07-02 20:46:42	StageB fair bundle=E-UK25_02__curric_d2_s3_seed2_24h seed=910 algorithm=ACO
2026-07-02 20:49:44	StageB fair bundle=E-UK25_02__curric_d2_s3_seed2_24h seed=910 algorithm=IWD
2026-07-02 20:50:45	StageB fair bundle=E-UK25_02__curric_d2_s3_seed2_24h seed=910 algorithm=ACO
2026-07-02 20:53:36	StageB fair bundle=E-UK25_02__curric_d2_s3_seed2_24h seed=910 algorithm=IWD
2026-07-02 20:54:19	StageB fair bundle=E-UK50_01__curric_d2_s3_seed1_24h seed=901 algorithm=winner_kernel_true_repair_adaptive_q
2026-07-02 20:57:43	StageB fair bundle=E-UK50_01__curric_d2_s3_seed1_24h seed=901 algorithm=winner_kernel_true_repair_adaptive_q
2026-07-02 21:01:05	StageB fair bundle=E-UK50_01__curric_d2_s3_seed1_24h seed=901 algorithm=GA
2026-07-02 21:02:41	StageB fair bundle=E-UK50_01__curric_d2_s3_seed1_24h seed=901 algorithm=VNS
2026-07-02 21:04:29	StageB fair bundle=E-UK50_01__curric_d2_s3_seed1_24h seed=901 algorithm=GA
2026-07-02 21:04:45	Track21 reclaim start
2026-07-02 21:04:46	StageB fair bundle=E-UK50_01__curric_d2_s3_seed1_24h seed=901 algorithm=GA
2026-07-02 21:06:10	StageB fair bundle=E-UK50_01__curric_d2_s3_seed1_24h seed=901 algorithm=VNS
2026-07-02 21:06:27	StageB fair bundle=E-UK50_01__curric_d2_s3_seed1_24h seed=901 algorithm=VNS
2026-07-02 21:07:43	StageB fair bundle=E-UK50_01__curric_d2_s3_seed1_24h seed=901 algorithm=SA
2026-07-02 21:08:29	StageB fair bundle=E-UK50_01__curric_d2_s3_seed1_24h seed=901 algorithm=GWO
2026-07-02 21:11:36	StageB fair bundle=E-UK50_01__curric_d2_s3_seed1_24h seed=901 algorithm=SA
2026-07-02 21:12:02	StageB fair bundle=E-UK50_01__curric_d2_s3_seed1_24h seed=901 algorithm=SA
2026-07-02 21:12:26	StageB fair bundle=E-UK50_01__curric_d2_s3_seed1_24h seed=901 algorithm=GWO
2026-07-02 21:12:55	StageB fair bundle=E-UK50_01__curric_d2_s3_seed1_24h seed=901 algorithm=GWO
2026-07-02 21:23:29	StageB fair bundle=E-UK50_01__curric_d2_s3_seed1_24h seed=901 algorithm=ACO
2026-07-02 21:27:26	StageB fair bundle=E-UK50_01__curric_d2_s3_seed1_24h seed=901 algorithm=ACO
2026-07-02 21:27:55	StageB fair bundle=E-UK50_01__curric_d2_s3_seed1_24h seed=901 algorithm=ACO
2026-07-02 21:29:55	StageB fair bundle=E-UK50_01__curric_d2_s3_seed1_24h seed=901 algorithm=IWD
2026-07-02 21:33:34	StageB fair bundle=E-UK50_01__curric_d2_s3_seed1_24h seed=901 algorithm=IWD
2026-07-02 21:34:08	StageB fair bundle=E-UK50_01__curric_d2_s3_seed1_24h seed=901 algorithm=IWD
2026-07-02 21:38:37	StageB fair bundle=E-UK50_01__curric_d2_s3_seed1_24h seed=902 algorithm=winner_kernel_true_repair_adaptive_q
2026-07-02 21:42:25	StageB fair bundle=E-UK50_01__curric_d2_s3_seed1_24h seed=902 algorithm=winner_kernel_true_repair_adaptive_q
2026-07-02 21:43:15	StageB fair bundle=E-UK50_01__curric_d2_s3_seed1_24h seed=902 algorithm=winner_kernel_true_repair_adaptive_q
2026-07-02 21:47:45	StageB fair bundle=E-UK50_01__curric_d2_s3_seed1_24h seed=902 algorithm=GA
2026-07-02 21:49:40	StageB fair bundle=E-UK50_01__curric_d2_s3_seed1_24h seed=902 algorithm=VNS
2026-07-02 21:51:34	StageB fair bundle=E-UK50_01__curric_d2_s3_seed1_24h seed=902 algorithm=GA
2026-07-02 21:52:14	StageB fair bundle=E-UK50_01__curric_d2_s3_seed1_24h seed=902 algorithm=GA
2026-07-02 21:53:21	StageB fair bundle=E-UK50_01__curric_d2_s3_seed1_24h seed=902 algorithm=VNS
2026-07-02 21:54:00	StageB fair bundle=E-UK50_01__curric_d2_s3_seed1_24h seed=902 algorithm=VNS
2026-07-02 21:54:41	StageB fair bundle=E-UK50_01__curric_d2_s3_seed1_24h seed=902 algorithm=SA
2026-07-02 21:55:29	StageB fair bundle=E-UK50_01__curric_d2_s3_seed1_24h seed=902 algorithm=GWO
2026-07-02 21:58:47	StageB fair bundle=E-UK50_01__curric_d2_s3_seed1_24h seed=902 algorithm=SA
2026-07-02 21:59:30	StageB fair bundle=E-UK50_01__curric_d2_s3_seed1_24h seed=902 algorithm=SA
2026-07-02 21:59:34	StageB fair bundle=E-UK50_01__curric_d2_s3_seed1_24h seed=902 algorithm=GWO
2026-07-02 22:00:18	StageB fair bundle=E-UK50_01__curric_d2_s3_seed1_24h seed=902 algorithm=GWO
2026-07-02 22:10:29	HALT HALT_INVALID_COMPARISON: GWO invalid on E-UK50_01__curric_d2_s3_seed1_24h/seed902: INVALID_NOT_RUN.
2026-07-02 22:14:35	HALT HALT_INVALID_COMPARISON: GWO invalid on E-UK50_01__curric_d2_s3_seed1_24h/seed902: INVALID_NOT_RUN.
2026-07-02 22:15:18	StageB fair bundle=E-UK50_01__curric_d2_s3_seed1_24h seed=902 algorithm=ACO
2026-07-02 22:21:10	StageB fair bundle=E-UK50_01__curric_d2_s3_seed1_24h seed=902 algorithm=IWD
2026-07-02 22:30:04	StageB fair bundle=E-UK50_01__curric_d2_s3_seed1_24h seed=903 algorithm=winner_kernel_true_repair_adaptive_q
2026-07-02 22:39:39	StageB fair bundle=E-UK50_01__curric_d2_s3_seed1_24h seed=903 algorithm=GA
2026-07-02 22:41:36	StageB fair bundle=E-UK50_01__curric_d2_s3_seed1_24h seed=903 algorithm=VNS
2026-07-02 22:46:44	StageB fair bundle=E-UK50_01__curric_d2_s3_seed1_24h seed=903 algorithm=SA
2026-07-02 22:47:21	StageB fair bundle=E-UK50_01__curric_d2_s3_seed1_24h seed=903 algorithm=GWO
2026-07-02 23:02:21	StageB fair bundle=E-UK50_01__curric_d2_s3_seed1_24h seed=903 algorithm=ACO
2026-07-02 23:08:17	StageB fair bundle=E-UK50_01__curric_d2_s3_seed1_24h seed=903 algorithm=IWD
2026-07-02 23:17:08	StageB fair bundle=E-UK50_01__curric_d2_s3_seed1_24h seed=904 algorithm=winner_kernel_true_repair_adaptive_q
2026-07-02 23:23:06	StageB fair bundle=E-UK50_01__curric_d2_s3_seed1_24h seed=904 algorithm=GA
2026-07-02 23:24:55	StageB fair bundle=E-UK50_01__curric_d2_s3_seed1_24h seed=904 algorithm=VNS
2026-07-02 23:29:55	StageB fair bundle=E-UK50_01__curric_d2_s3_seed1_24h seed=904 algorithm=SA
2026-07-02 23:30:30	StageB fair bundle=E-UK50_01__curric_d2_s3_seed1_24h seed=904 algorithm=GWO
2026-07-02 23:45:30	StageB fair bundle=E-UK50_01__curric_d2_s3_seed1_24h seed=904 algorithm=ACO
2026-07-02 23:51:06	StageB fair bundle=E-UK50_01__curric_d2_s3_seed1_24h seed=904 algorithm=IWD
2026-07-02 23:59:39	StageB fair bundle=E-UK50_01__curric_d2_s3_seed1_24h seed=905 algorithm=winner_kernel_true_repair_adaptive_q
2026-07-03 00:07:58	StageB fair bundle=E-UK50_01__curric_d2_s3_seed1_24h seed=905 algorithm=GA
2026-07-03 00:09:52	StageB fair bundle=E-UK50_01__curric_d2_s3_seed1_24h seed=905 algorithm=VNS
2026-07-03 00:15:15	StageB fair bundle=E-UK50_01__curric_d2_s3_seed1_24h seed=905 algorithm=SA
2026-07-03 00:15:57	StageB fair bundle=E-UK50_01__curric_d2_s3_seed1_24h seed=905 algorithm=GWO
2026-07-03 00:30:57	StageB fair bundle=E-UK50_01__curric_d2_s3_seed1_24h seed=905 algorithm=ACO
2026-07-03 00:38:07	StageB fair bundle=E-UK50_01__curric_d2_s3_seed1_24h seed=905 algorithm=IWD
2026-07-03 00:47:20	StageB fair bundle=E-UK50_01__curric_d2_s3_seed1_24h seed=906 algorithm=winner_kernel_true_repair_adaptive_q
2026-07-03 00:53:02	StageB fair bundle=E-UK50_01__curric_d2_s3_seed1_24h seed=906 algorithm=GA
2026-07-03 00:54:48	StageB fair bundle=E-UK50_01__curric_d2_s3_seed1_24h seed=906 algorithm=VNS
2026-07-03 00:59:21	StageB fair bundle=E-UK50_01__curric_d2_s3_seed1_24h seed=906 algorithm=SA
2026-07-03 01:00:04	StageB fair bundle=E-UK50_01__curric_d2_s3_seed1_24h seed=906 algorithm=GWO
2026-07-03 01:14:18	StageB fair bundle=E-UK50_01__curric_d2_s3_seed1_24h seed=906 algorithm=ACO
2026-07-03 01:20:02	StageB fair bundle=E-UK50_01__curric_d2_s3_seed1_24h seed=906 algorithm=IWD
2026-07-03 01:28:41	StageB fair bundle=E-UK50_01__curric_d2_s3_seed1_24h seed=907 algorithm=winner_kernel_true_repair_adaptive_q
2026-07-03 01:37:28	StageB fair bundle=E-UK50_01__curric_d2_s3_seed1_24h seed=907 algorithm=GA
2026-07-03 01:39:14	StageB fair bundle=E-UK50_01__curric_d2_s3_seed1_24h seed=907 algorithm=VNS
2026-07-03 01:44:11	StageB fair bundle=E-UK50_01__curric_d2_s3_seed1_24h seed=907 algorithm=SA
2026-07-03 01:44:51	StageB fair bundle=E-UK50_01__curric_d2_s3_seed1_24h seed=907 algorithm=GWO
2026-07-03 01:59:51	StageB fair bundle=E-UK50_01__curric_d2_s3_seed1_24h seed=907 algorithm=ACO
2026-07-03 02:05:56	StageB fair bundle=E-UK50_01__curric_d2_s3_seed1_24h seed=907 algorithm=IWD
2026-07-03 02:14:43	StageB fair bundle=E-UK50_01__curric_d2_s3_seed1_24h seed=908 algorithm=winner_kernel_true_repair_adaptive_q
2026-07-03 02:20:47	StageB fair bundle=E-UK50_01__curric_d2_s3_seed1_24h seed=908 algorithm=GA
2026-07-03 02:22:34	StageB fair bundle=E-UK50_01__curric_d2_s3_seed1_24h seed=908 algorithm=VNS
2026-07-03 02:27:18	StageB fair bundle=E-UK50_01__curric_d2_s3_seed1_24h seed=908 algorithm=SA
2026-07-03 02:27:53	StageB fair bundle=E-UK50_01__curric_d2_s3_seed1_24h seed=908 algorithm=GWO
2026-07-03 02:42:53	StageB fair bundle=E-UK50_01__curric_d2_s3_seed1_24h seed=908 algorithm=ACO
2026-07-03 02:48:28	StageB fair bundle=E-UK50_01__curric_d2_s3_seed1_24h seed=908 algorithm=IWD
2026-07-03 02:57:11	StageB fair bundle=E-UK50_01__curric_d2_s3_seed1_24h seed=909 algorithm=winner_kernel_true_repair_adaptive_q
2026-07-03 03:02:07	StageB fair bundle=E-UK50_01__curric_d2_s3_seed1_24h seed=909 algorithm=GA
2026-07-03 03:03:57	StageB fair bundle=E-UK50_01__curric_d2_s3_seed1_24h seed=909 algorithm=VNS
2026-07-03 03:09:02	StageB fair bundle=E-UK50_01__curric_d2_s3_seed1_24h seed=909 algorithm=SA
2026-07-03 03:09:48	StageB fair bundle=E-UK50_01__curric_d2_s3_seed1_24h seed=909 algorithm=GWO
2026-07-03 03:24:48	StageB fair bundle=E-UK50_01__curric_d2_s3_seed1_24h seed=909 algorithm=ACO
2026-07-03 03:30:47	StageB fair bundle=E-UK50_01__curric_d2_s3_seed1_24h seed=909 algorithm=IWD
2026-07-03 03:39:36	StageB fair bundle=E-UK50_01__curric_d2_s3_seed1_24h seed=910 algorithm=winner_kernel_true_repair_adaptive_q
2026-07-03 03:46:45	StageB fair bundle=E-UK50_01__curric_d2_s3_seed1_24h seed=910 algorithm=GA
2026-07-03 03:48:33	StageB fair bundle=E-UK50_01__curric_d2_s3_seed1_24h seed=910 algorithm=VNS
2026-07-03 03:53:26	StageB fair bundle=E-UK50_01__curric_d2_s3_seed1_24h seed=910 algorithm=SA
2026-07-03 03:54:08	StageB fair bundle=E-UK50_01__curric_d2_s3_seed1_24h seed=910 algorithm=GWO
2026-07-03 04:08:23	StageB fair bundle=E-UK50_01__curric_d2_s3_seed1_24h seed=910 algorithm=ACO
2026-07-03 04:13:59	StageB fair bundle=E-UK50_01__curric_d2_s3_seed1_24h seed=910 algorithm=IWD
2026-07-03 04:22:17	StageB fair bundle=E-UK100_01__d2_s3_seed1_24h_20251113 seed=901 algorithm=winner_kernel_true_repair_adaptive_q
2026-07-03 05:41:56	Track21 reclaim start
2026-07-03 05:41:57	StageB fair bundle=E-UK100_01__d2_s3_seed1_24h_20251113 seed=901 algorithm=GA
2026-07-03 05:46:45	StageB fair bundle=E-UK100_01__d2_s3_seed1_24h_20251113 seed=901 algorithm=VNS
2026-07-03 06:00:04	StageB fair bundle=E-UK100_01__d2_s3_seed1_24h_20251113 seed=901 algorithm=SA
2026-07-03 06:00:46	StageB fair bundle=E-UK100_01__d2_s3_seed1_24h_20251113 seed=901 algorithm=GWO
2026-07-03 06:44:01	StageB fair bundle=E-UK100_01__d2_s3_seed1_24h_20251113 seed=901 algorithm=ACO
2026-07-03 07:01:29	StageB fair bundle=E-UK100_01__d2_s3_seed1_24h_20251113 seed=901 algorithm=IWD
2026-07-03 07:29:50	StageB fair bundle=E-UK100_01__d2_s3_seed1_24h_20251113 seed=902 algorithm=winner_kernel_true_repair_adaptive_q
2026-07-03 08:39:51	HALT HALT_100C_STILL_STARVED: 100c main method still starved on E-UK100_01__d2_s3_seed1_24h_20251113/seed902: eval_ratio=0.714375.
