2026-06-29 21:47:56	Pilot25 start
2026-06-29 21:47:57	Stage0 verdict=G0_PASS: absorption_complete=True, wiring_complete=True, train=80, val=16, test=12
2026-06-29 21:48:02	Stage1 verdict=HALT_NO_VALIDATION_GAIN: learned_strategy=aware, avg_validation_gain=0.000%, best_validation_gain=0.000%, threshold=3.000%, zero_violations=True
2026-06-29 21:48:05	Stage2 bundle 1/6 done
2026-06-29 21:48:09	Stage2 bundle 2/6 done
2026-06-29 21:48:13	Stage2 bundle 3/6 done
2026-06-29 21:48:17	Stage2 bundle 4/6 done
2026-06-29 21:48:20	Stage2 bundle 5/6 done
2026-06-29 21:48:24	Stage2 bundle 6/6 done
2026-06-29 21:48:24	Stage2 verdict=HALT_BOTH: dr_gain=0.000%, weak_field_gain=0.000%, stage1=HALT_NO_VALIDATION_GAIN, zero_violations=True, worker_ok=True
2026-06-29 21:49:33	Pilot25 start
2026-06-29 21:49:34	Stage0 verdict=G0_PASS: absorption_complete=True, wiring_complete=True, train=80, val=16, test=12
2026-06-29 21:49:39	Stage1 verdict=HALT_NO_VALIDATION_GAIN: learned_strategy=aware, avg_validation_gain=0.000%, best_validation_gain=0.000%, threshold=3.000%, zero_violations=True
2026-06-29 21:49:43	Stage2 bundle 1/6 done
2026-06-29 21:49:47	Stage2 bundle 2/6 done
2026-06-29 21:49:50	Stage2 bundle 3/6 done
2026-06-29 21:49:53	Stage2 bundle 4/6 done
2026-06-29 21:49:57	Stage2 bundle 5/6 done
2026-06-29 21:50:00	Stage2 bundle 6/6 done
2026-06-29 21:50:00	Stage2 verdict=PARTIAL_WIN_NO_DR: dr_gain=0.000%, weak_field_gain=28.080%, stage1=HALT_NO_VALIDATION_GAIN, zero_violations=True, worker_ok=True
2026-06-29 22:18:28	Pilot25 start
2026-06-29 22:18:29	Stage0 verdict=G0_PASS: absorption_complete=True, wiring_complete=True, train=250, val=30, test=30
2026-06-29 22:18:30	Stage1 validation initial bundle=models/data_bundle/generated_instances/pilot24_data_generalization/E-UK25_02__curric_d2_s3_seed25000_24h seed=301
2026-06-29 22:18:33	Stage1 validation initial bundle=models/data_bundle/generated_instances/pilot24_data_generalization/E-UK25_03__curric_d2_s3_seed25001_24h seed=301
2026-06-29 22:18:36	Stage1 validation initial bundle=models/data_bundle/generated_instances/pilot24_data_generalization/E-UK25_04__curric_d2_s3_seed25002_24h seed=301
2026-06-29 22:18:39	Stage1 validation initial bundle=models/data_bundle/generated_instances/pilot24_data_generalization/E-UK25_05__curric_d2_s3_seed25003_24h seed=301
2026-06-29 22:18:45	Stage1 validation initial bundle=models/data_bundle/generated_instances/pilot24_data_generalization/E-UK25_06__curric_d2_s3_seed25004_24h seed=301
2026-06-29 22:18:50	Stage1 validation initial bundle=models/data_bundle/generated_instances/pilot24_data_generalization/E-UK25_07__curric_d2_s3_seed25005_24h seed=301
2026-06-29 22:18:53	Stage1 validation initial bundle=models/data_bundle/generated_instances/pilot24_data_generalization/E-UK25_08__curric_d2_s3_seed25006_24h seed=301
2026-06-29 22:18:56	Stage1 validation initial bundle=models/data_bundle/generated_instances/pilot24_data_generalization/E-UK25_09__curric_d2_s3_seed25007_24h seed=301
2026-06-29 22:18:58	Stage1 validation initial bundle=models/data_bundle/generated_instances/pilot24_data_generalization/E-UK25_10__curric_d2_s3_seed25008_24h seed=301
2026-06-29 22:19:01	Stage1 validation initial bundle=models/data_bundle/generated_instances/pilot24_data_generalization/E-UK25_11__curric_d2_s3_seed25009_24h seed=301
2026-06-29 22:19:05	Stage1 validation initial bundle=models/data_bundle/generated_instances/pilot24_data_generalization/E-UK25_12__curric_d2_s3_seed25010_24h seed=301
2026-06-29 22:19:09	Stage1 validation initial bundle=models/data_bundle/generated_instances/pilot24_data_generalization/E-UK25_13__curric_d2_s3_seed25011_24h seed=301
2026-06-29 22:19:14	Stage1 validation initial bundle=models/data_bundle/generated_instances/pilot24_data_generalization/E-UK25_14__curric_d2_s3_seed25012_24h seed=301
2026-06-29 22:19:17	Stage1 validation initial bundle=models/data_bundle/generated_instances/pilot24_data_generalization/E-UK25_15__curric_d2_s3_seed25013_24h seed=301
2026-06-29 22:19:19	Stage1 validation initial bundle=models/data_bundle/generated_instances/pilot24_data_generalization/E-UK25_16__curric_d2_s3_seed25014_24h seed=301
2026-06-29 22:19:22	Stage1 validation initial bundle=models/data_bundle/generated_instances/pilot24_data_generalization/E-UK25_17__curric_d2_s3_seed25015_24h seed=301
2026-06-29 22:19:26	Stage1 validation initial bundle=models/data_bundle/generated_instances/pilot24_data_generalization/E-UK25_18__curric_d2_s3_seed25016_24h seed=301
2026-06-29 22:19:29	Stage1 validation initial bundle=models/data_bundle/generated_instances/pilot24_data_generalization/E-UK25_19__curric_d2_s3_seed25017_24h seed=301
2026-06-29 22:19:31	Stage1 validation initial bundle=models/data_bundle/generated_instances/pilot24_data_generalization/E-UK25_02__curric_d2_s3_seed25019_24h seed=301
2026-06-29 22:19:34	Stage1 validation initial bundle=models/data_bundle/generated_instances/pilot24_data_generalization/E-UK25_03__curric_d2_s3_seed25020_24h seed=301
2026-06-29 22:19:38	Stage1 validation initial bundle=models/data_bundle/generated_instances/pilot24_data_generalization/E-UK25_04__curric_d2_s3_seed25021_24h seed=301
2026-06-29 22:19:41	Stage1 validation initial bundle=models/data_bundle/generated_instances/pilot24_data_generalization/E-UK25_05__curric_d2_s3_seed25022_24h seed=301
2026-06-29 22:19:45	Stage1 validation initial bundle=models/data_bundle/generated_instances/pilot24_data_generalization/E-UK25_06__curric_d2_s3_seed25023_24h seed=301
2026-06-29 22:19:48	Stage1 validation initial bundle=models/data_bundle/generated_instances/pilot24_data_generalization/E-UK25_07__curric_d2_s3_seed25024_24h seed=301
2026-06-29 22:19:50	Stage1 validation initial bundle=models/data_bundle/generated_instances/pilot24_data_generalization/E-UK25_08__curric_d2_s3_seed25025_24h seed=301
2026-06-29 22:19:53	Stage1 validation initial bundle=models/data_bundle/generated_instances/pilot24_data_generalization/E-UK25_09__curric_d2_s3_seed25026_24h seed=301
2026-06-29 22:19:56	Stage1 validation initial bundle=models/data_bundle/generated_instances/pilot24_data_generalization/E-UK25_10__curric_d2_s3_seed25027_24h seed=301
2026-06-29 22:20:01	Stage1 validation initial bundle=models/data_bundle/generated_instances/pilot24_data_generalization/E-UK25_11__curric_d2_s3_seed25028_24h seed=301
2026-06-29 22:20:03	Stage1 validation initial bundle=models/data_bundle/generated_instances/pilot24_data_generalization/E-UK25_12__curric_d2_s3_seed25029_24h seed=301
2026-06-29 22:20:06	Stage1 validation initial bundle=models/data_bundle/generated_instances/pilot24_data_generalization/E-UK25_13__curric_d2_s3_seed25030_24h seed=301
2026-06-29 22:20:30	Stage1 update 0 group=0 lr=0.0001 kl=0.014435889199376106 val_gain=
2026-06-29 22:20:55	Stage1 update 1 group=1 lr=9.96386e-05 kl=0.010577468201518059 val_gain=
2026-06-29 22:21:19	Stage1 update 2 group=2 lr=9.92771e-05 kl=0.007862718775868416 val_gain=
2026-06-29 22:21:43	Stage1 update 3 group=3 lr=9.89157e-05 kl=0.007820997387170792 val_gain=
2026-06-29 22:22:13	Stage1 update 4 group=4 lr=9.85542e-05 kl=0.0078031886368989944 val_gain=
2026-06-29 22:22:42	Stage1 update 5 group=5 lr=9.81928e-05 kl=0.0061439163982868195 val_gain=
2026-06-29 22:23:05	Stage1 update 6 group=6 lr=9.78313e-05 kl=0.0031524617224931717 val_gain=
2026-06-29 22:23:31	Stage1 update 7 group=7 lr=9.74699e-05 kl=0.004074277356266975 val_gain=
2026-06-29 22:23:55	Stage1 update 8 group=8 lr=9.71084e-05 kl=0.005666837096214294 val_gain=
2026-06-29 22:24:20	Stage1 update 9 group=9 lr=9.6747e-05 kl=0.0017722882330417633 val_gain=
2026-06-29 22:24:42	Stage1 update 10 group=10 lr=9.63855e-05 kl=0.0029478929936885834 val_gain=
2026-06-29 22:25:08	Stage1 update 11 group=11 lr=9.60241e-05 kl=0.002283744513988495 val_gain=
2026-06-29 22:25:33	Stage1 update 12 group=12 lr=9.56627e-05 kl=0.004847213625907898 val_gain=
2026-06-29 22:26:01	Stage1 update 13 group=13 lr=9.53012e-05 kl=0.0022436007857322693 val_gain=
2026-06-29 22:26:26	Stage1 update 14 group=14 lr=9.49398e-05 kl=0.002946751192212105 val_gain=
2026-06-29 22:26:52	Stage1 update 15 group=15 lr=9.45783e-05 kl=0.0006139613687992096 val_gain=
2026-06-29 22:27:15	Stage1 update 16 group=16 lr=9.42169e-05 kl=0.00406377948820591 val_gain=
2026-06-29 22:27:39	Stage1 update 17 group=17 lr=9.38554e-05 kl=0.0016484949737787247 val_gain=
2026-06-29 22:28:03	Stage1 update 18 group=18 lr=9.3494e-05 kl=0.0012049395591020584 val_gain=
2026-06-29 22:28:28	Stage1 update 19 group=19 lr=9.31325e-05 kl=0.0008044932037591934 val_gain=
2026-06-29 22:28:54	Stage1 update 20 group=20 lr=9.27711e-05 kl=0.0007607564330101013 val_gain=
2026-06-29 22:29:19	Stage1 update 21 group=21 lr=9.24096e-05 kl=0.00283019058406353 val_gain=
2026-06-29 22:29:43	Stage1 update 22 group=22 lr=9.20482e-05 kl=0.002864215523004532 val_gain=
2026-06-29 22:30:08	Stage1 update 23 group=23 lr=9.16867e-05 kl=0.0023755617439746857 val_gain=
2026-06-29 22:30:35	Stage1 validation update_0025 bundle=models/data_bundle/generated_instances/pilot24_data_generalization/E-UK25_02__curric_d2_s3_seed25000_24h seed=301
2026-06-29 22:30:45	Stage1 validation update_0025 bundle=models/data_bundle/generated_instances/pilot24_data_generalization/E-UK25_03__curric_d2_s3_seed25001_24h seed=301
2026-06-29 22:30:56	Stage1 validation update_0025 bundle=models/data_bundle/generated_instances/pilot24_data_generalization/E-UK25_04__curric_d2_s3_seed25002_24h seed=301
2026-06-29 22:31:07	Stage1 validation update_0025 bundle=models/data_bundle/generated_instances/pilot24_data_generalization/E-UK25_05__curric_d2_s3_seed25003_24h seed=301
2026-06-29 22:31:15	Stage1 validation update_0025 bundle=models/data_bundle/generated_instances/pilot24_data_generalization/E-UK25_06__curric_d2_s3_seed25004_24h seed=301
2026-06-29 22:31:26	Stage1 validation update_0025 bundle=models/data_bundle/generated_instances/pilot24_data_generalization/E-UK25_07__curric_d2_s3_seed25005_24h seed=301
2026-06-29 22:31:36	Stage1 validation update_0025 bundle=models/data_bundle/generated_instances/pilot24_data_generalization/E-UK25_08__curric_d2_s3_seed25006_24h seed=301
2026-06-29 22:31:46	Stage1 validation update_0025 bundle=models/data_bundle/generated_instances/pilot24_data_generalization/E-UK25_09__curric_d2_s3_seed25007_24h seed=301
2026-06-29 22:31:54	Stage1 validation update_0025 bundle=models/data_bundle/generated_instances/pilot24_data_generalization/E-UK25_10__curric_d2_s3_seed25008_24h seed=301
2026-06-29 22:32:05	Stage1 validation update_0025 bundle=models/data_bundle/generated_instances/pilot24_data_generalization/E-UK25_11__curric_d2_s3_seed25009_24h seed=301
2026-06-29 22:32:16	Stage1 validation update_0025 bundle=models/data_bundle/generated_instances/pilot24_data_generalization/E-UK25_12__curric_d2_s3_seed25010_24h seed=301
2026-06-29 22:32:26	Stage1 validation update_0025 bundle=models/data_bundle/generated_instances/pilot24_data_generalization/E-UK25_13__curric_d2_s3_seed25011_24h seed=301
2026-06-29 22:32:38	Stage1 validation update_0025 bundle=models/data_bundle/generated_instances/pilot24_data_generalization/E-UK25_14__curric_d2_s3_seed25012_24h seed=301
2026-06-29 22:32:47	Stage1 validation update_0025 bundle=models/data_bundle/generated_instances/pilot24_data_generalization/E-UK25_15__curric_d2_s3_seed25013_24h seed=301
2026-06-29 22:32:51	Stage1 validation update_0025 bundle=models/data_bundle/generated_instances/pilot24_data_generalization/E-UK25_16__curric_d2_s3_seed25014_24h seed=301
2026-06-29 22:33:00	Stage1 validation update_0025 bundle=models/data_bundle/generated_instances/pilot24_data_generalization/E-UK25_17__curric_d2_s3_seed25015_24h seed=301
2026-06-29 22:33:10	Stage1 validation update_0025 bundle=models/data_bundle/generated_instances/pilot24_data_generalization/E-UK25_18__curric_d2_s3_seed25016_24h seed=301
2026-06-29 22:33:16	Stage1 validation update_0025 bundle=models/data_bundle/generated_instances/pilot24_data_generalization/E-UK25_19__curric_d2_s3_seed25017_24h seed=301
2026-06-29 22:33:28	Stage1 validation update_0025 bundle=models/data_bundle/generated_instances/pilot24_data_generalization/E-UK25_02__curric_d2_s3_seed25019_24h seed=301
2026-06-29 22:33:38	Stage1 validation update_0025 bundle=models/data_bundle/generated_instances/pilot24_data_generalization/E-UK25_03__curric_d2_s3_seed25020_24h seed=301
2026-06-29 22:33:50	Stage1 validation update_0025 bundle=models/data_bundle/generated_instances/pilot24_data_generalization/E-UK25_04__curric_d2_s3_seed25021_24h seed=301
2026-06-29 22:34:02	Stage1 validation update_0025 bundle=models/data_bundle/generated_instances/pilot24_data_generalization/E-UK25_05__curric_d2_s3_seed25022_24h seed=301
2026-06-29 22:34:14	Stage1 validation update_0025 bundle=models/data_bundle/generated_instances/pilot24_data_generalization/E-UK25_06__curric_d2_s3_seed25023_24h seed=301
2026-06-29 22:34:25	Stage1 validation update_0025 bundle=models/data_bundle/generated_instances/pilot24_data_generalization/E-UK25_07__curric_d2_s3_seed25024_24h seed=301
2026-06-29 22:34:36	Stage1 validation update_0025 bundle=models/data_bundle/generated_instances/pilot24_data_generalization/E-UK25_08__curric_d2_s3_seed25025_24h seed=301
2026-06-29 22:34:46	Stage1 validation update_0025 bundle=models/data_bundle/generated_instances/pilot24_data_generalization/E-UK25_09__curric_d2_s3_seed25026_24h seed=301
2026-06-29 22:34:53	Stage1 validation update_0025 bundle=models/data_bundle/generated_instances/pilot24_data_generalization/E-UK25_10__curric_d2_s3_seed25027_24h seed=301
2026-06-29 22:35:00	Stage1 validation update_0025 bundle=models/data_bundle/generated_instances/pilot24_data_generalization/E-UK25_11__curric_d2_s3_seed25028_24h seed=301
2026-06-29 22:35:10	Stage1 validation update_0025 bundle=models/data_bundle/generated_instances/pilot24_data_generalization/E-UK25_12__curric_d2_s3_seed25029_24h seed=301
2026-06-29 22:35:22	Stage1 validation update_0025 bundle=models/data_bundle/generated_instances/pilot24_data_generalization/E-UK25_13__curric_d2_s3_seed25030_24h seed=301
2026-06-29 22:35:33	Stage1 update 24 group=24 lr=9.13253e-05 kl=0.001343216747045517 val_gain=1.132707315162288
2026-06-29 22:35:33	Stage1 checkpoint solver\reports\dr_alns_ppo_v3_block_dr_alns\async_pilot\pilot25_endgame\checkpoints\pilot24_learned_destroy_update_0025.pt
2026-06-29 22:35:57	Stage1 update 25 group=25 lr=9.09639e-05 kl=0.0017941799014806747 val_gain=
2026-06-29 22:36:26	Stage1 update 26 group=26 lr=9.06024e-05 kl=0.0020982883870601654 val_gain=
2026-06-29 22:36:52	Stage1 update 27 group=27 lr=9.0241e-05 kl=0.001553211361169815 val_gain=
2026-06-29 22:37:16	Stage1 update 28 group=28 lr=8.98795e-05 kl=0.0036313775926828384 val_gain=
2026-06-29 22:37:41	Stage1 update 29 group=29 lr=8.95181e-05 kl=0.0012807641178369522 val_gain=
2026-06-29 22:38:07	Stage1 update 30 group=30 lr=8.91566e-05 kl=0.0042216721922159195 val_gain=
2026-06-29 22:38:33	Stage1 update 31 group=31 lr=8.87952e-05 kl=0.0021520573645830154 val_gain=
2026-06-29 22:38:54	Stage1 update 32 group=32 lr=8.84337e-05 kl=0.002247549593448639 val_gain=
2026-06-29 22:39:18	Stage1 update 33 group=33 lr=8.80723e-05 kl=0.002138255164027214 val_gain=
2026-06-29 22:39:43	Stage1 update 34 group=34 lr=8.77108e-05 kl=0.003097774460911751 val_gain=
2026-06-29 22:40:06	Stage1 update 35 group=35 lr=8.73494e-05 kl=0.002331821247935295 val_gain=
2026-06-29 22:40:30	Stage1 update 36 group=36 lr=8.6988e-05 kl=0.003599395975470543 val_gain=
2026-06-29 22:40:54	Stage1 update 37 group=37 lr=8.66265e-05 kl=0.0018583815544843674 val_gain=
2026-06-29 22:41:17	Stage1 update 38 group=38 lr=8.62651e-05 kl=0.0016992352902889252 val_gain=
2026-06-29 22:41:40	Stage1 update 39 group=39 lr=8.59036e-05 kl=0.001536589115858078 val_gain=
2026-06-29 22:42:04	Stage1 update 40 group=40 lr=8.55422e-05 kl=0.0008903574198484421 val_gain=
2026-06-29 22:42:27	Stage1 update 41 group=41 lr=8.51807e-05 kl=0.0017363820225000381 val_gain=
2026-06-29 22:42:56	Stage1 update 42 group=42 lr=8.48193e-05 kl=0.0016166884452104568 val_gain=
2026-06-29 22:43:21	Stage1 update 43 group=43 lr=8.44578e-05 kl=0.0010743048042058945 val_gain=
2026-06-29 22:43:48	Stage1 update 44 group=44 lr=8.40964e-05 kl=0.002016831189393997 val_gain=
2026-06-29 22:44:10	Stage1 update 45 group=45 lr=8.37349e-05 kl=0.0019825994968414307 val_gain=
2026-06-29 22:44:36	Stage1 update 46 group=46 lr=8.33735e-05 kl=0.0023183804005384445 val_gain=
2026-06-29 22:45:01	Stage1 update 47 group=47 lr=8.3012e-05 kl=0.002429116517305374 val_gain=
2026-06-29 22:45:29	Stage1 update 48 group=48 lr=8.26506e-05 kl=0.0020520053803920746 val_gain=
2026-06-29 22:45:53	Stage1 validation update_0050 bundle=models/data_bundle/generated_instances/pilot24_data_generalization/E-UK25_02__curric_d2_s3_seed25000_24h seed=301
2026-06-29 22:46:03	Stage1 validation update_0050 bundle=models/data_bundle/generated_instances/pilot24_data_generalization/E-UK25_03__curric_d2_s3_seed25001_24h seed=301
2026-06-29 22:46:12	Stage1 validation update_0050 bundle=models/data_bundle/generated_instances/pilot24_data_generalization/E-UK25_04__curric_d2_s3_seed25002_24h seed=301
2026-06-29 22:46:15	Stage1 validation update_0050 bundle=models/data_bundle/generated_instances/pilot24_data_generalization/E-UK25_05__curric_d2_s3_seed25003_24h seed=301
2026-06-29 22:46:18	Stage1 validation update_0050 bundle=models/data_bundle/generated_instances/pilot24_data_generalization/E-UK25_06__curric_d2_s3_seed25004_24h seed=301
2026-06-29 22:46:30	Stage1 validation update_0050 bundle=models/data_bundle/generated_instances/pilot24_data_generalization/E-UK25_07__curric_d2_s3_seed25005_24h seed=301
2026-06-29 22:46:37	Stage1 validation update_0050 bundle=models/data_bundle/generated_instances/pilot24_data_generalization/E-UK25_08__curric_d2_s3_seed25006_24h seed=301
2026-06-29 22:46:44	Stage1 validation update_0050 bundle=models/data_bundle/generated_instances/pilot24_data_generalization/E-UK25_09__curric_d2_s3_seed25007_24h seed=301
2026-06-29 22:46:51	Stage1 validation update_0050 bundle=models/data_bundle/generated_instances/pilot24_data_generalization/E-UK25_10__curric_d2_s3_seed25008_24h seed=301
2026-06-29 22:47:02	Stage1 validation update_0050 bundle=models/data_bundle/generated_instances/pilot24_data_generalization/E-UK25_11__curric_d2_s3_seed25009_24h seed=301
2026-06-29 22:47:11	Stage1 validation update_0050 bundle=models/data_bundle/generated_instances/pilot24_data_generalization/E-UK25_12__curric_d2_s3_seed25010_24h seed=301
2026-06-29 22:47:19	Stage1 validation update_0050 bundle=models/data_bundle/generated_instances/pilot24_data_generalization/E-UK25_13__curric_d2_s3_seed25011_24h seed=301
2026-06-29 22:47:31	Stage1 validation update_0050 bundle=models/data_bundle/generated_instances/pilot24_data_generalization/E-UK25_14__curric_d2_s3_seed25012_24h seed=301
2026-06-29 22:47:37	Stage1 validation update_0050 bundle=models/data_bundle/generated_instances/pilot24_data_generalization/E-UK25_15__curric_d2_s3_seed25013_24h seed=301
2026-06-29 22:47:40	Stage1 validation update_0050 bundle=models/data_bundle/generated_instances/pilot24_data_generalization/E-UK25_16__curric_d2_s3_seed25014_24h seed=301
2026-06-29 22:47:43	Stage1 validation update_0050 bundle=models/data_bundle/generated_instances/pilot24_data_generalization/E-UK25_17__curric_d2_s3_seed25015_24h seed=301
2026-06-29 22:47:52	Stage1 validation update_0050 bundle=models/data_bundle/generated_instances/pilot24_data_generalization/E-UK25_18__curric_d2_s3_seed25016_24h seed=301
2026-06-29 22:47:54	Stage1 validation update_0050 bundle=models/data_bundle/generated_instances/pilot24_data_generalization/E-UK25_19__curric_d2_s3_seed25017_24h seed=301
2026-06-29 22:47:58	Stage1 validation update_0050 bundle=models/data_bundle/generated_instances/pilot24_data_generalization/E-UK25_02__curric_d2_s3_seed25019_24h seed=301
2026-06-29 22:48:05	Stage1 validation update_0050 bundle=models/data_bundle/generated_instances/pilot24_data_generalization/E-UK25_03__curric_d2_s3_seed25020_24h seed=301
2026-06-29 22:48:11	Stage1 validation update_0050 bundle=models/data_bundle/generated_instances/pilot24_data_generalization/E-UK25_04__curric_d2_s3_seed25021_24h seed=301
2026-06-29 22:48:14	Stage1 validation update_0050 bundle=models/data_bundle/generated_instances/pilot24_data_generalization/E-UK25_05__curric_d2_s3_seed25022_24h seed=301
2026-06-29 22:48:25	Stage1 validation update_0050 bundle=models/data_bundle/generated_instances/pilot24_data_generalization/E-UK25_06__curric_d2_s3_seed25023_24h seed=301
2026-06-29 22:48:34	Stage1 validation update_0050 bundle=models/data_bundle/generated_instances/pilot24_data_generalization/E-UK25_07__curric_d2_s3_seed25024_24h seed=301
2026-06-29 22:48:44	Stage1 validation update_0050 bundle=models/data_bundle/generated_instances/pilot24_data_generalization/E-UK25_08__curric_d2_s3_seed25025_24h seed=301
2026-06-29 22:48:54	Stage1 validation update_0050 bundle=models/data_bundle/generated_instances/pilot24_data_generalization/E-UK25_09__curric_d2_s3_seed25026_24h seed=301
2026-06-29 22:48:56	Stage1 validation update_0050 bundle=models/data_bundle/generated_instances/pilot24_data_generalization/E-UK25_10__curric_d2_s3_seed25027_24h seed=301
2026-06-29 22:49:05	Stage1 validation update_0050 bundle=models/data_bundle/generated_instances/pilot24_data_generalization/E-UK25_11__curric_d2_s3_seed25028_24h seed=301
2026-06-29 22:49:14	Stage1 validation update_0050 bundle=models/data_bundle/generated_instances/pilot24_data_generalization/E-UK25_12__curric_d2_s3_seed25029_24h seed=301
2026-06-29 22:49:23	Stage1 validation update_0050 bundle=models/data_bundle/generated_instances/pilot24_data_generalization/E-UK25_13__curric_d2_s3_seed25030_24h seed=301
2026-06-29 22:49:34	Stage1 update 49 group=49 lr=8.22892e-05 kl=0.0033010821789503098 val_gain=-0.22136869475715168
2026-06-29 22:49:34	Stage1 checkpoint solver\reports\dr_alns_ppo_v3_block_dr_alns\async_pilot\pilot25_endgame\checkpoints\pilot24_learned_destroy_update_0050.pt
2026-06-29 22:49:57	Stage1 update 50 group=50 lr=8.19277e-05 kl=0.0023460648953914642 val_gain=
2026-06-29 22:50:21	Stage1 update 51 group=51 lr=8.15663e-05 kl=0.0017877835780382156 val_gain=
2026-06-29 22:50:48	Stage1 update 52 group=52 lr=8.12048e-05 kl=0.0009451638907194138 val_gain=
2026-06-29 22:51:12	Stage1 update 53 group=53 lr=8.08434e-05 kl=0.0009031742811203003 val_gain=
2026-06-29 22:51:36	Stage1 update 54 group=54 lr=8.04819e-05 kl=0.001025298610329628 val_gain=
2026-06-29 22:52:01	Stage1 update 55 group=55 lr=8.01205e-05 kl=0.001745874062180519 val_gain=
2026-06-29 22:52:24	Stage1 update 56 group=56 lr=7.9759e-05 kl=0.0022996515035629272 val_gain=
2026-06-29 22:52:50	Stage1 update 57 group=57 lr=7.93976e-05 kl=0.0011292807757854462 val_gain=
2026-06-29 22:53:20	Stage1 update 58 group=58 lr=7.90361e-05 kl=0.0024237222969532013 val_gain=
2026-06-29 22:53:45	Stage1 update 59 group=59 lr=7.86747e-05 kl=0.001088825985789299 val_gain=
2026-06-29 22:54:11	Stage1 update 60 group=60 lr=7.83133e-05 kl=0.0009240508079528809 val_gain=
2026-06-29 22:54:36	Stage1 update 61 group=61 lr=7.79518e-05 kl=0.0010675806552171707 val_gain=
2026-06-29 22:55:03	Stage1 update 62 group=62 lr=7.75904e-05 kl=0.002492634579539299 val_gain=
2026-06-29 22:55:30	Stage1 update 63 group=63 lr=7.72289e-05 kl=0.0013846904039382935 val_gain=
2026-06-29 22:55:59	Stage1 update 64 group=64 lr=7.68675e-05 kl=0.0008551683276891708 val_gain=
2026-06-29 22:56:25	Stage1 update 65 group=65 lr=7.6506e-05 kl=0.0015257932245731354 val_gain=
2026-06-29 22:56:49	Stage1 update 66 group=66 lr=7.61446e-05 kl=0.0009994469583034515 val_gain=
2026-06-29 22:57:13	Stage1 update 67 group=67 lr=7.57831e-05 kl=0.0017091687768697739 val_gain=
2026-06-29 22:57:40	Stage1 update 68 group=68 lr=7.54217e-05 kl=0.001973884180188179 val_gain=
2026-06-29 22:58:08	Stage1 update 69 group=69 lr=7.50602e-05 kl=0.0023616068065166473 val_gain=
2026-06-29 22:58:34	Stage1 update 70 group=70 lr=7.46988e-05 kl=0.0023080632090568542 val_gain=
2026-06-29 22:58:59	Stage1 update 71 group=71 lr=7.43373e-05 kl=0.001390550285577774 val_gain=
2026-06-29 22:59:26	Stage1 update 72 group=72 lr=7.39759e-05 kl=0.0032381974160671234 val_gain=
2026-06-29 22:59:52	Stage1 update 73 group=73 lr=7.36145e-05 kl=0.0011763852089643478 val_gain=
2026-06-29 23:00:18	Stage1 validation update_0075 bundle=models/data_bundle/generated_instances/pilot24_data_generalization/E-UK25_02__curric_d2_s3_seed25000_24h seed=301
2026-06-29 23:00:29	Stage1 validation update_0075 bundle=models/data_bundle/generated_instances/pilot24_data_generalization/E-UK25_03__curric_d2_s3_seed25001_24h seed=301
2026-06-29 23:00:38	Stage1 validation update_0075 bundle=models/data_bundle/generated_instances/pilot24_data_generalization/E-UK25_04__curric_d2_s3_seed25002_24h seed=301
2026-06-29 23:00:49	Stage1 validation update_0075 bundle=models/data_bundle/generated_instances/pilot24_data_generalization/E-UK25_05__curric_d2_s3_seed25003_24h seed=301
2026-06-29 23:01:01	Stage1 validation update_0075 bundle=models/data_bundle/generated_instances/pilot24_data_generalization/E-UK25_06__curric_d2_s3_seed25004_24h seed=301
2026-06-29 23:01:12	Stage1 validation update_0075 bundle=models/data_bundle/generated_instances/pilot24_data_generalization/E-UK25_07__curric_d2_s3_seed25005_24h seed=301
2026-06-29 23:01:22	Stage1 validation update_0075 bundle=models/data_bundle/generated_instances/pilot24_data_generalization/E-UK25_08__curric_d2_s3_seed25006_24h seed=301
2026-06-29 23:01:33	Stage1 validation update_0075 bundle=models/data_bundle/generated_instances/pilot24_data_generalization/E-UK25_09__curric_d2_s3_seed25007_24h seed=301
2026-06-29 23:01:41	Stage1 validation update_0075 bundle=models/data_bundle/generated_instances/pilot24_data_generalization/E-UK25_10__curric_d2_s3_seed25008_24h seed=301
2026-06-29 23:01:51	Stage1 validation update_0075 bundle=models/data_bundle/generated_instances/pilot24_data_generalization/E-UK25_11__curric_d2_s3_seed25009_24h seed=301
2026-06-29 23:02:00	Stage1 validation update_0075 bundle=models/data_bundle/generated_instances/pilot24_data_generalization/E-UK25_12__curric_d2_s3_seed25010_24h seed=301
2026-06-29 23:02:08	Stage1 validation update_0075 bundle=models/data_bundle/generated_instances/pilot24_data_generalization/E-UK25_13__curric_d2_s3_seed25011_24h seed=301
2026-06-29 23:02:18	Stage1 validation update_0075 bundle=models/data_bundle/generated_instances/pilot24_data_generalization/E-UK25_14__curric_d2_s3_seed25012_24h seed=301
2026-06-29 23:02:30	Stage1 validation update_0075 bundle=models/data_bundle/generated_instances/pilot24_data_generalization/E-UK25_15__curric_d2_s3_seed25013_24h seed=301
2026-06-29 23:02:40	Stage1 validation update_0075 bundle=models/data_bundle/generated_instances/pilot24_data_generalization/E-UK25_16__curric_d2_s3_seed25014_24h seed=301
2026-06-29 23:02:49	Stage1 validation update_0075 bundle=models/data_bundle/generated_instances/pilot24_data_generalization/E-UK25_17__curric_d2_s3_seed25015_24h seed=301
2026-06-29 23:02:58	Stage1 validation update_0075 bundle=models/data_bundle/generated_instances/pilot24_data_generalization/E-UK25_18__curric_d2_s3_seed25016_24h seed=301
2026-06-29 23:03:08	Stage1 validation update_0075 bundle=models/data_bundle/generated_instances/pilot24_data_generalization/E-UK25_19__curric_d2_s3_seed25017_24h seed=301
2026-06-29 23:03:22	Stage1 validation update_0075 bundle=models/data_bundle/generated_instances/pilot24_data_generalization/E-UK25_02__curric_d2_s3_seed25019_24h seed=301
2026-06-29 23:03:34	Stage1 validation update_0075 bundle=models/data_bundle/generated_instances/pilot24_data_generalization/E-UK25_03__curric_d2_s3_seed25020_24h seed=301
2026-06-29 23:03:45	Stage1 validation update_0075 bundle=models/data_bundle/generated_instances/pilot24_data_generalization/E-UK25_04__curric_d2_s3_seed25021_24h seed=301
2026-06-29 23:03:57	Stage1 validation update_0075 bundle=models/data_bundle/generated_instances/pilot24_data_generalization/E-UK25_05__curric_d2_s3_seed25022_24h seed=301
2026-06-29 23:04:08	Stage1 validation update_0075 bundle=models/data_bundle/generated_instances/pilot24_data_generalization/E-UK25_06__curric_d2_s3_seed25023_24h seed=301
2026-06-29 23:04:17	Stage1 validation update_0075 bundle=models/data_bundle/generated_instances/pilot24_data_generalization/E-UK25_07__curric_d2_s3_seed25024_24h seed=301
2026-06-29 23:04:28	Stage1 validation update_0075 bundle=models/data_bundle/generated_instances/pilot24_data_generalization/E-UK25_08__curric_d2_s3_seed25025_24h seed=301
2026-06-29 23:04:39	Stage1 validation update_0075 bundle=models/data_bundle/generated_instances/pilot24_data_generalization/E-UK25_09__curric_d2_s3_seed25026_24h seed=301
2026-06-29 23:04:47	Stage1 validation update_0075 bundle=models/data_bundle/generated_instances/pilot24_data_generalization/E-UK25_10__curric_d2_s3_seed25027_24h seed=301
2026-06-29 23:04:55	Stage1 validation update_0075 bundle=models/data_bundle/generated_instances/pilot24_data_generalization/E-UK25_11__curric_d2_s3_seed25028_24h seed=301
2026-06-29 23:05:04	Stage1 validation update_0075 bundle=models/data_bundle/generated_instances/pilot24_data_generalization/E-UK25_12__curric_d2_s3_seed25029_24h seed=301
2026-06-29 23:05:13	Stage1 validation update_0075 bundle=models/data_bundle/generated_instances/pilot24_data_generalization/E-UK25_13__curric_d2_s3_seed25030_24h seed=301
2026-06-29 23:05:23	Stage1 update 74 group=74 lr=7.3253e-05 kl=0.001645674929022789 val_gain=-0.48088855582237144
2026-06-29 23:05:23	Stage1 checkpoint solver\reports\dr_alns_ppo_v3_block_dr_alns\async_pilot\pilot25_endgame\checkpoints\pilot24_learned_destroy_update_0075.pt
2026-06-29 23:05:52	Stage1 update 75 group=75 lr=7.28916e-05 kl=0.0022458303719758987 val_gain=
2026-06-29 23:06:18	Stage1 update 76 group=76 lr=7.25301e-05 kl=0.002936471253633499 val_gain=
2026-06-29 23:06:44	Stage1 update 77 group=77 lr=7.21687e-05 kl=0.0013684723526239395 val_gain=
2026-06-29 23:07:12	Stage1 update 78 group=78 lr=7.18072e-05 kl=0.0015371255576610565 val_gain=
2026-06-29 23:07:38	Stage1 update 79 group=79 lr=7.14458e-05 kl=0.0023993216454982758 val_gain=
2026-06-29 23:08:02	Stage1 update 80 group=80 lr=7.10843e-05 kl=0.0004920214414596558 val_gain=
2026-06-29 23:08:30	Stage1 update 81 group=81 lr=7.07229e-05 kl=0.003057200461626053 val_gain=
2026-06-29 23:08:56	Stage1 update 82 group=82 lr=7.03614e-05 kl=0.00499739870429039 val_gain=
2026-06-29 23:09:26	Stage1 update 83 group=83 lr=7e-05 kl=0.0013187862932682037 val_gain=
2026-06-29 23:09:54	Stage1 update 84 group=84 lr=6.96386e-05 kl=0.0017042867839336395 val_gain=
2026-06-29 23:10:21	Stage1 update 85 group=85 lr=6.92771e-05 kl=0.0014463774859905243 val_gain=
2026-06-29 23:10:52	Stage1 update 86 group=86 lr=6.89157e-05 kl=0.000744817778468132 val_gain=
2026-06-29 23:11:19	Stage1 update 87 group=87 lr=6.85542e-05 kl=0.001109810546040535 val_gain=
2026-06-29 23:11:46	Stage1 update 88 group=88 lr=6.81928e-05 kl=0.001335345208644867 val_gain=
2026-06-29 23:12:11	Stage1 update 89 group=89 lr=6.78313e-05 kl=0.00088481605052948 val_gain=
2026-06-29 23:12:37	Stage1 update 90 group=90 lr=6.74699e-05 kl=0.002653447911143303 val_gain=
2026-06-29 23:13:03	Stage1 update 91 group=91 lr=6.71084e-05 kl=0.0010569915175437927 val_gain=
2026-06-29 23:13:35	Stage1 update 92 group=92 lr=6.6747e-05 kl=0.001414705067873001 val_gain=
2026-06-29 23:14:05	Stage1 update 93 group=93 lr=6.63855e-05 kl=0.00106026791036129 val_gain=
2026-06-29 23:14:31	Stage1 update 94 group=94 lr=6.60241e-05 kl=0.0018821228295564651 val_gain=
2026-06-29 23:14:57	Stage1 update 95 group=95 lr=6.56627e-05 kl=0.001075398176908493 val_gain=
2026-06-29 23:15:23	Stage1 update 96 group=96 lr=6.53012e-05 kl=0.000948682427406311 val_gain=
2026-06-29 23:15:48	Stage1 update 97 group=97 lr=6.49398e-05 kl=0.0010402500629425049 val_gain=
2026-06-29 23:16:15	Stage1 update 98 group=98 lr=6.45783e-05 kl=0.0017403308302164078 val_gain=
2026-06-29 23:16:41	Stage1 validation update_0100 bundle=models/data_bundle/generated_instances/pilot24_data_generalization/E-UK25_02__curric_d2_s3_seed25000_24h seed=301
2026-06-29 23:16:50	Stage1 validation update_0100 bundle=models/data_bundle/generated_instances/pilot24_data_generalization/E-UK25_03__curric_d2_s3_seed25001_24h seed=301
2026-06-29 23:16:59	Stage1 validation update_0100 bundle=models/data_bundle/generated_instances/pilot24_data_generalization/E-UK25_04__curric_d2_s3_seed25002_24h seed=301
2026-06-29 23:17:10	Stage1 validation update_0100 bundle=models/data_bundle/generated_instances/pilot24_data_generalization/E-UK25_05__curric_d2_s3_seed25003_24h seed=301
2026-06-29 23:17:20	Stage1 validation update_0100 bundle=models/data_bundle/generated_instances/pilot24_data_generalization/E-UK25_06__curric_d2_s3_seed25004_24h seed=301
2026-06-29 23:17:30	Stage1 validation update_0100 bundle=models/data_bundle/generated_instances/pilot24_data_generalization/E-UK25_07__curric_d2_s3_seed25005_24h seed=301
2026-06-29 23:17:40	Stage1 validation update_0100 bundle=models/data_bundle/generated_instances/pilot24_data_generalization/E-UK25_08__curric_d2_s3_seed25006_24h seed=301
2026-06-29 23:17:50	Stage1 validation update_0100 bundle=models/data_bundle/generated_instances/pilot24_data_generalization/E-UK25_09__curric_d2_s3_seed25007_24h seed=301
2026-06-29 23:17:59	Stage1 validation update_0100 bundle=models/data_bundle/generated_instances/pilot24_data_generalization/E-UK25_10__curric_d2_s3_seed25008_24h seed=301
2026-06-29 23:18:10	Stage1 validation update_0100 bundle=models/data_bundle/generated_instances/pilot24_data_generalization/E-UK25_11__curric_d2_s3_seed25009_24h seed=301
2026-06-29 23:18:19	Stage1 validation update_0100 bundle=models/data_bundle/generated_instances/pilot24_data_generalization/E-UK25_12__curric_d2_s3_seed25010_24h seed=301
2026-06-29 23:18:39	Stage1 validation update_0100 bundle=models/data_bundle/generated_instances/pilot24_data_generalization/E-UK25_13__curric_d2_s3_seed25011_24h seed=301
2026-06-29 23:18:49	Stage1 validation update_0100 bundle=models/data_bundle/generated_instances/pilot24_data_generalization/E-UK25_14__curric_d2_s3_seed25012_24h seed=301
2026-06-29 23:19:01	Stage1 validation update_0100 bundle=models/data_bundle/generated_instances/pilot24_data_generalization/E-UK25_15__curric_d2_s3_seed25013_24h seed=301
2026-06-29 23:19:11	Stage1 validation update_0100 bundle=models/data_bundle/generated_instances/pilot24_data_generalization/E-UK25_16__curric_d2_s3_seed25014_24h seed=301
2026-06-29 23:19:21	Stage1 validation update_0100 bundle=models/data_bundle/generated_instances/pilot24_data_generalization/E-UK25_17__curric_d2_s3_seed25015_24h seed=301
2026-06-29 23:19:31	Stage1 validation update_0100 bundle=models/data_bundle/generated_instances/pilot24_data_generalization/E-UK25_18__curric_d2_s3_seed25016_24h seed=301
2026-06-29 23:19:42	Stage1 validation update_0100 bundle=models/data_bundle/generated_instances/pilot24_data_generalization/E-UK25_19__curric_d2_s3_seed25017_24h seed=301
2026-06-29 23:20:01	Stage1 validation update_0100 bundle=models/data_bundle/generated_instances/pilot24_data_generalization/E-UK25_02__curric_d2_s3_seed25019_24h seed=301
2026-06-29 23:20:13	Stage1 validation update_0100 bundle=models/data_bundle/generated_instances/pilot24_data_generalization/E-UK25_03__curric_d2_s3_seed25020_24h seed=301
2026-06-29 23:20:24	Stage1 validation update_0100 bundle=models/data_bundle/generated_instances/pilot24_data_generalization/E-UK25_04__curric_d2_s3_seed25021_24h seed=301
2026-06-29 23:20:36	Stage1 validation update_0100 bundle=models/data_bundle/generated_instances/pilot24_data_generalization/E-UK25_05__curric_d2_s3_seed25022_24h seed=301
2026-06-29 23:20:47	Stage1 validation update_0100 bundle=models/data_bundle/generated_instances/pilot24_data_generalization/E-UK25_06__curric_d2_s3_seed25023_24h seed=301
2026-06-29 23:20:56	Stage1 validation update_0100 bundle=models/data_bundle/generated_instances/pilot24_data_generalization/E-UK25_07__curric_d2_s3_seed25024_24h seed=301
2026-06-29 23:21:08	Stage1 validation update_0100 bundle=models/data_bundle/generated_instances/pilot24_data_generalization/E-UK25_08__curric_d2_s3_seed25025_24h seed=301
2026-06-29 23:21:18	Stage1 validation update_0100 bundle=models/data_bundle/generated_instances/pilot24_data_generalization/E-UK25_09__curric_d2_s3_seed25026_24h seed=301
2026-06-29 23:21:26	Stage1 validation update_0100 bundle=models/data_bundle/generated_instances/pilot24_data_generalization/E-UK25_10__curric_d2_s3_seed25027_24h seed=301
2026-06-29 23:21:32	Stage1 validation update_0100 bundle=models/data_bundle/generated_instances/pilot24_data_generalization/E-UK25_11__curric_d2_s3_seed25028_24h seed=301
2026-06-29 23:21:42	Stage1 validation update_0100 bundle=models/data_bundle/generated_instances/pilot24_data_generalization/E-UK25_12__curric_d2_s3_seed25029_24h seed=301
2026-06-29 23:21:59	Stage1 validation update_0100 bundle=models/data_bundle/generated_instances/pilot24_data_generalization/E-UK25_13__curric_d2_s3_seed25030_24h seed=301
2026-06-29 23:22:10	Stage1 update 99 group=99 lr=6.42169e-05 kl=0.0026695802807807922 val_gain=0.06703453504855748
2026-06-29 23:22:10	Stage1 checkpoint solver\reports\dr_alns_ppo_v3_block_dr_alns\async_pilot\pilot25_endgame\checkpoints\pilot24_learned_destroy_update_0100.pt
2026-06-29 23:22:34	Stage1 update 100 group=100 lr=6.38554e-05 kl=0.0012071188539266586 val_gain=
2026-06-29 23:22:59	Stage1 update 101 group=101 lr=6.3494e-05 kl=0.0013245455920696259 val_gain=
2026-06-29 23:23:29	Stage1 update 102 group=102 lr=6.31325e-05 kl=0.002460099756717682 val_gain=
2026-06-29 23:23:54	Stage1 update 103 group=103 lr=6.27711e-05 kl=0.005045456811785698 val_gain=
2026-06-29 23:24:26	Stage1 update 104 group=104 lr=6.24096e-05 kl=0.001468481495976448 val_gain=
2026-06-29 23:24:54	Stage1 update 105 group=105 lr=6.20482e-05 kl=0.0011408794671297073 val_gain=
2026-06-29 23:25:20	Stage1 update 106 group=106 lr=6.16867e-05 kl=0.0008141361176967621 val_gain=
2026-06-29 23:25:47	Stage1 update 107 group=107 lr=6.13253e-05 kl=0.001149255782365799 val_gain=
2026-06-29 23:26:13	Stage1 update 108 group=108 lr=6.09639e-05 kl=0.00386996753513813 val_gain=
2026-06-29 23:26:39	Stage1 update 109 group=109 lr=6.06024e-05 kl=0.0012925229966640472 val_gain=
2026-06-29 23:27:09	Stage1 update 110 group=110 lr=6.0241e-05 kl=0.0008585695177316666 val_gain=
2026-06-29 23:27:37	Stage1 update 111 group=111 lr=5.98795e-05 kl=0.0009444002062082291 val_gain=
2026-06-29 23:28:03	Stage1 update 112 group=112 lr=5.95181e-05 kl=0.0014823991805315018 val_gain=
2026-06-29 23:28:28	Stage1 update 113 group=113 lr=5.91566e-05 kl=0.0016541071236133575 val_gain=
2026-06-29 23:28:58	Stage1 update 114 group=114 lr=5.87952e-05 kl=0.0017676670104265213 val_gain=
2026-06-29 23:29:23	Stage1 update 115 group=115 lr=5.84337e-05 kl=0.0010663047432899475 val_gain=
2026-06-29 23:29:51	Stage1 update 116 group=116 lr=5.80723e-05 kl=0.0011882055550813675 val_gain=
2026-06-29 23:30:19	Stage1 update 117 group=117 lr=5.77108e-05 kl=0.0008397698402404785 val_gain=
2026-06-29 23:30:47	Stage1 update 118 group=118 lr=5.73494e-05 kl=0.0007797926664352417 val_gain=
2026-06-29 23:31:13	Stage1 update 119 group=119 lr=5.6988e-05 kl=0.0005796179175376892 val_gain=
2026-06-29 23:31:39	Stage1 update 120 group=120 lr=5.66265e-05 kl=0.0019359197467565536 val_gain=
2026-06-29 23:32:03	Stage1 update 121 group=121 lr=5.62651e-05 kl=0.0018210504204034805 val_gain=
2026-06-29 23:32:29	Stage1 update 122 group=122 lr=5.59036e-05 kl=0.0023262575268745422 val_gain=
2026-06-29 23:32:55	Stage1 update 123 group=123 lr=5.55422e-05 kl=0.0008262656629085541 val_gain=
2026-06-29 23:33:20	Stage1 validation update_0125 bundle=models/data_bundle/generated_instances/pilot24_data_generalization/E-UK25_02__curric_d2_s3_seed25000_24h seed=301
2026-06-29 23:33:29	Stage1 validation update_0125 bundle=models/data_bundle/generated_instances/pilot24_data_generalization/E-UK25_03__curric_d2_s3_seed25001_24h seed=301
2026-06-29 23:33:39	Stage1 validation update_0125 bundle=models/data_bundle/generated_instances/pilot24_data_generalization/E-UK25_04__curric_d2_s3_seed25002_24h seed=301
2026-06-29 23:33:49	Stage1 validation update_0125 bundle=models/data_bundle/generated_instances/pilot24_data_generalization/E-UK25_05__curric_d2_s3_seed25003_24h seed=301
2026-06-29 23:33:59	Stage1 validation update_0125 bundle=models/data_bundle/generated_instances/pilot24_data_generalization/E-UK25_06__curric_d2_s3_seed25004_24h seed=301
2026-06-29 23:34:09	Stage1 validation update_0125 bundle=models/data_bundle/generated_instances/pilot24_data_generalization/E-UK25_07__curric_d2_s3_seed25005_24h seed=301
2026-06-29 23:34:19	Stage1 validation update_0125 bundle=models/data_bundle/generated_instances/pilot24_data_generalization/E-UK25_08__curric_d2_s3_seed25006_24h seed=301
2026-06-29 23:34:30	Stage1 validation update_0125 bundle=models/data_bundle/generated_instances/pilot24_data_generalization/E-UK25_09__curric_d2_s3_seed25007_24h seed=301
2026-06-29 23:34:38	Stage1 validation update_0125 bundle=models/data_bundle/generated_instances/pilot24_data_generalization/E-UK25_10__curric_d2_s3_seed25008_24h seed=301
2026-06-29 23:34:49	Stage1 validation update_0125 bundle=models/data_bundle/generated_instances/pilot24_data_generalization/E-UK25_11__curric_d2_s3_seed25009_24h seed=301
2026-06-29 23:34:57	Stage1 validation update_0125 bundle=models/data_bundle/generated_instances/pilot24_data_generalization/E-UK25_12__curric_d2_s3_seed25010_24h seed=301
2026-06-29 23:35:05	Stage1 validation update_0125 bundle=models/data_bundle/generated_instances/pilot24_data_generalization/E-UK25_13__curric_d2_s3_seed25011_24h seed=301
2026-06-29 23:35:17	Stage1 validation update_0125 bundle=models/data_bundle/generated_instances/pilot24_data_generalization/E-UK25_14__curric_d2_s3_seed25012_24h seed=301
2026-06-29 23:35:27	Stage1 validation update_0125 bundle=models/data_bundle/generated_instances/pilot24_data_generalization/E-UK25_15__curric_d2_s3_seed25013_24h seed=301
2026-06-29 23:35:37	Stage1 validation update_0125 bundle=models/data_bundle/generated_instances/pilot24_data_generalization/E-UK25_16__curric_d2_s3_seed25014_24h seed=301
2026-06-29 23:35:46	Stage1 validation update_0125 bundle=models/data_bundle/generated_instances/pilot24_data_generalization/E-UK25_17__curric_d2_s3_seed25015_24h seed=301
2026-06-29 23:35:56	Stage1 validation update_0125 bundle=models/data_bundle/generated_instances/pilot24_data_generalization/E-UK25_18__curric_d2_s3_seed25016_24h seed=301
2026-06-29 23:36:06	Stage1 validation update_0125 bundle=models/data_bundle/generated_instances/pilot24_data_generalization/E-UK25_19__curric_d2_s3_seed25017_24h seed=301
2026-06-29 23:36:21	Stage1 validation update_0125 bundle=models/data_bundle/generated_instances/pilot24_data_generalization/E-UK25_02__curric_d2_s3_seed25019_24h seed=301
2026-06-29 23:36:31	Stage1 validation update_0125 bundle=models/data_bundle/generated_instances/pilot24_data_generalization/E-UK25_03__curric_d2_s3_seed25020_24h seed=301
2026-06-29 23:36:42	Stage1 validation update_0125 bundle=models/data_bundle/generated_instances/pilot24_data_generalization/E-UK25_04__curric_d2_s3_seed25021_24h seed=301
2026-06-29 23:36:54	Stage1 validation update_0125 bundle=models/data_bundle/generated_instances/pilot24_data_generalization/E-UK25_05__curric_d2_s3_seed25022_24h seed=301
2026-06-29 23:37:05	Stage1 validation update_0125 bundle=models/data_bundle/generated_instances/pilot24_data_generalization/E-UK25_06__curric_d2_s3_seed25023_24h seed=301
2026-06-29 23:37:15	Stage1 validation update_0125 bundle=models/data_bundle/generated_instances/pilot24_data_generalization/E-UK25_07__curric_d2_s3_seed25024_24h seed=301
2026-06-29 23:37:25	Stage1 validation update_0125 bundle=models/data_bundle/generated_instances/pilot24_data_generalization/E-UK25_08__curric_d2_s3_seed25025_24h seed=301
2026-06-29 23:37:35	Stage1 validation update_0125 bundle=models/data_bundle/generated_instances/pilot24_data_generalization/E-UK25_09__curric_d2_s3_seed25026_24h seed=301
2026-06-29 23:37:44	Stage1 validation update_0125 bundle=models/data_bundle/generated_instances/pilot24_data_generalization/E-UK25_10__curric_d2_s3_seed25027_24h seed=301
2026-06-29 23:37:53	Stage1 validation update_0125 bundle=models/data_bundle/generated_instances/pilot24_data_generalization/E-UK25_11__curric_d2_s3_seed25028_24h seed=301
2026-06-29 23:38:07	Stage1 validation update_0125 bundle=models/data_bundle/generated_instances/pilot24_data_generalization/E-UK25_12__curric_d2_s3_seed25029_24h seed=301
2026-06-29 23:38:23	Stage1 validation update_0125 bundle=models/data_bundle/generated_instances/pilot24_data_generalization/E-UK25_13__curric_d2_s3_seed25030_24h seed=301
2026-06-29 23:38:34	Stage1 update 124 group=124 lr=5.51807e-05 kl=0.0016899742186069489 val_gain=-0.3796896452001257
2026-06-29 23:38:34	Stage1 checkpoint solver\reports\dr_alns_ppo_v3_block_dr_alns\async_pilot\pilot25_endgame\checkpoints\pilot24_learned_destroy_update_0125.pt
2026-06-29 23:39:02	Stage1 update 125 group=125 lr=5.48193e-05 kl=0.0008228737860918045 val_gain=
2026-06-29 23:39:29	Stage1 update 126 group=126 lr=5.44578e-05 kl=0.0017279013991355896 val_gain=
2026-06-29 23:39:57	Stage1 update 127 group=127 lr=5.40964e-05 kl=0.0006062034517526627 val_gain=
2026-06-29 23:40:25	Stage1 update 128 group=128 lr=5.37349e-05 kl=0.0011779628694057465 val_gain=
2026-06-29 23:40:55	Stage1 update 129 group=129 lr=5.33735e-05 kl=0.0013037901371717453 val_gain=
2026-06-29 23:41:20	Stage1 update 130 group=130 lr=5.3012e-05 kl=0.0011344589293003082 val_gain=
2026-06-29 23:41:46	Stage1 update 131 group=131 lr=5.26506e-05 kl=0.0015147849917411804 val_gain=
2026-06-29 23:42:22	Stage1 update 132 group=132 lr=5.22892e-05 kl=0.0016034096479415894 val_gain=
2026-06-29 23:42:50	Stage1 update 133 group=133 lr=5.19277e-05 kl=0.001258891075849533 val_gain=
2026-06-29 23:43:14	Stage1 update 134 group=134 lr=5.15663e-05 kl=0.002705877646803856 val_gain=
2026-06-29 23:43:41	Stage1 update 135 group=135 lr=5.12048e-05 kl=0.0018183086067438126 val_gain=
2026-06-29 23:44:10	Stage1 update 136 group=136 lr=5.08434e-05 kl=0.0019256025552749634 val_gain=
2026-06-29 23:44:38	Stage1 update 137 group=137 lr=5.04819e-05 kl=0.0013343673199415207 val_gain=
2026-06-29 23:45:05	Stage1 update 138 group=138 lr=5.01205e-05 kl=0.0011797044426202774 val_gain=
2026-06-29 23:45:33	Stage1 update 139 group=139 lr=4.9759e-05 kl=0.0011809039860963821 val_gain=
2026-06-29 23:46:04	Stage1 update 140 group=140 lr=4.93976e-05 kl=0.001032564789056778 val_gain=
2026-06-29 23:46:31	Stage1 update 141 group=141 lr=4.90361e-05 kl=0.001111157238483429 val_gain=
2026-06-29 23:47:00	Stage1 update 142 group=142 lr=4.86747e-05 kl=0.0013363584876060486 val_gain=
2026-06-29 23:47:27	Stage1 update 143 group=143 lr=4.83133e-05 kl=0.0019298065453767776 val_gain=
2026-06-29 23:47:52	Stage1 update 144 group=144 lr=4.79518e-05 kl=0.0010241903364658356 val_gain=
2026-06-29 23:48:22	Stage1 update 145 group=145 lr=4.75904e-05 kl=0.0017827171832323074 val_gain=
2026-06-29 23:48:50	Stage1 update 146 group=146 lr=4.72289e-05 kl=0.0011569447815418243 val_gain=
2026-06-29 23:49:17	Stage1 update 147 group=147 lr=4.68675e-05 kl=0.0013742446899414062 val_gain=
2026-06-29 23:49:44	Stage1 update 148 group=148 lr=4.6506e-05 kl=0.0022326484322547913 val_gain=
2026-06-29 23:50:15	Stage1 validation update_0150 bundle=models/data_bundle/generated_instances/pilot24_data_generalization/E-UK25_02__curric_d2_s3_seed25000_24h seed=301
2026-06-29 23:50:25	Stage1 validation update_0150 bundle=models/data_bundle/generated_instances/pilot24_data_generalization/E-UK25_03__curric_d2_s3_seed25001_24h seed=301
2026-06-29 23:50:33	Stage1 validation update_0150 bundle=models/data_bundle/generated_instances/pilot24_data_generalization/E-UK25_04__curric_d2_s3_seed25002_24h seed=301
2026-06-29 23:50:44	Stage1 validation update_0150 bundle=models/data_bundle/generated_instances/pilot24_data_generalization/E-UK25_05__curric_d2_s3_seed25003_24h seed=301
2026-06-29 23:50:55	Stage1 validation update_0150 bundle=models/data_bundle/generated_instances/pilot24_data_generalization/E-UK25_06__curric_d2_s3_seed25004_24h seed=301
2026-06-29 23:51:04	Stage1 validation update_0150 bundle=models/data_bundle/generated_instances/pilot24_data_generalization/E-UK25_07__curric_d2_s3_seed25005_24h seed=301
2026-06-29 23:51:14	Stage1 validation update_0150 bundle=models/data_bundle/generated_instances/pilot24_data_generalization/E-UK25_08__curric_d2_s3_seed25006_24h seed=301
2026-06-29 23:51:25	Stage1 validation update_0150 bundle=models/data_bundle/generated_instances/pilot24_data_generalization/E-UK25_09__curric_d2_s3_seed25007_24h seed=301
2026-06-29 23:51:33	Stage1 validation update_0150 bundle=models/data_bundle/generated_instances/pilot24_data_generalization/E-UK25_10__curric_d2_s3_seed25008_24h seed=301
2026-06-29 23:51:47	Stage1 validation update_0150 bundle=models/data_bundle/generated_instances/pilot24_data_generalization/E-UK25_11__curric_d2_s3_seed25009_24h seed=301
2026-06-29 23:51:56	Stage1 validation update_0150 bundle=models/data_bundle/generated_instances/pilot24_data_generalization/E-UK25_12__curric_d2_s3_seed25010_24h seed=301
2026-06-29 23:52:06	Stage1 validation update_0150 bundle=models/data_bundle/generated_instances/pilot24_data_generalization/E-UK25_13__curric_d2_s3_seed25011_24h seed=301
2026-06-29 23:52:16	Stage1 validation update_0150 bundle=models/data_bundle/generated_instances/pilot24_data_generalization/E-UK25_14__curric_d2_s3_seed25012_24h seed=301
2026-06-29 23:52:28	Stage1 validation update_0150 bundle=models/data_bundle/generated_instances/pilot24_data_generalization/E-UK25_15__curric_d2_s3_seed25013_24h seed=301
2026-06-29 23:52:37	Stage1 validation update_0150 bundle=models/data_bundle/generated_instances/pilot24_data_generalization/E-UK25_16__curric_d2_s3_seed25014_24h seed=301
2026-06-29 23:52:48	Stage1 validation update_0150 bundle=models/data_bundle/generated_instances/pilot24_data_generalization/E-UK25_17__curric_d2_s3_seed25015_24h seed=301
2026-06-29 23:52:58	Stage1 validation update_0150 bundle=models/data_bundle/generated_instances/pilot24_data_generalization/E-UK25_18__curric_d2_s3_seed25016_24h seed=301
2026-06-29 23:53:07	Stage1 validation update_0150 bundle=models/data_bundle/generated_instances/pilot24_data_generalization/E-UK25_19__curric_d2_s3_seed25017_24h seed=301
2026-06-29 23:53:15	Stage1 validation update_0150 bundle=models/data_bundle/generated_instances/pilot24_data_generalization/E-UK25_02__curric_d2_s3_seed25019_24h seed=301
2026-06-29 23:53:27	Stage1 validation update_0150 bundle=models/data_bundle/generated_instances/pilot24_data_generalization/E-UK25_03__curric_d2_s3_seed25020_24h seed=301
2026-06-29 23:53:38	Stage1 validation update_0150 bundle=models/data_bundle/generated_instances/pilot24_data_generalization/E-UK25_04__curric_d2_s3_seed25021_24h seed=301
2026-06-29 23:53:50	Stage1 validation update_0150 bundle=models/data_bundle/generated_instances/pilot24_data_generalization/E-UK25_05__curric_d2_s3_seed25022_24h seed=301
2026-06-29 23:54:01	Stage1 validation update_0150 bundle=models/data_bundle/generated_instances/pilot24_data_generalization/E-UK25_06__curric_d2_s3_seed25023_24h seed=301
2026-06-29 23:54:10	Stage1 validation update_0150 bundle=models/data_bundle/generated_instances/pilot24_data_generalization/E-UK25_07__curric_d2_s3_seed25024_24h seed=301
2026-06-29 23:54:18	Stage1 validation update_0150 bundle=models/data_bundle/generated_instances/pilot24_data_generalization/E-UK25_08__curric_d2_s3_seed25025_24h seed=301
2026-06-29 23:54:27	Stage1 validation update_0150 bundle=models/data_bundle/generated_instances/pilot24_data_generalization/E-UK25_09__curric_d2_s3_seed25026_24h seed=301
2026-06-29 23:54:33	Stage1 validation update_0150 bundle=models/data_bundle/generated_instances/pilot24_data_generalization/E-UK25_10__curric_d2_s3_seed25027_24h seed=301
2026-06-29 23:54:41	Stage1 validation update_0150 bundle=models/data_bundle/generated_instances/pilot24_data_generalization/E-UK25_11__curric_d2_s3_seed25028_24h seed=301
2026-06-29 23:54:49	Stage1 validation update_0150 bundle=models/data_bundle/generated_instances/pilot24_data_generalization/E-UK25_12__curric_d2_s3_seed25029_24h seed=301
2026-06-29 23:54:56	Stage1 validation update_0150 bundle=models/data_bundle/generated_instances/pilot24_data_generalization/E-UK25_13__curric_d2_s3_seed25030_24h seed=301
2026-06-29 23:55:04	Stage1 update 149 group=149 lr=4.61446e-05 kl=0.001060405746102333 val_gain=0.011648438948732607
2026-06-29 23:55:04	Stage1 checkpoint solver\reports\dr_alns_ppo_v3_block_dr_alns\async_pilot\pilot25_endgame\checkpoints\pilot24_learned_destroy_update_0150.pt
2026-06-29 23:55:28	Stage1 update 150 group=150 lr=4.57831e-05 kl=0.0011369194835424423 val_gain=
2026-06-29 23:55:55	Stage1 update 151 group=151 lr=4.54217e-05 kl=0.0006851498037576675 val_gain=
2026-06-29 23:56:18	Stage1 update 152 group=152 lr=4.50602e-05 kl=0.0007927920669317245 val_gain=
2026-06-29 23:56:46	Stage1 update 153 group=153 lr=4.46988e-05 kl=0.0012208390980958939 val_gain=
2026-06-29 23:57:11	Stage1 update 154 group=154 lr=4.43373e-05 kl=0.0013819262385368347 val_gain=
2026-06-29 23:57:37	Stage1 update 155 group=155 lr=4.39759e-05 kl=0.0005540996789932251 val_gain=
2026-06-29 23:58:00	Stage1 update 156 group=156 lr=4.36145e-05 kl=0.0007995497435331345 val_gain=
2026-06-29 23:58:26	Stage1 update 157 group=157 lr=4.3253e-05 kl=0.0007335953414440155 val_gain=
2026-06-29 23:58:52	Stage1 update 158 group=158 lr=4.28916e-05 kl=0.000575970858335495 val_gain=
2026-06-29 23:59:20	Stage1 update 159 group=159 lr=4.25301e-05 kl=0.0009569153189659119 val_gain=
2026-06-29 23:59:43	Stage1 update 160 group=160 lr=4.21687e-05 kl=0.0009886659681797028 val_gain=
2026-06-30 00:00:09	Stage1 update 161 group=161 lr=4.18072e-05 kl=0.001109769567847252 val_gain=
2026-06-30 00:00:34	Stage1 update 162 group=162 lr=4.14458e-05 kl=0.0007102768868207932 val_gain=
2026-06-30 00:00:59	Stage1 update 163 group=163 lr=4.10843e-05 kl=0.0007068254053592682 val_gain=
2026-06-30 00:01:25	Stage1 update 164 group=164 lr=4.07229e-05 kl=0.0019198786467313766 val_gain=
2026-06-30 00:01:52	Stage1 update 165 group=165 lr=4.03614e-05 kl=0.0006434209644794464 val_gain=
2026-06-30 00:02:16	Stage1 update 166 group=166 lr=4e-05 kl=0.000963279977440834 val_gain=
2026-06-30 00:02:41	Stage1 update 167 group=167 lr=3.96386e-05 kl=0.002583550289273262 val_gain=
2026-06-30 00:03:09	Stage1 update 168 group=168 lr=3.92771e-05 kl=0.0009139236062765121 val_gain=
2026-06-30 00:03:35	Stage1 update 169 group=169 lr=3.89157e-05 kl=0.0010577794164419174 val_gain=
2026-06-30 00:04:04	Stage1 update 170 group=170 lr=3.85542e-05 kl=0.00041675567626953125 val_gain=
2026-06-30 00:04:33	Stage1 update 171 group=171 lr=3.81928e-05 kl=0.001263406127691269 val_gain=
2026-06-30 00:05:05	Stage1 update 172 group=172 lr=3.78313e-05 kl=0.0010071471333503723 val_gain=
2026-06-30 00:05:31	Stage1 update 173 group=173 lr=3.74699e-05 kl=0.0005039647221565247 val_gain=
2026-06-30 00:06:02	Stage1 validation update_0175 bundle=models/data_bundle/generated_instances/pilot24_data_generalization/E-UK25_02__curric_d2_s3_seed25000_24h seed=301
2026-06-30 00:06:11	Stage1 validation update_0175 bundle=models/data_bundle/generated_instances/pilot24_data_generalization/E-UK25_03__curric_d2_s3_seed25001_24h seed=301
2026-06-30 00:06:19	Stage1 validation update_0175 bundle=models/data_bundle/generated_instances/pilot24_data_generalization/E-UK25_04__curric_d2_s3_seed25002_24h seed=301
2026-06-30 00:06:28	Stage1 validation update_0175 bundle=models/data_bundle/generated_instances/pilot24_data_generalization/E-UK25_05__curric_d2_s3_seed25003_24h seed=301
2026-06-30 00:06:37	Stage1 validation update_0175 bundle=models/data_bundle/generated_instances/pilot24_data_generalization/E-UK25_06__curric_d2_s3_seed25004_24h seed=301
2026-06-30 00:06:47	Stage1 validation update_0175 bundle=models/data_bundle/generated_instances/pilot24_data_generalization/E-UK25_07__curric_d2_s3_seed25005_24h seed=301
2026-06-30 00:06:54	Stage1 validation update_0175 bundle=models/data_bundle/generated_instances/pilot24_data_generalization/E-UK25_08__curric_d2_s3_seed25006_24h seed=301
2026-06-30 00:07:04	Stage1 validation update_0175 bundle=models/data_bundle/generated_instances/pilot24_data_generalization/E-UK25_09__curric_d2_s3_seed25007_24h seed=301
2026-06-30 00:07:11	Stage1 validation update_0175 bundle=models/data_bundle/generated_instances/pilot24_data_generalization/E-UK25_10__curric_d2_s3_seed25008_24h seed=301
2026-06-30 00:07:21	Stage1 validation update_0175 bundle=models/data_bundle/generated_instances/pilot24_data_generalization/E-UK25_11__curric_d2_s3_seed25009_24h seed=301
2026-06-30 00:07:29	Stage1 validation update_0175 bundle=models/data_bundle/generated_instances/pilot24_data_generalization/E-UK25_12__curric_d2_s3_seed25010_24h seed=301
2026-06-30 00:07:36	Stage1 validation update_0175 bundle=models/data_bundle/generated_instances/pilot24_data_generalization/E-UK25_13__curric_d2_s3_seed25011_24h seed=301
2026-06-30 00:07:46	Stage1 validation update_0175 bundle=models/data_bundle/generated_instances/pilot24_data_generalization/E-UK25_14__curric_d2_s3_seed25012_24h seed=301
2026-06-30 00:07:53	Stage1 validation update_0175 bundle=models/data_bundle/generated_instances/pilot24_data_generalization/E-UK25_15__curric_d2_s3_seed25013_24h seed=301
2026-06-30 00:08:01	Stage1 validation update_0175 bundle=models/data_bundle/generated_instances/pilot24_data_generalization/E-UK25_16__curric_d2_s3_seed25014_24h seed=301
2026-06-30 00:08:11	Stage1 validation update_0175 bundle=models/data_bundle/generated_instances/pilot24_data_generalization/E-UK25_17__curric_d2_s3_seed25015_24h seed=301
2026-06-30 00:08:19	Stage1 validation update_0175 bundle=models/data_bundle/generated_instances/pilot24_data_generalization/E-UK25_18__curric_d2_s3_seed25016_24h seed=301
2026-06-30 00:08:28	Stage1 validation update_0175 bundle=models/data_bundle/generated_instances/pilot24_data_generalization/E-UK25_19__curric_d2_s3_seed25017_24h seed=301
2026-06-30 00:08:35	Stage1 validation update_0175 bundle=models/data_bundle/generated_instances/pilot24_data_generalization/E-UK25_02__curric_d2_s3_seed25019_24h seed=301
2026-06-30 00:08:45	Stage1 validation update_0175 bundle=models/data_bundle/generated_instances/pilot24_data_generalization/E-UK25_03__curric_d2_s3_seed25020_24h seed=301
2026-06-30 00:08:54	Stage1 validation update_0175 bundle=models/data_bundle/generated_instances/pilot24_data_generalization/E-UK25_04__curric_d2_s3_seed25021_24h seed=301
2026-06-30 00:09:05	Stage1 validation update_0175 bundle=models/data_bundle/generated_instances/pilot24_data_generalization/E-UK25_05__curric_d2_s3_seed25022_24h seed=301
2026-06-30 00:09:12	Stage1 validation update_0175 bundle=models/data_bundle/generated_instances/pilot24_data_generalization/E-UK25_06__curric_d2_s3_seed25023_24h seed=301
2026-06-30 00:09:21	Stage1 validation update_0175 bundle=models/data_bundle/generated_instances/pilot24_data_generalization/E-UK25_07__curric_d2_s3_seed25024_24h seed=301
2026-06-30 00:09:29	Stage1 validation update_0175 bundle=models/data_bundle/generated_instances/pilot24_data_generalization/E-UK25_08__curric_d2_s3_seed25025_24h seed=301
2026-06-30 00:09:38	Stage1 validation update_0175 bundle=models/data_bundle/generated_instances/pilot24_data_generalization/E-UK25_09__curric_d2_s3_seed25026_24h seed=301
2026-06-30 00:09:46	Stage1 validation update_0175 bundle=models/data_bundle/generated_instances/pilot24_data_generalization/E-UK25_10__curric_d2_s3_seed25027_24h seed=301
2026-06-30 00:09:54	Stage1 validation update_0175 bundle=models/data_bundle/generated_instances/pilot24_data_generalization/E-UK25_11__curric_d2_s3_seed25028_24h seed=301
2026-06-30 00:10:02	Stage1 validation update_0175 bundle=models/data_bundle/generated_instances/pilot24_data_generalization/E-UK25_12__curric_d2_s3_seed25029_24h seed=301
2026-06-30 00:10:15	Stage1 validation update_0175 bundle=models/data_bundle/generated_instances/pilot24_data_generalization/E-UK25_13__curric_d2_s3_seed25030_24h seed=301
2026-06-30 00:10:23	Stage1 update 174 group=174 lr=3.71084e-05 kl=0.0015499778091907501 val_gain=0.45094054294778113
2026-06-30 00:10:23	Stage1 checkpoint solver\reports\dr_alns_ppo_v3_block_dr_alns\async_pilot\pilot25_endgame\checkpoints\pilot24_learned_destroy_update_0175.pt
2026-06-30 00:10:53	Stage1 update 175 group=175 lr=3.6747e-05 kl=0.0009044613689184189 val_gain=
2026-06-30 00:11:18	Stage1 update 176 group=176 lr=3.63855e-05 kl=0.0012395493686199188 val_gain=
2026-06-30 00:11:41	Stage1 update 177 group=177 lr=3.60241e-05 kl=0.0011859480291604996 val_gain=
2026-06-30 00:12:04	Stage1 update 178 group=178 lr=3.56627e-05 kl=0.00029298849403858185 val_gain=
2026-06-30 00:12:30	Stage1 update 179 group=179 lr=3.53012e-05 kl=0.0007511433213949203 val_gain=
2026-06-30 00:12:54	Stage1 update 180 group=180 lr=3.49398e-05 kl=0.0009915847331285477 val_gain=
2026-06-30 00:13:17	Stage1 update 181 group=181 lr=3.45783e-05 kl=0.0010221004486083984 val_gain=
2026-06-30 00:13:42	Stage1 update 182 group=182 lr=3.42169e-05 kl=0.0009117629379034042 val_gain=
2026-06-30 00:14:06	Stage1 update 183 group=183 lr=3.38554e-05 kl=0.002074422314763069 val_gain=
2026-06-30 00:14:32	Stage1 update 184 group=184 lr=3.3494e-05 kl=0.0005420669913291931 val_gain=
2026-06-30 00:14:56	Stage1 update 185 group=185 lr=3.31325e-05 kl=0.0005957260727882385 val_gain=
2026-06-30 00:15:23	Stage1 update 186 group=186 lr=3.27711e-05 kl=0.00047783181071281433 val_gain=
2026-06-30 00:15:47	Stage1 update 187 group=187 lr=3.24096e-05 kl=0.00038407929241657257 val_gain=
2026-06-30 00:16:12	Stage1 update 188 group=188 lr=3.20482e-05 kl=0.00048635154962539673 val_gain=
2026-06-30 00:16:36	Stage1 update 189 group=189 lr=3.16867e-05 kl=0.0008177924901247025 val_gain=
2026-06-30 00:17:00	Stage1 update 190 group=190 lr=3.13253e-05 kl=0.0013541951775550842 val_gain=
2026-06-30 00:17:23	Stage1 update 191 group=191 lr=3.09639e-05 kl=0.0006300974637269974 val_gain=
2026-06-30 00:17:48	Stage1 update 192 group=192 lr=3.06024e-05 kl=0.0005662087351083755 val_gain=
2026-06-30 00:18:12	Stage1 update 193 group=193 lr=3.0241e-05 kl=0.001098955050110817 val_gain=
2026-06-30 00:18:37	Stage1 update 194 group=194 lr=2.98795e-05 kl=0.0006859973073005676 val_gain=
2026-06-30 00:19:02	Stage1 update 195 group=195 lr=2.95181e-05 kl=0.0005068928003311157 val_gain=
2026-06-30 00:19:32	Stage1 update 196 group=196 lr=2.91566e-05 kl=0.0006001796573400497 val_gain=
2026-06-30 00:20:00	Stage1 update 197 group=197 lr=2.87952e-05 kl=0.00134303979575634 val_gain=
2026-06-30 00:20:25	Stage1 update 198 group=198 lr=2.84337e-05 kl=0.0006517097353935242 val_gain=
2026-06-30 00:20:49	Stage1 validation update_0200 bundle=models/data_bundle/generated_instances/pilot24_data_generalization/E-UK25_02__curric_d2_s3_seed25000_24h seed=301
2026-06-30 00:20:58	Stage1 validation update_0200 bundle=models/data_bundle/generated_instances/pilot24_data_generalization/E-UK25_03__curric_d2_s3_seed25001_24h seed=301
2026-06-30 00:21:06	Stage1 validation update_0200 bundle=models/data_bundle/generated_instances/pilot24_data_generalization/E-UK25_04__curric_d2_s3_seed25002_24h seed=301
2026-06-30 00:21:15	Stage1 validation update_0200 bundle=models/data_bundle/generated_instances/pilot24_data_generalization/E-UK25_05__curric_d2_s3_seed25003_24h seed=301
2026-06-30 00:21:24	Stage1 validation update_0200 bundle=models/data_bundle/generated_instances/pilot24_data_generalization/E-UK25_06__curric_d2_s3_seed25004_24h seed=301
2026-06-30 00:21:33	Stage1 validation update_0200 bundle=models/data_bundle/generated_instances/pilot24_data_generalization/E-UK25_07__curric_d2_s3_seed25005_24h seed=301
2026-06-30 00:21:44	Stage1 validation update_0200 bundle=models/data_bundle/generated_instances/pilot24_data_generalization/E-UK25_08__curric_d2_s3_seed25006_24h seed=301
2026-06-30 00:21:53	Stage1 validation update_0200 bundle=models/data_bundle/generated_instances/pilot24_data_generalization/E-UK25_09__curric_d2_s3_seed25007_24h seed=301
2026-06-30 00:22:01	Stage1 validation update_0200 bundle=models/data_bundle/generated_instances/pilot24_data_generalization/E-UK25_10__curric_d2_s3_seed25008_24h seed=301
2026-06-30 00:22:11	Stage1 validation update_0200 bundle=models/data_bundle/generated_instances/pilot24_data_generalization/E-UK25_11__curric_d2_s3_seed25009_24h seed=301
2026-06-30 00:22:18	Stage1 validation update_0200 bundle=models/data_bundle/generated_instances/pilot24_data_generalization/E-UK25_12__curric_d2_s3_seed25010_24h seed=301
2026-06-30 00:22:26	Stage1 validation update_0200 bundle=models/data_bundle/generated_instances/pilot24_data_generalization/E-UK25_13__curric_d2_s3_seed25011_24h seed=301
2026-06-30 00:22:36	Stage1 validation update_0200 bundle=models/data_bundle/generated_instances/pilot24_data_generalization/E-UK25_14__curric_d2_s3_seed25012_24h seed=301
2026-06-30 00:22:43	Stage1 validation update_0200 bundle=models/data_bundle/generated_instances/pilot24_data_generalization/E-UK25_15__curric_d2_s3_seed25013_24h seed=301
2026-06-30 00:22:52	Stage1 validation update_0200 bundle=models/data_bundle/generated_instances/pilot24_data_generalization/E-UK25_16__curric_d2_s3_seed25014_24h seed=301
2026-06-30 00:23:02	Stage1 validation update_0200 bundle=models/data_bundle/generated_instances/pilot24_data_generalization/E-UK25_17__curric_d2_s3_seed25015_24h seed=301
2026-06-30 00:23:10	Stage1 validation update_0200 bundle=models/data_bundle/generated_instances/pilot24_data_generalization/E-UK25_18__curric_d2_s3_seed25016_24h seed=301
2026-06-30 00:23:19	Stage1 validation update_0200 bundle=models/data_bundle/generated_instances/pilot24_data_generalization/E-UK25_19__curric_d2_s3_seed25017_24h seed=301
2026-06-30 00:23:26	Stage1 validation update_0200 bundle=models/data_bundle/generated_instances/pilot24_data_generalization/E-UK25_02__curric_d2_s3_seed25019_24h seed=301
2026-06-30 00:23:37	Stage1 validation update_0200 bundle=models/data_bundle/generated_instances/pilot24_data_generalization/E-UK25_03__curric_d2_s3_seed25020_24h seed=301
2026-06-30 00:23:46	Stage1 validation update_0200 bundle=models/data_bundle/generated_instances/pilot24_data_generalization/E-UK25_04__curric_d2_s3_seed25021_24h seed=301
2026-06-30 00:23:57	Stage1 validation update_0200 bundle=models/data_bundle/generated_instances/pilot24_data_generalization/E-UK25_05__curric_d2_s3_seed25022_24h seed=301
2026-06-30 00:24:04	Stage1 validation update_0200 bundle=models/data_bundle/generated_instances/pilot24_data_generalization/E-UK25_06__curric_d2_s3_seed25023_24h seed=301
2026-06-30 00:24:13	Stage1 validation update_0200 bundle=models/data_bundle/generated_instances/pilot24_data_generalization/E-UK25_07__curric_d2_s3_seed25024_24h seed=301
2026-06-30 00:24:20	Stage1 validation update_0200 bundle=models/data_bundle/generated_instances/pilot24_data_generalization/E-UK25_08__curric_d2_s3_seed25025_24h seed=301
2026-06-30 00:24:30	Stage1 validation update_0200 bundle=models/data_bundle/generated_instances/pilot24_data_generalization/E-UK25_09__curric_d2_s3_seed25026_24h seed=301
2026-06-30 00:24:38	Stage1 validation update_0200 bundle=models/data_bundle/generated_instances/pilot24_data_generalization/E-UK25_10__curric_d2_s3_seed25027_24h seed=301
2026-06-30 00:24:46	Stage1 validation update_0200 bundle=models/data_bundle/generated_instances/pilot24_data_generalization/E-UK25_11__curric_d2_s3_seed25028_24h seed=301
2026-06-30 00:24:54	Stage1 validation update_0200 bundle=models/data_bundle/generated_instances/pilot24_data_generalization/E-UK25_12__curric_d2_s3_seed25029_24h seed=301
2026-06-30 00:25:07	Stage1 validation update_0200 bundle=models/data_bundle/generated_instances/pilot24_data_generalization/E-UK25_13__curric_d2_s3_seed25030_24h seed=301
2026-06-30 00:25:15	Stage1 update 199 group=199 lr=2.80723e-05 kl=0.0012393351644277573 val_gain=0.5180281680794521
2026-06-30 00:25:15	Stage1 checkpoint solver\reports\dr_alns_ppo_v3_block_dr_alns\async_pilot\pilot25_endgame\checkpoints\pilot24_learned_destroy_update_0200.pt
2026-06-30 00:25:43	Stage1 update 200 group=200 lr=2.77108e-05 kl=0.0015364084392786026 val_gain=
2026-06-30 00:26:09	Stage1 update 201 group=201 lr=2.73494e-05 kl=0.0007166005671024323 val_gain=
2026-06-30 00:26:40	Stage1 update 202 group=202 lr=2.6988e-05 kl=0.0002642925828695297 val_gain=
2026-06-30 00:27:03	Stage1 update 203 group=203 lr=2.66265e-05 kl=0.0010213535279035568 val_gain=
2026-06-30 00:27:31	Stage1 update 204 group=204 lr=2.62651e-05 kl=0.0010568778961896896 val_gain=
2026-06-30 00:27:57	Stage1 update 205 group=205 lr=2.59036e-05 kl=0.0006852615624666214 val_gain=
2026-06-30 00:28:23	Stage1 update 206 group=206 lr=2.55422e-05 kl=0.00038776546716690063 val_gain=
2026-06-30 00:28:51	Stage1 update 207 group=207 lr=2.51807e-05 kl=0.0009021945297718048 val_gain=
2026-06-30 00:29:15	Stage1 update 208 group=208 lr=2.48193e-05 kl=0.0007480047643184662 val_gain=
2026-06-30 00:29:40	Stage1 update 209 group=209 lr=2.44578e-05 kl=0.0006797425448894501 val_gain=
2026-06-30 00:30:05	Stage1 update 210 group=210 lr=2.40964e-05 kl=0.0006127338856458664 val_gain=
2026-06-30 00:30:31	Stage1 update 211 group=211 lr=2.37349e-05 kl=0.00035283900797367096 val_gain=
2026-06-30 00:31:00	Stage1 update 212 group=212 lr=2.33735e-05 kl=0.0004451218992471695 val_gain=
2026-06-30 00:31:23	Stage1 update 213 group=213 lr=2.3012e-05 kl=0.00048213638365268707 val_gain=
2026-06-30 00:31:51	Stage1 update 214 group=214 lr=2.26506e-05 kl=0.0010917037725448608 val_gain=
2026-06-30 00:32:15	Stage1 update 215 group=215 lr=2.22892e-05 kl=0.00045610032975673676 val_gain=
2026-06-30 00:32:41	Stage1 update 216 group=216 lr=2.19277e-05 kl=0.00042316876351833344 val_gain=
2026-06-30 00:33:07	Stage1 update 217 group=217 lr=2.15663e-05 kl=0.00023976340889930725 val_gain=
2026-06-30 00:33:34	Stage1 update 218 group=218 lr=2.12048e-05 kl=0.0006951410323381424 val_gain=
2026-06-30 00:34:01	Stage1 update 219 group=219 lr=2.08434e-05 kl=0.0005569476634263992 val_gain=
2026-06-30 00:34:28	Stage1 update 220 group=220 lr=2.04819e-05 kl=0.0001477375626564026 val_gain=
2026-06-30 00:34:53	Stage1 update 221 group=221 lr=2.01205e-05 kl=0.00036913901567459106 val_gain=
2026-06-30 00:35:17	Stage1 update 222 group=222 lr=1.9759e-05 kl=0.0003232266753911972 val_gain=
2026-06-30 00:35:42	Stage1 update 223 group=223 lr=1.93976e-05 kl=0.00036974065005779266 val_gain=
2026-06-30 00:36:08	Stage1 validation update_0225 bundle=models/data_bundle/generated_instances/pilot24_data_generalization/E-UK25_02__curric_d2_s3_seed25000_24h seed=301
2026-06-30 00:36:15	Stage1 validation update_0225 bundle=models/data_bundle/generated_instances/pilot24_data_generalization/E-UK25_03__curric_d2_s3_seed25001_24h seed=301
2026-06-30 00:36:30	Stage1 validation update_0225 bundle=models/data_bundle/generated_instances/pilot24_data_generalization/E-UK25_04__curric_d2_s3_seed25002_24h seed=301
2026-06-30 00:36:39	Stage1 validation update_0225 bundle=models/data_bundle/generated_instances/pilot24_data_generalization/E-UK25_05__curric_d2_s3_seed25003_24h seed=301
2026-06-30 00:36:48	Stage1 validation update_0225 bundle=models/data_bundle/generated_instances/pilot24_data_generalization/E-UK25_06__curric_d2_s3_seed25004_24h seed=301
2026-06-30 00:36:57	Stage1 validation update_0225 bundle=models/data_bundle/generated_instances/pilot24_data_generalization/E-UK25_07__curric_d2_s3_seed25005_24h seed=301
2026-06-30 00:37:07	Stage1 validation update_0225 bundle=models/data_bundle/generated_instances/pilot24_data_generalization/E-UK25_08__curric_d2_s3_seed25006_24h seed=301
2026-06-30 00:37:17	Stage1 validation update_0225 bundle=models/data_bundle/generated_instances/pilot24_data_generalization/E-UK25_09__curric_d2_s3_seed25007_24h seed=301
2026-06-30 00:37:25	Stage1 validation update_0225 bundle=models/data_bundle/generated_instances/pilot24_data_generalization/E-UK25_10__curric_d2_s3_seed25008_24h seed=301
2026-06-30 00:37:35	Stage1 validation update_0225 bundle=models/data_bundle/generated_instances/pilot24_data_generalization/E-UK25_11__curric_d2_s3_seed25009_24h seed=301
2026-06-30 00:37:43	Stage1 validation update_0225 bundle=models/data_bundle/generated_instances/pilot24_data_generalization/E-UK25_12__curric_d2_s3_seed25010_24h seed=301
2026-06-30 00:37:51	Stage1 validation update_0225 bundle=models/data_bundle/generated_instances/pilot24_data_generalization/E-UK25_13__curric_d2_s3_seed25011_24h seed=301
2026-06-30 00:38:01	Stage1 validation update_0225 bundle=models/data_bundle/generated_instances/pilot24_data_generalization/E-UK25_14__curric_d2_s3_seed25012_24h seed=301
2026-06-30 00:38:14	Stage1 validation update_0225 bundle=models/data_bundle/generated_instances/pilot24_data_generalization/E-UK25_15__curric_d2_s3_seed25013_24h seed=301
2026-06-30 00:38:22	Stage1 validation update_0225 bundle=models/data_bundle/generated_instances/pilot24_data_generalization/E-UK25_16__curric_d2_s3_seed25014_24h seed=301
2026-06-30 00:38:32	Stage1 validation update_0225 bundle=models/data_bundle/generated_instances/pilot24_data_generalization/E-UK25_17__curric_d2_s3_seed25015_24h seed=301
2026-06-30 00:38:40	Stage1 validation update_0225 bundle=models/data_bundle/generated_instances/pilot24_data_generalization/E-UK25_18__curric_d2_s3_seed25016_24h seed=301
2026-06-30 00:38:49	Stage1 validation update_0225 bundle=models/data_bundle/generated_instances/pilot24_data_generalization/E-UK25_19__curric_d2_s3_seed25017_24h seed=301
2026-06-30 00:39:00	Stage1 validation update_0225 bundle=models/data_bundle/generated_instances/pilot24_data_generalization/E-UK25_02__curric_d2_s3_seed25019_24h seed=301
2026-06-30 00:39:11	Stage1 validation update_0225 bundle=models/data_bundle/generated_instances/pilot24_data_generalization/E-UK25_03__curric_d2_s3_seed25020_24h seed=301
2026-06-30 00:39:20	Stage1 validation update_0225 bundle=models/data_bundle/generated_instances/pilot24_data_generalization/E-UK25_04__curric_d2_s3_seed25021_24h seed=301
2026-06-30 00:39:30	Stage1 validation update_0225 bundle=models/data_bundle/generated_instances/pilot24_data_generalization/E-UK25_05__curric_d2_s3_seed25022_24h seed=301
2026-06-30 00:39:39	Stage1 validation update_0225 bundle=models/data_bundle/generated_instances/pilot24_data_generalization/E-UK25_06__curric_d2_s3_seed25023_24h seed=301
2026-06-30 00:39:48	Stage1 validation update_0225 bundle=models/data_bundle/generated_instances/pilot24_data_generalization/E-UK25_07__curric_d2_s3_seed25024_24h seed=301
2026-06-30 00:39:59	Stage1 validation update_0225 bundle=models/data_bundle/generated_instances/pilot24_data_generalization/E-UK25_08__curric_d2_s3_seed25025_24h seed=301
2026-06-30 00:40:09	Stage1 validation update_0225 bundle=models/data_bundle/generated_instances/pilot24_data_generalization/E-UK25_09__curric_d2_s3_seed25026_24h seed=301
2026-06-30 00:40:15	Stage1 validation update_0225 bundle=models/data_bundle/generated_instances/pilot24_data_generalization/E-UK25_10__curric_d2_s3_seed25027_24h seed=301
2026-06-30 00:40:23	Stage1 validation update_0225 bundle=models/data_bundle/generated_instances/pilot24_data_generalization/E-UK25_11__curric_d2_s3_seed25028_24h seed=301
2026-06-30 00:40:31	Stage1 validation update_0225 bundle=models/data_bundle/generated_instances/pilot24_data_generalization/E-UK25_12__curric_d2_s3_seed25029_24h seed=301
2026-06-30 00:40:43	Stage1 validation update_0225 bundle=models/data_bundle/generated_instances/pilot24_data_generalization/E-UK25_13__curric_d2_s3_seed25030_24h seed=301
2026-06-30 00:40:51	Stage1 update 224 group=224 lr=1.90361e-05 kl=0.0004685819149017334 val_gain=1.4438251239530215
2026-06-30 00:40:51	Stage1 checkpoint solver\reports\dr_alns_ppo_v3_block_dr_alns\async_pilot\pilot25_endgame\checkpoints\pilot24_learned_destroy_update_0225.pt
2026-06-30 00:41:22	Stage1 update 225 group=225 lr=1.86747e-05 kl=0.0004026740789413452 val_gain=
2026-06-30 00:41:49	Stage1 update 226 group=226 lr=1.83133e-05 kl=0.0003330390900373459 val_gain=
2026-06-30 00:42:19	Stage1 update 227 group=227 lr=1.79518e-05 kl=0.000156305730342865 val_gain=
2026-06-30 00:42:42	Stage1 update 228 group=228 lr=1.75904e-05 kl=0.0002597961574792862 val_gain=
2026-06-30 00:43:09	Stage1 update 229 group=229 lr=1.72289e-05 kl=0.000692298635840416 val_gain=
2026-06-30 00:43:37	Stage1 update 230 group=230 lr=1.68675e-05 kl=0.00032609887421131134 val_gain=
2026-06-30 00:44:01	Stage1 update 231 group=231 lr=1.6506e-05 kl=0.0002726912498474121 val_gain=
2026-06-30 00:44:26	Stage1 update 232 group=232 lr=1.61446e-05 kl=0.0003168489784002304 val_gain=
2026-06-30 00:44:54	Stage1 update 233 group=233 lr=1.57831e-05 kl=0.0006208177655935287 val_gain=
2026-06-30 00:45:18	Stage1 update 234 group=234 lr=1.54217e-05 kl=0.0006713680922985077 val_gain=
2026-06-30 00:45:45	Stage1 update 235 group=235 lr=1.50602e-05 kl=0.00021289102733135223 val_gain=
2026-06-30 00:46:13	Stage1 update 236 group=236 lr=1.46988e-05 kl=0.0003408491611480713 val_gain=
2026-06-30 00:46:39	Stage1 update 237 group=237 lr=1.43373e-05 kl=0.0005239956080913544 val_gain=
2026-06-30 00:47:04	Stage1 update 238 group=238 lr=1.39759e-05 kl=0.0003197062760591507 val_gain=
2026-06-30 00:47:28	Stage1 update 239 group=239 lr=1.36145e-05 kl=0.00033499859273433685 val_gain=
2026-06-30 00:47:54	Stage1 update 240 group=240 lr=1.3253e-05 kl=0.0002899002283811569 val_gain=
2026-06-30 00:48:18	Stage1 update 241 group=241 lr=1.28916e-05 kl=0.000307304784655571 val_gain=
2026-06-30 00:48:44	Stage1 update 242 group=242 lr=1.25301e-05 kl=0.0004885606467723846 val_gain=
2026-06-30 00:49:10	Stage1 update 243 group=243 lr=1.21687e-05 kl=0.0004821084439754486 val_gain=
2026-06-30 00:49:34	Stage1 update 244 group=244 lr=1.18072e-05 kl=0.0005129426717758179 val_gain=
2026-06-30 00:50:03	Stage1 update 245 group=245 lr=1.14458e-05 kl=0.00027316994965076447 val_gain=
2026-06-30 00:50:30	Stage1 update 246 group=246 lr=1.10843e-05 kl=0.000430794432759285 val_gain=
2026-06-30 00:51:00	Stage1 update 247 group=247 lr=1.07229e-05 kl=0.00019451230764389038 val_gain=
2026-06-30 00:51:27	Stage1 update 248 group=248 lr=1.03614e-05 kl=0.00018144026398658752 val_gain=
2026-06-30 00:51:54	Stage1 validation update_0250 bundle=models/data_bundle/generated_instances/pilot24_data_generalization/E-UK25_02__curric_d2_s3_seed25000_24h seed=301
2026-06-30 00:52:01	Stage1 validation update_0250 bundle=models/data_bundle/generated_instances/pilot24_data_generalization/E-UK25_03__curric_d2_s3_seed25001_24h seed=301
2026-06-30 00:52:17	Stage1 validation update_0250 bundle=models/data_bundle/generated_instances/pilot24_data_generalization/E-UK25_04__curric_d2_s3_seed25002_24h seed=301
2026-06-30 00:52:26	Stage1 validation update_0250 bundle=models/data_bundle/generated_instances/pilot24_data_generalization/E-UK25_05__curric_d2_s3_seed25003_24h seed=301
2026-06-30 00:52:33	Stage1 validation update_0250 bundle=models/data_bundle/generated_instances/pilot24_data_generalization/E-UK25_06__curric_d2_s3_seed25004_24h seed=301
2026-06-30 00:52:43	Stage1 validation update_0250 bundle=models/data_bundle/generated_instances/pilot24_data_generalization/E-UK25_07__curric_d2_s3_seed25005_24h seed=301
2026-06-30 00:52:53	Stage1 validation update_0250 bundle=models/data_bundle/generated_instances/pilot24_data_generalization/E-UK25_08__curric_d2_s3_seed25006_24h seed=301
2026-06-30 00:53:03	Stage1 validation update_0250 bundle=models/data_bundle/generated_instances/pilot24_data_generalization/E-UK25_09__curric_d2_s3_seed25007_24h seed=301
2026-06-30 00:53:10	Stage1 validation update_0250 bundle=models/data_bundle/generated_instances/pilot24_data_generalization/E-UK25_10__curric_d2_s3_seed25008_24h seed=301
2026-06-30 00:53:20	Stage1 validation update_0250 bundle=models/data_bundle/generated_instances/pilot24_data_generalization/E-UK25_11__curric_d2_s3_seed25009_24h seed=301
2026-06-30 00:53:28	Stage1 validation update_0250 bundle=models/data_bundle/generated_instances/pilot24_data_generalization/E-UK25_12__curric_d2_s3_seed25010_24h seed=301
2026-06-30 00:53:36	Stage1 validation update_0250 bundle=models/data_bundle/generated_instances/pilot24_data_generalization/E-UK25_13__curric_d2_s3_seed25011_24h seed=301
2026-06-30 00:53:45	Stage1 validation update_0250 bundle=models/data_bundle/generated_instances/pilot24_data_generalization/E-UK25_14__curric_d2_s3_seed25012_24h seed=301
2026-06-30 00:53:52	Stage1 validation update_0250 bundle=models/data_bundle/generated_instances/pilot24_data_generalization/E-UK25_15__curric_d2_s3_seed25013_24h seed=301
2026-06-30 00:54:01	Stage1 validation update_0250 bundle=models/data_bundle/generated_instances/pilot24_data_generalization/E-UK25_16__curric_d2_s3_seed25014_24h seed=301
2026-06-30 00:54:13	Stage1 validation update_0250 bundle=models/data_bundle/generated_instances/pilot24_data_generalization/E-UK25_17__curric_d2_s3_seed25015_24h seed=301
2026-06-30 00:54:22	Stage1 validation update_0250 bundle=models/data_bundle/generated_instances/pilot24_data_generalization/E-UK25_18__curric_d2_s3_seed25016_24h seed=301
2026-06-30 00:54:32	Stage1 validation update_0250 bundle=models/data_bundle/generated_instances/pilot24_data_generalization/E-UK25_19__curric_d2_s3_seed25017_24h seed=301
2026-06-30 00:54:45	Stage1 validation update_0250 bundle=models/data_bundle/generated_instances/pilot24_data_generalization/E-UK25_02__curric_d2_s3_seed25019_24h seed=301
2026-06-30 00:54:57	Stage1 validation update_0250 bundle=models/data_bundle/generated_instances/pilot24_data_generalization/E-UK25_03__curric_d2_s3_seed25020_24h seed=301
2026-06-30 00:55:08	Stage1 validation update_0250 bundle=models/data_bundle/generated_instances/pilot24_data_generalization/E-UK25_04__curric_d2_s3_seed25021_24h seed=301
2026-06-30 00:55:19	Stage1 validation update_0250 bundle=models/data_bundle/generated_instances/pilot24_data_generalization/E-UK25_05__curric_d2_s3_seed25022_24h seed=301
2026-06-30 00:55:27	Stage1 validation update_0250 bundle=models/data_bundle/generated_instances/pilot24_data_generalization/E-UK25_06__curric_d2_s3_seed25023_24h seed=301
2026-06-30 00:55:37	Stage1 validation update_0250 bundle=models/data_bundle/generated_instances/pilot24_data_generalization/E-UK25_07__curric_d2_s3_seed25024_24h seed=301
2026-06-30 00:55:54	Stage1 validation update_0250 bundle=models/data_bundle/generated_instances/pilot24_data_generalization/E-UK25_08__curric_d2_s3_seed25025_24h seed=301
2026-06-30 00:56:04	Stage1 validation update_0250 bundle=models/data_bundle/generated_instances/pilot24_data_generalization/E-UK25_09__curric_d2_s3_seed25026_24h seed=301
2026-06-30 00:56:13	Stage1 validation update_0250 bundle=models/data_bundle/generated_instances/pilot24_data_generalization/E-UK25_10__curric_d2_s3_seed25027_24h seed=301
2026-06-30 00:56:22	Stage1 validation update_0250 bundle=models/data_bundle/generated_instances/pilot24_data_generalization/E-UK25_11__curric_d2_s3_seed25028_24h seed=301
2026-06-30 00:56:31	Stage1 validation update_0250 bundle=models/data_bundle/generated_instances/pilot24_data_generalization/E-UK25_12__curric_d2_s3_seed25029_24h seed=301
2026-06-30 00:56:44	Stage1 validation update_0250 bundle=models/data_bundle/generated_instances/pilot24_data_generalization/E-UK25_13__curric_d2_s3_seed25030_24h seed=301
2026-06-30 00:56:53	Stage1 update 249 group=249 lr=1e-05 kl=0.0001880154013633728 val_gain=1.6288153766232316
2026-06-30 00:56:53	Stage1 checkpoint solver\reports\dr_alns_ppo_v3_block_dr_alns\async_pilot\pilot25_endgame\checkpoints\pilot24_learned_destroy_update_0250.pt
2026-06-30 00:56:53	Stage1 validation final bundle=models/data_bundle/generated_instances/pilot24_data_generalization/E-UK25_02__curric_d2_s3_seed25000_24h seed=301
2026-06-30 00:57:01	Stage1 validation final bundle=models/data_bundle/generated_instances/pilot24_data_generalization/E-UK25_03__curric_d2_s3_seed25001_24h seed=301
2026-06-30 00:57:17	Stage1 validation final bundle=models/data_bundle/generated_instances/pilot24_data_generalization/E-UK25_04__curric_d2_s3_seed25002_24h seed=301
2026-06-30 00:57:27	Stage1 validation final bundle=models/data_bundle/generated_instances/pilot24_data_generalization/E-UK25_05__curric_d2_s3_seed25003_24h seed=301
2026-06-30 00:57:35	Stage1 validation final bundle=models/data_bundle/generated_instances/pilot24_data_generalization/E-UK25_06__curric_d2_s3_seed25004_24h seed=301
2026-06-30 00:57:45	Stage1 validation final bundle=models/data_bundle/generated_instances/pilot24_data_generalization/E-UK25_07__curric_d2_s3_seed25005_24h seed=301
2026-06-30 00:57:56	Stage1 validation final bundle=models/data_bundle/generated_instances/pilot24_data_generalization/E-UK25_08__curric_d2_s3_seed25006_24h seed=301
2026-06-30 00:58:06	Stage1 validation final bundle=models/data_bundle/generated_instances/pilot24_data_generalization/E-UK25_09__curric_d2_s3_seed25007_24h seed=301
2026-06-30 00:58:15	Stage1 validation final bundle=models/data_bundle/generated_instances/pilot24_data_generalization/E-UK25_10__curric_d2_s3_seed25008_24h seed=301
2026-06-30 00:58:25	Stage1 validation final bundle=models/data_bundle/generated_instances/pilot24_data_generalization/E-UK25_11__curric_d2_s3_seed25009_24h seed=301
2026-06-30 00:58:33	Stage1 validation final bundle=models/data_bundle/generated_instances/pilot24_data_generalization/E-UK25_12__curric_d2_s3_seed25010_24h seed=301
2026-06-30 00:58:42	Stage1 validation final bundle=models/data_bundle/generated_instances/pilot24_data_generalization/E-UK25_13__curric_d2_s3_seed25011_24h seed=301
2026-06-30 00:58:52	Stage1 validation final bundle=models/data_bundle/generated_instances/pilot24_data_generalization/E-UK25_14__curric_d2_s3_seed25012_24h seed=301
2026-06-30 00:59:00	Stage1 validation final bundle=models/data_bundle/generated_instances/pilot24_data_generalization/E-UK25_15__curric_d2_s3_seed25013_24h seed=301
2026-06-30 00:59:09	Stage1 validation final bundle=models/data_bundle/generated_instances/pilot24_data_generalization/E-UK25_16__curric_d2_s3_seed25014_24h seed=301
2026-06-30 00:59:20	Stage1 validation final bundle=models/data_bundle/generated_instances/pilot24_data_generalization/E-UK25_17__curric_d2_s3_seed25015_24h seed=301
2026-06-30 00:59:29	Stage1 validation final bundle=models/data_bundle/generated_instances/pilot24_data_generalization/E-UK25_18__curric_d2_s3_seed25016_24h seed=301
2026-06-30 00:59:38	Stage1 validation final bundle=models/data_bundle/generated_instances/pilot24_data_generalization/E-UK25_19__curric_d2_s3_seed25017_24h seed=301
2026-06-30 00:59:51	Stage1 validation final bundle=models/data_bundle/generated_instances/pilot24_data_generalization/E-UK25_02__curric_d2_s3_seed25019_24h seed=301
2026-06-30 01:00:02	Stage1 validation final bundle=models/data_bundle/generated_instances/pilot24_data_generalization/E-UK25_03__curric_d2_s3_seed25020_24h seed=301
2026-06-30 01:00:13	Stage1 validation final bundle=models/data_bundle/generated_instances/pilot24_data_generalization/E-UK25_04__curric_d2_s3_seed25021_24h seed=301
2026-06-30 01:00:24	Stage1 validation final bundle=models/data_bundle/generated_instances/pilot24_data_generalization/E-UK25_05__curric_d2_s3_seed25022_24h seed=301
2026-06-30 01:00:33	Stage1 validation final bundle=models/data_bundle/generated_instances/pilot24_data_generalization/E-UK25_06__curric_d2_s3_seed25023_24h seed=301
2026-06-30 01:00:43	Stage1 validation final bundle=models/data_bundle/generated_instances/pilot24_data_generalization/E-UK25_07__curric_d2_s3_seed25024_24h seed=301
2026-06-30 01:01:00	Stage1 validation final bundle=models/data_bundle/generated_instances/pilot24_data_generalization/E-UK25_08__curric_d2_s3_seed25025_24h seed=301
2026-06-30 01:01:09	Stage1 validation final bundle=models/data_bundle/generated_instances/pilot24_data_generalization/E-UK25_09__curric_d2_s3_seed25026_24h seed=301
2026-06-30 01:01:18	Stage1 validation final bundle=models/data_bundle/generated_instances/pilot24_data_generalization/E-UK25_10__curric_d2_s3_seed25027_24h seed=301
2026-06-30 01:01:27	Stage1 validation final bundle=models/data_bundle/generated_instances/pilot24_data_generalization/E-UK25_11__curric_d2_s3_seed25028_24h seed=301
2026-06-30 01:01:35	Stage1 validation final bundle=models/data_bundle/generated_instances/pilot24_data_generalization/E-UK25_12__curric_d2_s3_seed25029_24h seed=301
2026-06-30 01:01:48	Stage1 validation final bundle=models/data_bundle/generated_instances/pilot24_data_generalization/E-UK25_13__curric_d2_s3_seed25030_24h seed=301
2026-06-30 01:01:57	Stage1 verdict=HALT_NO_VALIDATION_GAIN: best_validation_gain=1.629%, final_validation_gain=1.629%, recent_slope=0.0924951, stable_keep=True, finite_losses=True, kl_ok=True, zero_violations=True, entropy_floor_ok=True, fresh_no_reuse=True
2026-06-30 01:01:57	Stage2 independent-test learned_destroy bundle=models/data_bundle/generated_instances/pilot24_data_generalization/E-UK25_02__curric_d2_s3_seed26000_24h seed=901
2026-06-30 01:02:06	Stage2 independent-test operator_select bundle=models/data_bundle/generated_instances/pilot24_data_generalization/E-UK25_02__curric_d2_s3_seed26000_24h seed=901
2026-06-30 01:02:12	Stage2 independent-test random_operator bundle=models/data_bundle/generated_instances/pilot24_data_generalization/E-UK25_02__curric_d2_s3_seed26000_24h seed=901
2026-06-30 01:02:14	Stage2 independent-test worst_removal_fixed bundle=models/data_bundle/generated_instances/pilot24_data_generalization/E-UK25_02__curric_d2_s3_seed26000_24h seed=901
2026-06-30 01:02:18	Stage2 independent-test learned_destroy bundle=models/data_bundle/generated_instances/pilot24_data_generalization/E-UK25_03__curric_d2_s3_seed26001_24h seed=901
2026-06-30 01:02:29	Stage2 independent-test operator_select bundle=models/data_bundle/generated_instances/pilot24_data_generalization/E-UK25_03__curric_d2_s3_seed26001_24h seed=901
2026-06-30 01:02:36	Stage2 independent-test random_operator bundle=models/data_bundle/generated_instances/pilot24_data_generalization/E-UK25_03__curric_d2_s3_seed26001_24h seed=901
2026-06-30 01:02:39	Stage2 independent-test worst_removal_fixed bundle=models/data_bundle/generated_instances/pilot24_data_generalization/E-UK25_03__curric_d2_s3_seed26001_24h seed=901
2026-06-30 01:02:43	Stage2 independent-test learned_destroy bundle=models/data_bundle/generated_instances/pilot24_data_generalization/E-UK25_04__curric_d2_s3_seed26002_24h seed=901
2026-06-30 01:02:53	Stage2 independent-test operator_select bundle=models/data_bundle/generated_instances/pilot24_data_generalization/E-UK25_04__curric_d2_s3_seed26002_24h seed=901
2026-06-30 01:03:01	Stage2 independent-test random_operator bundle=models/data_bundle/generated_instances/pilot24_data_generalization/E-UK25_04__curric_d2_s3_seed26002_24h seed=901
2026-06-30 01:03:05	Stage2 independent-test worst_removal_fixed bundle=models/data_bundle/generated_instances/pilot24_data_generalization/E-UK25_04__curric_d2_s3_seed26002_24h seed=901
2026-06-30 01:03:10	Stage2 independent-test learned_destroy bundle=models/data_bundle/generated_instances/pilot24_data_generalization/E-UK25_05__curric_d2_s3_seed26003_24h seed=901
2026-06-30 01:03:23	Stage2 independent-test operator_select bundle=models/data_bundle/generated_instances/pilot24_data_generalization/E-UK25_05__curric_d2_s3_seed26003_24h seed=901
2026-06-30 01:03:29	Stage2 independent-test random_operator bundle=models/data_bundle/generated_instances/pilot24_data_generalization/E-UK25_05__curric_d2_s3_seed26003_24h seed=901
2026-06-30 01:03:33	Stage2 independent-test worst_removal_fixed bundle=models/data_bundle/generated_instances/pilot24_data_generalization/E-UK25_05__curric_d2_s3_seed26003_24h seed=901
2026-06-30 01:03:37	Stage2 independent-test learned_destroy bundle=models/data_bundle/generated_instances/pilot24_data_generalization/E-UK25_06__curric_d2_s3_seed26004_24h seed=901
2026-06-30 01:03:45	Stage2 independent-test operator_select bundle=models/data_bundle/generated_instances/pilot24_data_generalization/E-UK25_06__curric_d2_s3_seed26004_24h seed=901
2026-06-30 01:03:52	Stage2 independent-test random_operator bundle=models/data_bundle/generated_instances/pilot24_data_generalization/E-UK25_06__curric_d2_s3_seed26004_24h seed=901
2026-06-30 01:03:55	Stage2 independent-test worst_removal_fixed bundle=models/data_bundle/generated_instances/pilot24_data_generalization/E-UK25_06__curric_d2_s3_seed26004_24h seed=901
2026-06-30 01:03:59	Stage2 independent-test learned_destroy bundle=models/data_bundle/generated_instances/pilot24_data_generalization/E-UK25_07__curric_d2_s3_seed26005_24h seed=901
2026-06-30 01:04:09	Stage2 independent-test operator_select bundle=models/data_bundle/generated_instances/pilot24_data_generalization/E-UK25_07__curric_d2_s3_seed26005_24h seed=901
2026-06-30 01:04:17	Stage2 independent-test random_operator bundle=models/data_bundle/generated_instances/pilot24_data_generalization/E-UK25_07__curric_d2_s3_seed26005_24h seed=901
2026-06-30 01:04:20	Stage2 independent-test worst_removal_fixed bundle=models/data_bundle/generated_instances/pilot24_data_generalization/E-UK25_07__curric_d2_s3_seed26005_24h seed=901
2026-06-30 01:04:45	Stage2 bundle 1/6 done
2026-06-30 01:04:50	Stage2 bundle 2/6 done
2026-06-30 01:04:55	Stage2 bundle 3/6 done
2026-06-30 01:04:59	Stage2 bundle 4/6 done
2026-06-30 01:05:04	Stage2 bundle 5/6 done
2026-06-30 01:05:09	Stage2 bundle 6/6 done
2026-06-30 01:05:09	Stage2 verdict=PARTIAL_WIN_NO_DR: dr_gain=-24.426%, learned_vs_operator=-24.426%, learned_vs_plain=-15.885%, weak_field_gain=27.769%, stage1=HALT_NO_VALIDATION_GAIN, zero_violations=True, worker_ok=True
