2026-07-03 17:54:04	Track23 run start
2026-07-03 17:54:05	Stage A operator_select bundle=models/data_bundle/generated_instances/E-UK25_11__curric_d2_s3_seed2211_24h seed=1201 steps=250
2026-07-03 17:54:16	Stage A worst_removal_fixed bundle=models/data_bundle/generated_instances/E-UK25_11__curric_d2_s3_seed2211_24h seed=1201 steps=250
2026-07-03 17:54:24	Stage A best_of_k_destroy bundle=models/data_bundle/generated_instances/E-UK25_11__curric_d2_s3_seed2211_24h seed=1201 steps=250
2026-07-03 17:55:16	Stage A operator_select bundle=models/data_bundle/generated_instances/E-UK25_11__curric_d2_s3_seed2211_24h seed=1202 steps=250
2026-07-03 17:55:30	Stage A worst_removal_fixed bundle=models/data_bundle/generated_instances/E-UK25_11__curric_d2_s3_seed2211_24h seed=1202 steps=250
2026-07-03 17:55:38	Stage A best_of_k_destroy bundle=models/data_bundle/generated_instances/E-UK25_11__curric_d2_s3_seed2211_24h seed=1202 steps=250
2026-07-03 17:56:33	Stage A operator_select bundle=models/data_bundle/generated_instances/E-UK25_11__curric_d2_s3_seed2211_24h seed=1203 steps=250
2026-07-03 17:56:47	Stage A worst_removal_fixed bundle=models/data_bundle/generated_instances/E-UK25_11__curric_d2_s3_seed2211_24h seed=1203 steps=250
2026-07-03 17:56:56	Stage A best_of_k_destroy bundle=models/data_bundle/generated_instances/E-UK25_11__curric_d2_s3_seed2211_24h seed=1203 steps=250
2026-07-03 17:57:51	Stage A operator_select bundle=models/data_bundle/generated_instances/E-UK25_11__curric_d2_s3_seed2211_24h seed=1201 steps=1000
2026-07-03 17:58:47	Stage A worst_removal_fixed bundle=models/data_bundle/generated_instances/E-UK25_11__curric_d2_s3_seed2211_24h seed=1201 steps=1000
2026-07-03 17:59:37	Stage A best_of_k_destroy bundle=models/data_bundle/generated_instances/E-UK25_11__curric_d2_s3_seed2211_24h seed=1201 steps=1000
2026-07-03 18:03:19	Stage A operator_select bundle=models/data_bundle/generated_instances/E-UK25_11__curric_d2_s3_seed2211_24h seed=1202 steps=1000
2026-07-03 18:03:58	Stage A worst_removal_fixed bundle=models/data_bundle/generated_instances/E-UK25_11__curric_d2_s3_seed2211_24h seed=1202 steps=1000
2026-07-03 18:04:44	Stage A best_of_k_destroy bundle=models/data_bundle/generated_instances/E-UK25_11__curric_d2_s3_seed2211_24h seed=1202 steps=1000
2026-07-03 18:08:10	Stage A operator_select bundle=models/data_bundle/generated_instances/E-UK25_11__curric_d2_s3_seed2211_24h seed=1203 steps=1000
2026-07-03 18:09:03	Stage A worst_removal_fixed bundle=models/data_bundle/generated_instances/E-UK25_11__curric_d2_s3_seed2211_24h seed=1203 steps=1000
2026-07-03 18:09:52	Stage A best_of_k_destroy bundle=models/data_bundle/generated_instances/E-UK25_11__curric_d2_s3_seed2211_24h seed=1203 steps=1000
2026-07-03 18:13:18	Stage A operator_select bundle=models/data_bundle/generated_instances/E-UK25_12__curric_d2_s3_seed2212_24h seed=1201 steps=250
2026-07-03 18:13:29	Stage A worst_removal_fixed bundle=models/data_bundle/generated_instances/E-UK25_12__curric_d2_s3_seed2212_24h seed=1201 steps=250
2026-07-03 18:13:37	Stage A best_of_k_destroy bundle=models/data_bundle/generated_instances/E-UK25_12__curric_d2_s3_seed2212_24h seed=1201 steps=250
2026-07-03 18:14:28	Stage A operator_select bundle=models/data_bundle/generated_instances/E-UK25_12__curric_d2_s3_seed2212_24h seed=1202 steps=250
2026-07-03 18:14:43	Stage A worst_removal_fixed bundle=models/data_bundle/generated_instances/E-UK25_12__curric_d2_s3_seed2212_24h seed=1202 steps=250
2026-07-03 18:14:51	Stage A best_of_k_destroy bundle=models/data_bundle/generated_instances/E-UK25_12__curric_d2_s3_seed2212_24h seed=1202 steps=250
2026-07-03 18:15:38	Stage A operator_select bundle=models/data_bundle/generated_instances/E-UK25_12__curric_d2_s3_seed2212_24h seed=1203 steps=250
2026-07-03 18:15:49	Stage A worst_removal_fixed bundle=models/data_bundle/generated_instances/E-UK25_12__curric_d2_s3_seed2212_24h seed=1203 steps=250
2026-07-03 18:15:56	Stage A best_of_k_destroy bundle=models/data_bundle/generated_instances/E-UK25_12__curric_d2_s3_seed2212_24h seed=1203 steps=250
2026-07-03 18:16:46	Stage A operator_select bundle=models/data_bundle/generated_instances/E-UK25_12__curric_d2_s3_seed2212_24h seed=1201 steps=1000
2026-07-03 18:17:09	Stage A worst_removal_fixed bundle=models/data_bundle/generated_instances/E-UK25_12__curric_d2_s3_seed2212_24h seed=1201 steps=1000
2026-07-03 18:17:50	Stage A best_of_k_destroy bundle=models/data_bundle/generated_instances/E-UK25_12__curric_d2_s3_seed2212_24h seed=1201 steps=1000
2026-07-03 18:20:49	Stage A operator_select bundle=models/data_bundle/generated_instances/E-UK25_12__curric_d2_s3_seed2212_24h seed=1202 steps=1000
2026-07-03 18:21:15	Stage A worst_removal_fixed bundle=models/data_bundle/generated_instances/E-UK25_12__curric_d2_s3_seed2212_24h seed=1202 steps=1000
2026-07-03 18:21:54	Stage A best_of_k_destroy bundle=models/data_bundle/generated_instances/E-UK25_12__curric_d2_s3_seed2212_24h seed=1202 steps=1000
2026-07-03 18:24:50	Stage A operator_select bundle=models/data_bundle/generated_instances/E-UK25_12__curric_d2_s3_seed2212_24h seed=1203 steps=1000
2026-07-03 18:25:11	Stage A worst_removal_fixed bundle=models/data_bundle/generated_instances/E-UK25_12__curric_d2_s3_seed2212_24h seed=1203 steps=1000
2026-07-03 18:25:41	Stage A best_of_k_destroy bundle=models/data_bundle/generated_instances/E-UK25_12__curric_d2_s3_seed2212_24h seed=1203 steps=1000
2026-07-03 18:28:51	Stage A worst_removal_fixed bundle=models/data_bundle/generated_instances/E-UK25_12__curric_d2_s3_seed2212_24h seed=1201 steps=4000
2026-07-03 18:30:50	Stage A best_of_k_destroy bundle=models/data_bundle/generated_instances/E-UK25_12__curric_d2_s3_seed2212_24h seed=1201 steps=4000
2026-07-03 18:42:22	Stage A operator_select bundle=models/data_bundle/generated_instances/E-UK25_12__curric_d2_s3_seed2212_24h seed=1202 steps=4000
2026-07-03 18:43:23	Stage A worst_removal_fixed bundle=models/data_bundle/generated_instances/E-UK25_12__curric_d2_s3_seed2212_24h seed=1202 steps=4000
2026-07-03 18:44:59	Stage A best_of_k_destroy bundle=models/data_bundle/generated_instances/E-UK25_12__curric_d2_s3_seed2212_24h seed=1202 steps=4000
2026-07-03 18:55:53	Stage A operator_select bundle=models/data_bundle/generated_instances/E-UK25_12__curric_d2_s3_seed2212_24h seed=1203 steps=4000
2026-07-03 18:56:46	Stage A worst_removal_fixed bundle=models/data_bundle/generated_instances/E-UK25_12__curric_d2_s3_seed2212_24h seed=1203 steps=4000
2026-07-03 18:57:39	Stage A best_of_k_destroy bundle=models/data_bundle/generated_instances/E-UK25_12__curric_d2_s3_seed2212_24h seed=1203 steps=4000
2026-07-03 19:09:20	Stage A operator_select bundle=models/data_bundle/generated_instances/E-UK25_13__curric_d2_s3_seed2213_24h seed=1201 steps=250
2026-07-03 19:09:32	Stage A worst_removal_fixed bundle=models/data_bundle/generated_instances/E-UK25_13__curric_d2_s3_seed2213_24h seed=1201 steps=250
2026-07-03 19:09:41	Stage A best_of_k_destroy bundle=models/data_bundle/generated_instances/E-UK25_13__curric_d2_s3_seed2213_24h seed=1201 steps=250
2026-07-03 19:10:33	Stage A operator_select bundle=models/data_bundle/generated_instances/E-UK25_13__curric_d2_s3_seed2213_24h seed=1202 steps=250
2026-07-03 19:10:48	Stage A worst_removal_fixed bundle=models/data_bundle/generated_instances/E-UK25_13__curric_d2_s3_seed2213_24h seed=1202 steps=250
2026-07-03 19:10:55	Stage A best_of_k_destroy bundle=models/data_bundle/generated_instances/E-UK25_13__curric_d2_s3_seed2213_24h seed=1202 steps=250
2026-07-03 19:11:43	Stage A operator_select bundle=models/data_bundle/generated_instances/E-UK25_13__curric_d2_s3_seed2213_24h seed=1203 steps=250
2026-07-03 19:11:51	Stage A worst_removal_fixed bundle=models/data_bundle/generated_instances/E-UK25_13__curric_d2_s3_seed2213_24h seed=1203 steps=250
2026-07-03 19:11:58	Stage A best_of_k_destroy bundle=models/data_bundle/generated_instances/E-UK25_13__curric_d2_s3_seed2213_24h seed=1203 steps=250
2026-07-03 19:12:46	Stage A operator_select bundle=models/data_bundle/generated_instances/E-UK25_13__curric_d2_s3_seed2213_24h seed=1201 steps=1000
2026-07-03 19:13:31	Stage A worst_removal_fixed bundle=models/data_bundle/generated_instances/E-UK25_13__curric_d2_s3_seed2213_24h seed=1201 steps=1000
2026-07-03 19:14:25	Stage A best_of_k_destroy bundle=models/data_bundle/generated_instances/E-UK25_13__curric_d2_s3_seed2213_24h seed=1201 steps=1000
2026-07-03 19:18:03	Stage A operator_select bundle=models/data_bundle/generated_instances/E-UK25_13__curric_d2_s3_seed2213_24h seed=1202 steps=1000
2026-07-03 19:19:05	Stage A worst_removal_fixed bundle=models/data_bundle/generated_instances/E-UK25_13__curric_d2_s3_seed2213_24h seed=1202 steps=1000
2026-07-03 19:19:19	Stage A best_of_k_destroy bundle=models/data_bundle/generated_instances/E-UK25_13__curric_d2_s3_seed2213_24h seed=1202 steps=1000
2026-07-03 19:22:26	Stage A operator_select bundle=models/data_bundle/generated_instances/E-UK25_13__curric_d2_s3_seed2213_24h seed=1203 steps=1000
2026-07-03 19:22:42	Stage A worst_removal_fixed bundle=models/data_bundle/generated_instances/E-UK25_13__curric_d2_s3_seed2213_24h seed=1203 steps=1000
2026-07-03 19:22:54	Stage A best_of_k_destroy bundle=models/data_bundle/generated_instances/E-UK25_13__curric_d2_s3_seed2213_24h seed=1203 steps=1000
2026-07-03 19:26:22	Stage A operator_select bundle=models/data_bundle/generated_instances/E-UK25_13__curric_d2_s3_seed2213_24h seed=1201 steps=4000
2026-07-03 19:29:22	Stage A worst_removal_fixed bundle=models/data_bundle/generated_instances/E-UK25_13__curric_d2_s3_seed2213_24h seed=1201 steps=4000
2026-07-03 19:33:19	Stage A best_of_k_destroy bundle=models/data_bundle/generated_instances/E-UK25_13__curric_d2_s3_seed2213_24h seed=1201 steps=4000
2026-07-03 19:46:17	Stage A operator_select bundle=models/data_bundle/generated_instances/E-UK25_13__curric_d2_s3_seed2213_24h seed=1202 steps=4000
2026-07-03 19:49:05	Stage A worst_removal_fixed bundle=models/data_bundle/generated_instances/E-UK25_13__curric_d2_s3_seed2213_24h seed=1202 steps=4000
2026-07-03 19:49:30	Stage A best_of_k_destroy bundle=models/data_bundle/generated_instances/E-UK25_13__curric_d2_s3_seed2213_24h seed=1202 steps=4000
2026-07-03 20:01:39	Stage A operator_select bundle=models/data_bundle/generated_instances/E-UK25_13__curric_d2_s3_seed2213_24h seed=1203 steps=4000
2026-07-03 20:02:33	Stage A worst_removal_fixed bundle=models/data_bundle/generated_instances/E-UK25_13__curric_d2_s3_seed2213_24h seed=1203 steps=4000
2026-07-03 20:02:57	Stage A best_of_k_destroy bundle=models/data_bundle/generated_instances/E-UK25_13__curric_d2_s3_seed2213_24h seed=1203 steps=4000
2026-07-03 20:16:42	Stage A operator_select bundle=models/data_bundle/generated_instances/E-UK50_11__curric_d2_s3_seed2251_24h seed=1201 steps=750
2026-07-03 20:18:55	Stage A worst_removal_fixed bundle=models/data_bundle/generated_instances/E-UK50_11__curric_d2_s3_seed2251_24h seed=1201 steps=750
2026-07-03 20:20:22	Stage A best_of_k_destroy bundle=models/data_bundle/generated_instances/E-UK50_11__curric_d2_s3_seed2251_24h seed=1201 steps=750
2026-07-03 20:27:36	Stage A operator_select bundle=models/data_bundle/generated_instances/E-UK50_11__curric_d2_s3_seed2251_24h seed=1202 steps=750
2026-07-03 20:29:33	Stage A worst_removal_fixed bundle=models/data_bundle/generated_instances/E-UK50_11__curric_d2_s3_seed2251_24h seed=1202 steps=750
2026-07-03 20:30:50	Stage A best_of_k_destroy bundle=models/data_bundle/generated_instances/E-UK50_11__curric_d2_s3_seed2251_24h seed=1202 steps=750
2026-07-03 20:37:59	Stage A operator_select bundle=models/data_bundle/generated_instances/E-UK50_11__curric_d2_s3_seed2251_24h seed=1203 steps=750
2026-07-03 20:39:00	Stage A worst_removal_fixed bundle=models/data_bundle/generated_instances/E-UK50_11__curric_d2_s3_seed2251_24h seed=1203 steps=750
2026-07-03 20:40:24	Stage A best_of_k_destroy bundle=models/data_bundle/generated_instances/E-UK50_11__curric_d2_s3_seed2251_24h seed=1203 steps=750
2026-07-03 20:48:36	Stage A operator_select bundle=models/data_bundle/generated_instances/E-UK50_11__curric_d2_s3_seed2251_24h seed=1201 steps=3000
2026-07-03 20:52:36	Stage A worst_removal_fixed bundle=models/data_bundle/generated_instances/E-UK50_11__curric_d2_s3_seed2251_24h seed=1201 steps=3000
2026-07-03 20:58:49	Stage A best_of_k_destroy bundle=models/data_bundle/generated_instances/E-UK50_11__curric_d2_s3_seed2251_24h seed=1201 steps=3000
2026-07-03 21:29:02	Stage A operator_select bundle=models/data_bundle/generated_instances/E-UK50_11__curric_d2_s3_seed2251_24h seed=1202 steps=3000
2026-07-03 21:32:07	Stage A worst_removal_fixed bundle=models/data_bundle/generated_instances/E-UK50_11__curric_d2_s3_seed2251_24h seed=1202 steps=3000
2026-07-03 21:36:19	Stage A best_of_k_destroy bundle=models/data_bundle/generated_instances/E-UK50_11__curric_d2_s3_seed2251_24h seed=1202 steps=3000
2026-07-03 22:06:09	Stage A operator_select bundle=models/data_bundle/generated_instances/E-UK50_11__curric_d2_s3_seed2251_24h seed=1203 steps=3000
2026-07-03 22:08:20	Stage A worst_removal_fixed bundle=models/data_bundle/generated_instances/E-UK50_11__curric_d2_s3_seed2251_24h seed=1203 steps=3000
2026-07-03 22:11:12	Stage A best_of_k_destroy bundle=models/data_bundle/generated_instances/E-UK50_11__curric_d2_s3_seed2251_24h seed=1203 steps=3000
2026-07-03 22:41:21	Stage A operator_select bundle=models/data_bundle/generated_instances/E-UK50_12__curric_d2_s3_seed2252_24h seed=1201 steps=750
2026-07-03 22:43:13	Stage A worst_removal_fixed bundle=models/data_bundle/generated_instances/E-UK50_12__curric_d2_s3_seed2252_24h seed=1201 steps=750
2026-07-03 22:44:45	Stage A best_of_k_destroy bundle=models/data_bundle/generated_instances/E-UK50_12__curric_d2_s3_seed2252_24h seed=1201 steps=750
2026-07-03 22:52:21	Stage A operator_select bundle=models/data_bundle/generated_instances/E-UK50_12__curric_d2_s3_seed2252_24h seed=1202 steps=750
2026-07-03 22:54:49	Stage A worst_removal_fixed bundle=models/data_bundle/generated_instances/E-UK50_12__curric_d2_s3_seed2252_24h seed=1202 steps=750
2026-07-03 22:56:14	Stage A best_of_k_destroy bundle=models/data_bundle/generated_instances/E-UK50_12__curric_d2_s3_seed2252_24h seed=1202 steps=750
2026-07-03 23:02:50	Stage A operator_select bundle=models/data_bundle/generated_instances/E-UK50_12__curric_d2_s3_seed2252_24h seed=1203 steps=750
2026-07-03 23:03:44	Stage A worst_removal_fixed bundle=models/data_bundle/generated_instances/E-UK50_12__curric_d2_s3_seed2252_24h seed=1203 steps=750
2026-07-03 23:05:06	Stage A best_of_k_destroy bundle=models/data_bundle/generated_instances/E-UK50_12__curric_d2_s3_seed2252_24h seed=1203 steps=750
2026-07-03 23:11:40	Stage A operator_select bundle=models/data_bundle/generated_instances/E-UK50_12__curric_d2_s3_seed2252_24h seed=1201 steps=3000
2026-07-03 23:14:12	Stage A worst_removal_fixed bundle=models/data_bundle/generated_instances/E-UK50_12__curric_d2_s3_seed2252_24h seed=1201 steps=3000
2026-07-03 23:18:51	Stage A best_of_k_destroy bundle=models/data_bundle/generated_instances/E-UK50_12__curric_d2_s3_seed2252_24h seed=1201 steps=3000
2026-07-03 23:45:48	Stage A operator_select bundle=models/data_bundle/generated_instances/E-UK50_12__curric_d2_s3_seed2252_24h seed=1202 steps=3000
2026-07-03 23:49:23	Stage A worst_removal_fixed bundle=models/data_bundle/generated_instances/E-UK50_12__curric_d2_s3_seed2252_24h seed=1202 steps=3000
2026-07-03 23:52:43	Stage A best_of_k_destroy bundle=models/data_bundle/generated_instances/E-UK50_12__curric_d2_s3_seed2252_24h seed=1202 steps=3000
2026-07-04 00:21:44	Stage A operator_select bundle=models/data_bundle/generated_instances/E-UK50_12__curric_d2_s3_seed2252_24h seed=1203 steps=3000
2026-07-04 00:23:47	Stage A worst_removal_fixed bundle=models/data_bundle/generated_instances/E-UK50_12__curric_d2_s3_seed2252_24h seed=1203 steps=3000
2026-07-04 00:26:16	Stage A best_of_k_destroy bundle=models/data_bundle/generated_instances/E-UK50_12__curric_d2_s3_seed2252_24h seed=1203 steps=3000
2026-07-04 00:54:51	Stage A operator_select bundle=models/data_bundle/generated_instances/E-UK100_03__u0_seed3_24h_20251113 seed=1201 steps=1000
2026-07-04 00:57:39	Stage A worst_removal_fixed bundle=models/data_bundle/generated_instances/E-UK100_03__u0_seed3_24h_20251113 seed=1201 steps=1000
2026-07-04 01:09:40	Stage A best_of_k_destroy bundle=models/data_bundle/generated_instances/E-UK100_03__u0_seed3_24h_20251113 seed=1201 steps=1000
2026-07-04 01:45:16	Stage A operator_select bundle=models/data_bundle/generated_instances/E-UK100_03__u0_seed3_24h_20251113 seed=1202 steps=1000
2026-07-04 01:53:04	Stage A worst_removal_fixed bundle=models/data_bundle/generated_instances/E-UK100_03__u0_seed3_24h_20251113 seed=1202 steps=1000
2026-07-04 02:10:02	Stage A best_of_k_destroy bundle=models/data_bundle/generated_instances/E-UK100_03__u0_seed3_24h_20251113 seed=1202 steps=1000
2026-07-04 02:46:59	Stage A status=NO_DESTROY_LEVERAGE_ANY_BUDGET
2026-07-04 02:47:10	Track23 run start
2026-07-04 02:47:10	Stage A2 status=SKIP_A2_NO_LEVERAGE
2026-07-04 02:55:23	Track23 run start
2026-07-04 02:55:24	Stage4 carbon replay bundle=models/data_bundle/generated_instances/E-UK25_11__curric_d2_s3_seed2211_24h seed=2901
2026-07-04 02:55:28	Stage4 carbon replay bundle=models/data_bundle/generated_instances/E-UK25_11__curric_d2_s3_seed2211_24h seed=2902
2026-07-04 02:55:33	Stage4 carbon replay bundle=models/data_bundle/generated_instances/E-UK25_11__curric_d2_s3_seed2211_24h seed=2903
2026-07-04 02:55:38	Stage4 carbon replay bundle=models/data_bundle/generated_instances/E-UK25_12__curric_d2_s3_seed2212_24h seed=2901
2026-07-04 02:55:41	Stage4 carbon replay bundle=models/data_bundle/generated_instances/E-UK25_12__curric_d2_s3_seed2212_24h seed=2902
2026-07-04 02:55:45	Stage4 carbon replay bundle=models/data_bundle/generated_instances/E-UK25_12__curric_d2_s3_seed2212_24h seed=2903
2026-07-04 02:55:49	Stage4 carbon replay bundle=models/data_bundle/generated_instances/E-UK25_13__curric_d2_s3_seed2213_24h seed=2901
2026-07-04 02:55:54	Stage4 carbon replay bundle=models/data_bundle/generated_instances/E-UK25_13__curric_d2_s3_seed2213_24h seed=2902
2026-07-04 02:55:59	Stage4 carbon replay bundle=models/data_bundle/generated_instances/E-UK25_13__curric_d2_s3_seed2213_24h seed=2903
2026-07-04 02:56:03	Stage4 carbon replay bundle=models/data_bundle/generated_instances/E-UK50_11__curric_d2_s3_seed2251_24h seed=2901
2026-07-04 02:56:10	Stage4 carbon replay bundle=models/data_bundle/generated_instances/E-UK50_11__curric_d2_s3_seed2251_24h seed=2902
2026-07-04 02:56:17	Stage4 carbon replay bundle=models/data_bundle/generated_instances/E-UK50_11__curric_d2_s3_seed2251_24h seed=2903
2026-07-04 02:56:25	Stage4 carbon replay bundle=models/data_bundle/generated_instances/E-UK50_12__curric_d2_s3_seed2252_24h seed=2901
2026-07-04 02:56:32	Stage4 carbon replay bundle=models/data_bundle/generated_instances/E-UK50_12__curric_d2_s3_seed2252_24h seed=2902
2026-07-04 02:56:40	Stage4 carbon replay bundle=models/data_bundle/generated_instances/E-UK50_12__curric_d2_s3_seed2252_24h seed=2903
2026-07-04 02:56:48	Stage4 EV-heavy diagnostic succeeded
2026-07-04 02:56:48	Stage B status=CARBON_MECHANISM_WEAK
2026-07-04 02:56:55	Track23 run start
2026-07-04 02:56:58	Stage C ppo_block_best bundle=models/data_bundle/generated_instances/E-UK100_01__d2_s3_seed1_24h_20251113 seed=1
2026-07-04 07:52:23	Track23 run start
2026-07-04 07:52:24	Stage B carbon knob seed solution bundle=models/data_bundle/generated_instances/E-UK25_11__curric_d2_s3_seed2211_24h seed=2901
2026-07-04 07:52:29	Stage B carbon knob seed solution bundle=models/data_bundle/generated_instances/E-UK25_12__curric_d2_s3_seed2212_24h seed=2901
2026-07-04 07:52:33	Stage B status=CARBON_MECHANISM_WEAK
