\BOOKMARK [1][]{section.1}{\376\377\0001\000\040\137\025\212\000}{}% 1
\BOOKMARK [1][]{section.2}{\376\377\0002\000\040\152\041\127\213\136\372\172\313}{}% 2
\BOOKMARK [2][-]{subsection.2.1}{\376\377\0002\000.\0001\000\040\225\356\230\230\143\317\217\360\116\016\127\372\147\054\120\107\213\276}{section.2}% 3
\BOOKMARK [2][-]{subsection.2.2}{\376\377\0002\000.\0002\000\040\217\146\217\206\200\375\200\027}{section.2}% 4
\BOOKMARK [2][-]{subsection.2.3}{\376\377\0002\000.\0003\000\040\121\105\165\065\116\016\145\366\123\330\165\065\177\121\143\222\145\076}{section.2}% 5
\BOOKMARK [2][-]{subsection.2.4}{\376\377\0002\000.\0004\000\040\123\357\210\114\133\236\117\123\217\146\143\222\163\355\152\041\137\017}{section.2}% 6
\BOOKMARK [2][-]{subsection.2.5}{\376\377\0002\000.\0005\000\040\217\320\204\045\142\020\147\054\060\001\143\222\145\076\166\356\150\007\116\016\226\306\124\010\122\022\122\006\116\073\225\356\230\230}{section.2}% 7
\BOOKMARK [2][-]{subsection.2.6}{\376\377\0002\000.\0006\000\040\200\124\124\010\117\030\123\026\124\016\166\204\124\010\117\134\142\020\147\054\122\006\144\112}{section.2}% 8
\BOOKMARK [2][-]{subsection.2.7}{\376\377\0002\000.\0007\000\040\122\250\140\001\227\000\154\102\116\016\162\266\140\001\176\347\142\177}{section.2}% 9
\BOOKMARK [1][]{section.3}{\376\377\0003\000\040\173\227\154\325\213\276\213\241}{}% 10
\BOOKMARK [2][-]{subsection.3.1}{\376\377\0003\000.\0001\000\040\154\102\211\343\143\245\123\343}{section.3}% 11
\BOOKMARK [2][-]{subsection.3.2}{\376\377\0003\000.\0002\000\040\173\227\154\325\140\073\155\101\172\013}{section.3}% 12
\BOOKMARK [1][]{section.4}{\376\377\0004\000\040\145\160\120\074\133\236\232\214}{}% 13
\BOOKMARK [2][-]{subsection.4.1}{\376\377\0004\000.\0001\000\040\173\227\117\213\060\001\123\302\145\160\116\016\213\301\143\156\123\343\137\204}{section.4}% 14
\BOOKMARK [2][-]{subsection.4.2}{\376\377\0004\000.\0002\000\040\121\154\137\000\173\227\117\213\154\102\211\343\215\050\221\317}{section.4}% 15
\BOOKMARK [2][-]{subsection.4.3}{\376\377\0004\000.\0003\000\040\116\343\210\150\133\236\117\213\142\147\210\114\145\271\150\110}{section.4}% 16
\BOOKMARK [2][-]{subsection.4.4}{\376\377\0004\000.\0004\000\040\145\066\145\133\217\307\172\013\116\016\173\227\154\325\155\210\207\215}{section.4}% 17
\BOOKMARK [2][-]{subsection.4.5}{\376\377\0004\000.\0005\000\040\155\367\124\010\217\146\226\037\217\146\127\213\121\205\165\037\220\011\142\351}{section.4}% 18
\BOOKMARK [2][-]{subsection.4.6}{\376\377\0004\000.\0006\000\040\121\105\165\065\152\041\127\213\116\016\227\136\176\277\140\047\217\321\117\074}{section.4}% 19
\BOOKMARK [2][-]{subsection.4.7}{\376\377\0004\000.\0007\000\040\145\366\123\330\165\065\177\121\170\263\137\072\136\246\116\016\121\105\165\065\121\263\173\126}{section.4}% 20
\BOOKMARK [2][-]{subsection.4.8}{\376\377\0004\000.\0008\000\040\170\263\116\367\140\305\146\157}{section.4}% 21
\BOOKMARK [2][-]{subsection.4.9}{\376\377\0004\000.\0009\000\040\131\032\217\146\127\072\200\124\124\010\221\115\220\001}{section.4}% 22
\BOOKMARK [2][-]{subsection.4.10}{\376\377\0004\000.\0001\0000\000\040\116\044\217\146\127\072\116\016\126\333\217\146\127\072\124\010\117\134\142\020\147\054\122\006\144\112}{section.4}% 23
\BOOKMARK [2][-]{subsection.4.11}{\376\377\0004\000.\0001\0001\000\040\122\250\140\001\227\000\154\102\124\315\136\224}{section.4}% 24
\BOOKMARK [2][-]{subsection.4.12}{\376\377\0004\000.\0001\0002\000\040\176\323\147\234\213\250\213\272}{section.4}% 25
\BOOKMARK [1][]{section.5}{\376\377\0005\000\040\176\323\213\355}{}% 26
