\BOOKMARK [1][]{section.1}{\376\377\0001\000\040\137\025\212\000}{}% 1
\BOOKMARK [1][]{section.2}{\376\377\0002\000\040\152\041\127\213\136\372\172\313}{}% 2
\BOOKMARK [2][-]{subsection.2.1}{\376\377\0002\000.\0001\000\040\225\356\230\230\143\317\217\360}{section.2}% 3
\BOOKMARK [2][-]{subsection.2.2}{\376\377\0002\000.\0002\000\040\166\356\150\007\121\375\145\160}{section.2}% 4
\BOOKMARK [3][-]{subsubsection.2.2.1}{\376\377\0002\000.\0002\000.\0001\000\040\217\146\217\206\124\057\122\250\142\020\147\054}{subsection.2.2}% 5
\BOOKMARK [3][-]{subsubsection.2.2.2}{\376\377\0002\000.\0002\000.\0002\000\040\210\114\232\166\142\020\147\054}{subsection.2.2}% 6
\BOOKMARK [3][-]{subsubsection.2.2.3}{\376\377\0002\000.\0002\000.\0003\000\040\121\105\165\065\142\020\147\054}{subsection.2.2}% 7
\BOOKMARK [3][-]{subsubsection.2.2.4}{\376\377\0002\000.\0002\000.\0004\000\040\154\271\200\027\142\020\147\054}{subsection.2.2}% 8
\BOOKMARK [3][-]{subsubsection.2.2.5}{\376\377\0002\000.\0002\000.\0005\000\040\170\263\143\222\145\076\142\020\147\054}{subsection.2.2}% 9
\BOOKMARK [2][-]{subsection.2.3}{\376\377\0002\000.\0003\000\040\200\375\200\027\060\001\121\105\165\065\116\016\170\263\143\222\145\076\152\041\127\213}{section.2}% 10
\BOOKMARK [3][-]{subsubsection.2.3.1}{\376\377\0002\000.\0003\000.\0001\000\040\217\146\217\206\200\375\200\027}{subsection.2.3}% 11
\BOOKMARK [3][-]{subsubsection.2.3.2}{\376\377\0002\000.\0003\000.\0002\000\040\227\136\176\277\140\047\121\105\165\065\116\016\122\006\145\366\165\065\116\367}{subsection.2.3}% 12
\BOOKMARK [3][-]{subsubsection.2.3.3}{\376\377\0002\000.\0003\000.\0003\000\040\145\366\123\330\170\263\143\222\145\076}{subsection.2.3}% 13
\BOOKMARK [2][-]{subsection.2.4}{\376\377\0002\000.\0004\000\040\155\367\124\010\217\146\226\037\221\115\220\001\215\357\137\204\152\041\127\213}{section.2}% 14
\BOOKMARK [2][-]{subsection.2.5}{\376\377\0002\000.\0005\000\040\200\003\206\121\122\250\140\001\227\000\154\102\166\204\155\367\124\010\217\146\226\037\221\115\220\001\215\357\137\204\152\041\127\213}{section.2}% 15
\BOOKMARK [3][-]{subsubsection.2.5.1}{\376\377\0002\000.\0005\000.\0001\000\040\166\356\150\007\121\375\145\160}{subsection.2.5}% 16
\BOOKMARK [3][-]{subsubsection.2.5.2}{\376\377\0002\000.\0005\000.\0002\000\040\122\250\140\001\117\341\140\157\131\004\164\006\173\126\165\145}{subsection.2.5}% 17
\BOOKMARK [3][-]{subsubsection.2.5.3}{\376\377\0002\000.\0005\000.\0003\000\040\176\246\147\137\147\141\116\366}{subsection.2.5}% 18
\BOOKMARK [1][]{section.3}{\376\377\0003\000\040\173\227\154\325\213\276\213\241}{}% 19
\BOOKMARK [2][-]{subsection.3.1}{\376\377\0003\000.\0001\000\040\173\227\154\325\155\101\172\013\126\376}{section.3}% 20
\BOOKMARK [2][-]{subsection.3.2}{\376\377\0003\000.\0002\000\040\173\227\154\325\153\145\232\244}{section.3}% 21
\BOOKMARK [1][]{section.4}{\376\377\0004\000\040\145\160\120\074\133\236\232\214}{}% 22
\BOOKMARK [2][-]{subsection.4.1}{\376\377\0004\000.\0001\000\040\133\236\232\214\213\276\213\241\124\214\147\000\176\310\211\343\122\006\147\220}{section.4}% 23
\BOOKMARK [3][-]{subsubsection.4.1.1}{\376\377\0004\000.\0001\000.\0001\000\040\133\236\232\214\213\276\213\241}{subsection.4.1}% 24
\BOOKMARK [3][-]{subsubsection.4.1.2}{\376\377\0004\000.\0001\000.\0002\000\040\147\000\176\310\211\343\122\006\147\220}{subsection.4.1}% 25
