--- 2026-06-24 20:49:49
partial_rows 1031 pct 11.23 status {'OK': 598, 'INIT_INFEASIBLE': 433}
queue {'complete': 1031, 'pending': 8146}
--- 2026-06-24 20:51:17
partial_rows 1032 pct 11.25 status {'OK': 599, 'INIT_INFEASIBLE': 433}
queue {'complete': 1032, 'pending': 8145}
--- 2026-06-24 20:52:07
partial_rows 1032 pct 11.25 status {'OK': 599, 'INIT_INFEASIBLE': 433}
queue {'complete': 1032, 'pending': 8145}
--- 2026-06-24 21:12:07
partial_rows 1217 pct 13.26 status {'OK': 677, 'INIT_INFEASIBLE': 540}
queue {'complete': 1217, 'pending': 7960}
--- 2026-06-24 21:32:08
partial_rows 1329 pct 14.48 status {'OK': 751, 'INIT_INFEASIBLE': 578}
queue {'complete': 1329, 'pending': 7848}
--- 2026-06-24 21:52:08
partial_rows 1429 pct 15.57 status {'OK': 820, 'INIT_INFEASIBLE': 609}
queue {'complete': 1429, 'pending': 7748}
--- 2026-06-24 22:12:08
partial_rows 1531 pct 16.68 status {'OK': 888, 'INIT_INFEASIBLE': 643}
queue {'complete': 1531, 'pending': 7646}
--- 2026-06-24 22:32:08
partial_rows 1706 pct 18.59 status {'OK': 959, 'INIT_INFEASIBLE': 747}
queue {'complete': 1706, 'pending': 7471}
--- 2026-06-24 22:52:08
partial_rows 1815 pct 19.78 status {'OK': 1031, 'INIT_INFEASIBLE': 784}
queue {'complete': 1815, 'pending': 7362}
--- 2026-06-24 23:12:08
partial_rows 1911 pct 20.82 status {'OK': 1097, 'INIT_INFEASIBLE': 814}
queue {'complete': 1911, 'pending': 7266}
--- 2026-06-24 23:32:08
partial_rows 1998 pct 21.77 status {'OK': 1155, 'INIT_INFEASIBLE': 843}
queue {'complete': 1998, 'pending': 7179}
--- 2026-06-24 23:52:09
partial_rows 2183 pct 23.79 status {'OK': 1233, 'INIT_INFEASIBLE': 950}
queue {'complete': 2183, 'pending': 6994}
--- 2026-06-25 00:12:09
partial_rows 2279 pct 24.83 status {'OK': 1297, 'INIT_INFEASIBLE': 982}
queue {'complete': 2279, 'pending': 6898}
--- 2026-06-25 00:32:09
partial_rows 2370 pct 25.83 status {'OK': 1358, 'INIT_INFEASIBLE': 1012}
queue {'complete': 2370, 'pending': 6807}
--- 2026-06-25 00:52:09
partial_rows 2471 pct 26.93 status {'OK': 1432, 'INIT_INFEASIBLE': 1039}
queue {'complete': 2471, 'pending': 6706}
--- 2026-06-25 01:12:10
partial_rows 2646 pct 28.83 status {'OK': 1502, 'INIT_INFEASIBLE': 1144}
queue {'complete': 2646, 'pending': 6531}
--- 2026-06-25 01:32:10
partial_rows 2753 pct 30.0 status {'OK': 1574, 'INIT_INFEASIBLE': 1179}
queue {'complete': 2753, 'pending': 6424}
--- 2026-06-25 01:52:10
partial_rows 2853 pct 31.09 status {'OK': 1645, 'INIT_INFEASIBLE': 1208}
queue {'complete': 2853, 'pending': 6324}
--- 2026-06-25 02:12:10
partial_rows 2949 pct 32.13 status {'OK': 1723, 'INIT_INFEASIBLE': 1226}
queue {'complete': 2949, 'pending': 6228}
--- 2026-06-25 02:32:10
partial_rows 3126 pct 34.06 status {'OK': 1798, 'INIT_INFEASIBLE': 1328}
queue {'complete': 3126, 'pending': 6051}
--- 2026-06-25 02:52:10
partial_rows 3224 pct 35.13 status {'OK': 1864, 'INIT_INFEASIBLE': 1360}
queue {'complete': 3224, 'pending': 5953}
--- 2026-06-25 03:12:11
partial_rows 3314 pct 36.11 status {'OK': 1938, 'INIT_INFEASIBLE': 1376}
queue {'complete': 3314, 'pending': 5863}
--- 2026-06-25 03:32:11
partial_rows 3425 pct 37.32 status {'OK': 2027, 'INIT_INFEASIBLE': 1398}
queue {'complete': 3425, 'pending': 5752}
--- 2026-06-25 03:52:11
partial_rows 3538 pct 38.55 status {'OK': 2096, 'INIT_INFEASIBLE': 1442}
queue {'complete': 3538, 'pending': 5639}
--- 2026-06-25 04:12:11
partial_rows 3691 pct 40.22 status {'OK': 2167, 'INIT_INFEASIBLE': 1524}
queue {'complete': 3691, 'pending': 5486}
--- 2026-06-25 04:32:11
partial_rows 3777 pct 41.16 status {'OK': 2243, 'INIT_INFEASIBLE': 1534}
queue {'complete': 3777, 'pending': 5400}
--- 2026-06-25 04:52:11
partial_rows 3868 pct 42.15 status {'OK': 2311, 'INIT_INFEASIBLE': 1557}
queue {'complete': 3868, 'pending': 5309}
--- 2026-06-25 05:12:12
partial_rows 3955 pct 43.1 status {'OK': 2389, 'INIT_INFEASIBLE': 1566}
queue {'complete': 3955, 'pending': 5222}
--- 2026-06-25 05:32:12
partial_rows 4131 pct 45.01 status {'OK': 2462, 'INIT_INFEASIBLE': 1669}
queue {'complete': 4131, 'pending': 5046}
--- 2026-06-25 05:52:12
partial_rows 4230 pct 46.09 status {'OK': 2536, 'INIT_INFEASIBLE': 1694}
queue {'complete': 4230, 'pending': 4947}
--- 2026-06-25 06:12:12
partial_rows 4307 pct 46.93 status {'OK': 2603, 'INIT_INFEASIBLE': 1704}
queue {'complete': 4307, 'pending': 4870}
--- 2026-06-25 06:32:12
partial_rows 4400 pct 47.95 status {'OK': 2682, 'INIT_INFEASIBLE': 1718}
queue {'complete': 4400, 'pending': 4777}
--- 2026-06-25 06:52:13
partial_rows 4578 pct 49.89 status {'OK': 2760, 'INIT_INFEASIBLE': 1818}
queue {'complete': 4578, 'pending': 4599}
--- 2026-06-25 07:12:13
partial_rows 1282 pct 13.97 status {'OK': 737, 'INIT_INFEASIBLE': 545}
queue {'complete': 4679, 'pending': 4498}
--- 2026-06-25 07:32:13
partial_rows 4758 pct 51.85 status {'OK': 2905, 'INIT_INFEASIBLE': 1853}
queue {'complete': 4758, 'pending': 4419}
--- 2026-06-25 07:52:13
partial_rows 857 pct 9.34 status {'OK': 494, 'INIT_INFEASIBLE': 363}
queue {'complete': 4853, 'pending': 4324}
--- 2026-06-25 08:12:13
partial_rows 4963 pct 54.08 status {'OK': 3065, 'INIT_INFEASIBLE': 1898}
queue {'complete': 4963, 'pending': 4214}
--- 2026-06-25 08:32:14
partial_rows 5130 pct 55.9 status {'OK': 3131, 'INIT_INFEASIBLE': 1999}
queue {'complete': 5130, 'pending': 4047}
--- 2026-06-25 08:52:14
partial_rows 5224 pct 56.92 status {'OK': 3214, 'INIT_INFEASIBLE': 2010}
queue {'complete': 5224, 'pending': 3953}
--- 2026-06-25 09:12:14
partial_rows 5310 pct 57.86 status {'OK': 3278, 'INIT_INFEASIBLE': 2032}
queue {'complete': 5310, 'pending': 3867}
--- 2026-06-25 09:32:14
partial_rows 5403 pct 58.88 status {'OK': 3363, 'INIT_INFEASIBLE': 2040}
queue {'complete': 5403, 'pending': 3774}
--- 2026-06-25 09:52:14
partial_rows 5573 pct 60.73 status {'OK': 3432, 'INIT_INFEASIBLE': 2141}
queue {'complete': 5573, 'pending': 3604}
--- 2026-06-25 10:12:15
partial_rows 5679 pct 61.88 status {'OK': 3513, 'INIT_INFEASIBLE': 2166}
queue {'complete': 5679, 'pending': 3498}
--- 2026-06-25 10:32:15
partial_rows 5756 pct 62.72 status {'OK': 3581, 'INIT_INFEASIBLE': 2175}
queue {'complete': 5756, 'pending': 3421}
--- 2026-06-25 10:52:15
partial_rows 5851 pct 63.76 status {'OK': 3662, 'INIT_INFEASIBLE': 2189}
queue {'complete': 5851, 'pending': 3326}
--- 2026-06-25 11:12:15
partial_rows 6027 pct 65.68 status {'OK': 3738, 'INIT_INFEASIBLE': 2289}
queue {'complete': 6027, 'pending': 3150}
--- 2026-06-25 11:32:15
partial_rows 6135 pct 66.85 status {'OK': 3813, 'INIT_INFEASIBLE': 2322}
queue {'complete': 6135, 'pending': 3042}
--- 2026-06-25 11:52:16
partial_rows 6207 pct 67.64 status {'OK': 3885, 'INIT_INFEASIBLE': 2322}
queue {'complete': 6207, 'pending': 2970}
--- 2026-06-25 12:12:16
partial_rows 6322 pct 68.89 status {'OK': 3977, 'INIT_INFEASIBLE': 2345}
queue {'complete': 6322, 'pending': 2855}
--- 2026-06-25 12:32:16
partial_rows 6413 pct 69.88 status {'OK': 4045, 'INIT_INFEASIBLE': 2367, 'TIMEOUT': 1}
queue {'complete': 6413, 'pending': 2764}
--- 2026-06-25 12:44:37
partial_rows 6413 pct 69.88 status {'OK': 4045, 'INIT_INFEASIBLE': 2367, 'TIMEOUT': 1}
queue {'complete': 6413, 'pending': 2764}
--- 2026-06-25 14:46:10
partial_rows 7126 pct 77.65 status {'OK': 4492, 'INIT_INFEASIBLE': 2634}
queue {'complete': 7126, 'pending': 2051}
--- 2026-06-25 15:06:10
partial_rows 7200 pct 78.46 status {'OK': 4558, 'INIT_INFEASIBLE': 2642}
queue {'complete': 7200, 'pending': 1977}
--- 2026-06-25 15:26:11
partial_rows 7296 pct 79.5 status {'OK': 4639, 'INIT_INFEASIBLE': 2657}
queue {'complete': 7296, 'pending': 1881}
--- 2026-06-25 15:46:11
partial_rows 7474 pct 81.44 status {'OK': 4718, 'INIT_INFEASIBLE': 2756}
queue {'complete': 7474, 'pending': 1703}
--- 2026-06-25 16:06:11
partial_rows 7573 pct 82.52 status {'OK': 4785, 'INIT_INFEASIBLE': 2788}
queue {'complete': 7573, 'pending': 1604}
--- 2026-06-25 16:26:11
partial_rows 7655 pct 83.42 status {'OK': 4865, 'INIT_INFEASIBLE': 2790}
queue {'complete': 7655, 'pending': 1522}
--- 2026-06-25 16:46:12
partial_rows 7751 pct 84.46 status {'OK': 4938, 'INIT_INFEASIBLE': 2813}
queue {'complete': 7751, 'pending': 1426}
--- 2026-06-25 17:06:12
partial_rows 7846 pct 85.5 status {'OK': 5016, 'INIT_INFEASIBLE': 2830}
queue {'complete': 7846, 'pending': 1331}
--- 2026-06-25 17:26:12
partial_rows 8021 pct 87.4 status {'OK': 5087, 'INIT_INFEASIBLE': 2934}
queue {'complete': 8021, 'pending': 1156}
--- 2026-06-25 17:46:12
partial_rows 8117 pct 88.45 status {'OK': 5171, 'INIT_INFEASIBLE': 2946}
queue {'complete': 8117, 'pending': 1060}
--- 2026-06-25 18:06:13
partial_rows 8198 pct 89.33 status {'OK': 5235, 'INIT_INFEASIBLE': 2963}
queue {'complete': 8198, 'pending': 979}
--- 2026-06-25 18:26:13
partial_rows 8277 pct 90.19 status {'OK': 5308, 'INIT_INFEASIBLE': 2969}
queue {'complete': 8277, 'pending': 900}
--- 2026-06-25 18:46:13
partial_rows 8466 pct 92.25 status {'OK': 5390, 'INIT_INFEASIBLE': 3076}
queue {'complete': 8466, 'pending': 711}
--- 2026-06-25 19:06:14
partial_rows 8553 pct 93.2 status {'OK': 5451, 'INIT_INFEASIBLE': 3102}
queue {'complete': 8553, 'pending': 624}
--- 2026-06-25 19:26:14
partial_rows 8646 pct 94.21 status {'OK': 5537, 'INIT_INFEASIBLE': 3109}
queue {'complete': 8646, 'pending': 531}
--- 2026-06-25 19:46:15
partial_rows 8743 pct 95.27 status {'OK': 5618, 'INIT_INFEASIBLE': 3125}
queue {'complete': 8743, 'pending': 434}
--- 2026-06-25 20:06:15
partial_rows 8898 pct 96.96 status {'OK': 5684, 'INIT_INFEASIBLE': 3214}
queue {'complete': 8898, 'pending': 279}
--- 2026-06-25 20:26:15
partial_rows 9019 pct 98.28 status {'OK': 5764, 'INIT_INFEASIBLE': 3255}
queue {'complete': 9019, 'pending': 158}
--- 2026-06-25 20:46:16
partial_rows 9096 pct 99.12 status {'OK': 5838, 'INIT_INFEASIBLE': 3258}
queue {'complete': 9096, 'pending': 81}
--- 2026-06-25 21:06:16
partial_rows 9177 pct 100.0 status {'OK': 5896, 'INIT_INFEASIBLE': 3281}
queue {'complete': 9177}
