[CHAIN] started 2026-07-22T06:47:59.014891+00:00; S2 registered-exception rule then S3->S5 gate progression
[CHAIN] S2 PASS
{"monitor_pid": 22026, "run_dir": "/Volumes/移动硬盘（512G）/ReSETP/baselines/e2_final_campaign_20260720/p2p3_threeview/representative_gate/.e2-s3-representative.monitor"}
[CHAIN] launched S3
[CHAIN] waiting for S3 completion
[CHAIN] S3 PASS
[CHAIN] S3 removed 105 AppleDouble sidecars; flagged HASH_CONTAMINATED_APPLEDOUBLE and refreshed hashes
{"monitor_pid": 24642, "run_dir": "/Volumes/移动硬盘（512G）/ReSETP/baselines/e2_final_campaign_20260720/p2p3_threeview/table4_gate/.e2-s4-route-detail.monitor"}
[CHAIN] launched S4
[CHAIN] waiting for S4 completion
Traceback (most recent call last):
  File "/Volumes/移动硬盘（512G）/ReSETP/baselines/e2_final_campaign_20260720/p2p3_threeview/chain_controller.py", line 266, in <module>
    raise SystemExit(main())
                     ~~~~^^
  File "/Volumes/移动硬盘（512G）/ReSETP/baselines/e2_final_campaign_20260720/p2p3_threeview/chain_controller.py", line 245, in main
    _wait_pass(current)
    ~~~~~~~~~~^^^^^^^^^
  File "/Volumes/移动硬盘（512G）/ReSETP/baselines/e2_final_campaign_20260720/p2p3_threeview/chain_controller.py", line 207, in _wait_pass
    raise RuntimeError(
    ...<2 lines>...
    )
RuntimeError: S4 halted: HALT_S4_INDEPENDENT_RECHECK: 
