[D6-E2-STAGED] cn-cy-100c-01-V2-LOCATIONS seed=3 PASS (1/405)
[D6-E2-STAGED] cn-cy-100c-01-V2-LOCATIONS seed=2 PASS (2/405)
[D6-E2-STAGED] cn-cy-100c-01-V2-LOCATIONS seed=1 PASS (3/405)
[D6-E2-STAGED] cn-cy-100c-02-V2-LOCATIONS seed=1 PASS (4/405)
[D6-E2-STAGED] cn-cy-100c-01-V2-LOCATIONS seed=4 PASS (5/405)
[D6-E2-STAGED] cn-cy-100c-01-V2-LOCATIONS seed=5 PASS (6/405)
[D6-E2-STAGED] cn-cy-100c-02-V2-LOCATIONS seed=2 PASS (7/405)
[D6-E2-STAGED] cn-cy-100c-02-V2-LOCATIONS seed=3 PASS (8/405)
[D6-E2-STAGED] cn-cy-100c-02-V2-LOCATIONS seed=4 PASS (9/405)
[D6-E2-STAGED] cn-cy-100c-02-V2-LOCATIONS seed=5 PASS (10/405)
[D6-E2-STAGED] cn-cy-100c-03-V2-LOCATIONS seed=1 PASS (11/405)
[D6-E2-STAGED] cn-cy-100c-03-V2-LOCATIONS seed=2 PASS (12/405)
[D6-E2-STAGED] cn-cy-100c-03-V2-LOCATIONS seed=3 PASS (13/405)
concurrent.futures.process._RemoteTraceback: 
"""
Traceback (most recent call last):
  File "/opt/anaconda3/lib/python3.13/concurrent/futures/process.py", line 254, in _process_worker
    r = call_item.fn(*call_item.args, **call_item.kwargs)
  File "/Volumes/移动硬盘（512G）/ReSETP/baselines/e2_final_campaign_20260720/run_corrected_china81_d6_staged_portfolio.py", line 429, in _run_unit
    raise RuntimeError(
        f"HALT_COMPLETE_BUDGET:{task_id}:{actual_attempts}"
    )
RuntimeError: HALT_COMPLETE_BUDGET:D6-E2-STAGED__cn-cy-10c-01-V2-LOCATIONS__seed1:276
"""

The above exception was the direct cause of the following exception:

Traceback (most recent call last):
  File "/Volumes/移动硬盘（512G）/ReSETP/baselines/e2_final_campaign_20260720/run_corrected_china81_d6_staged_portfolio.py", line 922, in <module>
    raise SystemExit(main())
                     ~~~~^^
  File "/Volumes/移动硬盘（512G）/ReSETP/baselines/e2_final_campaign_20260720/run_corrected_china81_d6_staged_portfolio.py", line 916, in main
    decision = _run_all(args.workers)
  File "/Volumes/移动硬盘（512G）/ReSETP/baselines/e2_final_campaign_20260720/run_corrected_china81_d6_staged_portfolio.py", line 879, in _run_all
    row = future.result()
  File "/opt/anaconda3/lib/python3.13/concurrent/futures/_base.py", line 449, in result
    return self.__get_result()
           ~~~~~~~~~~~~~~~~~^^
  File "/opt/anaconda3/lib/python3.13/concurrent/futures/_base.py", line 401, in __get_result
    raise self._exception
RuntimeError: HALT_COMPLETE_BUDGET:D6-E2-STAGED__cn-cy-10c-01-V2-LOCATIONS__seed1:276
