Rc files read (in order):
  NONE
Latexmk: This is Latexmk, John Collins, 9 March 2026. Version 4.88.
Force everything to be remade.
Latexmk: applying rule 'xelatex'...
Rule 'xelatex':  Reasons for rerun
Category 'other':
  Rerun of 'xelatex' forced or previously required:
    Reason or flag: 'go_mode'

------------
Run number 1 of rule 'xelatex'
------------
------------
Running 'xelatex -no-pdf -interaction=nonstopmode -halt-on-error -recorder  "paper_main.tex"'
------------
This is XeTeX, Version 3.141592653-2.6-0.999993 (MiKTeX 22.1) (preloaded format=xelatex.fmt)
 restricted \write18 enabled.
entering extended mode
(paper_main.tex
LaTeX2e <2025-11-01>
L3 programming layer <2026-03-20>
(setp-new.cls
Document Class: setp-new 2022/06/15, v1.0 by latexstudio.net

(/Users/zhouleixishu/Library/Application Support/MiKTeX/texmfs/install/tex/late
x/ctex/ctexart.cls
(/Users/zhouleixishu/Library/Application Support/MiKTeX/texmfs/install/tex/late
x/ctex/config/ctexbackend.cfg)
(/Library/Application Support/MiKTeX/texmfs/install/tex/latex/l3kernel/expl3.st
y
(/Library/Application Support/MiKTeX/texmfs/install/tex/latex/l3backend/l3backe
nd-xetex.def))
Document Class: ctexart 2022/07/14 v2.5.10 Chinese adapter for class article (C
TEX)

(/Users/zhouleixishu/Library/Application Support/MiKTeX/texmfs/install/tex/late
x/ctex/ctexhook.sty)
(/Users/zhouleixishu/Library/Application Support/MiKTeX/texmfs/install/tex/late
x/ctex/ctexpatch.sty)
(/Library/Application Support/MiKTeX/texmfs/install/tex/latex/base/fix-cm.sty
(/Library/Application Support/MiKTeX/texmfs/install/tex/latex/base/ts1enc.def))

(/Users/zhouleixishu/Library/Application Support/MiKTeX/texmfs/install/tex/late
x/ctex/config/ctexopts.cfg)
(/Library/Application Support/MiKTeX/texmfs/install/tex/latex/base/article.cls
Document Class: article 2025/01/22 v1.4n Standard LaTeX document class
(/Library/Application Support/MiKTeX/texmfs/install/tex/latex/base/size10.clo))

(/Users/zhouleixishu/Library/Application Support/MiKTeX/texmfs/install/tex/late
x/ctex/engine/ctex-engine-xetex.def
(/Users/zhouleixishu/Library/Application Support/MiKTeX/texmfs/install/tex/xela
tex/xecjk/xeCJK.sty
(/Library/Application Support/MiKTeX/texmfs/install/tex/latex/l3packages/xtempl
ate/xtemplate.sty)
(/Library/Application Support/MiKTeX/texmfs/install/tex/latex/fontspec/fontspec
.sty
(/Library/Application Support/MiKTeX/texmfs/install/tex/latex/l3packages/xparse
/xparse.sty)
(/Library/Application Support/MiKTeX/texmfs/install/tex/latex/fontspec/fontspec
-xetex.sty
(/Library/Application Support/MiKTeX/texmfs/install/tex/latex/base/fontenc.sty)

(/Library/Application Support/MiKTeX/texmfs/install/tex/latex/fontspec/fontspec
.cfg)))
(/Users/zhouleixishu/Library/Application Support/MiKTeX/texmfs/install/tex/xela
tex/xecjk/xeCJK.cfg)))
(/Users/zhouleixishu/Library/Application Support/MiKTeX/texmfs/install/tex/late
x/zhnumber/zhnumber.sty
(/Users/zhouleixishu/Library/Application Support/MiKTeX/texmfs/install/tex/late
x/zhnumber/zhnumber-utf8.cfg))
(/Users/zhouleixishu/Library/Application Support/MiKTeX/texmfs/install/tex/late
x/ctex/scheme/ctex-scheme-chinese-article.def
(/Users/zhouleixishu/Library/Application Support/MiKTeX/texmfs/install/tex/late
x/ctex/config/ctex-name-utf8.cfg))
(/Users/zhouleixishu/Library/Application Support/MiKTeX/texmfs/install/tex/late
x/ctex/ctex-c5size.clo))
(/Users/zhouleixishu/Library/Application Support/MiKTeX/texmfs/install/tex/late
x/ctex/config/ctex.cfg)
(/Library/Application Support/MiKTeX/texmfs/install/tex/latex/base/ifthen.sty)
(/Library/Application Support/MiKTeX/texmfs/install/tex/generic/iftex/ifpdf.sty

(/Library/Application Support/MiKTeX/texmfs/install/tex/generic/iftex/iftex.sty
))
(/Users/zhouleixishu/Library/Application Support/MiKTeX/texmfs/install/tex/late
x/geometry/geometry.sty
(/Library/Application Support/MiKTeX/texmfs/install/tex/latex/graphics/keyval.s
ty)
(/Library/Application Support/MiKTeX/texmfs/install/tex/generic/iftex/ifvtex.st
y)
(/Users/zhouleixishu/Library/Application Support/MiKTeX/texmfs/install/tex/late
x/geometry/geometry.cfg))
(/Users/zhouleixishu/Library/Application Support/MiKTeX/texmfs/install/tex/late
x/subfigure/subfigure.sty
****************************************
* Local config file subfigure.cfg used *
****************************************

(/Users/zhouleixishu/Library/Application Support/MiKTeX/texmfs/install/tex/late
x/subfigure/subfigure.cfg))
(/Users/zhouleixishu/Library/Application Support/MiKTeX/texmfs/install/tex/late
x/natbib/natbib.sty)
(/Library/Application Support/MiKTeX/texmfs/install/tex/latex/amsmath/amsmath.s
ty
For additional information on amsmath, use the `?' option.

(/Library/Application Support/MiKTeX/texmfs/install/tex/latex/amsmath/amstext.s
ty
(/Library/Application Support/MiKTeX/texmfs/install/tex/latex/amsmath/amsgen.st
y))
(/Library/Application Support/MiKTeX/texmfs/install/tex/latex/amsmath/amsbsy.st
y)
(/Library/Application Support/MiKTeX/texmfs/install/tex/latex/amsmath/amsopn.st
y))
(/Users/zhouleixishu/Library/Application Support/MiKTeX/texmfs/install/tex/late
x/amscls/amsthm.sty)
(/Library/Application Support/MiKTeX/texmfs/install/tex/latex/tools/array.sty)
(/Library/Application Support/MiKTeX/texmfs/install/tex/latex/tools/bm.sty)
(/Users/zhouleixishu/Library/Application Support/MiKTeX/texmfs/install/tex/late
x/booktabs/booktabs.sty)
(/Users/zhouleixishu/Library/Application Support/MiKTeX/texmfs/install/tex/late
x/caption/caption.sty
(/Users/zhouleixishu/Library/Application Support/MiKTeX/texmfs/install/tex/late
x/caption/caption3.sty))
(/Users/zhouleixishu/Library/Application Support/MiKTeX/texmfs/install/tex/late
x/enumitem/enumitem.sty)
(/Library/Application Support/MiKTeX/texmfs/install/tex/latex/etoolbox/etoolbox
.sty)
(/Users/zhouleixishu/Library/Application Support/MiKTeX/texmfs/install/tex/late
x/fancyhdr/fancyhdr.sty)
(/Library/Application Support/MiKTeX/texmfs/install/tex/latex/graphics/graphicx
.sty
(/Library/Application Support/MiKTeX/texmfs/install/tex/latex/graphics/graphics
.sty
(/Library/Application Support/MiKTeX/texmfs/install/tex/latex/graphics/trig.sty
)
(/Library/Application Support/MiKTeX/texmfs/install/tex/latex/graphics-cfg/grap
hics.cfg)
(/Library/Application Support/MiKTeX/texmfs/install/tex/latex/graphics-def/xete
x.def)))
(/Users/zhouleixishu/Library/Application Support/MiKTeX/texmfs/install/tex/late
x/makecell/makecell.sty)
(/Users/zhouleixishu/Library/Application Support/MiKTeX/texmfs/install/tex/late
x/multirow/multirow.sty)
(/Users/zhouleixishu/Library/Application Support/MiKTeX/texmfs/install/tex/late
x/pdfpages/pdfpages.sty
(/Library/Application Support/MiKTeX/texmfs/install/tex/latex/tools/calc.sty)
(/Users/zhouleixishu/Library/Application Support/MiKTeX/texmfs/install/tex/late
x/eso-pic/eso-pic.sty
(/Library/Application Support/MiKTeX/texmfs/install/tex/latex/xcolor/xcolor.sty

(/Library/Application Support/MiKTeX/texmfs/install/tex/latex/graphics-cfg/colo
r.cfg)
(/Library/Application Support/MiKTeX/texmfs/install/tex/latex/graphics/mathcolo
r.ltx)))
(/Users/zhouleixishu/Library/Application Support/MiKTeX/texmfs/install/tex/late
x/pdfpages/ppxetex.def))
(/Library/Application Support/MiKTeX/texmfs/install/tex/latex/pgf/frontendlayer
/tikz.sty
(/Library/Application Support/MiKTeX/texmfs/install/tex/latex/pgf/basiclayer/pg
f.sty
(/Library/Application Support/MiKTeX/texmfs/install/tex/latex/pgf/utilities/pgf
rcs.sty
(/Library/Application Support/MiKTeX/texmfs/install/tex/generic/pgf/utilities/p
gfutil-common.tex)
(/Library/Application Support/MiKTeX/texmfs/install/tex/generic/pgf/utilities/p
gfutil-latex.def)
(/Library/Application Support/MiKTeX/texmfs/install/tex/generic/pgf/utilities/p
gfrcs.code.tex
(/Library/Application Support/MiKTeX/texmfs/install/tex/generic/pgf/pgf.revisio
n.tex)))
(/Library/Application Support/MiKTeX/texmfs/install/tex/latex/pgf/basiclayer/pg
fcore.sty
(/Library/Application Support/MiKTeX/texmfs/install/tex/latex/pgf/systemlayer/p
gfsys.sty
(/Library/Application Support/MiKTeX/texmfs/install/tex/generic/pgf/systemlayer
/pgfsys.code.tex
(/Library/Application Support/MiKTeX/texmfs/install/tex/generic/pgf/utilities/p
gfkeys.code.tex
(/Library/Application Support/MiKTeX/texmfs/install/tex/generic/pgf/utilities/p
gfkeyslibraryfiltered.code.tex))
(/Library/Application Support/MiKTeX/texmfs/install/tex/generic/pgf/systemlayer
/pgf.cfg)
(/Library/Application Support/MiKTeX/texmfs/install/tex/generic/pgf/systemlayer
/pgfsys-xetex.def
(/Library/Application Support/MiKTeX/texmfs/install/tex/generic/pgf/systemlayer
/pgfsys-dvipdfmx.def
(/Library/Application Support/MiKTeX/texmfs/install/tex/generic/pgf/systemlayer
/pgfsys-common-pdf.def))))
(/Library/Application Support/MiKTeX/texmfs/install/tex/generic/pgf/systemlayer
/pgfsyssoftpath.code.tex)
(/Library/Application Support/MiKTeX/texmfs/install/tex/generic/pgf/systemlayer
/pgfsysprotocol.code.tex))
(/Library/Application Support/MiKTeX/texmfs/install/tex/generic/pgf/basiclayer/
pgfcore.code.tex
(/Library/Application Support/MiKTeX/texmfs/install/tex/generic/pgf/math/pgfmat
h.code.tex
(/Library/Application Support/MiKTeX/texmfs/install/tex/generic/pgf/math/pgfmat
hutil.code.tex)
(/Library/Application Support/MiKTeX/texmfs/install/tex/generic/pgf/math/pgfmat
hparser.code.tex)
(/Library/Application Support/MiKTeX/texmfs/install/tex/generic/pgf/math/pgfmat
hfunctions.code.tex)
(/Library/Application Support/MiKTeX/texmfs/install/tex/generic/pgf/math/pgfmat
hfunctions.basic.code.tex)
(/Library/Application Support/MiKTeX/texmfs/install/tex/generic/pgf/math/pgfmat
hfunctions.trigonometric.code.tex)
(/Library/Application Support/MiKTeX/texmfs/install/tex/generic/pgf/math/pgfmat
hfunctions.random.code.tex)
(/Library/Application Support/MiKTeX/texmfs/install/tex/generic/pgf/math/pgfmat
hfunctions.comparison.code.tex)
(/Library/Application Support/MiKTeX/texmfs/install/tex/generic/pgf/math/pgfmat
hfunctions.base.code.tex)
(/Library/Application Support/MiKTeX/texmfs/install/tex/generic/pgf/math/pgfmat
hfunctions.round.code.tex)
(/Library/Application Support/MiKTeX/texmfs/install/tex/generic/pgf/math/pgfmat
hfunctions.misc.code.tex)
(/Library/Application Support/MiKTeX/texmfs/install/tex/generic/pgf/math/pgfmat
hfunctions.integerarithmetics.code.tex)
(/Library/Application Support/MiKTeX/texmfs/install/tex/generic/pgf/math/pgfmat
hcalc.code.tex)
(/Library/Application Support/MiKTeX/texmfs/install/tex/generic/pgf/math/pgfmat
hfloat.code.tex))
(/Library/Application Support/MiKTeX/texmfs/install/tex/generic/pgf/math/pgfint
.code.tex)
(/Library/Application Support/MiKTeX/texmfs/install/tex/generic/pgf/basiclayer/
pgfcorepoints.code.tex)
(/Library/Application Support/MiKTeX/texmfs/install/tex/generic/pgf/basiclayer/
pgfcorepathconstruct.code.tex)
(/Library/Application Support/MiKTeX/texmfs/install/tex/generic/pgf/basiclayer/
pgfcorepathusage.code.tex)
(/Library/Application Support/MiKTeX/texmfs/install/tex/generic/pgf/basiclayer/
pgfcorescopes.code.tex)
(/Library/Application Support/MiKTeX/texmfs/install/tex/generic/pgf/basiclayer/
pgfcoregraphicstate.code.tex)
(/Library/Application Support/MiKTeX/texmfs/install/tex/generic/pgf/basiclayer/
pgfcoretransformations.code.tex)
(/Library/Application Support/MiKTeX/texmfs/install/tex/generic/pgf/basiclayer/
pgfcorequick.code.tex)
(/Library/Application Support/MiKTeX/texmfs/install/tex/generic/pgf/basiclayer/
pgfcoreobjects.code.tex)
(/Library/Application Support/MiKTeX/texmfs/install/tex/generic/pgf/basiclayer/
pgfcorepathprocessing.code.tex)
(/Library/Application Support/MiKTeX/texmfs/install/tex/generic/pgf/basiclayer/
pgfcorearrows.code.tex)
(/Library/Application Support/MiKTeX/texmfs/install/tex/generic/pgf/basiclayer/
pgfcoreshade.code.tex)
(/Library/Application Support/MiKTeX/texmfs/install/tex/generic/pgf/basiclayer/
pgfcoreimage.code.tex)
(/Library/Application Support/MiKTeX/texmfs/install/tex/generic/pgf/basiclayer/
pgfcoreexternal.code.tex)
(/Library/Application Support/MiKTeX/texmfs/install/tex/generic/pgf/basiclayer/
pgfcorelayers.code.tex)
(/Library/Application Support/MiKTeX/texmfs/install/tex/generic/pgf/basiclayer/
pgfcoretransparency.code.tex)
(/Library/Application Support/MiKTeX/texmfs/install/tex/generic/pgf/basiclayer/
pgfcorepatterns.code.tex)
(/Library/Application Support/MiKTeX/texmfs/install/tex/generic/pgf/basiclayer/
pgfcorerdf.code.tex)))
(/Library/Application Support/MiKTeX/texmfs/install/tex/generic/pgf/modules/pgf
moduleshapes.code.tex)
(/Library/Application Support/MiKTeX/texmfs/install/tex/generic/pgf/modules/pgf
moduleplot.code.tex)
(/Library/Application Support/MiKTeX/texmfs/install/tex/latex/pgf/compatibility
/pgfcomp-version-0-65.sty)
(/Library/Application Support/MiKTeX/texmfs/install/tex/latex/pgf/compatibility
/pgfcomp-version-1-18.sty))
(/Library/Application Support/MiKTeX/texmfs/install/tex/latex/pgf/utilities/pgf
for.sty
(/Library/Application Support/MiKTeX/texmfs/install/tex/latex/pgf/utilities/pgf
keys.sty
(/Library/Application Support/MiKTeX/texmfs/install/tex/generic/pgf/utilities/p
gfkeys.code.tex))
(/Library/Application Support/MiKTeX/texmfs/install/tex/latex/pgf/math/pgfmath.
sty
(/Library/Application Support/MiKTeX/texmfs/install/tex/generic/pgf/math/pgfmat
h.code.tex))
(/Library/Application Support/MiKTeX/texmfs/install/tex/generic/pgf/utilities/p
gffor.code.tex))
(/Library/Application Support/MiKTeX/texmfs/install/tex/generic/pgf/frontendlay
er/tikz/tikz.code.tex
(/Library/Application Support/MiKTeX/texmfs/install/tex/generic/pgf/libraries/p
gflibraryplothandlers.code.tex)
(/Library/Application Support/MiKTeX/texmfs/install/tex/generic/pgf/modules/pgf
modulematrix.code.tex)
(/Library/Application Support/MiKTeX/texmfs/install/tex/generic/pgf/frontendlay
er/tikz/libraries/tikzlibrarytopaths.code.tex)))
(/Library/Application Support/MiKTeX/texmfs/install/tex/latex/url/url.sty)
(/Users/zhouleixishu/Library/Application Support/MiKTeX/texmfs/install/tex/late
x/xpatch/xpatch.sty)
(/Library/Application Support/MiKTeX/texmfs/install/tex/latex/graphics/lscape.s
ty)
(/Library/Application Support/MiKTeX/texmfs/install/tex/latex/amsfonts/amssymb.
sty
(/Library/Application Support/MiKTeX/texmfs/install/tex/latex/amsfonts/amsfonts
.sty))
(/Library/Application Support/MiKTeX/texmfs/install/tex/latex/hyperref/hyperref
.sty
(/Users/zhouleixishu/Library/Application Support/MiKTeX/texmfs/install/tex/late
x/kvsetkeys/kvsetkeys.sty)
(/Users/zhouleixishu/Library/Application Support/MiKTeX/texmfs/install/tex/gene
ric/kvdefinekeys/kvdefinekeys.sty)
(/Users/zhouleixishu/Library/Application Support/MiKTeX/texmfs/install/tex/gene
ric/pdfescape/pdfescape.sty
(/Users/zhouleixishu/Library/Application Support/MiKTeX/texmfs/install/tex/gene
ric/ltxcmds/ltxcmds.sty)
(/Library/Application Support/MiKTeX/texmfs/install/tex/generic/pdftexcmds/pdft
excmds.sty
(/Users/zhouleixishu/Library/Application Support/MiKTeX/texmfs/install/tex/gene
ric/infwarerr/infwarerr.sty)))
(/Users/zhouleixishu/Library/Application Support/MiKTeX/texmfs/install/tex/late
x/hycolor/hycolor.sty)
(/Library/Application Support/MiKTeX/texmfs/install/tex/latex/hyperref/nameref.
sty
(/Users/zhouleixishu/Library/Application Support/MiKTeX/texmfs/install/tex/late
x/refcount/refcount.sty)
(/Users/zhouleixishu/Library/Application Support/MiKTeX/texmfs/install/tex/gene
ric/gettitlestring/gettitlestring.sty
(/Users/zhouleixishu/Library/Application Support/MiKTeX/texmfs/install/tex/late
x/kvoptions/kvoptions.sty)))
(/Users/zhouleixishu/Library/Application Support/MiKTeX/texmfs/install/tex/gene
ric/stringenc/stringenc.sty)
(/Library/Application Support/MiKTeX/texmfs/install/tex/latex/hyperref/pd1enc.d
ef)
(/Users/zhouleixishu/Library/Application Support/MiKTeX/texmfs/install/tex/gene
ric/intcalc/intcalc.sty)
(/Library/Application Support/MiKTeX/texmfs/install/tex/latex/hyperref/puenc.de
f)
(/Users/zhouleixishu/Library/Application Support/MiKTeX/texmfs/install/tex/gene
ric/bitset/bitset.sty
(/Users/zhouleixishu/Library/Application Support/MiKTeX/texmfs/install/tex/gene
ric/bigintcalc/bigintcalc.sty)))
(/Library/Application Support/MiKTeX/texmfs/install/tex/latex/hyperref/hxetex.d
ef
(/Users/zhouleixishu/Library/Application Support/MiKTeX/texmfs/install/tex/late
x/rerunfilecheck/rerunfilecheck.sty
(/Users/zhouleixishu/Library/Application Support/MiKTeX/texmfs/install/tex/gene
ric/uniquecounter/uniquecounter.sty))))
(/Users/zhouleixishu/Library/Application Support/MiKTeX/texmfs/install/tex/late
x/mathtools/mathtools.sty
(/Users/zhouleixishu/Library/Application Support/MiKTeX/texmfs/install/tex/late
x/mathtools/mhsetup.sty))
(/Library/Application Support/MiKTeX/texmfs/install/tex/latex/tools/tabularx.st
y)
(/Library/Application Support/MiKTeX/texmfs/install/tex/latex/tools/longtable.s
ty)
(/Users/zhouleixishu/Library/Application Support/MiKTeX/texmfs/install/tex/late
x/supertabular/supertabular.sty)
(/Library/Application Support/MiKTeX/texmfs/install/tex/latex/tools/hhline.sty)

(/Library/Application Support/MiKTeX/texmfs/install/tex/latex/ragged2e/ragged2e
.sty)
(/Users/zhouleixishu/Library/Application Support/MiKTeX/texmfs/install/tex/late
x/float/float.sty)
(/Users/zhouleixishu/Library/Application Support/MiKTeX/texmfs/install/tex/late
x/needspace/needspace.sty)
(/Library/Application Support/MiKTeX/texmfs/install/tex/generic/pgf/libraries/p
gflibraryarrows.meta.code.tex)
(/Library/Application Support/MiKTeX/texmfs/install/tex/generic/pgf/frontendlay
er/tikz/libraries/tikzlibrarybackgrounds.code.tex)
(/Library/Application Support/MiKTeX/texmfs/install/tex/generic/pgf/frontendlay
er/tikz/libraries/tikzlibraryfit.code.tex)
(/Library/Application Support/MiKTeX/texmfs/install/tex/generic/pgf/frontendlay
er/tikz/libraries/tikzlibrarypositioning.code.tex)
(/Library/Application Support/MiKTeX/texmfs/install/tex/generic/pgf/frontendlay
er/tikz/libraries/tikzlibraryshapes.geometric.code.tex
(/Library/Application Support/MiKTeX/texmfs/install/tex/generic/pgf/libraries/s
hapes/pgflibraryshapes.geometric.code.tex)) (paper_main.aux)
*geometry* driver: auto-detecting
*geometry* detected driver: xetex

(/Users/zhouleixishu/Library/Application Support/MiKTeX/texmfs/install/tex/late
x/caption/ltcaption.sty)
(/Users/zhouleixishu/Library/Application Support/MiKTeX/texmfs/install/tex/late
x/pdflscape/pdflscape.sty
(/Users/zhouleixishu/Library/Application Support/MiKTeX/texmfs/install/tex/late
x/pdflscape/pdflscape-nometadata.sty)) (paper_main.out) (paper_main.out)
[1]
(/Library/Application Support/MiKTeX/texmfs/install/tex/latex/amsfonts/umsa.fd)
(/Library/Application Support/MiKTeX/texmfs/install/tex/latex/amsfonts/umsb.fd)

[2]
[3]
[4]
[5]
[6]
[7] (generated_figures/algorithm_flow.tex)
[8]
[9]
[10]
[11]
(../../baselines/e2_final_campaign_20260720/p2p3_threeview/s6_support/s6_sup_01
_instance_details/instance_details_table_body.tex)
Overfull \hbox (3.22958pt too wide) in alignment at lines 953--959
[] [] [] [] [] [] [] [] [] [] [] [] [] [] 

[12]
[13]
[14]
[15]
[16]
(../../baselines/e2_final_campaign_20260720/corrected_china81_rerun_v4_20260724
/artifacts/table8a_mechanism_case.tex)
[17]
[18]
[19]
[20]
[21]
[22]
[23]
Underfull \hbox (badness 1337) in paragraph at lines 1707--1708
[]\TU/TimesNewRoman(0)/m/n/9.03374 Lei Z, Hao J K. A GPU-accelerated hybrid met
hod for a class of multi-depot vehicle routing problems[EB/ OL].

[24] (paper_main.aux)

LaTeX Warning: Label(s) may have changed. Rerun to get cross-references right.


Package rerunfilecheck Warning: File `paper_main.out' has changed.
(rerunfilecheck)                Rerun to get outlines right
(rerunfilecheck)                or use package `bookmark'.

 )
(see the transcript file for additional information)
Output written on paper_main.xdv (24 pages, 688532 bytes).
Transcript written on paper_main.log.
xelatex: major issue: So far, you have not checked for updates as a MiKTeX user.
Latexmk: Getting log file 'paper_main.log'
Latexmk: Examining 'paper_main.fls'
Latexmk: Examining 'paper_main.log'
Latexmk: References changed.
Latexmk: References changed.
Latexmk: Log file says output to 'paper_main.xdv'
Latexmk: applying rule 'xelatex'...
Rule 'xelatex':  Reasons for rerun
Changed files or newly in use/created:
  paper_main.aux
  paper_main.out

------------
Run number 2 of rule 'xelatex'
------------
------------
Running 'xelatex -no-pdf -interaction=nonstopmode -halt-on-error -recorder  "paper_main.tex"'
------------
This is XeTeX, Version 3.141592653-2.6-0.999993 (MiKTeX 22.1) (preloaded format=xelatex.fmt)
 restricted \write18 enabled.
entering extended mode
(paper_main.tex
LaTeX2e <2025-11-01>
L3 programming layer <2026-03-20>
(setp-new.cls
Document Class: setp-new 2022/06/15, v1.0 by latexstudio.net

(/Users/zhouleixishu/Library/Application Support/MiKTeX/texmfs/install/tex/late
x/ctex/ctexart.cls
(/Users/zhouleixishu/Library/Application Support/MiKTeX/texmfs/install/tex/late
x/ctex/config/ctexbackend.cfg)
(/Library/Application Support/MiKTeX/texmfs/install/tex/latex/l3kernel/expl3.st
y
(/Library/Application Support/MiKTeX/texmfs/install/tex/latex/l3backend/l3backe
nd-xetex.def))
Document Class: ctexart 2022/07/14 v2.5.10 Chinese adapter for class article (C
TEX)

(/Users/zhouleixishu/Library/Application Support/MiKTeX/texmfs/install/tex/late
x/ctex/ctexhook.sty)
(/Users/zhouleixishu/Library/Application Support/MiKTeX/texmfs/install/tex/late
x/ctex/ctexpatch.sty)
(/Library/Application Support/MiKTeX/texmfs/install/tex/latex/base/fix-cm.sty
(/Library/Application Support/MiKTeX/texmfs/install/tex/latex/base/ts1enc.def))

(/Users/zhouleixishu/Library/Application Support/MiKTeX/texmfs/install/tex/late
x/ctex/config/ctexopts.cfg)
(/Library/Application Support/MiKTeX/texmfs/install/tex/latex/base/article.cls
Document Class: article 2025/01/22 v1.4n Standard LaTeX document class
(/Library/Application Support/MiKTeX/texmfs/install/tex/latex/base/size10.clo))

(/Users/zhouleixishu/Library/Application Support/MiKTeX/texmfs/install/tex/late
x/ctex/engine/ctex-engine-xetex.def
(/Users/zhouleixishu/Library/Application Support/MiKTeX/texmfs/install/tex/xela
tex/xecjk/xeCJK.sty
(/Library/Application Support/MiKTeX/texmfs/install/tex/latex/l3packages/xtempl
ate/xtemplate.sty)
(/Library/Application Support/MiKTeX/texmfs/install/tex/latex/fontspec/fontspec
.sty
(/Library/Application Support/MiKTeX/texmfs/install/tex/latex/l3packages/xparse
/xparse.sty)
(/Library/Application Support/MiKTeX/texmfs/install/tex/latex/fontspec/fontspec
-xetex.sty
(/Library/Application Support/MiKTeX/texmfs/install/tex/latex/base/fontenc.sty)

(/Library/Application Support/MiKTeX/texmfs/install/tex/latex/fontspec/fontspec
.cfg)))
(/Users/zhouleixishu/Library/Application Support/MiKTeX/texmfs/install/tex/xela
tex/xecjk/xeCJK.cfg)))
(/Users/zhouleixishu/Library/Application Support/MiKTeX/texmfs/install/tex/late
x/zhnumber/zhnumber.sty
(/Users/zhouleixishu/Library/Application Support/MiKTeX/texmfs/install/tex/late
x/zhnumber/zhnumber-utf8.cfg))
(/Users/zhouleixishu/Library/Application Support/MiKTeX/texmfs/install/tex/late
x/ctex/scheme/ctex-scheme-chinese-article.def
(/Users/zhouleixishu/Library/Application Support/MiKTeX/texmfs/install/tex/late
x/ctex/config/ctex-name-utf8.cfg))
(/Users/zhouleixishu/Library/Application Support/MiKTeX/texmfs/install/tex/late
x/ctex/ctex-c5size.clo))
(/Users/zhouleixishu/Library/Application Support/MiKTeX/texmfs/install/tex/late
x/ctex/config/ctex.cfg)
(/Library/Application Support/MiKTeX/texmfs/install/tex/latex/base/ifthen.sty)
(/Library/Application Support/MiKTeX/texmfs/install/tex/generic/iftex/ifpdf.sty

(/Library/Application Support/MiKTeX/texmfs/install/tex/generic/iftex/iftex.sty
))
(/Users/zhouleixishu/Library/Application Support/MiKTeX/texmfs/install/tex/late
x/geometry/geometry.sty
(/Library/Application Support/MiKTeX/texmfs/install/tex/latex/graphics/keyval.s
ty)
(/Library/Application Support/MiKTeX/texmfs/install/tex/generic/iftex/ifvtex.st
y)
(/Users/zhouleixishu/Library/Application Support/MiKTeX/texmfs/install/tex/late
x/geometry/geometry.cfg))
(/Users/zhouleixishu/Library/Application Support/MiKTeX/texmfs/install/tex/late
x/subfigure/subfigure.sty
****************************************
* Local config file subfigure.cfg used *
****************************************

(/Users/zhouleixishu/Library/Application Support/MiKTeX/texmfs/install/tex/late
x/subfigure/subfigure.cfg))
(/Users/zhouleixishu/Library/Application Support/MiKTeX/texmfs/install/tex/late
x/natbib/natbib.sty)
(/Library/Application Support/MiKTeX/texmfs/install/tex/latex/amsmath/amsmath.s
ty
For additional information on amsmath, use the `?' option.

(/Library/Application Support/MiKTeX/texmfs/install/tex/latex/amsmath/amstext.s
ty
(/Library/Application Support/MiKTeX/texmfs/install/tex/latex/amsmath/amsgen.st
y))
(/Library/Application Support/MiKTeX/texmfs/install/tex/latex/amsmath/amsbsy.st
y)
(/Library/Application Support/MiKTeX/texmfs/install/tex/latex/amsmath/amsopn.st
y))
(/Users/zhouleixishu/Library/Application Support/MiKTeX/texmfs/install/tex/late
x/amscls/amsthm.sty)
(/Library/Application Support/MiKTeX/texmfs/install/tex/latex/tools/array.sty)
(/Library/Application Support/MiKTeX/texmfs/install/tex/latex/tools/bm.sty)
(/Users/zhouleixishu/Library/Application Support/MiKTeX/texmfs/install/tex/late
x/booktabs/booktabs.sty)
(/Users/zhouleixishu/Library/Application Support/MiKTeX/texmfs/install/tex/late
x/caption/caption.sty
(/Users/zhouleixishu/Library/Application Support/MiKTeX/texmfs/install/tex/late
x/caption/caption3.sty))
(/Users/zhouleixishu/Library/Application Support/MiKTeX/texmfs/install/tex/late
x/enumitem/enumitem.sty)
(/Library/Application Support/MiKTeX/texmfs/install/tex/latex/etoolbox/etoolbox
.sty)
(/Users/zhouleixishu/Library/Application Support/MiKTeX/texmfs/install/tex/late
x/fancyhdr/fancyhdr.sty)
(/Library/Application Support/MiKTeX/texmfs/install/tex/latex/graphics/graphicx
.sty
(/Library/Application Support/MiKTeX/texmfs/install/tex/latex/graphics/graphics
.sty
(/Library/Application Support/MiKTeX/texmfs/install/tex/latex/graphics/trig.sty
)
(/Library/Application Support/MiKTeX/texmfs/install/tex/latex/graphics-cfg/grap
hics.cfg)
(/Library/Application Support/MiKTeX/texmfs/install/tex/latex/graphics-def/xete
x.def)))
(/Users/zhouleixishu/Library/Application Support/MiKTeX/texmfs/install/tex/late
x/makecell/makecell.sty)
(/Users/zhouleixishu/Library/Application Support/MiKTeX/texmfs/install/tex/late
x/multirow/multirow.sty)
(/Users/zhouleixishu/Library/Application Support/MiKTeX/texmfs/install/tex/late
x/pdfpages/pdfpages.sty
(/Library/Application Support/MiKTeX/texmfs/install/tex/latex/tools/calc.sty)
(/Users/zhouleixishu/Library/Application Support/MiKTeX/texmfs/install/tex/late
x/eso-pic/eso-pic.sty
(/Library/Application Support/MiKTeX/texmfs/install/tex/latex/xcolor/xcolor.sty

(/Library/Application Support/MiKTeX/texmfs/install/tex/latex/graphics-cfg/colo
r.cfg)
(/Library/Application Support/MiKTeX/texmfs/install/tex/latex/graphics/mathcolo
r.ltx)))
(/Users/zhouleixishu/Library/Application Support/MiKTeX/texmfs/install/tex/late
x/pdfpages/ppxetex.def))
(/Library/Application Support/MiKTeX/texmfs/install/tex/latex/pgf/frontendlayer
/tikz.sty
(/Library/Application Support/MiKTeX/texmfs/install/tex/latex/pgf/basiclayer/pg
f.sty
(/Library/Application Support/MiKTeX/texmfs/install/tex/latex/pgf/utilities/pgf
rcs.sty
(/Library/Application Support/MiKTeX/texmfs/install/tex/generic/pgf/utilities/p
gfutil-common.tex)
(/Library/Application Support/MiKTeX/texmfs/install/tex/generic/pgf/utilities/p
gfutil-latex.def)
(/Library/Application Support/MiKTeX/texmfs/install/tex/generic/pgf/utilities/p
gfrcs.code.tex
(/Library/Application Support/MiKTeX/texmfs/install/tex/generic/pgf/pgf.revisio
n.tex)))
(/Library/Application Support/MiKTeX/texmfs/install/tex/latex/pgf/basiclayer/pg
fcore.sty
(/Library/Application Support/MiKTeX/texmfs/install/tex/latex/pgf/systemlayer/p
gfsys.sty
(/Library/Application Support/MiKTeX/texmfs/install/tex/generic/pgf/systemlayer
/pgfsys.code.tex
(/Library/Application Support/MiKTeX/texmfs/install/tex/generic/pgf/utilities/p
gfkeys.code.tex
(/Library/Application Support/MiKTeX/texmfs/install/tex/generic/pgf/utilities/p
gfkeyslibraryfiltered.code.tex))
(/Library/Application Support/MiKTeX/texmfs/install/tex/generic/pgf/systemlayer
/pgf.cfg)
(/Library/Application Support/MiKTeX/texmfs/install/tex/generic/pgf/systemlayer
/pgfsys-xetex.def
(/Library/Application Support/MiKTeX/texmfs/install/tex/generic/pgf/systemlayer
/pgfsys-dvipdfmx.def
(/Library/Application Support/MiKTeX/texmfs/install/tex/generic/pgf/systemlayer
/pgfsys-common-pdf.def))))
(/Library/Application Support/MiKTeX/texmfs/install/tex/generic/pgf/systemlayer
/pgfsyssoftpath.code.tex)
(/Library/Application Support/MiKTeX/texmfs/install/tex/generic/pgf/systemlayer
/pgfsysprotocol.code.tex))
(/Library/Application Support/MiKTeX/texmfs/install/tex/generic/pgf/basiclayer/
pgfcore.code.tex
(/Library/Application Support/MiKTeX/texmfs/install/tex/generic/pgf/math/pgfmat
h.code.tex
(/Library/Application Support/MiKTeX/texmfs/install/tex/generic/pgf/math/pgfmat
hutil.code.tex)
(/Library/Application Support/MiKTeX/texmfs/install/tex/generic/pgf/math/pgfmat
hparser.code.tex)
(/Library/Application Support/MiKTeX/texmfs/install/tex/generic/pgf/math/pgfmat
hfunctions.code.tex)
(/Library/Application Support/MiKTeX/texmfs/install/tex/generic/pgf/math/pgfmat
hfunctions.basic.code.tex)
(/Library/Application Support/MiKTeX/texmfs/install/tex/generic/pgf/math/pgfmat
hfunctions.trigonometric.code.tex)
(/Library/Application Support/MiKTeX/texmfs/install/tex/generic/pgf/math/pgfmat
hfunctions.random.code.tex)
(/Library/Application Support/MiKTeX/texmfs/install/tex/generic/pgf/math/pgfmat
hfunctions.comparison.code.tex)
(/Library/Application Support/MiKTeX/texmfs/install/tex/generic/pgf/math/pgfmat
hfunctions.base.code.tex)
(/Library/Application Support/MiKTeX/texmfs/install/tex/generic/pgf/math/pgfmat
hfunctions.round.code.tex)
(/Library/Application Support/MiKTeX/texmfs/install/tex/generic/pgf/math/pgfmat
hfunctions.misc.code.tex)
(/Library/Application Support/MiKTeX/texmfs/install/tex/generic/pgf/math/pgfmat
hfunctions.integerarithmetics.code.tex)
(/Library/Application Support/MiKTeX/texmfs/install/tex/generic/pgf/math/pgfmat
hcalc.code.tex)
(/Library/Application Support/MiKTeX/texmfs/install/tex/generic/pgf/math/pgfmat
hfloat.code.tex))
(/Library/Application Support/MiKTeX/texmfs/install/tex/generic/pgf/math/pgfint
.code.tex)
(/Library/Application Support/MiKTeX/texmfs/install/tex/generic/pgf/basiclayer/
pgfcorepoints.code.tex)
(/Library/Application Support/MiKTeX/texmfs/install/tex/generic/pgf/basiclayer/
pgfcorepathconstruct.code.tex)
(/Library/Application Support/MiKTeX/texmfs/install/tex/generic/pgf/basiclayer/
pgfcorepathusage.code.tex)
(/Library/Application Support/MiKTeX/texmfs/install/tex/generic/pgf/basiclayer/
pgfcorescopes.code.tex)
(/Library/Application Support/MiKTeX/texmfs/install/tex/generic/pgf/basiclayer/
pgfcoregraphicstate.code.tex)
(/Library/Application Support/MiKTeX/texmfs/install/tex/generic/pgf/basiclayer/
pgfcoretransformations.code.tex)
(/Library/Application Support/MiKTeX/texmfs/install/tex/generic/pgf/basiclayer/
pgfcorequick.code.tex)
(/Library/Application Support/MiKTeX/texmfs/install/tex/generic/pgf/basiclayer/
pgfcoreobjects.code.tex)
(/Library/Application Support/MiKTeX/texmfs/install/tex/generic/pgf/basiclayer/
pgfcorepathprocessing.code.tex)
(/Library/Application Support/MiKTeX/texmfs/install/tex/generic/pgf/basiclayer/
pgfcorearrows.code.tex)
(/Library/Application Support/MiKTeX/texmfs/install/tex/generic/pgf/basiclayer/
pgfcoreshade.code.tex)
(/Library/Application Support/MiKTeX/texmfs/install/tex/generic/pgf/basiclayer/
pgfcoreimage.code.tex)
(/Library/Application Support/MiKTeX/texmfs/install/tex/generic/pgf/basiclayer/
pgfcoreexternal.code.tex)
(/Library/Application Support/MiKTeX/texmfs/install/tex/generic/pgf/basiclayer/
pgfcorelayers.code.tex)
(/Library/Application Support/MiKTeX/texmfs/install/tex/generic/pgf/basiclayer/
pgfcoretransparency.code.tex)
(/Library/Application Support/MiKTeX/texmfs/install/tex/generic/pgf/basiclayer/
pgfcorepatterns.code.tex)
(/Library/Application Support/MiKTeX/texmfs/install/tex/generic/pgf/basiclayer/
pgfcorerdf.code.tex)))
(/Library/Application Support/MiKTeX/texmfs/install/tex/generic/pgf/modules/pgf
moduleshapes.code.tex)
(/Library/Application Support/MiKTeX/texmfs/install/tex/generic/pgf/modules/pgf
moduleplot.code.tex)
(/Library/Application Support/MiKTeX/texmfs/install/tex/latex/pgf/compatibility
/pgfcomp-version-0-65.sty)
(/Library/Application Support/MiKTeX/texmfs/install/tex/latex/pgf/compatibility
/pgfcomp-version-1-18.sty))
(/Library/Application Support/MiKTeX/texmfs/install/tex/latex/pgf/utilities/pgf
for.sty
(/Library/Application Support/MiKTeX/texmfs/install/tex/latex/pgf/utilities/pgf
keys.sty
(/Library/Application Support/MiKTeX/texmfs/install/tex/generic/pgf/utilities/p
gfkeys.code.tex))
(/Library/Application Support/MiKTeX/texmfs/install/tex/latex/pgf/math/pgfmath.
sty
(/Library/Application Support/MiKTeX/texmfs/install/tex/generic/pgf/math/pgfmat
h.code.tex))
(/Library/Application Support/MiKTeX/texmfs/install/tex/generic/pgf/utilities/p
gffor.code.tex))
(/Library/Application Support/MiKTeX/texmfs/install/tex/generic/pgf/frontendlay
er/tikz/tikz.code.tex
(/Library/Application Support/MiKTeX/texmfs/install/tex/generic/pgf/libraries/p
gflibraryplothandlers.code.tex)
(/Library/Application Support/MiKTeX/texmfs/install/tex/generic/pgf/modules/pgf
modulematrix.code.tex)
(/Library/Application Support/MiKTeX/texmfs/install/tex/generic/pgf/frontendlay
er/tikz/libraries/tikzlibrarytopaths.code.tex)))
(/Library/Application Support/MiKTeX/texmfs/install/tex/latex/url/url.sty)
(/Users/zhouleixishu/Library/Application Support/MiKTeX/texmfs/install/tex/late
x/xpatch/xpatch.sty)
(/Library/Application Support/MiKTeX/texmfs/install/tex/latex/graphics/lscape.s
ty)
(/Library/Application Support/MiKTeX/texmfs/install/tex/latex/amsfonts/amssymb.
sty
(/Library/Application Support/MiKTeX/texmfs/install/tex/latex/amsfonts/amsfonts
.sty))
(/Library/Application Support/MiKTeX/texmfs/install/tex/latex/hyperref/hyperref
.sty
(/Users/zhouleixishu/Library/Application Support/MiKTeX/texmfs/install/tex/late
x/kvsetkeys/kvsetkeys.sty)
(/Users/zhouleixishu/Library/Application Support/MiKTeX/texmfs/install/tex/gene
ric/kvdefinekeys/kvdefinekeys.sty)
(/Users/zhouleixishu/Library/Application Support/MiKTeX/texmfs/install/tex/gene
ric/pdfescape/pdfescape.sty
(/Users/zhouleixishu/Library/Application Support/MiKTeX/texmfs/install/tex/gene
ric/ltxcmds/ltxcmds.sty)
(/Library/Application Support/MiKTeX/texmfs/install/tex/generic/pdftexcmds/pdft
excmds.sty
(/Users/zhouleixishu/Library/Application Support/MiKTeX/texmfs/install/tex/gene
ric/infwarerr/infwarerr.sty)))
(/Users/zhouleixishu/Library/Application Support/MiKTeX/texmfs/install/tex/late
x/hycolor/hycolor.sty)
(/Library/Application Support/MiKTeX/texmfs/install/tex/latex/hyperref/nameref.
sty
(/Users/zhouleixishu/Library/Application Support/MiKTeX/texmfs/install/tex/late
x/refcount/refcount.sty)
(/Users/zhouleixishu/Library/Application Support/MiKTeX/texmfs/install/tex/gene
ric/gettitlestring/gettitlestring.sty
(/Users/zhouleixishu/Library/Application Support/MiKTeX/texmfs/install/tex/late
x/kvoptions/kvoptions.sty)))
(/Users/zhouleixishu/Library/Application Support/MiKTeX/texmfs/install/tex/gene
ric/stringenc/stringenc.sty)
(/Library/Application Support/MiKTeX/texmfs/install/tex/latex/hyperref/pd1enc.d
ef)
(/Users/zhouleixishu/Library/Application Support/MiKTeX/texmfs/install/tex/gene
ric/intcalc/intcalc.sty)
(/Library/Application Support/MiKTeX/texmfs/install/tex/latex/hyperref/puenc.de
f)
(/Users/zhouleixishu/Library/Application Support/MiKTeX/texmfs/install/tex/gene
ric/bitset/bitset.sty
(/Users/zhouleixishu/Library/Application Support/MiKTeX/texmfs/install/tex/gene
ric/bigintcalc/bigintcalc.sty)))
(/Library/Application Support/MiKTeX/texmfs/install/tex/latex/hyperref/hxetex.d
ef
(/Users/zhouleixishu/Library/Application Support/MiKTeX/texmfs/install/tex/late
x/rerunfilecheck/rerunfilecheck.sty
(/Users/zhouleixishu/Library/Application Support/MiKTeX/texmfs/install/tex/gene
ric/uniquecounter/uniquecounter.sty))))
(/Users/zhouleixishu/Library/Application Support/MiKTeX/texmfs/install/tex/late
x/mathtools/mathtools.sty
(/Users/zhouleixishu/Library/Application Support/MiKTeX/texmfs/install/tex/late
x/mathtools/mhsetup.sty))
(/Library/Application Support/MiKTeX/texmfs/install/tex/latex/tools/tabularx.st
y)
(/Library/Application Support/MiKTeX/texmfs/install/tex/latex/tools/longtable.s
ty)
(/Users/zhouleixishu/Library/Application Support/MiKTeX/texmfs/install/tex/late
x/supertabular/supertabular.sty)
(/Library/Application Support/MiKTeX/texmfs/install/tex/latex/tools/hhline.sty)

(/Library/Application Support/MiKTeX/texmfs/install/tex/latex/ragged2e/ragged2e
.sty)
(/Users/zhouleixishu/Library/Application Support/MiKTeX/texmfs/install/tex/late
x/float/float.sty)
(/Users/zhouleixishu/Library/Application Support/MiKTeX/texmfs/install/tex/late
x/needspace/needspace.sty)
(/Library/Application Support/MiKTeX/texmfs/install/tex/generic/pgf/libraries/p
gflibraryarrows.meta.code.tex)
(/Library/Application Support/MiKTeX/texmfs/install/tex/generic/pgf/frontendlay
er/tikz/libraries/tikzlibrarybackgrounds.code.tex)
(/Library/Application Support/MiKTeX/texmfs/install/tex/generic/pgf/frontendlay
er/tikz/libraries/tikzlibraryfit.code.tex)
(/Library/Application Support/MiKTeX/texmfs/install/tex/generic/pgf/frontendlay
er/tikz/libraries/tikzlibrarypositioning.code.tex)
(/Library/Application Support/MiKTeX/texmfs/install/tex/generic/pgf/frontendlay
er/tikz/libraries/tikzlibraryshapes.geometric.code.tex
(/Library/Application Support/MiKTeX/texmfs/install/tex/generic/pgf/libraries/s
hapes/pgflibraryshapes.geometric.code.tex)) (paper_main.aux)
*geometry* driver: auto-detecting
*geometry* detected driver: xetex

(/Users/zhouleixishu/Library/Application Support/MiKTeX/texmfs/install/tex/late
x/caption/ltcaption.sty)
(/Users/zhouleixishu/Library/Application Support/MiKTeX/texmfs/install/tex/late
x/pdflscape/pdflscape.sty
(/Users/zhouleixishu/Library/Application Support/MiKTeX/texmfs/install/tex/late
x/pdflscape/pdflscape-nometadata.sty)) (paper_main.out) (paper_main.out)
[1]
(/Library/Application Support/MiKTeX/texmfs/install/tex/latex/amsfonts/umsa.fd)
(/Library/Application Support/MiKTeX/texmfs/install/tex/latex/amsfonts/umsb.fd)

[2]
[3]
[4]
[5]
[6]
[7] (generated_figures/algorithm_flow.tex)
[8]
[9]
[10]
[11]
(../../baselines/e2_final_campaign_20260720/p2p3_threeview/s6_support/s6_sup_01
_instance_details/instance_details_table_body.tex)
Overfull \hbox (3.22958pt too wide) in alignment at lines 953--959
[] [] [] [] [] [] [] [] [] [] [] [] [] [] 

[12]
[13]
[14]
[15]
[16]
(../../baselines/e2_final_campaign_20260720/corrected_china81_rerun_v4_20260724
/artifacts/table8a_mechanism_case.tex)
[17]
[18]
[19]
[20]
[21]
[22]
[23]
Underfull \hbox (badness 1337) in paragraph at lines 1707--1708
[]\TU/TimesNewRoman(0)/m/n/9.03374 Lei Z, Hao J K. A GPU-accelerated hybrid met
hod for a class of multi-depot vehicle routing problems[EB/ OL].

[24] (paper_main.aux) )
(see the transcript file for additional information)
Output written on paper_main.xdv (24 pages, 688572 bytes).
Transcript written on paper_main.log.
xelatex: major issue: So far, you have not checked for updates as a MiKTeX user.
Latexmk: Getting log file 'paper_main.log'
Latexmk: Examining 'paper_main.fls'
Latexmk: Examining 'paper_main.log'
Latexmk: Log file says output to 'paper_main.xdv'
Latexmk: applying rule 'xdvipdfmx'...
Rule 'xdvipdfmx':  Reasons for rerun
Category 'other':
  Rerun of 'xdvipdfmx' forced or previously required:
    Reason or flag: 'go_mode'

------------
Run number 1 of rule 'xdvipdfmx'
------------
------------
Running 'xdvipdfmx -E -o "paper_main.pdf"  "paper_main.xdv"'
------------
paper_main.xdv -> paper_main.pdf
[1][2][3][4][5][6][7][8][9][10][11][12][13][14][15][16][17][18][19][20][21][22][23][24]
547563 bytes written
xdvipdfmx: major issue: So far, you have not checked for updates as a MiKTeX user.
Latexmk: All targets (paper_main.xdv paper_main.pdf) are up-to-date

latexmk: major issue: So far, you have not checked for updates as a MiKTeX user.
