Process SpawnProcess-1:
Process SpawnProcess-2:
Traceback (most recent call last):
Traceback (most recent call last):
Process SpawnProcess-3:
  File "/opt/anaconda3/lib/python3.13/multiprocessing/process.py", line 313, in _bootstrap
    self.run()
    ~~~~~~~~^^
  File "/opt/anaconda3/lib/python3.13/multiprocessing/process.py", line 108, in run
    self._target(*self._args, **self._kwargs)
    ~~~~~~~~~~~~^^^^^^^^^^^^^^^^^^^^^^^^^^^^^
  File "/opt/anaconda3/lib/python3.13/concurrent/futures/process.py", line 242, in _process_worker
    call_item = call_queue.get(block=True)
  File "/opt/anaconda3/lib/python3.13/multiprocessing/queues.py", line 120, in get
    return _ForkingPickler.loads(res)
           ~~~~~~~~~~~~~~~~~~~~~^^^^^
ModuleNotFoundError: No module named 'run_t21_charging_timing_three_arms_20260805'
Traceback (most recent call last):
  File "/opt/anaconda3/lib/python3.13/multiprocessing/process.py", line 313, in _bootstrap
    self.run()
    ~~~~~~~~^^
  File "/opt/anaconda3/lib/python3.13/multiprocessing/process.py", line 108, in run
    self._target(*self._args, **self._kwargs)
    ~~~~~~~~~~~~^^^^^^^^^^^^^^^^^^^^^^^^^^^^^
  File "/opt/anaconda3/lib/python3.13/concurrent/futures/process.py", line 242, in _process_worker
    call_item = call_queue.get(block=True)
  File "/opt/anaconda3/lib/python3.13/multiprocessing/queues.py", line 120, in get
    return _ForkingPickler.loads(res)
           ~~~~~~~~~~~~~~~~~~~~~^^^^^
ModuleNotFoundError: No module named 'run_t21_charging_timing_three_arms_20260805'
  File "/opt/anaconda3/lib/python3.13/multiprocessing/process.py", line 313, in _bootstrap
    self.run()
    ~~~~~~~~^^
  File "/opt/anaconda3/lib/python3.13/multiprocessing/process.py", line 108, in run
    self._target(*self._args, **self._kwargs)
    ~~~~~~~~~~~~^^^^^^^^^^^^^^^^^^^^^^^^^^^^^
  File "/opt/anaconda3/lib/python3.13/concurrent/futures/process.py", line 242, in _process_worker
    call_item = call_queue.get(block=True)
  File "/opt/anaconda3/lib/python3.13/multiprocessing/queues.py", line 120, in get
    return _ForkingPickler.loads(res)
           ~~~~~~~~~~~~~~~~~~~~~^^^^^
ModuleNotFoundError: No module named 'run_t21_charging_timing_three_arms_20260805'
Process SpawnProcess-4:
Traceback (most recent call last):
  File "/opt/anaconda3/lib/python3.13/multiprocessing/process.py", line 313, in _bootstrap
    self.run()
    ~~~~~~~~^^
  File "/opt/anaconda3/lib/python3.13/multiprocessing/process.py", line 108, in run
    self._target(*self._args, **self._kwargs)
    ~~~~~~~~~~~~^^^^^^^^^^^^^^^^^^^^^^^^^^^^^
  File "/opt/anaconda3/lib/python3.13/concurrent/futures/process.py", line 242, in _process_worker
    call_item = call_queue.get(block=True)
  File "/opt/anaconda3/lib/python3.13/multiprocessing/queues.py", line 120, in get
    return _ForkingPickler.loads(res)
           ~~~~~~~~~~~~~~~~~~~~~^^^^^
ModuleNotFoundError: No module named 'run_t21_charging_timing_three_arms_20260805'
DONE T24__CY__COST__S2026080208 FULL_FAILED_EXCEPTION MATERIALIZED=18/90
DONE T24__CY__COST__S2026080209 FULL_FAILED_EXCEPTION MATERIALIZED=19/90
DONE T24__CY__COST__S2026080210 FULL_FAILED_EXCEPTION MATERIALIZED=20/90
DONE T24__CY__COST_CARBON__S2026080201 FULL_FAILED_EXCEPTION MATERIALIZED=21/90
DONE T24__CY__COST_CARBON__S2026080202 FULL_FAILED_EXCEPTION MATERIALIZED=22/90
DONE T24__CY__COST_CARBON__S2026080203 FULL_FAILED_EXCEPTION MATERIALIZED=23/90
DONE T24__CY__COST_CARBON__S2026080204 FULL_FAILED_EXCEPTION MATERIALIZED=24/90
DONE T24__CY__COST_CARBON__S2026080205 FULL_FAILED_EXCEPTION MATERIALIZED=25/90
DONE T24__CY__COST_CARBON__S2026080206 FULL_FAILED_EXCEPTION MATERIALIZED=26/90
DONE T24__CY__COST_CARBON__S2026080207 FULL_FAILED_EXCEPTION MATERIALIZED=27/90
DONE T24__CY__COST_CARBON__S2026080208 FULL_FAILED_EXCEPTION MATERIALIZED=28/90
DONE T24__CY__COST_CARBON__S2026080209 FULL_FAILED_EXCEPTION MATERIALIZED=29/90
DONE T24__CY__COST_CARBON__S2026080210 FULL_FAILED_EXCEPTION MATERIALIZED=30/90
DONE T24__JJJ__ASAP__S2026080201 FULL_FAILED_EXCEPTION MATERIALIZED=31/90
DONE T24__JJJ__ASAP__S2026080202 FULL_FAILED_EXCEPTION MATERIALIZED=32/90
DONE T24__JJJ__ASAP__S2026080203 FULL_FAILED_EXCEPTION MATERIALIZED=33/90
DONE T24__JJJ__ASAP__S2026080204 FULL_FAILED_EXCEPTION MATERIALIZED=34/90
DONE T24__JJJ__ASAP__S2026080205 FULL_FAILED_EXCEPTION MATERIALIZED=35/90
DONE T24__JJJ__ASAP__S2026080206 FULL_FAILED_EXCEPTION MATERIALIZED=36/90
DONE T24__JJJ__ASAP__S2026080207 FULL_FAILED_EXCEPTION MATERIALIZED=37/90
DONE T24__JJJ__ASAP__S2026080208 FULL_FAILED_EXCEPTION MATERIALIZED=38/90
DONE T24__JJJ__ASAP__S2026080209 FULL_FAILED_EXCEPTION MATERIALIZED=39/90
DONE T24__JJJ__ASAP__S2026080210 FULL_FAILED_EXCEPTION MATERIALIZED=40/90
DONE T24__JJJ__COST__S2026080201 FULL_FAILED_EXCEPTION MATERIALIZED=41/90
DONE T24__JJJ__COST__S2026080202 FULL_FAILED_EXCEPTION MATERIALIZED=42/90
DONE T24__JJJ__COST__S2026080203 FULL_FAILED_EXCEPTION MATERIALIZED=43/90
DONE T24__JJJ__COST__S2026080204 FULL_FAILED_EXCEPTION MATERIALIZED=44/90
DONE T24__JJJ__COST__S2026080205 FULL_FAILED_EXCEPTION MATERIALIZED=45/90
DONE T24__JJJ__COST__S2026080206 FULL_FAILED_EXCEPTION MATERIALIZED=46/90
DONE T24__JJJ__COST__S2026080207 FULL_FAILED_EXCEPTION MATERIALIZED=47/90
DONE T24__JJJ__COST__S2026080208 FULL_FAILED_EXCEPTION MATERIALIZED=48/90
DONE T24__JJJ__COST__S2026080209 FULL_FAILED_EXCEPTION MATERIALIZED=49/90
DONE T24__JJJ__COST__S2026080210 FULL_FAILED_EXCEPTION MATERIALIZED=50/90
DONE T24__JJJ__COST_CARBON__S2026080201 FULL_FAILED_EXCEPTION MATERIALIZED=51/90
DONE T24__JJJ__COST_CARBON__S2026080202 FULL_FAILED_EXCEPTION MATERIALIZED=52/90
DONE T24__JJJ__COST_CARBON__S2026080203 FULL_FAILED_EXCEPTION MATERIALIZED=53/90
DONE T24__JJJ__COST_CARBON__S2026080204 FULL_FAILED_EXCEPTION MATERIALIZED=54/90
DONE T24__JJJ__COST_CARBON__S2026080205 FULL_FAILED_EXCEPTION MATERIALIZED=55/90
DONE T24__JJJ__COST_CARBON__S2026080206 FULL_FAILED_EXCEPTION MATERIALIZED=56/90
DONE T24__JJJ__COST_CARBON__S2026080207 FULL_FAILED_EXCEPTION MATERIALIZED=57/90
DONE T24__JJJ__COST_CARBON__S2026080208 FULL_FAILED_EXCEPTION MATERIALIZED=58/90
DONE T24__JJJ__COST_CARBON__S2026080209 FULL_FAILED_EXCEPTION MATERIALIZED=59/90
DONE T24__JJJ__COST_CARBON__S2026080210 FULL_FAILED_EXCEPTION MATERIALIZED=60/90
DONE T24__PRD__ASAP__S2026080201 FULL_FAILED_EXCEPTION MATERIALIZED=61/90
DONE T24__PRD__ASAP__S2026080202 FULL_FAILED_EXCEPTION MATERIALIZED=62/90
DONE T24__PRD__ASAP__S2026080203 FULL_FAILED_EXCEPTION MATERIALIZED=63/90
DONE T24__PRD__ASAP__S2026080204 FULL_FAILED_EXCEPTION MATERIALIZED=64/90
DONE T24__PRD__ASAP__S2026080205 FULL_FAILED_EXCEPTION MATERIALIZED=65/90
DONE T24__PRD__ASAP__S2026080206 FULL_FAILED_EXCEPTION MATERIALIZED=66/90
DONE T24__PRD__ASAP__S2026080207 FULL_FAILED_EXCEPTION MATERIALIZED=67/90
DONE T24__PRD__ASAP__S2026080208 FULL_FAILED_EXCEPTION MATERIALIZED=68/90
DONE T24__PRD__ASAP__S2026080209 FULL_FAILED_EXCEPTION MATERIALIZED=69/90
DONE T24__PRD__ASAP__S2026080210 FULL_FAILED_EXCEPTION MATERIALIZED=70/90
DONE T24__PRD__COST__S2026080201 FULL_FAILED_EXCEPTION MATERIALIZED=71/90
DONE T24__PRD__COST__S2026080202 FULL_FAILED_EXCEPTION MATERIALIZED=72/90
DONE T24__PRD__COST__S2026080203 FULL_FAILED_EXCEPTION MATERIALIZED=73/90
DONE T24__PRD__COST__S2026080204 FULL_FAILED_EXCEPTION MATERIALIZED=74/90
DONE T24__PRD__COST__S2026080205 FULL_FAILED_EXCEPTION MATERIALIZED=75/90
DONE T24__PRD__COST__S2026080206 FULL_FAILED_EXCEPTION MATERIALIZED=76/90
DONE T24__PRD__COST__S2026080207 FULL_FAILED_EXCEPTION MATERIALIZED=77/90
DONE T24__PRD__COST__S2026080208 FULL_FAILED_EXCEPTION MATERIALIZED=78/90
DONE T24__PRD__COST__S2026080209 FULL_FAILED_EXCEPTION MATERIALIZED=79/90
DONE T24__PRD__COST__S2026080210 FULL_FAILED_EXCEPTION MATERIALIZED=80/90
DONE T24__PRD__COST_CARBON__S2026080201 FULL_FAILED_EXCEPTION MATERIALIZED=81/90
DONE T24__PRD__COST_CARBON__S2026080202 FULL_FAILED_EXCEPTION MATERIALIZED=82/90
DONE T24__PRD__COST_CARBON__S2026080203 FULL_FAILED_EXCEPTION MATERIALIZED=83/90
DONE T24__PRD__COST_CARBON__S2026080204 FULL_FAILED_EXCEPTION MATERIALIZED=84/90
DONE T24__PRD__COST_CARBON__S2026080205 FULL_FAILED_EXCEPTION MATERIALIZED=85/90
DONE T24__PRD__COST_CARBON__S2026080206 FULL_FAILED_EXCEPTION MATERIALIZED=86/90
DONE T24__PRD__COST_CARBON__S2026080207 FULL_FAILED_EXCEPTION MATERIALIZED=87/90
DONE T24__PRD__COST_CARBON__S2026080208 FULL_FAILED_EXCEPTION MATERIALIZED=88/90
DONE T24__PRD__COST_CARBON__S2026080209 FULL_FAILED_EXCEPTION MATERIALIZED=89/90
DONE T24__PRD__COST_CARBON__S2026080210 FULL_FAILED_EXCEPTION MATERIALIZED=90/90
T25_REMAINING_73_MATERIALIZED
