[D6-E2] cn-cy-100c-02-V2-LOCATIONS seed=1 PASS full=4929.892532
[D6-E2] cn-cy-100c-01-V2-LOCATIONS seed=1 PASS full=5249.444940
[D6-E2] cn-cy-100c-01-V2-LOCATIONS seed=3 PASS full=5249.307497
[D6-E2] cn-cy-100c-01-V2-LOCATIONS seed=5 PASS full=5253.808148
[D6-E2] cn-cy-100c-01-V2-LOCATIONS seed=2 PASS full=5245.949727
[D6-E2] cn-cy-100c-01-V2-LOCATIONS seed=4 PASS full=5255.771985
[D6-E2] cn-cy-100c-02-V2-LOCATIONS seed=2 PASS full=4927.830761
[D6-E2] cn-cy-100c-02-V2-LOCATIONS seed=4 PASS full=4916.798708
[D6-E2] cn-cy-100c-02-V2-LOCATIONS seed=5 PASS full=4909.446402
[D6-E2] cn-cy-100c-03-V2-LOCATIONS seed=1 PASS full=4814.868664
[D6-E2] cn-cy-100c-02-V2-LOCATIONS seed=3 PASS full=4920.525004
[D6-E2] cn-cy-100c-03-V2-LOCATIONS seed=2 PASS full=4813.679673
[D6-E2] cn-cy-10c-01-V2-LOCATIONS seed=2 PASS full=582.160553
[D6-E2] cn-cy-10c-01-V2-LOCATIONS seed=1 PASS full=582.160553
[D6-E2] cn-cy-10c-01-V2-LOCATIONS seed=3 PASS full=582.160553
[D6-E2] cn-cy-10c-01-V2-LOCATIONS seed=4 PASS full=582.160553
[D6-E2] cn-cy-10c-01-V2-LOCATIONS seed=5 PASS full=582.160553
[D6-E2] cn-cy-10c-02-V2-LOCATIONS seed=1 PASS full=647.219370
[D6-E2] cn-cy-10c-02-V2-LOCATIONS seed=3 PASS full=647.219370
[D6-E2] cn-cy-10c-02-V2-LOCATIONS seed=2 PASS full=647.219370
[D6-E2] cn-cy-10c-02-V2-LOCATIONS seed=4 PASS full=647.219370
[D6-E2] cn-cy-10c-03-V2-LOCATIONS seed=2 PASS full=672.382465
[D6-E2] cn-cy-10c-03-V2-LOCATIONS seed=1 PASS full=672.382465
[D6-E2] cn-cy-10c-02-V2-LOCATIONS seed=5 PASS full=647.219370
[D6-E2] cn-cy-10c-03-V2-LOCATIONS seed=4 PASS full=672.382465
[D6-E2] cn-cy-10c-03-V2-LOCATIONS seed=3 PASS full=672.382465
[D6-E2] cn-cy-10c-03-V2-LOCATIONS seed=5 PASS full=672.382465
[D6-E2] cn-cy-100c-03-V2-LOCATIONS seed=3 PASS full=4813.679673
[D6-E2] cn-cy-100c-03-V2-LOCATIONS seed=4 PASS full=4813.679673
[D6-E2] cn-cy-100c-03-V2-LOCATIONS seed=5 PASS full=4814.868664
[D6-E2] cn-cy-150c-01-V2-LOCATIONS seed=1 PASS full=7384.881226
[D6-E2] cn-cy-150c-01-V2-LOCATIONS seed=2 PASS full=7395.856921
[D6-E2] cn-cy-150c-01-V2-LOCATIONS seed=3 PASS full=7393.668829
[D6-E2] cn-cy-150c-01-V2-LOCATIONS seed=4 PASS full=7404.507487
[D6-E2] cn-cy-150c-01-V2-LOCATIONS seed=5 PASS full=7396.639881
[D6-E2] cn-cy-150c-02-V2-LOCATIONS seed=1 PASS full=7703.892821
[D6-E2] cn-cy-150c-02-V2-LOCATIONS seed=2 PASS full=7705.768330
[D6-E2] cn-cy-150c-02-V2-LOCATIONS seed=3 PASS full=7714.662723
[D6-E2] cn-cy-150c-02-V2-LOCATIONS seed=4 PASS full=7707.750726
[D6-E2] cn-cy-150c-02-V2-LOCATIONS seed=5 PASS full=7703.532326
[D6-E2] cn-cy-150c-03-V2-LOCATIONS seed=1 PASS full=7566.894581
[D6-E2] cn-cy-150c-03-V2-LOCATIONS seed=2 PASS full=7492.936377
[D6-E2] cn-cy-15c-01-V2-LOCATIONS seed=1 PASS full=906.048917
[D6-E2] cn-cy-15c-01-V2-LOCATIONS seed=2 PASS full=906.048917
[D6-E2] cn-cy-15c-01-V2-LOCATIONS seed=3 PASS full=906.048917
[D6-E2] cn-cy-15c-01-V2-LOCATIONS seed=4 PASS full=906.048917
[D6-E2] cn-cy-15c-01-V2-LOCATIONS seed=5 PASS full=906.048917
[D6-E2] cn-cy-15c-02-V2-LOCATIONS seed=1 PASS full=926.789699
[D6-E2] cn-cy-15c-02-V2-LOCATIONS seed=2 PASS full=926.789699
[D6-E2] cn-cy-15c-02-V2-LOCATIONS seed=3 PASS full=926.789699
[D6-E2] cn-cy-15c-02-V2-LOCATIONS seed=4 PASS full=926.789699
[D6-E2] cn-cy-15c-02-V2-LOCATIONS seed=5 PASS full=926.789699
[D6-E2] cn-cy-15c-03-V2-LOCATIONS seed=1 PASS full=965.721631
[D6-E2] cn-cy-15c-03-V2-LOCATIONS seed=2 PASS full=965.721631
[D6-E2] cn-cy-15c-03-V2-LOCATIONS seed=3 PASS full=965.721631
[D6-E2] cn-cy-15c-03-V2-LOCATIONS seed=4 PASS full=965.721631
[D6-E2] cn-cy-15c-03-V2-LOCATIONS seed=5 PASS full=965.721631
[D6-E2] cn-cy-150c-03-V2-LOCATIONS seed=3 PASS full=7605.478193
[D6-E2] cn-cy-150c-03-V2-LOCATIONS seed=4 PASS full=7607.942580
[D6-E2] cn-cy-150c-03-V2-LOCATIONS seed=5 PASS full=7560.003859
[D6-E2] cn-cy-200c-01-V2-LOCATIONS seed=1 PASS full=9567.938464
[D6-E2] cn-cy-200c-01-V2-LOCATIONS seed=2 PASS full=9579.265056
[D6-E2] cn-cy-200c-01-V2-LOCATIONS seed=3 PASS full=9575.621840
[D6-E2] cn-cy-200c-01-V2-LOCATIONS seed=4 PASS full=9572.620678
[D6-E2] cn-cy-200c-01-V2-LOCATIONS seed=5 PASS full=9574.681486
[D6-E2] cn-cy-200c-02-V2-LOCATIONS seed=1 PASS full=9567.810668
[D6-E2] cn-cy-200c-02-V2-LOCATIONS seed=2 PASS full=9563.997358
[D6-E2] cn-cy-200c-02-V2-LOCATIONS seed=4 PASS full=9569.614309
[D6-E2] cn-cy-200c-02-V2-LOCATIONS seed=3 PASS full=9567.110500
[D6-E2] cn-cy-200c-02-V2-LOCATIONS seed=5 PASS full=9564.416269
[D6-E2] cn-cy-200c-03-V2-LOCATIONS seed=2 PASS full=9854.992415
[D6-E2] cn-cy-20c-01-V2-LOCATIONS seed=1 PASS full=1221.878058
[D6-E2] cn-cy-200c-03-V2-LOCATIONS seed=1 PASS full=9854.530897
[D6-E2] cn-cy-20c-01-V2-LOCATIONS seed=2 PASS full=1221.878058
[D6-E2] cn-cy-20c-01-V2-LOCATIONS seed=3 PASS full=1221.878058
[D6-E2] cn-cy-20c-01-V2-LOCATIONS seed=4 PASS full=1221.878058
[D6-E2] cn-cy-20c-02-V2-LOCATIONS seed=1 PASS full=1236.066058
[D6-E2] cn-cy-20c-01-V2-LOCATIONS seed=5 PASS full=1221.878058
[D6-E2] cn-cy-20c-02-V2-LOCATIONS seed=2 PASS full=1236.066058
[D6-E2] cn-cy-20c-02-V2-LOCATIONS seed=3 PASS full=1236.066058
[D6-E2] cn-cy-20c-02-V2-LOCATIONS seed=4 PASS full=1236.066058
[D6-E2] cn-cy-20c-02-V2-LOCATIONS seed=5 PASS full=1236.066058
[D6-E2] cn-cy-20c-03-V2-LOCATIONS seed=1 PASS full=1249.268779
[D6-E2] cn-cy-20c-03-V2-LOCATIONS seed=2 PASS full=1249.268779
[D6-E2] cn-cy-20c-03-V2-LOCATIONS seed=3 PASS full=1249.268779
[D6-E2] cn-cy-20c-03-V2-LOCATIONS seed=4 PASS full=1249.268779
[D6-E2] cn-cy-20c-03-V2-LOCATIONS seed=5 PASS full=1249.268779
[D6-E2] cn-cy-25c-01-V2-LOCATIONS seed=1 PASS full=1302.597946
[D6-E2] cn-cy-25c-01-V2-LOCATIONS seed=2 PASS full=1302.597946
[D6-E2] cn-cy-25c-01-V2-LOCATIONS seed=3 PASS full=1302.597946
[D6-E2] cn-cy-25c-01-V2-LOCATIONS seed=4 PASS full=1302.597946
[D6-E2] cn-cy-25c-02-V2-LOCATIONS seed=1 PASS full=1474.014220
[D6-E2] cn-cy-25c-01-V2-LOCATIONS seed=5 PASS full=1302.597946
[D6-E2] cn-cy-25c-02-V2-LOCATIONS seed=2 PASS full=1446.979699
[D6-E2] cn-cy-200c-03-V2-LOCATIONS seed=3 PASS full=9859.097205
[D6-E2] cn-cy-25c-02-V2-LOCATIONS seed=3 PASS full=1462.130150
[D6-E2] cn-cy-200c-03-V2-LOCATIONS seed=4 PASS full=9847.077551
[D6-E2] cn-cy-25c-02-V2-LOCATIONS seed=4 PASS full=1444.056704
[D6-E2] cn-cy-25c-02-V2-LOCATIONS seed=5 PASS full=1445.398541
[D6-E2] cn-cy-200c-03-V2-LOCATIONS seed=5 PASS full=9853.309599
[D6-E2] cn-cy-25c-03-V2-LOCATIONS seed=1 PASS full=1513.353017
[D6-E2] cn-cy-25c-03-V2-LOCATIONS seed=2 PASS full=1554.015039
[D6-E2] cn-cy-25c-03-V2-LOCATIONS seed=3 PASS full=1513.353017
[D6-E2] cn-cy-25c-03-V2-LOCATIONS seed=4 PASS full=1513.353017
[D6-E2] cn-cy-25c-03-V2-LOCATIONS seed=5 PASS full=1540.363680
[D6-E2] cn-cy-50c-01-V2-LOCATIONS seed=1 PASS full=2592.598716
[D6-E2] cn-cy-50c-01-V2-LOCATIONS seed=2 PASS full=2592.598716
[D6-E2] cn-cy-50c-02-V2-LOCATIONS seed=1 PASS full=2629.831591
[D6-E2] cn-cy-50c-01-V2-LOCATIONS seed=4 PASS full=2592.598716
[D6-E2] cn-cy-50c-01-V2-LOCATIONS seed=3 PASS full=2592.598716
[D6-E2] cn-cy-50c-01-V2-LOCATIONS seed=5 PASS full=2592.598716
[D6-E2] cn-cy-50c-02-V2-LOCATIONS seed=2 PASS full=2629.831591
[D6-E2] cn-cy-50c-02-V2-LOCATIONS seed=3 PASS full=2629.831591
[D6-E2] cn-cy-50c-02-V2-LOCATIONS seed=4 PASS full=2629.831591
[D6-E2] cn-cy-50c-03-V2-LOCATIONS seed=1 PASS full=2739.865976
[D6-E2] cn-cy-50c-02-V2-LOCATIONS seed=5 PASS full=2629.831591
[D6-E2] cn-cy-50c-03-V2-LOCATIONS seed=2 PASS full=2739.865976
[D6-E2] cn-cy-50c-03-V2-LOCATIONS seed=3 PASS full=2739.865976
[D6-E2] cn-cy-50c-03-V2-LOCATIONS seed=4 PASS full=2739.865976
[D6-E2] cn-cy-50c-03-V2-LOCATIONS seed=5 PASS full=2739.865976
[D6-E2] cn-cy-75c-01-V2-LOCATIONS seed=1 PASS full=3589.871046
[D6-E2] cn-cy-75c-01-V2-LOCATIONS seed=2 PASS full=3589.906868
[D6-E2] cn-cy-75c-01-V2-LOCATIONS seed=3 PASS full=3589.446468
[D6-E2] cn-cy-75c-01-V2-LOCATIONS seed=4 PASS full=3590.217497
[D6-E2] cn-cy-75c-01-V2-LOCATIONS seed=5 PASS full=3589.446468
[D6-E2] cn-cy-75c-02-V2-LOCATIONS seed=1 PASS full=3830.085480
[D6-E2] cn-cy-75c-02-V2-LOCATIONS seed=2 PASS full=3831.565825
[D6-E2] cn-cy-75c-02-V2-LOCATIONS seed=3 PASS full=3831.565825
[D6-E2] cn-cy-75c-02-V2-LOCATIONS seed=4 PASS full=3831.565825
[D6-E2] cn-cy-75c-03-V2-LOCATIONS seed=1 PASS full=3663.635263
[D6-E2] cn-cy-75c-02-V2-LOCATIONS seed=5 PASS full=3831.565825
[D6-E2] cn-cy-75c-03-V2-LOCATIONS seed=2 PASS full=3661.849125
[D6-E2] cn-cy-75c-03-V2-LOCATIONS seed=3 PASS full=3663.635263
[D6-E2] cn-cy-75c-03-V2-LOCATIONS seed=4 PASS full=3663.635263
[D6-E2] cn-cy-75c-03-V2-LOCATIONS seed=5 PASS full=3661.849125
[D6-E2] cn-jjj-100c-01-V2-LOCATIONS seed=2 PASS full=4934.271295
[D6-E2] cn-jjj-100c-01-V2-LOCATIONS seed=1 PASS full=4963.759978
[D6-E2] cn-jjj-100c-01-V2-LOCATIONS seed=3 PASS full=4933.437860
[D6-E2] cn-jjj-100c-01-V2-LOCATIONS seed=4 PASS full=4938.295742
[D6-E2] cn-jjj-100c-01-V2-LOCATIONS seed=5 PASS full=4955.359170
[D6-E2] cn-jjj-100c-02-V2-LOCATIONS seed=1 PASS full=5041.392891
[D6-E2] cn-jjj-100c-02-V2-LOCATIONS seed=2 PASS full=5039.339592
[D6-E2] cn-jjj-100c-02-V2-LOCATIONS seed=3 PASS full=5031.771018
[D6-E2] cn-jjj-100c-02-V2-LOCATIONS seed=4 PASS full=5048.765658
[D6-E2] cn-jjj-100c-03-V2-LOCATIONS seed=1 PASS full=4975.909488
[D6-E2] cn-jjj-100c-03-V2-LOCATIONS seed=2 PASS full=4975.959822
[D6-E2] cn-jjj-100c-02-V2-LOCATIONS seed=5 PASS full=5047.672523
[D6-E2] cn-jjj-10c-01-V2-LOCATIONS seed=1 PASS full=655.110225
[D6-E2] cn-jjj-10c-01-V2-LOCATIONS seed=2 PASS full=655.110225
[D6-E2] cn-jjj-10c-01-V2-LOCATIONS seed=3 PASS full=655.110225
[D6-E2] cn-jjj-10c-01-V2-LOCATIONS seed=4 PASS full=655.110225
[D6-E2] cn-jjj-10c-01-V2-LOCATIONS seed=5 PASS full=655.110225
[D6-E2] cn-jjj-10c-02-V2-LOCATIONS seed=1 PASS full=582.729270
[D6-E2] cn-jjj-10c-02-V2-LOCATIONS seed=2 PASS full=582.729270
[D6-E2] cn-jjj-10c-02-V2-LOCATIONS seed=3 PASS full=582.729270
[D6-E2] cn-jjj-10c-02-V2-LOCATIONS seed=4 PASS full=582.729270
[D6-E2] cn-jjj-10c-02-V2-LOCATIONS seed=5 PASS full=582.729270
[D6-E2] cn-jjj-10c-03-V2-LOCATIONS seed=1 PASS full=589.861323
[D6-E2] cn-jjj-10c-03-V2-LOCATIONS seed=2 PASS full=589.861323
[D6-E2] cn-jjj-10c-03-V2-LOCATIONS seed=3 PASS full=589.861323
[D6-E2] cn-jjj-10c-03-V2-LOCATIONS seed=4 PASS full=589.861323
[D6-E2] cn-jjj-10c-03-V2-LOCATIONS seed=5 PASS full=589.861323
[D6-E2] cn-jjj-100c-03-V2-LOCATIONS seed=3 PASS full=4975.909488
[D6-E2] cn-jjj-100c-03-V2-LOCATIONS seed=4 PASS full=4975.909488
[D6-E2] cn-jjj-100c-03-V2-LOCATIONS seed=5 PASS full=4975.909488
[D6-E2] cn-jjj-150c-01-V2-LOCATIONS seed=3 PASS full=6938.005470
[D6-E2] cn-jjj-150c-01-V2-LOCATIONS seed=2 PASS full=6944.669108
[D6-E2] cn-jjj-150c-01-V2-LOCATIONS seed=1 PASS full=6952.795659
[D6-E2] cn-jjj-150c-01-V2-LOCATIONS seed=4 PASS full=6948.075777
[D6-E2] cn-jjj-150c-01-V2-LOCATIONS seed=5 PASS full=6946.705980
[D6-E2] cn-jjj-150c-02-V2-LOCATIONS seed=1 PASS full=7324.609705
[D6-E2] cn-jjj-150c-02-V2-LOCATIONS seed=2 PASS full=7329.110119
[D6-E2] cn-jjj-150c-02-V2-LOCATIONS seed=3 PASS full=7313.160597
[D6-E2] cn-jjj-150c-02-V2-LOCATIONS seed=4 PASS full=7323.554590
[D6-E2] cn-jjj-150c-02-V2-LOCATIONS seed=5 PASS full=7315.635700
[D6-E2] cn-jjj-150c-03-V2-LOCATIONS seed=1 PASS full=7304.125242
[D6-E2] cn-jjj-150c-03-V2-LOCATIONS seed=2 PASS full=7301.045638
[D6-E2] cn-jjj-15c-01-V2-LOCATIONS seed=1 PASS full=906.863492
[D6-E2] cn-jjj-15c-01-V2-LOCATIONS seed=2 PASS full=906.863492
[D6-E2] cn-jjj-15c-01-V2-LOCATIONS seed=3 PASS full=906.863492
[D6-E2] cn-jjj-15c-01-V2-LOCATIONS seed=4 PASS full=906.863492
[D6-E2] cn-jjj-15c-01-V2-LOCATIONS seed=5 PASS full=906.863492
[D6-E2] cn-jjj-15c-02-V2-LOCATIONS seed=1 PASS full=992.641587
[D6-E2] cn-jjj-15c-02-V2-LOCATIONS seed=2 PASS full=992.641587
[D6-E2] cn-jjj-15c-02-V2-LOCATIONS seed=3 PASS full=992.641587
[D6-E2] cn-jjj-15c-02-V2-LOCATIONS seed=4 PASS full=992.641587
[D6-E2] cn-jjj-15c-02-V2-LOCATIONS seed=5 PASS full=992.641587
[D6-E2] cn-jjj-15c-03-V2-LOCATIONS seed=1 PASS full=1012.309048
[D6-E2] cn-jjj-15c-03-V2-LOCATIONS seed=2 PASS full=1012.309048
[D6-E2] cn-jjj-15c-03-V2-LOCATIONS seed=3 PASS full=1012.309048
[D6-E2] cn-jjj-15c-03-V2-LOCATIONS seed=4 PASS full=1012.309048
[D6-E2] cn-jjj-15c-03-V2-LOCATIONS seed=5 PASS full=1012.309048
[D6-E2] cn-jjj-150c-03-V2-LOCATIONS seed=3 PASS full=7301.576575
[D6-E2] cn-jjj-150c-03-V2-LOCATIONS seed=4 PASS full=7298.304489
[D6-E2] cn-jjj-150c-03-V2-LOCATIONS seed=5 PASS full=7292.331520
[D6-E2] cn-jjj-200c-01-V2-LOCATIONS seed=1 PASS full=9707.657648
[D6-E2] cn-jjj-200c-01-V2-LOCATIONS seed=2 PASS full=9709.430855
[D6-E2] cn-jjj-200c-01-V2-LOCATIONS seed=3 PASS full=9705.552601
[D6-E2] cn-jjj-200c-01-V2-LOCATIONS seed=4 PASS full=9715.505523
[D6-E2] cn-jjj-200c-01-V2-LOCATIONS seed=5 PASS full=9700.329336
[D6-E2] cn-jjj-200c-02-V2-LOCATIONS seed=1 PASS full=9880.873864
[D6-E2] cn-jjj-200c-02-V2-LOCATIONS seed=2 PASS full=9904.048822
[D6-E2] cn-jjj-200c-02-V2-LOCATIONS seed=3 PASS full=9897.167050
[D6-E2] cn-jjj-200c-02-V2-LOCATIONS seed=4 PASS full=9894.810409
[D6-E2] cn-jjj-200c-03-V2-LOCATIONS seed=1 PASS full=9573.604443
[D6-E2] cn-jjj-200c-02-V2-LOCATIONS seed=5 PASS full=9903.431936
[D6-E2] cn-jjj-200c-03-V2-LOCATIONS seed=2 PASS full=9579.487438
[D6-E2] cn-jjj-20c-01-V2-LOCATIONS seed=1 PASS full=992.065634
[D6-E2] cn-jjj-20c-01-V2-LOCATIONS seed=2 PASS full=992.065634
[D6-E2] cn-jjj-20c-01-V2-LOCATIONS seed=3 PASS full=992.065634
[D6-E2] cn-jjj-20c-01-V2-LOCATIONS seed=4 PASS full=992.065634
[D6-E2] cn-jjj-20c-01-V2-LOCATIONS seed=5 PASS full=992.065634
[D6-E2] cn-jjj-20c-02-V2-LOCATIONS seed=1 PASS full=1184.875029
[D6-E2] cn-jjj-20c-02-V2-LOCATIONS seed=2 PASS full=1184.875029
[D6-E2] cn-jjj-20c-02-V2-LOCATIONS seed=3 PASS full=1184.875029
[D6-E2] cn-jjj-20c-02-V2-LOCATIONS seed=4 PASS full=1184.875029
[D6-E2] cn-jjj-20c-02-V2-LOCATIONS seed=5 PASS full=1184.875029
multiprocessing.pool.RemoteTraceback: 
"""
Traceback (most recent call last):
  File "/opt/anaconda3/lib/python3.13/multiprocessing/pool.py", line 125, in worker
    result = (True, func(*args, **kwds))
                    ~~~~^^^^^^^^^^^^^^^
  File "/Volumes/移动硬盘（512G）/ReSETP/baselines/e2_final_campaign_20260720/run_corrected_china81_d6.py", line 253, in _run_unit
    raise RuntimeError(f"HALT_SAFETY_WALLCLOCK:{task_id}")
RuntimeError: HALT_SAFETY_WALLCLOCK:D6-E2__cn-jjj-20c-03-V2-LOCATIONS__seed1
"""

The above exception was the direct cause of the following exception:

Traceback (most recent call last):
  File "/Volumes/移动硬盘（512G）/ReSETP/baselines/e2_final_campaign_20260720/run_corrected_china81_d6.py", line 507, in <module>
    raise SystemExit(main())
                     ~~~~^^
  File "/Volumes/移动硬盘（512G）/ReSETP/baselines/e2_final_campaign_20260720/run_corrected_china81_d6.py", line 496, in main
    for row in pool.imap_unordered(_run_unit, tasks):
               ~~~~~~~~~~~~~~~~~~~^^^^^^^^^^^^^^^^^^
  File "/opt/anaconda3/lib/python3.13/multiprocessing/pool.py", line 873, in next
    raise value
RuntimeError: HALT_SAFETY_WALLCLOCK:D6-E2__cn-jjj-20c-03-V2-LOCATIONS__seed1
