[50c] 1/40 seed=1 arm=STATIC_FIXED_RECOURSE status=LEGAL_INFEASIBLE cost=INFEASIBLE
{"actual_evaluations": 1200, "elapsed_seconds": 6.2773361669969745, "stage": 1, "status": "PASS_STAGE", "task": "50c/seed01/NO_COOPERATION"}
{"actual_evaluations": 1200, "elapsed_seconds": 10.579000500030816, "stage": 1, "status": "PASS_STAGE", "task": "50c/seed01/FULL_ROLLING"}
{"actual_evaluations": 1200, "elapsed_seconds": 5.496154874970671, "stage": 2, "status": "PASS_STAGE", "task": "50c/seed01/NO_COOPERATION"}
{"actual_evaluations": 1200, "elapsed_seconds": 2.0363417500047944, "stage": 3, "status": "PASS_STAGE", "task": "50c/seed01/NO_COOPERATION"}
[50c] 2/40 seed=1 arm=NO_COOPERATION status=LEGAL_INFEASIBLE cost=INFEASIBLE
{"actual_evaluations": 1200, "elapsed_seconds": 4.8952093750122, "stage": 2, "status": "PASS_STAGE", "task": "50c/seed01/FULL_ROLLING"}
{"actual_evaluations": 1200, "elapsed_seconds": 2.1585207079770043, "stage": 3, "status": "PASS_STAGE", "task": "50c/seed01/FULL_ROLLING"}
[50c] 3/40 seed=1 arm=FULL_ROLLING status=LEGAL_INFEASIBLE cost=INFEASIBLE
[50c] 4/40 seed=2 arm=STATIC_FIXED_RECOURSE status=LEGAL_INFEASIBLE cost=INFEASIBLE
{"actual_evaluations": 1200, "elapsed_seconds": 10.68061304197181, "stage": 1, "status": "PASS_STAGE", "task": "50c/seed01/CARBON_BLIND"}
{"actual_evaluations": 1200, "elapsed_seconds": 7.757530833012424, "stage": 1, "status": "PASS_STAGE", "task": "50c/seed02/FULL_ROLLING"}
{"actual_evaluations": 1200, "elapsed_seconds": 4.930405666993465, "stage": 2, "status": "PASS_STAGE", "task": "50c/seed01/CARBON_BLIND"}
{"actual_evaluations": 1200, "elapsed_seconds": 6.112853833998088, "stage": 2, "status": "PASS_STAGE", "task": "50c/seed02/FULL_ROLLING"}
{"actual_evaluations": 1200, "elapsed_seconds": 2.1355031249695458, "stage": 3, "status": "PASS_STAGE", "task": "50c/seed01/CARBON_BLIND"}
[50c] 5/40 seed=1 arm=CARBON_BLIND status=LEGAL_INFEASIBLE cost=INFEASIBLE
[50c] 6/40 seed=2 arm=FULL_ROLLING status=LEGAL_INFEASIBLE cost=INFEASIBLE
{"actual_evaluations": 1200, "elapsed_seconds": 7.734702167042997, "stage": 1, "status": "PASS_STAGE", "task": "50c/seed02/NO_COOPERATION"}
{"actual_evaluations": 1200, "elapsed_seconds": 7.745200625038706, "stage": 1, "status": "PASS_STAGE", "task": "50c/seed02/CARBON_BLIND"}
{"actual_evaluations": 1200, "elapsed_seconds": 6.000868208007887, "stage": 2, "status": "PASS_STAGE", "task": "50c/seed02/NO_COOPERATION"}
{"actual_evaluations": 1200, "elapsed_seconds": 6.10243787500076, "stage": 2, "status": "PASS_STAGE", "task": "50c/seed02/CARBON_BLIND"}
[50c] 7/40 seed=2 arm=NO_COOPERATION status=LEGAL_INFEASIBLE cost=INFEASIBLE
[50c] 8/40 seed=2 arm=CARBON_BLIND status=LEGAL_INFEASIBLE cost=INFEASIBLE
[50c] 9/40 seed=3 arm=STATIC_FIXED_RECOURSE status=LEGAL_INFEASIBLE cost=INFEASIBLE
{"actual_evaluations": 1200, "elapsed_seconds": 6.67456295795273, "stage": 1, "status": "PASS_STAGE", "task": "50c/seed03/NO_COOPERATION"}
{"actual_evaluations": 1200, "elapsed_seconds": 8.60807791701518, "stage": 1, "status": "PASS_STAGE", "task": "50c/seed03/FULL_ROLLING"}
{"actual_evaluations": 1200, "elapsed_seconds": 5.423598624998704, "stage": 2, "status": "PASS_STAGE", "task": "50c/seed03/NO_COOPERATION"}
{"actual_evaluations": 1200, "elapsed_seconds": 5.830161334015429, "stage": 2, "status": "PASS_STAGE", "task": "50c/seed03/FULL_ROLLING"}
{"actual_evaluations": 1200, "elapsed_seconds": 2.885069709038362, "stage": 3, "status": "PASS_STAGE", "task": "50c/seed03/NO_COOPERATION"}
[50c] 10/40 seed=3 arm=NO_COOPERATION status=LEGAL_INFEASIBLE cost=INFEASIBLE
{"actual_evaluations": 1200, "elapsed_seconds": 2.0245842920267023, "stage": 3, "status": "PASS_STAGE", "task": "50c/seed03/FULL_ROLLING"}
[50c] 11/40 seed=3 arm=FULL_ROLLING status=LEGAL_INFEASIBLE cost=INFEASIBLE
[50c] 12/40 seed=4 arm=STATIC_FIXED_RECOURSE status=LEGAL_INFEASIBLE cost=INFEASIBLE
{"actual_evaluations": 1200, "elapsed_seconds": 5.9348361670272425, "stage": 1, "status": "PASS_STAGE", "task": "50c/seed04/FULL_ROLLING"}
{"actual_evaluations": 1200, "elapsed_seconds": 8.64902033295948, "stage": 1, "status": "PASS_STAGE", "task": "50c/seed03/CARBON_BLIND"}
{"actual_evaluations": 1200, "elapsed_seconds": 5.928353250026703, "stage": 2, "status": "PASS_STAGE", "task": "50c/seed04/FULL_ROLLING"}
{"actual_evaluations": 1200, "elapsed_seconds": 5.890367250016425, "stage": 2, "status": "PASS_STAGE", "task": "50c/seed03/CARBON_BLIND"}
{"actual_evaluations": 1200, "elapsed_seconds": 2.1937639999669045, "stage": 3, "status": "PASS_STAGE", "task": "50c/seed04/FULL_ROLLING"}
{"actual_evaluations": 1200, "elapsed_seconds": 0.12911708396859467, "stage": 4, "status": "PASS_STAGE", "task": "50c/seed04/FULL_ROLLING"}
[50c] 13/40 seed=4 arm=FULL_ROLLING status=PASS cost=5975.267331
{"actual_evaluations": 1200, "elapsed_seconds": 2.029501250013709, "stage": 3, "status": "PASS_STAGE", "task": "50c/seed03/CARBON_BLIND"}
[50c] 14/40 seed=3 arm=CARBON_BLIND status=LEGAL_INFEASIBLE cost=INFEASIBLE
{"actual_evaluations": 1200, "elapsed_seconds": 5.575381041970104, "stage": 1, "status": "PASS_STAGE", "task": "50c/seed04/NO_COOPERATION"}
{"actual_evaluations": 1200, "elapsed_seconds": 5.969146249990445, "stage": 1, "status": "PASS_STAGE", "task": "50c/seed04/CARBON_BLIND"}
{"actual_evaluations": 1200, "elapsed_seconds": 5.41533279203577, "stage": 2, "status": "PASS_STAGE", "task": "50c/seed04/NO_COOPERATION"}
{"actual_evaluations": 1200, "elapsed_seconds": 5.942843041964807, "stage": 2, "status": "PASS_STAGE", "task": "50c/seed04/CARBON_BLIND"}
{"actual_evaluations": 1200, "elapsed_seconds": 2.4970397500437684, "stage": 3, "status": "PASS_STAGE", "task": "50c/seed04/NO_COOPERATION"}
{"actual_evaluations": 1200, "elapsed_seconds": 0.13045808300375938, "stage": 4, "status": "PASS_STAGE", "task": "50c/seed04/NO_COOPERATION"}
[50c] 15/40 seed=4 arm=NO_COOPERATION status=PASS cost=7217.318972
[50c] 16/40 seed=5 arm=STATIC_FIXED_RECOURSE status=LEGAL_INFEASIBLE cost=INFEASIBLE
{"actual_evaluations": 1200, "elapsed_seconds": 2.2339053329778835, "stage": 3, "status": "PASS_STAGE", "task": "50c/seed04/CARBON_BLIND"}
{"actual_evaluations": 1200, "elapsed_seconds": 0.1330366670154035, "stage": 4, "status": "PASS_STAGE", "task": "50c/seed04/CARBON_BLIND"}
[50c] 17/40 seed=4 arm=CARBON_BLIND status=PASS cost=5975.267331
{"actual_evaluations": 1200, "elapsed_seconds": 6.0840846670325845, "stage": 1, "status": "PASS_STAGE", "task": "50c/seed05/NO_COOPERATION"}
{"actual_evaluations": 1200, "elapsed_seconds": 6.8214137079776265, "stage": 1, "status": "PASS_STAGE", "task": "50c/seed05/FULL_ROLLING"}
{"actual_evaluations": 1200, "elapsed_seconds": 4.997206999978516, "stage": 2, "status": "PASS_STAGE", "task": "50c/seed05/NO_COOPERATION"}
{"actual_evaluations": 1200, "elapsed_seconds": 4.77033345901873, "stage": 2, "status": "PASS_STAGE", "task": "50c/seed05/FULL_ROLLING"}
[50c] 18/40 seed=5 arm=NO_COOPERATION status=LEGAL_INFEASIBLE cost=INFEASIBLE
[50c] 19/40 seed=5 arm=FULL_ROLLING status=LEGAL_INFEASIBLE cost=INFEASIBLE
[50c] 20/40 seed=6 arm=STATIC_FIXED_RECOURSE status=LEGAL_INFEASIBLE cost=INFEASIBLE
{"actual_evaluations": 1200, "elapsed_seconds": 5.808821959013585, "stage": 1, "status": "PASS_STAGE", "task": "50c/seed06/FULL_ROLLING"}
{"actual_evaluations": 1200, "elapsed_seconds": 6.905887791013811, "stage": 1, "status": "PASS_STAGE", "task": "50c/seed05/CARBON_BLIND"}
{"actual_evaluations": 1200, "elapsed_seconds": 5.000101709039882, "stage": 2, "status": "PASS_STAGE", "task": "50c/seed06/FULL_ROLLING"}
{"actual_evaluations": 1200, "elapsed_seconds": 4.8181307499762625, "stage": 2, "status": "PASS_STAGE", "task": "50c/seed05/CARBON_BLIND"}
[50c] 21/40 seed=5 arm=CARBON_BLIND status=LEGAL_INFEASIBLE cost=INFEASIBLE
{"actual_evaluations": 1200, "elapsed_seconds": 2.9442799580283463, "stage": 3, "status": "PASS_STAGE", "task": "50c/seed06/FULL_ROLLING"}
[50c] 22/40 seed=6 arm=FULL_ROLLING status=LEGAL_INFEASIBLE cost=INFEASIBLE
{"actual_evaluations": 1200, "elapsed_seconds": 5.520635958004277, "stage": 1, "status": "PASS_STAGE", "task": "50c/seed06/NO_COOPERATION"}
{"actual_evaluations": 1200, "elapsed_seconds": 5.795813666016329, "stage": 1, "status": "PASS_STAGE", "task": "50c/seed06/CARBON_BLIND"}
{"actual_evaluations": 1200, "elapsed_seconds": 4.78337904100772, "stage": 2, "status": "PASS_STAGE", "task": "50c/seed06/NO_COOPERATION"}
{"actual_evaluations": 1200, "elapsed_seconds": 2.9634933749912307, "stage": 3, "status": "PASS_STAGE", "task": "50c/seed06/NO_COOPERATION"}
{"actual_evaluations": 1200, "elapsed_seconds": 5.032214124978054, "stage": 2, "status": "PASS_STAGE", "task": "50c/seed06/CARBON_BLIND"}
[50c] 23/40 seed=6 arm=NO_COOPERATION status=LEGAL_INFEASIBLE cost=INFEASIBLE
[50c] 24/40 seed=7 arm=STATIC_FIXED_RECOURSE status=LEGAL_INFEASIBLE cost=INFEASIBLE
{"actual_evaluations": 1200, "elapsed_seconds": 2.9601749579887837, "stage": 3, "status": "PASS_STAGE", "task": "50c/seed06/CARBON_BLIND"}
[50c] 25/40 seed=6 arm=CARBON_BLIND status=LEGAL_INFEASIBLE cost=INFEASIBLE
{"actual_evaluations": 1200, "elapsed_seconds": 7.586062207992654, "stage": 1, "status": "PASS_STAGE", "task": "50c/seed07/FULL_ROLLING"}
{"actual_evaluations": 1200, "elapsed_seconds": 7.597344250010792, "stage": 1, "status": "PASS_STAGE", "task": "50c/seed07/NO_COOPERATION"}
{"actual_evaluations": 1200, "elapsed_seconds": 6.465025833051186, "stage": 2, "status": "PASS_STAGE", "task": "50c/seed07/NO_COOPERATION"}
[50c] 26/40 seed=7 arm=NO_COOPERATION status=LEGAL_INFEASIBLE cost=INFEASIBLE
{"actual_evaluations": 1200, "elapsed_seconds": 11.444704332971014, "stage": 2, "status": "PASS_STAGE", "task": "50c/seed07/FULL_ROLLING"}
[50c] 27/40 seed=7 arm=FULL_ROLLING status=LEGAL_INFEASIBLE cost=INFEASIBLE
[50c] 28/40 seed=8 arm=STATIC_FIXED_RECOURSE status=LEGAL_INFEASIBLE cost=INFEASIBLE
{"actual_evaluations": 1200, "elapsed_seconds": 7.5967537080287, "stage": 1, "status": "PASS_STAGE", "task": "50c/seed07/CARBON_BLIND"}
{"actual_evaluations": 1200, "elapsed_seconds": 7.075849874992855, "stage": 1, "status": "PASS_STAGE", "task": "50c/seed08/FULL_ROLLING"}
{"actual_evaluations": 1200, "elapsed_seconds": 7.277632209006697, "stage": 2, "status": "PASS_STAGE", "task": "50c/seed08/FULL_ROLLING"}
{"actual_evaluations": 1200, "elapsed_seconds": 11.409719249990303, "stage": 2, "status": "PASS_STAGE", "task": "50c/seed07/CARBON_BLIND"}
[50c] 29/40 seed=7 arm=CARBON_BLIND status=LEGAL_INFEASIBLE cost=INFEASIBLE
{"actual_evaluations": 1200, "elapsed_seconds": 3.1177539590280503, "stage": 3, "status": "PASS_STAGE", "task": "50c/seed08/FULL_ROLLING"}
[50c] 30/40 seed=8 arm=FULL_ROLLING status=LEGAL_INFEASIBLE cost=INFEASIBLE
{"actual_evaluations": 1200, "elapsed_seconds": 5.911575458012521, "stage": 1, "status": "PASS_STAGE", "task": "50c/seed08/NO_COOPERATION"}
{"actual_evaluations": 1200, "elapsed_seconds": 7.008222833974287, "stage": 1, "status": "PASS_STAGE", "task": "50c/seed08/CARBON_BLIND"}
{"actual_evaluations": 1200, "elapsed_seconds": 5.907248541014269, "stage": 2, "status": "PASS_STAGE", "task": "50c/seed08/NO_COOPERATION"}
{"actual_evaluations": 1200, "elapsed_seconds": 3.057105167012196, "stage": 3, "status": "PASS_STAGE", "task": "50c/seed08/NO_COOPERATION"}
{"actual_evaluations": 1200, "elapsed_seconds": 7.250139374984428, "stage": 2, "status": "PASS_STAGE", "task": "50c/seed08/CARBON_BLIND"}
[50c] 31/40 seed=8 arm=NO_COOPERATION status=LEGAL_INFEASIBLE cost=INFEASIBLE
[50c] 32/40 seed=9 arm=STATIC_FIXED_RECOURSE status=LEGAL_INFEASIBLE cost=INFEASIBLE
{"actual_evaluations": 1200, "elapsed_seconds": 3.1067207920132205, "stage": 3, "status": "PASS_STAGE", "task": "50c/seed08/CARBON_BLIND"}
[50c] 33/40 seed=8 arm=CARBON_BLIND status=LEGAL_INFEASIBLE cost=INFEASIBLE
{"actual_evaluations": 1200, "elapsed_seconds": 5.509074833011255, "stage": 1, "status": "PASS_STAGE", "task": "50c/seed09/FULL_ROLLING"}
{"actual_evaluations": 1200, "elapsed_seconds": 5.481076665979344, "stage": 1, "status": "PASS_STAGE", "task": "50c/seed09/NO_COOPERATION"}
{"actual_evaluations": 1200, "elapsed_seconds": 6.131180875003338, "stage": 2, "status": "PASS_STAGE", "task": "50c/seed09/FULL_ROLLING"}
{"actual_evaluations": 1200, "elapsed_seconds": 5.568852665950544, "stage": 2, "status": "PASS_STAGE", "task": "50c/seed09/NO_COOPERATION"}
{"actual_evaluations": 1200, "elapsed_seconds": 2.26910749997478, "stage": 3, "status": "PASS_STAGE", "task": "50c/seed09/FULL_ROLLING"}
{"actual_evaluations": 1200, "elapsed_seconds": 0.12982262496370822, "stage": 4, "status": "PASS_STAGE", "task": "50c/seed09/FULL_ROLLING"}
[50c] 34/40 seed=9 arm=FULL_ROLLING status=PASS cost=5462.484680
{"actual_evaluations": 1200, "elapsed_seconds": 2.1997153750271536, "stage": 3, "status": "PASS_STAGE", "task": "50c/seed09/NO_COOPERATION"}
{"actual_evaluations": 1200, "elapsed_seconds": 0.1315115830511786, "stage": 4, "status": "PASS_STAGE", "task": "50c/seed09/NO_COOPERATION"}
[50c] 35/40 seed=9 arm=NO_COOPERATION status=PASS cost=5462.484680
[50c] 36/40 seed=10 arm=STATIC_FIXED_RECOURSE status=LEGAL_INFEASIBLE cost=INFEASIBLE
{"actual_evaluations": 1200, "elapsed_seconds": 5.541617332957685, "stage": 1, "status": "PASS_STAGE", "task": "50c/seed09/CARBON_BLIND"}
{"actual_evaluations": 1200, "elapsed_seconds": 7.7304632919840515, "stage": 1, "status": "PASS_STAGE", "task": "50c/seed10/FULL_ROLLING"}
{"actual_evaluations": 1200, "elapsed_seconds": 6.18477479199646, "stage": 2, "status": "PASS_STAGE", "task": "50c/seed09/CARBON_BLIND"}
{"actual_evaluations": 1200, "elapsed_seconds": 2.293326291954145, "stage": 3, "status": "PASS_STAGE", "task": "50c/seed09/CARBON_BLIND"}
{"actual_evaluations": 1200, "elapsed_seconds": 0.13068708300124854, "stage": 4, "status": "PASS_STAGE", "task": "50c/seed09/CARBON_BLIND"}
[50c] 37/40 seed=9 arm=CARBON_BLIND status=PASS cost=5462.484680
{"actual_evaluations": 1200, "elapsed_seconds": 4.724641415989026, "stage": 2, "status": "PASS_STAGE", "task": "50c/seed10/FULL_ROLLING"}
[50c] 38/40 seed=10 arm=FULL_ROLLING status=LEGAL_INFEASIBLE cost=INFEASIBLE
{"actual_evaluations": 1200, "elapsed_seconds": 6.243782000034116, "stage": 1, "status": "PASS_STAGE", "task": "50c/seed10/NO_COOPERATION"}
{"actual_evaluations": 1200, "elapsed_seconds": 7.761603000049945, "stage": 1, "status": "PASS_STAGE", "task": "50c/seed10/CARBON_BLIND"}
{"actual_evaluations": 1200, "elapsed_seconds": 4.461464416992385, "stage": 2, "status": "PASS_STAGE", "task": "50c/seed10/NO_COOPERATION"}
[50c] 39/40 seed=10 arm=NO_COOPERATION status=LEGAL_INFEASIBLE cost=INFEASIBLE
{"actual_evaluations": 1200, "elapsed_seconds": 4.662011249980424, "stage": 2, "status": "PASS_STAGE", "task": "50c/seed10/CARBON_BLIND"}
[50c] 40/40 seed=10 arm=CARBON_BLIND status=LEGAL_INFEASIBLE cost=INFEASIBLE
{
  "schema": "resetp.china81.e7.scale-complete.v3",
  "task_id": "E7-DYNAMIC-V3-20260731",
  "status": "COMPLETE_50c",
  "created_at_utc": "2026-07-30T04:06:21.101523+00:00",
  "scale": "50c",
  "instance_id": "cn-prd-50c-01-V2-LOCATIONS",
  "task_count": 40,
  "feasible_task_count": 6,
  "legal_infeasible_task_count": 34,
  "per_search_pass_cap": 600,
  "per_stage_total_cap": 1200,
  "protected_hashes": {
    "solver/src/setp_solver/cost.py": "2717b4b4de39bb4c2a9a1bda602f4420cb3e3b1e87faa83678dfa64f88fc80be",
    "solver/src/setp_solver/check.py": "9c81e254e05591667c8225965bb9d0ba4e8bbfc53eb0f8c61ffdb4325a1403a8",
    "solver/src/setp_solver/search/evaluation.py": "c7215263c39d1d5a1429b41ca8ac40d950dbdf2bdc288337e56fbe9733406fc3",
    "solver/src/setp_solver/profit.py": "216c4f16f2e26f1c2840fa272adbf1e3ccb056c3de9403dd15b71fa5edfef1dc",
    "baselines/algorithm_prototypes/china81_mechanism_hybrid_20260720/route_pool_sp.py": "976ef21d4952b3c488300de9a8d3e351411305d26f1e2601ca17c15185d462c1",
    "baselines/algorithm_prototypes/china81_mechanism_hybrid_20260720/epochal_hgs.py": "655fa347b52a3e8ac20c5da6213c84b09ac90f96c1513ca95554753aad3f8a91"
  },
  "marker_sha256": "bb6064b14089ff069905dbebc2965a670d8dc6a4bc02a3eb30928dbb74b28bbb"
}
