PREPARED task=E5-NONLINEAR-CHARGING-V2-20260730 probe_budget=1500 old_sealed_files=201
PREFLIGHT_PASS phase=probe python=3.13.9 pyvrp=0.12.2 workers=2 budget=1500
concurrent.futures.process._RemoteTraceback: 
"""
Traceback (most recent call last):
  File "/opt/anaconda3/lib/python3.13/concurrent/futures/process.py", line 254, in _process_worker
    r = call_item.fn(*call_item.args, **call_item.kwargs)
  File "/Volumes/移动硬盘（512G）/ReSETP/baselines/china_e3_e7/run_e5_nonlinear_v2_20260730.py", line 472, in run_search_unit
    raise RuntimeError(
        f"HALT_E5_V2_NONEXACT_BUDGET:{stem}:{attempts}:{expected}:{budget}"
    )
RuntimeError: HALT_E5_V2_NONEXACT_BUDGET:cn-prd-50c-01-V2-LOCATIONS__seed-01__L100_control:331:1500:1500
"""

The above exception was the direct cause of the following exception:

Traceback (most recent call last):
  File "/Volumes/移动硬盘（512G）/ReSETP/baselines/china_e3_e7/run_e5_nonlinear_v2_20260730.py", line 1595, in <module>
    raise SystemExit(main())
                     ~~~~^^
  File "/Volumes/移动硬盘（512G）/ReSETP/baselines/china_e3_e7/run_e5_nonlinear_v2_20260730.py", line 1582, in main
    run_probe(args.complete_eval_budget, args.workers)
    ~~~~~~~~~^^^^^^^^^^^^^^^^^^^^^^^^^^^^^^^^^^^^^^^^^
  File "/Volumes/移动硬盘（512G）/ReSETP/baselines/china_e3_e7/run_e5_nonlinear_v2_20260730.py", line 805, in run_probe
    rows = run_parallel(
        probe_specs(),
    ...<3 lines>...
        workers=workers,
    )
  File "/Volumes/移动硬盘（512G）/ReSETP/baselines/china_e3_e7/run_e5_nonlinear_v2_20260730.py", line 586, in run_parallel
    row = future.result()
  File "/opt/anaconda3/lib/python3.13/concurrent/futures/_base.py", line 449, in result
    return self.__get_result()
           ~~~~~~~~~~~~~~~~~^^
  File "/opt/anaconda3/lib/python3.13/concurrent/futures/_base.py", line 401, in __get_result
    raise self._exception
RuntimeError: HALT_E5_V2_NONEXACT_BUDGET:cn-prd-50c-01-V2-LOCATIONS__seed-01__L100_control:331:1500:1500
