2026-07-03 10:54:09	Track22-R run start
2026-07-03 10:54:10	Stage2 equal-steps run operator_select bundle=models/data_bundle/generated_instances/E-UK25_11__curric_d2_s3_seed2211_24h seed=1201 steps=2000
2026-07-03 10:55:42	Stage2 equal-steps run worst_removal_fixed bundle=models/data_bundle/generated_instances/E-UK25_11__curric_d2_s3_seed2211_24h seed=1201 steps=2000
2026-07-03 10:57:07	Stage2 equal-steps run best_of_k_destroy bundle=models/data_bundle/generated_instances/E-UK25_11__curric_d2_s3_seed2211_24h seed=1201 steps=2000
2026-07-03 11:01:24	HALT HALT_WORKER_RESPONSE: EvalBudget target reached: 12010 >= 12010
2026-07-03 11:03:23	Track22-R run start
2026-07-03 11:03:23	Stage2 equal-steps run best_of_k_destroy bundle=models/data_bundle/generated_instances/E-UK25_11__curric_d2_s3_seed2211_24h seed=1201 steps=2000
2026-07-03 11:09:04	Stage2 equal-steps run operator_select bundle=models/data_bundle/generated_instances/E-UK25_11__curric_d2_s3_seed2211_24h seed=1202 steps=2000
2026-07-03 11:09:50	Stage2 equal-steps run worst_removal_fixed bundle=models/data_bundle/generated_instances/E-UK25_11__curric_d2_s3_seed2211_24h seed=1202 steps=2000
2026-07-03 11:11:04	Stage2 equal-steps run best_of_k_destroy bundle=models/data_bundle/generated_instances/E-UK25_11__curric_d2_s3_seed2211_24h seed=1202 steps=2000
2026-07-03 11:12:39	Track22-R run start
2026-07-03 11:12:40	Stage2 equal-steps run operator_select bundle=models/data_bundle/generated_instances/E-UK25_11__curric_d2_s3_seed2211_24h seed=1201 steps=3000
2026-07-03 11:14:53	Stage2 equal-steps run worst_removal_fixed bundle=models/data_bundle/generated_instances/E-UK25_11__curric_d2_s3_seed2211_24h seed=1201 steps=3000
2026-07-03 11:17:02	Stage2 equal-steps run best_of_k_destroy bundle=models/data_bundle/generated_instances/E-UK25_11__curric_d2_s3_seed2211_24h seed=1201 steps=3000
2026-07-03 11:25:31	Stage2 equal-steps run operator_select bundle=models/data_bundle/generated_instances/E-UK25_11__curric_d2_s3_seed2211_24h seed=1202 steps=3000
2026-07-03 11:26:30	Stage2 equal-steps run worst_removal_fixed bundle=models/data_bundle/generated_instances/E-UK25_11__curric_d2_s3_seed2211_24h seed=1202 steps=3000
2026-07-03 11:27:51	Stage2 equal-steps run best_of_k_destroy bundle=models/data_bundle/generated_instances/E-UK25_11__curric_d2_s3_seed2211_24h seed=1202 steps=3000
2026-07-03 11:30:45	Track22-R run start
2026-07-03 11:30:45	Stage2 equal-steps run operator_select bundle=models/data_bundle/generated_instances/E-UK25_11__curric_d2_s3_seed2211_24h seed=1201 steps=4000
2026-07-03 11:33:40	Stage2 equal-steps run worst_removal_fixed bundle=models/data_bundle/generated_instances/E-UK25_11__curric_d2_s3_seed2211_24h seed=1201 steps=4000
2026-07-03 11:36:32	Stage2 equal-steps run best_of_k_destroy bundle=models/data_bundle/generated_instances/E-UK25_11__curric_d2_s3_seed2211_24h seed=1201 steps=4000
2026-07-03 11:47:55	Stage2 equal-steps run operator_select bundle=models/data_bundle/generated_instances/E-UK25_11__curric_d2_s3_seed2211_24h seed=1202 steps=4000
2026-07-03 11:49:05	Stage2 equal-steps run worst_removal_fixed bundle=models/data_bundle/generated_instances/E-UK25_11__curric_d2_s3_seed2211_24h seed=1202 steps=4000
2026-07-03 11:50:34	Stage2 equal-steps run best_of_k_destroy bundle=models/data_bundle/generated_instances/E-UK25_11__curric_d2_s3_seed2211_24h seed=1202 steps=4000
2026-07-03 12:02:13	Stage2 equal-steps run operator_select bundle=models/data_bundle/generated_instances/E-UK25_11__curric_d2_s3_seed2211_24h seed=1203 steps=4000
2026-07-03 12:05:11	Stage2 equal-steps run worst_removal_fixed bundle=models/data_bundle/generated_instances/E-UK25_11__curric_d2_s3_seed2211_24h seed=1203 steps=4000
2026-07-03 12:08:23	Stage2 equal-steps run best_of_k_destroy bundle=models/data_bundle/generated_instances/E-UK25_11__curric_d2_s3_seed2211_24h seed=1203 steps=4000
2026-07-03 12:19:53	Stage2 equal-steps run operator_select bundle=models/data_bundle/generated_instances/E-UK25_12__curric_d2_s3_seed2212_24h seed=1201 steps=4000
2026-07-03 12:20:44	Stage2 equal-steps run worst_removal_fixed bundle=models/data_bundle/generated_instances/E-UK25_12__curric_d2_s3_seed2212_24h seed=1201 steps=4000
