{
  "verdict": "PREFLIGHT_COMPLETE",
  "phase0_ok": true,
  "rows": 92,
  "expected_rows": 92,
  "paired_rows": 46,
  "collection_failure_count": 0,
  "plain": "测试数据收齐，可以比较同等时间、降预算和100kWh对车队构成的影响。",
  "scenario_summary": [
    {
      "scenario": "wc100",
      "comparison_mode": "wallclock",
      "battery_kwh": 100.0,
      "pairs": 23,
      "paired_winner_counts": "{\"alns\": 2, \"lns\": 1, \"tie\": 20}",
      "mean_gap_pct_alns_minus_lns": 0.5926243865910267,
      "mean_winner_ev_route_share_75_200": 0.05734336969969154,
      "collection_failures": 0
    },
    {
      "scenario": "wc80",
      "comparison_mode": "wallclock",
      "battery_kwh": 80.0,
      "pairs": 23,
      "paired_winner_counts": "{\"alns\": 2, \"lns\": 1, \"tie\": 20}",
      "mean_gap_pct_alns_minus_lns": -2.042389700913862,
      "mean_winner_ev_route_share_75_200": 0.05734336969969154,
      "collection_failures": 0
    }
  ],
  "failure_sample": []
}
