Traceback (most recent call last):
  File "/Volumes/移动硬盘（512G）/ReSETP/baselines/china_e3_e7/e7_dynamic_20260731/run_e7_dynamic.py", line 1857, in <module>
    raise SystemExit(main())
                     ~~~~^^
  File "/Volumes/移动硬盘（512G）/ReSETP/baselines/china_e3_e7/e7_dynamic_20260731/run_e7_dynamic.py", line 1831, in main
    print(json.dumps(run_probe(), ensure_ascii=False, indent=2))
                     ~~~~~~~~~^^
  File "/Volumes/移动硬盘（512G）/ReSETP/baselines/china_e3_e7/e7_dynamic_20260731/run_e7_dynamic.py", line 1206, in run_probe
    result = run_task(
        "50c",
    ...<4 lines>...
        trace_mode=True,
    )
  File "/Volumes/移动硬盘（512G）/ReSETP/baselines/china_e3_e7/e7_dynamic_20260731/run_e7_dynamic.py", line 974, in run_task
    sources, profiles = current_sources(f"seed{seed}", scale)
                        ~~~~~~~~~~~~~~~^^^^^^^^^^^^^^^^^^^^^^
  File "/Volumes/移动硬盘（512G）/ReSETP/baselines/china_e3_e7/e7_dynamic_20260731/run_e7_dynamic.py", line 443, in current_sources
    "instance_path": Path(bundle.source_paths["instance_json"]),
                          ~~~~~~~~~~~~~~~~~~~^^^^^^^^^^^^^^^^^
KeyError: 'instance_json'
