concurrent.futures.process._RemoteTraceback: 
"""
Traceback (most recent call last):
  File "/opt/anaconda3/lib/python3.13/multiprocessing/queues.py", line 262, in _feed
    obj = _ForkingPickler.dumps(obj)
  File "/opt/anaconda3/lib/python3.13/multiprocessing/reduction.py", line 51, in dumps
    cls(buf, protocol).dump(obj)
    ~~~~~~~~~~~~~~~~~~~~~~~^^^^^
_pickle.PicklingError: Can't pickle <function worker at 0x1073b93a0>: import of module 'resetp_e7_dynamic_preregistered_runner' failed
"""

The above exception was the direct cause of the following exception:

Traceback (most recent call last):
  File "/Volumes/移动硬盘（512G）/ReSETP/baselines/china_e3_e7/e7_dynamic_v3_20260731/run_e7_dynamic.py", line 2170, in <module>
    raise SystemExit(main())
                     ~~~~^^
  File "/Volumes/移动硬盘（512G）/ReSETP/baselines/china_e3_e7/e7_dynamic_v3_20260731/run_e7_dynamic.py", line 2158, in main
    output = run_formal(args.scale, args.workers)
  File "/Volumes/移动硬盘（512G）/ReSETP/baselines/china_e3_e7/e7_dynamic_v3_20260731/run_e7_dynamic.py", line 1559, in run_formal
    return LEGACY.run_formal(scale, workers)
           ~~~~~~~~~~~~~~~~~^^^^^^^^^^^^^^^^
  File "/Volumes/移动硬盘（512G）/ReSETP/baselines/china_e3_e7/e7_dynamic_20260731/run_e7_dynamic.py", line 1318, in run_formal
    result = future.result()
  File "/opt/anaconda3/lib/python3.13/concurrent/futures/_base.py", line 449, in result
    return self.__get_result()
           ~~~~~~~~~~~~~~~~~^^
  File "/opt/anaconda3/lib/python3.13/concurrent/futures/_base.py", line 401, in __get_result
    raise self._exception
  File "/opt/anaconda3/lib/python3.13/multiprocessing/queues.py", line 262, in _feed
    obj = _ForkingPickler.dumps(obj)
  File "/opt/anaconda3/lib/python3.13/multiprocessing/reduction.py", line 51, in dumps
    cls(buf, protocol).dump(obj)
    ~~~~~~~~~~~~~~~~~~~~~~~^^^^^
_pickle.PicklingError: Can't pickle <function worker at 0x1073b93a0>: import of module 'resetp_e7_dynamic_preregistered_runner' failed
