{"rows": 6, "failures": ["cn-cy-25c-02-V2-LOCATIONS__RESOURCE-SLOT: KeyError: 'k'", "cn-cy-25c-02-V2-LOCATIONS__LOCAL: KeyError: 'k'", "cn-jjj-75c-01-V2-LOCATIONS__LOCAL: KeyError: 'k'", "cn-jjj-75c-01-V2-LOCATIONS__RESOURCE-SLOT: KeyError: 'k'", "cn-jjj-150c-02-V2-LOCATIONS__RESOURCE-SLOT: KeyError: 'k'", "cn-jjj-150c-02-V2-LOCATIONS__LOCAL: KeyError: 'k'"]}
Traceback (most recent call last):
  File "/Volumes/移动硬盘（512G）/ReSETP/baselines/algorithm_prototypes/resource_slot_pricing_20260725/run_release_chain_v3.py", line 29, in <module>
    raise SystemExit(main())
                     ~~~~^^
  File "/Volumes/移动硬盘（512G）/ReSETP/baselines/algorithm_prototypes/resource_slot_pricing_20260725/run_release_chain_v3.py", line 15, in main
    subprocess.run(
    ~~~~~~~~~~~~~~^
        [sys.executable, str(PACKAGE / "run_g0_v3.py")],
        ^^^^^^^^^^^^^^^^^^^^^^^^^^^^^^^^^^^^^^^^^^^^^^^^
        cwd=PACKAGE,
        ^^^^^^^^^^^^
        check=True,
        ^^^^^^^^^^^
    )
    ^
  File "/opt/anaconda3/lib/python3.13/subprocess.py", line 577, in run
    raise CalledProcessError(retcode, process.args,
                             output=stdout, stderr=stderr)
subprocess.CalledProcessError: Command '['/Volumes/移动硬盘（512G）/ReSETP/build/python_envs/pyvrp-hgs-0.12.2/bin/python', '/Volumes/移动硬盘（512G）/ReSETP/baselines/algorithm_prototypes/resource_slot_pricing_20260725/run_g0_v3.py']' returned non-zero exit status 2.
