2026-07-05 17:02:48	Stage 0 start
2026-07-05 17:02:48	Stage 0 status=EVIDENCE_INDEX_COMPLETE
2026-07-05 17:02:48	Stage 1 start
2026-07-05 17:02:48	Stage 1 status=HEADROOM_MATRIX_COMPLETE
2026-07-05 17:02:48	Stage 2 start
2026-07-05 17:02:48	Stage 2 status=TRACE_LIMITED_EXISTING_PAYLOAD
2026-07-05 17:02:48	Stage 3 start
2026-07-05 17:02:48	Stage3 oracle bundle=E-UK25_02__curric_d2_s3_seed2_24h seed=901 action=capacity_reserve_low
2026-07-05 17:03:32	Stage3 oracle bundle=E-UK25_02__curric_d2_s3_seed2_24h seed=901 action=capacity_reserve_medium
2026-07-05 17:04:30	Stage3 oracle bundle=E-UK25_02__curric_d2_s3_seed2_24h seed=901 action=capacity_reserve_high
2026-07-05 17:05:10	Stage3 oracle bundle=E-UK25_02__curric_d2_s3_seed2_24h seed=901 action=commit_threshold_conservative
2026-07-05 17:05:33	Stage3 oracle bundle=E-UK25_02__curric_d2_s3_seed2_24h seed=901 action=commit_threshold_normal
2026-07-05 17:06:16	Stage3 oracle bundle=E-UK25_02__curric_d2_s3_seed2_24h seed=901 action=commit_threshold_aggressive
2026-07-05 17:06:57	Stage3 oracle bundle=E-UK25_02__curric_d2_s3_seed2_24h seed=901 action=future_cluster_reserve_low
2026-07-05 17:08:27	Stage3 oracle bundle=E-UK25_02__curric_d2_s3_seed2_24h seed=901 action=future_cluster_reserve_medium
2026-07-05 17:10:17	Stage3 oracle bundle=E-UK25_02__curric_d2_s3_seed2_24h seed=901 action=future_cluster_reserve_high
2026-07-05 17:11:49	Stage3 oracle bundle=E-UK25_02__curric_d2_s3_seed2_24h seed=901 action=ev_charging_slack_reserve_low
2026-07-05 17:12:43	Stage3 oracle bundle=E-UK25_02__curric_d2_s3_seed2_24h seed=901 action=ev_charging_slack_reserve_medium
2026-07-05 17:13:36	Stage3 oracle bundle=E-UK25_02__curric_d2_s3_seed2_24h seed=901 action=ev_charging_slack_reserve_high
2026-07-05 17:14:49	Stage3 oracle bundle=E-UK25_02__curric_d2_s3_seed2_24h seed=901 action=stage_budget_event_density
2026-07-05 17:16:33	Stage3 oracle bundle=E-UK25_02__curric_d2_s3_seed2_24h seed=902 action=capacity_reserve_low
2026-07-05 17:17:20	Stage3 oracle bundle=E-UK25_02__curric_d2_s3_seed2_24h seed=902 action=capacity_reserve_medium
2026-07-05 17:17:58	Stage3 oracle bundle=E-UK25_02__curric_d2_s3_seed2_24h seed=902 action=capacity_reserve_high
2026-07-05 17:18:40	Stage3 oracle bundle=E-UK25_02__curric_d2_s3_seed2_24h seed=902 action=commit_threshold_conservative
2026-07-05 17:19:29	Stage3 oracle bundle=E-UK25_02__curric_d2_s3_seed2_24h seed=902 action=commit_threshold_normal
2026-07-05 17:20:33	Stage3 oracle bundle=E-UK25_02__curric_d2_s3_seed2_24h seed=902 action=commit_threshold_aggressive
2026-07-05 17:21:12	Stage3 oracle bundle=E-UK25_02__curric_d2_s3_seed2_24h seed=902 action=future_cluster_reserve_low
2026-07-05 17:23:53	Stage3 oracle bundle=E-UK25_02__curric_d2_s3_seed2_24h seed=902 action=future_cluster_reserve_medium
2026-07-05 17:26:29	Stage3 oracle bundle=E-UK25_02__curric_d2_s3_seed2_24h seed=902 action=future_cluster_reserve_high
2026-07-05 17:27:55	Stage3 oracle bundle=E-UK25_02__curric_d2_s3_seed2_24h seed=902 action=ev_charging_slack_reserve_low
2026-07-05 17:28:35	Stage3 oracle bundle=E-UK25_02__curric_d2_s3_seed2_24h seed=902 action=ev_charging_slack_reserve_medium
2026-07-05 17:29:25	Stage3 oracle bundle=E-UK25_02__curric_d2_s3_seed2_24h seed=902 action=ev_charging_slack_reserve_high
2026-07-05 17:30:33	Stage3 oracle bundle=E-UK25_02__curric_d2_s3_seed2_24h seed=902 action=stage_budget_event_density
2026-07-05 17:33:02	Stage3 oracle bundle=E-UK25_02__curric_d2_s3_seed2_24h seed=903 action=capacity_reserve_low
2026-07-05 17:35:35	Stage3 oracle bundle=E-UK25_02__curric_d2_s3_seed2_24h seed=903 action=capacity_reserve_medium
2026-07-05 17:36:34	Stage3 oracle bundle=E-UK25_02__curric_d2_s3_seed2_24h seed=903 action=capacity_reserve_high
2026-07-05 17:37:32	Stage3 oracle bundle=E-UK25_02__curric_d2_s3_seed2_24h seed=903 action=commit_threshold_conservative
2026-07-05 17:41:05	Stage3 oracle bundle=E-UK25_02__curric_d2_s3_seed2_24h seed=903 action=commit_threshold_normal
2026-07-05 17:43:33	Stage3 oracle bundle=E-UK25_02__curric_d2_s3_seed2_24h seed=903 action=commit_threshold_aggressive
2026-07-05 17:45:47	Stage3 oracle bundle=E-UK25_02__curric_d2_s3_seed2_24h seed=903 action=future_cluster_reserve_low
2026-07-05 17:47:50	Stage3 oracle bundle=E-UK25_02__curric_d2_s3_seed2_24h seed=903 action=future_cluster_reserve_medium
2026-07-05 17:50:16	Stage3 oracle bundle=E-UK25_02__curric_d2_s3_seed2_24h seed=903 action=future_cluster_reserve_high
2026-07-05 17:52:30	Stage3 oracle bundle=E-UK25_02__curric_d2_s3_seed2_24h seed=903 action=ev_charging_slack_reserve_low
2026-07-05 17:53:19	Stage3 oracle bundle=E-UK25_02__curric_d2_s3_seed2_24h seed=903 action=ev_charging_slack_reserve_medium
2026-07-05 17:54:32	Stage3 oracle bundle=E-UK25_02__curric_d2_s3_seed2_24h seed=903 action=ev_charging_slack_reserve_high
2026-07-05 17:56:10	Stage3 oracle bundle=E-UK25_02__curric_d2_s3_seed2_24h seed=903 action=stage_budget_event_density
2026-07-05 17:58:20	Stage3 oracle bundle=E-UK25_02__curric_d2_s3_seed2_24h seed=904 action=capacity_reserve_low
2026-07-05 18:00:19	Stage3 oracle bundle=E-UK25_02__curric_d2_s3_seed2_24h seed=904 action=capacity_reserve_medium
2026-07-05 18:02:33	Stage3 oracle bundle=E-UK25_02__curric_d2_s3_seed2_24h seed=904 action=capacity_reserve_high
2026-07-05 18:03:21	Stage3 oracle bundle=E-UK25_02__curric_d2_s3_seed2_24h seed=904 action=commit_threshold_conservative
2026-07-05 18:04:58	Stage3 oracle bundle=E-UK25_02__curric_d2_s3_seed2_24h seed=904 action=commit_threshold_normal
2026-07-05 18:07:55	Stage3 oracle bundle=E-UK25_02__curric_d2_s3_seed2_24h seed=904 action=commit_threshold_aggressive
2026-07-05 18:09:36	Stage3 oracle bundle=E-UK25_02__curric_d2_s3_seed2_24h seed=904 action=future_cluster_reserve_low
2026-07-05 18:11:33	Stage3 oracle bundle=E-UK25_02__curric_d2_s3_seed2_24h seed=904 action=future_cluster_reserve_medium
2026-07-05 18:14:43	Stage3 oracle bundle=E-UK25_02__curric_d2_s3_seed2_24h seed=904 action=future_cluster_reserve_high
2026-07-05 18:16:19	Stage3 oracle bundle=E-UK25_02__curric_d2_s3_seed2_24h seed=904 action=ev_charging_slack_reserve_low
2026-07-05 18:18:22	Stage3 oracle bundle=E-UK25_02__curric_d2_s3_seed2_24h seed=904 action=ev_charging_slack_reserve_medium
2026-07-05 18:21:06	Stage3 oracle bundle=E-UK25_02__curric_d2_s3_seed2_24h seed=904 action=ev_charging_slack_reserve_high
2026-07-05 18:22:15	Stage3 oracle bundle=E-UK25_02__curric_d2_s3_seed2_24h seed=904 action=stage_budget_event_density
2026-07-05 18:23:49	Stage3 oracle bundle=E-UK25_02__curric_d2_s3_seed2_24h seed=905 action=capacity_reserve_low
2026-07-05 18:24:46	Stage3 oracle bundle=E-UK25_02__curric_d2_s3_seed2_24h seed=905 action=capacity_reserve_medium
2026-07-05 18:25:34	Stage3 oracle bundle=E-UK25_02__curric_d2_s3_seed2_24h seed=905 action=capacity_reserve_high
2026-07-05 18:26:16	Stage3 oracle bundle=E-UK25_02__curric_d2_s3_seed2_24h seed=905 action=commit_threshold_conservative
2026-07-05 18:27:16	Stage3 oracle bundle=E-UK25_02__curric_d2_s3_seed2_24h seed=905 action=commit_threshold_normal
2026-07-05 18:29:02	Stage3 oracle bundle=E-UK25_02__curric_d2_s3_seed2_24h seed=905 action=commit_threshold_aggressive
2026-07-05 18:30:11	Stage3 oracle bundle=E-UK25_02__curric_d2_s3_seed2_24h seed=905 action=future_cluster_reserve_low
2026-07-05 18:31:35	Stage3 oracle bundle=E-UK25_02__curric_d2_s3_seed2_24h seed=905 action=future_cluster_reserve_medium
2026-07-05 18:33:01	Stage3 oracle bundle=E-UK25_02__curric_d2_s3_seed2_24h seed=905 action=future_cluster_reserve_high
2026-07-05 18:35:23	Stage3 oracle bundle=E-UK25_02__curric_d2_s3_seed2_24h seed=905 action=ev_charging_slack_reserve_low
2026-07-05 18:36:30	Stage3 oracle bundle=E-UK25_02__curric_d2_s3_seed2_24h seed=905 action=ev_charging_slack_reserve_medium
2026-07-05 18:37:26	Stage3 oracle bundle=E-UK25_02__curric_d2_s3_seed2_24h seed=905 action=ev_charging_slack_reserve_high
2026-07-05 18:38:34	Stage3 oracle bundle=E-UK25_02__curric_d2_s3_seed2_24h seed=905 action=stage_budget_event_density
2026-07-05 18:40:12	Stage3 oracle bundle=E-UK25_02__curric_d2_s3_seed2_24h seed=906 action=capacity_reserve_low
2026-07-05 18:41:27	Stage3 oracle bundle=E-UK25_02__curric_d2_s3_seed2_24h seed=906 action=capacity_reserve_medium
2026-07-05 18:42:21	Stage3 oracle bundle=E-UK25_02__curric_d2_s3_seed2_24h seed=906 action=capacity_reserve_high
2026-07-05 18:43:29	Stage3 oracle bundle=E-UK25_02__curric_d2_s3_seed2_24h seed=906 action=commit_threshold_conservative
2026-07-05 18:45:54	Stage3 oracle bundle=E-UK25_02__curric_d2_s3_seed2_24h seed=906 action=commit_threshold_normal
2026-07-05 18:48:07	Stage3 oracle bundle=E-UK25_02__curric_d2_s3_seed2_24h seed=906 action=commit_threshold_aggressive
2026-07-05 18:50:01	Stage3 oracle bundle=E-UK25_02__curric_d2_s3_seed2_24h seed=906 action=future_cluster_reserve_low
2026-07-05 18:52:16	Stage3 oracle bundle=E-UK25_02__curric_d2_s3_seed2_24h seed=906 action=future_cluster_reserve_medium
2026-07-05 18:55:23	Stage3 oracle bundle=E-UK25_02__curric_d2_s3_seed2_24h seed=906 action=future_cluster_reserve_high
2026-07-05 18:57:00	Stage3 oracle bundle=E-UK25_02__curric_d2_s3_seed2_24h seed=906 action=ev_charging_slack_reserve_low
2026-07-05 18:58:04	Stage3 oracle bundle=E-UK25_02__curric_d2_s3_seed2_24h seed=906 action=ev_charging_slack_reserve_medium
2026-07-05 18:59:18	Stage3 oracle bundle=E-UK25_02__curric_d2_s3_seed2_24h seed=906 action=ev_charging_slack_reserve_high
2026-07-05 19:00:38	Stage3 oracle bundle=E-UK25_02__curric_d2_s3_seed2_24h seed=906 action=stage_budget_event_density
2026-07-05 19:02:35	Stage3 oracle bundle=E-UK25_02__curric_d2_s3_seed2_24h seed=907 action=capacity_reserve_low
2026-07-05 19:03:32	Stage3 oracle bundle=E-UK25_02__curric_d2_s3_seed2_24h seed=907 action=capacity_reserve_medium
2026-07-05 19:04:25	Stage3 oracle bundle=E-UK25_02__curric_d2_s3_seed2_24h seed=907 action=capacity_reserve_high
2026-07-05 19:05:28	Stage3 oracle bundle=E-UK25_02__curric_d2_s3_seed2_24h seed=907 action=commit_threshold_conservative
2026-07-05 19:06:57	Stage3 oracle bundle=E-UK25_02__curric_d2_s3_seed2_24h seed=907 action=commit_threshold_normal
2026-07-05 19:08:29	Stage3 oracle bundle=E-UK25_02__curric_d2_s3_seed2_24h seed=907 action=commit_threshold_aggressive
2026-07-05 19:09:29	Stage3 oracle bundle=E-UK25_02__curric_d2_s3_seed2_24h seed=907 action=future_cluster_reserve_low
2026-07-05 19:10:48	Stage3 oracle bundle=E-UK25_02__curric_d2_s3_seed2_24h seed=907 action=future_cluster_reserve_medium
2026-07-05 19:12:21	Stage3 oracle bundle=E-UK25_02__curric_d2_s3_seed2_24h seed=907 action=future_cluster_reserve_high
2026-07-05 19:13:38	Stage3 oracle bundle=E-UK25_02__curric_d2_s3_seed2_24h seed=907 action=ev_charging_slack_reserve_low
2026-07-05 19:14:36	Stage3 oracle bundle=E-UK25_02__curric_d2_s3_seed2_24h seed=907 action=ev_charging_slack_reserve_medium
2026-07-05 19:15:49	Stage3 oracle bundle=E-UK25_02__curric_d2_s3_seed2_24h seed=907 action=ev_charging_slack_reserve_high
2026-07-05 19:16:52	Stage3 oracle bundle=E-UK25_02__curric_d2_s3_seed2_24h seed=907 action=stage_budget_event_density
2026-07-05 19:18:17	Stage3 oracle bundle=E-UK25_02__curric_d2_s3_seed2_24h seed=908 action=capacity_reserve_low
2026-07-05 19:19:31	Stage3 oracle bundle=E-UK25_02__curric_d2_s3_seed2_24h seed=908 action=capacity_reserve_medium
2026-07-05 19:21:02	Stage3 oracle bundle=E-UK25_02__curric_d2_s3_seed2_24h seed=908 action=capacity_reserve_high
2026-07-05 19:22:43	Stage3 oracle bundle=E-UK25_02__curric_d2_s3_seed2_24h seed=908 action=commit_threshold_conservative
2026-07-05 19:23:51	Stage3 oracle bundle=E-UK25_02__curric_d2_s3_seed2_24h seed=908 action=commit_threshold_normal
2026-07-05 19:25:30	Stage3 oracle bundle=E-UK25_02__curric_d2_s3_seed2_24h seed=908 action=commit_threshold_aggressive
2026-07-05 19:26:40	Stage3 oracle bundle=E-UK25_02__curric_d2_s3_seed2_24h seed=908 action=future_cluster_reserve_low
2026-07-05 19:28:02	Stage3 oracle bundle=E-UK25_02__curric_d2_s3_seed2_24h seed=908 action=future_cluster_reserve_medium
2026-07-05 19:29:11	Stage3 oracle bundle=E-UK25_02__curric_d2_s3_seed2_24h seed=908 action=future_cluster_reserve_high
2026-07-05 19:31:00	Stage3 oracle bundle=E-UK25_02__curric_d2_s3_seed2_24h seed=908 action=ev_charging_slack_reserve_low
2026-07-05 19:32:13	Stage3 oracle bundle=E-UK25_02__curric_d2_s3_seed2_24h seed=908 action=ev_charging_slack_reserve_medium
2026-07-05 19:33:37	Stage3 oracle bundle=E-UK25_02__curric_d2_s3_seed2_24h seed=908 action=ev_charging_slack_reserve_high
2026-07-05 19:35:18	Stage3 oracle bundle=E-UK25_02__curric_d2_s3_seed2_24h seed=908 action=stage_budget_event_density
2026-07-05 19:36:52	Stage3 oracle bundle=E-UK25_02__curric_d2_s3_seed2_24h seed=909 action=capacity_reserve_low
2026-07-05 19:38:51	Stage3 oracle bundle=E-UK25_02__curric_d2_s3_seed2_24h seed=909 action=capacity_reserve_medium
2026-07-05 19:40:58	Stage3 oracle bundle=E-UK25_02__curric_d2_s3_seed2_24h seed=909 action=capacity_reserve_high
2026-07-05 19:41:49	Stage3 oracle bundle=E-UK25_02__curric_d2_s3_seed2_24h seed=909 action=commit_threshold_conservative
2026-07-05 19:43:38	Stage3 oracle bundle=E-UK25_02__curric_d2_s3_seed2_24h seed=909 action=commit_threshold_normal
2026-07-05 19:45:42	Stage3 oracle bundle=E-UK25_02__curric_d2_s3_seed2_24h seed=909 action=commit_threshold_aggressive
2026-07-05 19:47:36	Stage3 oracle bundle=E-UK25_02__curric_d2_s3_seed2_24h seed=909 action=future_cluster_reserve_low
2026-07-05 19:49:10	Stage3 oracle bundle=E-UK25_02__curric_d2_s3_seed2_24h seed=909 action=future_cluster_reserve_medium
2026-07-05 19:50:42	Stage3 oracle bundle=E-UK25_02__curric_d2_s3_seed2_24h seed=909 action=future_cluster_reserve_high
2026-07-05 19:52:23	Stage3 oracle bundle=E-UK25_02__curric_d2_s3_seed2_24h seed=909 action=ev_charging_slack_reserve_low
2026-07-05 19:54:46	Stage3 oracle bundle=E-UK25_02__curric_d2_s3_seed2_24h seed=909 action=ev_charging_slack_reserve_medium
2026-07-05 19:57:04	Stage3 oracle bundle=E-UK25_02__curric_d2_s3_seed2_24h seed=909 action=ev_charging_slack_reserve_high
2026-07-05 19:58:29	Stage3 oracle bundle=E-UK25_02__curric_d2_s3_seed2_24h seed=909 action=stage_budget_event_density
2026-07-05 20:00:15	Stage3 oracle bundle=E-UK25_02__curric_d2_s3_seed2_24h seed=910 action=capacity_reserve_low
2026-07-05 20:01:24	Stage3 oracle bundle=E-UK25_02__curric_d2_s3_seed2_24h seed=910 action=capacity_reserve_medium
2026-07-05 20:02:18	Stage3 oracle bundle=E-UK25_02__curric_d2_s3_seed2_24h seed=910 action=capacity_reserve_high
2026-07-05 20:03:24	Stage3 oracle bundle=E-UK25_02__curric_d2_s3_seed2_24h seed=910 action=commit_threshold_conservative
2026-07-05 20:04:23	Stage3 oracle bundle=E-UK25_02__curric_d2_s3_seed2_24h seed=910 action=commit_threshold_normal
2026-07-05 20:05:20	Stage3 oracle bundle=E-UK25_02__curric_d2_s3_seed2_24h seed=910 action=commit_threshold_aggressive
2026-07-05 20:06:41	Stage3 oracle bundle=E-UK25_02__curric_d2_s3_seed2_24h seed=910 action=future_cluster_reserve_low
2026-07-05 20:09:27	Stage3 oracle bundle=E-UK25_02__curric_d2_s3_seed2_24h seed=910 action=future_cluster_reserve_medium
2026-07-05 20:10:51	Stage3 oracle bundle=E-UK25_02__curric_d2_s3_seed2_24h seed=910 action=future_cluster_reserve_high
2026-07-05 20:12:35	Stage3 oracle bundle=E-UK25_02__curric_d2_s3_seed2_24h seed=910 action=ev_charging_slack_reserve_low
2026-07-05 20:14:24	Stage3 oracle bundle=E-UK25_02__curric_d2_s3_seed2_24h seed=910 action=ev_charging_slack_reserve_medium
2026-07-05 20:15:15	Stage3 oracle bundle=E-UK25_02__curric_d2_s3_seed2_24h seed=910 action=ev_charging_slack_reserve_high
2026-07-05 20:16:25	Stage3 oracle bundle=E-UK25_02__curric_d2_s3_seed2_24h seed=910 action=stage_budget_event_density
2026-07-05 20:17:58	Stage3 oracle bundle=E-UK50_01__curric_d2_s3_seed1_24h seed=901 action=capacity_reserve_low
2026-07-05 20:20:04	Stage3 oracle bundle=E-UK50_01__curric_d2_s3_seed1_24h seed=901 action=capacity_reserve_medium
2026-07-05 20:22:07	Stage3 oracle bundle=E-UK50_01__curric_d2_s3_seed1_24h seed=901 action=capacity_reserve_high
2026-07-05 20:24:35	Stage3 oracle bundle=E-UK50_01__curric_d2_s3_seed1_24h seed=901 action=commit_threshold_conservative
2026-07-05 20:29:56	Stage3 oracle bundle=E-UK50_01__curric_d2_s3_seed1_24h seed=901 action=commit_threshold_normal
2026-07-05 20:35:01	Stage3 oracle bundle=E-UK50_01__curric_d2_s3_seed1_24h seed=901 action=commit_threshold_aggressive
2026-07-05 20:40:04	Stage3 oracle bundle=E-UK50_01__curric_d2_s3_seed1_24h seed=901 action=future_cluster_reserve_low
2026-07-05 20:45:08	Stage3 oracle bundle=E-UK50_01__curric_d2_s3_seed1_24h seed=901 action=future_cluster_reserve_medium
2026-07-05 20:50:16	Stage3 oracle bundle=E-UK50_01__curric_d2_s3_seed1_24h seed=901 action=future_cluster_reserve_high
2026-07-05 20:55:08	Stage3 oracle bundle=E-UK50_01__curric_d2_s3_seed1_24h seed=901 action=ev_charging_slack_reserve_low
2026-07-05 20:57:14	Stage3 oracle bundle=E-UK50_01__curric_d2_s3_seed1_24h seed=901 action=ev_charging_slack_reserve_medium
2026-07-05 20:59:21	Stage3 oracle bundle=E-UK50_01__curric_d2_s3_seed1_24h seed=901 action=ev_charging_slack_reserve_high
2026-07-05 21:01:44	Stage3 oracle bundle=E-UK50_01__curric_d2_s3_seed1_24h seed=901 action=stage_budget_event_density
2026-07-05 21:06:23	Stage3 oracle bundle=E-UK50_01__curric_d2_s3_seed1_24h seed=902 action=capacity_reserve_low
2026-07-05 21:10:53	Stage3 oracle bundle=E-UK50_01__curric_d2_s3_seed1_24h seed=902 action=capacity_reserve_medium
2026-07-05 21:15:38	Stage3 oracle bundle=E-UK50_01__curric_d2_s3_seed1_24h seed=902 action=capacity_reserve_high
2026-07-05 21:17:42	Stage3 oracle bundle=E-UK50_01__curric_d2_s3_seed1_24h seed=902 action=commit_threshold_conservative
2026-07-05 21:20:49	Stage3 oracle bundle=E-UK50_01__curric_d2_s3_seed1_24h seed=902 action=commit_threshold_normal
2026-07-05 21:24:12	Stage3 oracle bundle=E-UK50_01__curric_d2_s3_seed1_24h seed=902 action=commit_threshold_aggressive
2026-07-05 21:26:51	Stage3 oracle bundle=E-UK50_01__curric_d2_s3_seed1_24h seed=902 action=future_cluster_reserve_low
2026-07-05 21:31:30	Stage3 oracle bundle=E-UK50_01__curric_d2_s3_seed1_24h seed=902 action=future_cluster_reserve_medium
2026-07-05 21:36:49	Stage3 oracle bundle=E-UK50_01__curric_d2_s3_seed1_24h seed=902 action=future_cluster_reserve_high
2026-07-05 21:41:45	Stage3 oracle bundle=E-UK50_01__curric_d2_s3_seed1_24h seed=902 action=ev_charging_slack_reserve_low
2026-07-05 21:46:45	Stage3 oracle bundle=E-UK50_01__curric_d2_s3_seed1_24h seed=902 action=ev_charging_slack_reserve_medium
2026-07-05 21:51:48	Stage3 oracle bundle=E-UK50_01__curric_d2_s3_seed1_24h seed=902 action=ev_charging_slack_reserve_high
2026-07-05 21:54:55	Stage3 oracle bundle=E-UK50_01__curric_d2_s3_seed1_24h seed=902 action=stage_budget_event_density
2026-07-05 21:59:27	Stage3 oracle bundle=E-UK50_01__curric_d2_s3_seed1_24h seed=903 action=capacity_reserve_low
2026-07-05 22:01:57	Stage3 oracle bundle=E-UK50_01__curric_d2_s3_seed1_24h seed=903 action=capacity_reserve_medium
2026-07-05 22:04:27	Stage3 oracle bundle=E-UK50_01__curric_d2_s3_seed1_24h seed=903 action=capacity_reserve_high
2026-07-05 22:06:16	Stage3 oracle bundle=E-UK50_01__curric_d2_s3_seed1_24h seed=903 action=commit_threshold_conservative
2026-07-05 22:12:11	Stage3 oracle bundle=E-UK50_01__curric_d2_s3_seed1_24h seed=903 action=commit_threshold_normal
2026-07-05 22:17:31	Stage3 oracle bundle=E-UK50_01__curric_d2_s3_seed1_24h seed=903 action=commit_threshold_aggressive
2026-07-05 22:23:15	Stage3 oracle bundle=E-UK50_01__curric_d2_s3_seed1_24h seed=903 action=future_cluster_reserve_low
2026-07-05 22:28:03	Stage3 oracle bundle=E-UK50_01__curric_d2_s3_seed1_24h seed=903 action=future_cluster_reserve_medium
2026-07-05 22:32:33	Stage3 oracle bundle=E-UK50_01__curric_d2_s3_seed1_24h seed=903 action=future_cluster_reserve_high
2026-07-05 22:38:14	Stage3 oracle bundle=E-UK50_01__curric_d2_s3_seed1_24h seed=903 action=ev_charging_slack_reserve_low
2026-07-05 22:40:52	Stage3 oracle bundle=E-UK50_01__curric_d2_s3_seed1_24h seed=903 action=ev_charging_slack_reserve_medium
2026-07-05 22:43:32	Stage3 oracle bundle=E-UK50_01__curric_d2_s3_seed1_24h seed=903 action=ev_charging_slack_reserve_high
2026-07-05 22:45:59	Stage3 oracle bundle=E-UK50_01__curric_d2_s3_seed1_24h seed=903 action=stage_budget_event_density
2026-07-05 22:50:48	Stage3 oracle bundle=E-UK50_01__curric_d2_s3_seed1_24h seed=904 action=capacity_reserve_low
2026-07-05 22:52:39	Stage3 oracle bundle=E-UK50_01__curric_d2_s3_seed1_24h seed=904 action=capacity_reserve_medium
2026-07-05 22:54:57	Stage3 oracle bundle=E-UK50_01__curric_d2_s3_seed1_24h seed=904 action=capacity_reserve_high
2026-07-05 22:56:58	Stage3 oracle bundle=E-UK50_01__curric_d2_s3_seed1_24h seed=904 action=commit_threshold_conservative
2026-07-05 22:59:36	Stage3 oracle bundle=E-UK50_01__curric_d2_s3_seed1_24h seed=904 action=commit_threshold_normal
2026-07-05 23:02:24	Stage3 oracle bundle=E-UK50_01__curric_d2_s3_seed1_24h seed=904 action=commit_threshold_aggressive
2026-07-05 23:04:53	Stage3 oracle bundle=E-UK50_01__curric_d2_s3_seed1_24h seed=904 action=future_cluster_reserve_low
2026-07-05 23:09:33	Stage3 oracle bundle=E-UK50_01__curric_d2_s3_seed1_24h seed=904 action=future_cluster_reserve_medium
2026-07-05 23:14:54	Stage3 oracle bundle=E-UK50_01__curric_d2_s3_seed1_24h seed=904 action=future_cluster_reserve_high
2026-07-05 23:19:23	Stage3 oracle bundle=E-UK50_01__curric_d2_s3_seed1_24h seed=904 action=ev_charging_slack_reserve_low
2026-07-05 23:22:07	Stage3 oracle bundle=E-UK50_01__curric_d2_s3_seed1_24h seed=904 action=ev_charging_slack_reserve_medium
2026-07-05 23:24:28	Stage3 oracle bundle=E-UK50_01__curric_d2_s3_seed1_24h seed=904 action=ev_charging_slack_reserve_high
2026-07-05 23:26:57	Stage3 oracle bundle=E-UK50_01__curric_d2_s3_seed1_24h seed=904 action=stage_budget_event_density
2026-07-05 23:31:27	Stage3 oracle bundle=E-UK50_01__curric_d2_s3_seed1_24h seed=905 action=capacity_reserve_low
2026-07-05 23:34:01	Stage3 oracle bundle=E-UK50_01__curric_d2_s3_seed1_24h seed=905 action=capacity_reserve_medium
2026-07-05 23:36:54	Stage3 oracle bundle=E-UK50_01__curric_d2_s3_seed1_24h seed=905 action=capacity_reserve_high
2026-07-05 23:40:06	Stage3 oracle bundle=E-UK50_01__curric_d2_s3_seed1_24h seed=905 action=commit_threshold_conservative
2026-07-05 23:46:36	Stage3 oracle bundle=E-UK50_01__curric_d2_s3_seed1_24h seed=905 action=commit_threshold_normal
2026-07-05 23:52:39	Stage3 oracle bundle=E-UK50_01__curric_d2_s3_seed1_24h seed=905 action=commit_threshold_aggressive
2026-07-05 23:58:27	Stage3 oracle bundle=E-UK50_01__curric_d2_s3_seed1_24h seed=905 action=future_cluster_reserve_low
2026-07-06 00:03:57	Stage3 oracle bundle=E-UK50_01__curric_d2_s3_seed1_24h seed=905 action=future_cluster_reserve_medium
2026-07-06 00:09:04	Stage3 oracle bundle=E-UK50_01__curric_d2_s3_seed1_24h seed=905 action=future_cluster_reserve_high
2026-07-06 00:14:10	Stage3 oracle bundle=E-UK50_01__curric_d2_s3_seed1_24h seed=905 action=ev_charging_slack_reserve_low
2026-07-06 00:16:40	Stage3 oracle bundle=E-UK50_01__curric_d2_s3_seed1_24h seed=905 action=ev_charging_slack_reserve_medium
2026-07-06 00:19:28	Stage3 oracle bundle=E-UK50_01__curric_d2_s3_seed1_24h seed=905 action=ev_charging_slack_reserve_high
2026-07-06 00:22:00	Stage3 oracle bundle=E-UK50_01__curric_d2_s3_seed1_24h seed=905 action=stage_budget_event_density
2026-07-06 00:27:42	Stage3 oracle bundle=E-UK50_01__curric_d2_s3_seed1_24h seed=906 action=capacity_reserve_low
2026-07-06 00:30:19	Stage3 oracle bundle=E-UK50_01__curric_d2_s3_seed1_24h seed=906 action=capacity_reserve_medium
2026-07-06 00:32:37	Stage3 oracle bundle=E-UK50_01__curric_d2_s3_seed1_24h seed=906 action=capacity_reserve_high
2026-07-06 00:35:19	Stage3 oracle bundle=E-UK50_01__curric_d2_s3_seed1_24h seed=906 action=commit_threshold_conservative
2026-07-06 00:38:40	Stage3 oracle bundle=E-UK50_01__curric_d2_s3_seed1_24h seed=906 action=commit_threshold_normal
2026-07-06 00:42:24	Stage3 oracle bundle=E-UK50_01__curric_d2_s3_seed1_24h seed=906 action=commit_threshold_aggressive
2026-07-06 00:45:04	Stage3 oracle bundle=E-UK50_01__curric_d2_s3_seed1_24h seed=906 action=future_cluster_reserve_low
2026-07-06 00:50:41	Stage3 oracle bundle=E-UK50_01__curric_d2_s3_seed1_24h seed=906 action=future_cluster_reserve_medium
2026-07-06 00:55:43	Stage3 oracle bundle=E-UK50_01__curric_d2_s3_seed1_24h seed=906 action=future_cluster_reserve_high
2026-07-06 01:00:19	Stage3 oracle bundle=E-UK50_01__curric_d2_s3_seed1_24h seed=906 action=ev_charging_slack_reserve_low
2026-07-06 01:02:49	Stage3 oracle bundle=E-UK50_01__curric_d2_s3_seed1_24h seed=906 action=ev_charging_slack_reserve_medium
2026-07-06 01:05:35	Stage3 oracle bundle=E-UK50_01__curric_d2_s3_seed1_24h seed=906 action=ev_charging_slack_reserve_high
2026-07-06 01:08:06	Stage3 oracle bundle=E-UK50_01__curric_d2_s3_seed1_24h seed=906 action=stage_budget_event_density
2026-07-06 01:13:01	Stage3 oracle bundle=E-UK50_01__curric_d2_s3_seed1_24h seed=907 action=capacity_reserve_low
2026-07-06 01:15:30	Stage3 oracle bundle=E-UK50_01__curric_d2_s3_seed1_24h seed=907 action=capacity_reserve_medium
2026-07-06 01:17:32	Stage3 oracle bundle=E-UK50_01__curric_d2_s3_seed1_24h seed=907 action=capacity_reserve_high
2026-07-06 01:20:36	Stage3 oracle bundle=E-UK50_01__curric_d2_s3_seed1_24h seed=907 action=commit_threshold_conservative
2026-07-06 01:23:31	Stage3 oracle bundle=E-UK50_01__curric_d2_s3_seed1_24h seed=907 action=commit_threshold_normal
2026-07-06 01:26:22	Stage3 oracle bundle=E-UK50_01__curric_d2_s3_seed1_24h seed=907 action=commit_threshold_aggressive
2026-07-06 01:29:12	Stage3 oracle bundle=E-UK50_01__curric_d2_s3_seed1_24h seed=907 action=future_cluster_reserve_low
2026-07-06 01:34:49	Stage3 oracle bundle=E-UK50_01__curric_d2_s3_seed1_24h seed=907 action=future_cluster_reserve_medium
2026-07-06 01:40:30	Stage3 oracle bundle=E-UK50_01__curric_d2_s3_seed1_24h seed=907 action=future_cluster_reserve_high
2026-07-06 01:45:23	Stage3 oracle bundle=E-UK50_01__curric_d2_s3_seed1_24h seed=907 action=ev_charging_slack_reserve_low
2026-07-06 01:47:51	Stage3 oracle bundle=E-UK50_01__curric_d2_s3_seed1_24h seed=907 action=ev_charging_slack_reserve_medium
2026-07-06 01:50:01	Stage3 oracle bundle=E-UK50_01__curric_d2_s3_seed1_24h seed=907 action=ev_charging_slack_reserve_high
2026-07-06 01:52:24	Stage3 oracle bundle=E-UK50_01__curric_d2_s3_seed1_24h seed=907 action=stage_budget_event_density
2026-07-06 01:54:27	Stage3 oracle bundle=E-UK50_01__curric_d2_s3_seed1_24h seed=908 action=capacity_reserve_low
2026-07-06 01:56:37	Stage3 oracle bundle=E-UK50_01__curric_d2_s3_seed1_24h seed=908 action=capacity_reserve_medium
2026-07-06 01:58:57	Stage3 oracle bundle=E-UK50_01__curric_d2_s3_seed1_24h seed=908 action=capacity_reserve_high
2026-07-06 02:01:14	Stage3 oracle bundle=E-UK50_01__curric_d2_s3_seed1_24h seed=908 action=commit_threshold_conservative
2026-07-06 02:04:47	Stage3 oracle bundle=E-UK50_01__curric_d2_s3_seed1_24h seed=908 action=commit_threshold_normal
2026-07-06 02:07:43	Stage3 oracle bundle=E-UK50_01__curric_d2_s3_seed1_24h seed=908 action=commit_threshold_aggressive
2026-07-06 02:10:14	Stage3 oracle bundle=E-UK50_01__curric_d2_s3_seed1_24h seed=908 action=future_cluster_reserve_low
2026-07-06 02:15:45	Stage3 oracle bundle=E-UK50_01__curric_d2_s3_seed1_24h seed=908 action=future_cluster_reserve_medium
2026-07-06 02:21:11	Stage3 oracle bundle=E-UK50_01__curric_d2_s3_seed1_24h seed=908 action=future_cluster_reserve_high
2026-07-06 02:26:51	Stage3 oracle bundle=E-UK50_01__curric_d2_s3_seed1_24h seed=908 action=ev_charging_slack_reserve_low
2026-07-06 02:29:11	Stage3 oracle bundle=E-UK50_01__curric_d2_s3_seed1_24h seed=908 action=ev_charging_slack_reserve_medium
2026-07-06 02:31:48	Stage3 oracle bundle=E-UK50_01__curric_d2_s3_seed1_24h seed=908 action=ev_charging_slack_reserve_high
2026-07-06 02:34:07	Stage3 oracle bundle=E-UK50_01__curric_d2_s3_seed1_24h seed=908 action=stage_budget_event_density
2026-07-06 02:39:07	Stage3 oracle bundle=E-UK50_01__curric_d2_s3_seed1_24h seed=909 action=capacity_reserve_low
2026-07-06 02:41:42	Stage3 oracle bundle=E-UK50_01__curric_d2_s3_seed1_24h seed=909 action=capacity_reserve_medium
2026-07-06 02:44:10	Stage3 oracle bundle=E-UK50_01__curric_d2_s3_seed1_24h seed=909 action=capacity_reserve_high
2026-07-06 02:46:52	Stage3 oracle bundle=E-UK50_01__curric_d2_s3_seed1_24h seed=909 action=commit_threshold_conservative
2026-07-06 02:52:21	Stage3 oracle bundle=E-UK50_01__curric_d2_s3_seed1_24h seed=909 action=commit_threshold_normal
2026-07-06 02:58:03	Stage3 oracle bundle=E-UK50_01__curric_d2_s3_seed1_24h seed=909 action=commit_threshold_aggressive
2026-07-06 03:03:47	Stage3 oracle bundle=E-UK50_01__curric_d2_s3_seed1_24h seed=909 action=future_cluster_reserve_low
2026-07-06 03:09:02	Stage3 oracle bundle=E-UK50_01__curric_d2_s3_seed1_24h seed=909 action=future_cluster_reserve_medium
2026-07-06 03:14:24	Stage3 oracle bundle=E-UK50_01__curric_d2_s3_seed1_24h seed=909 action=future_cluster_reserve_high
2026-07-06 03:19:28	Stage3 oracle bundle=E-UK50_01__curric_d2_s3_seed1_24h seed=909 action=ev_charging_slack_reserve_low
2026-07-06 03:21:51	Stage3 oracle bundle=E-UK50_01__curric_d2_s3_seed1_24h seed=909 action=ev_charging_slack_reserve_medium
2026-07-06 03:24:47	Stage3 oracle bundle=E-UK50_01__curric_d2_s3_seed1_24h seed=909 action=ev_charging_slack_reserve_high
2026-07-06 03:27:59	Stage3 oracle bundle=E-UK50_01__curric_d2_s3_seed1_24h seed=909 action=stage_budget_event_density
2026-07-06 03:33:17	Stage3 oracle bundle=E-UK50_01__curric_d2_s3_seed1_24h seed=910 action=capacity_reserve_low
2026-07-06 03:35:26	Stage3 oracle bundle=E-UK50_01__curric_d2_s3_seed1_24h seed=910 action=capacity_reserve_medium
2026-07-06 03:37:40	Stage3 oracle bundle=E-UK50_01__curric_d2_s3_seed1_24h seed=910 action=capacity_reserve_high
2026-07-06 03:39:47	Stage3 oracle bundle=E-UK50_01__curric_d2_s3_seed1_24h seed=910 action=commit_threshold_conservative
2026-07-06 03:42:23	Stage3 oracle bundle=E-UK50_01__curric_d2_s3_seed1_24h seed=910 action=commit_threshold_normal
2026-07-06 03:44:34	Stage3 oracle bundle=E-UK50_01__curric_d2_s3_seed1_24h seed=910 action=commit_threshold_aggressive
2026-07-06 03:46:40	Stage3 oracle bundle=E-UK50_01__curric_d2_s3_seed1_24h seed=910 action=future_cluster_reserve_low
2026-07-06 03:51:54	Stage3 oracle bundle=E-UK50_01__curric_d2_s3_seed1_24h seed=910 action=future_cluster_reserve_medium
2026-07-06 03:56:45	Stage3 oracle bundle=E-UK50_01__curric_d2_s3_seed1_24h seed=910 action=future_cluster_reserve_high
2026-07-06 04:02:28	Stage3 oracle bundle=E-UK50_01__curric_d2_s3_seed1_24h seed=910 action=ev_charging_slack_reserve_low
2026-07-06 04:04:38	Stage3 oracle bundle=E-UK50_01__curric_d2_s3_seed1_24h seed=910 action=ev_charging_slack_reserve_medium
2026-07-06 04:06:40	Stage3 oracle bundle=E-UK50_01__curric_d2_s3_seed1_24h seed=910 action=ev_charging_slack_reserve_high
2026-07-06 04:09:04	Stage3 oracle bundle=E-UK50_01__curric_d2_s3_seed1_24h seed=910 action=stage_budget_event_density
2026-07-06 04:13:47	Stage 3 status=HALT_DYNAMIC_ORACLE_HEALTH
2026-07-06 04:13:47	Stage 4 start
2026-07-06 04:13:47	Stage 4 status=SKIP_DYNAMIC_IMITATION_ORACLE_GATE
2026-07-06 04:13:47	Stage 5 start
2026-07-06 04:13:47	Stage 5 status=FAIRNESS_SIGNAL_EXPOSED_ORACLE_NOT_RUN
2026-07-06 04:13:47	Stage 6 start
2026-07-06 04:13:47	Stage 6 status=CARBON_CHARGING_SCENARIO_ONLY
2026-07-06 04:13:47	Stage 7 start
2026-07-06 04:13:47	Stage 7 status=TRACK24_MECHANISM_SIGNALS_ONLY
2026-07-06 04:19:29	Stage 4 start
2026-07-06 04:19:29	Stage 4 status=SKIP_DYNAMIC_IMITATION_ORACLE_GATE
2026-07-06 04:19:29	Stage 7 start
2026-07-06 04:19:29	Stage 7 status=TRACK24_HALT_DYNAMIC_ORACLE_HEALTH
