{"phase": "fixed_route_timing", "instances_done": 9, "instances_total": 81, "rows": 2520}
{"phase": "fixed_route_timing", "instances_done": 18, "instances_total": 81, "rows": 5040}
{"phase": "fixed_route_timing", "instances_done": 27, "instances_total": 81, "rows": 7560}
{"phase": "fixed_route_timing", "instances_done": 36, "instances_total": 81, "rows": 10080}
{"phase": "fixed_route_timing", "instances_done": 45, "instances_total": 81, "rows": 12600}
{"phase": "fixed_route_timing", "instances_done": 54, "instances_total": 81, "rows": 15120}
{"phase": "fixed_route_timing", "instances_done": 63, "instances_total": 81, "rows": 17640}
{"phase": "fixed_route_timing", "instances_done": 72, "instances_total": 81, "rows": 20160}
{"phase": "fixed_route_timing", "instances_done": 81, "instances_total": 81, "rows": 22680}
{"phase": "joint_optimization", "rows_done": 15, "rows_total": 90}
{"phase": "joint_optimization", "rows_done": 30, "rows_total": 90}
{"phase": "joint_optimization", "rows_done": 45, "rows_total": 90}
{"phase": "joint_optimization", "rows_done": 60, "rows_total": 90}
{"phase": "joint_optimization", "rows_done": 75, "rows_total": 90}
{"phase": "joint_optimization", "rows_done": 90, "rows_total": 90}
Traceback (most recent call last):
  File "/Volumes/移动硬盘（512G）/ReSETP/baselines/china_e3_e7/run_carbon_timing_rescore_20260802.py", line 1605, in <module>
    raise SystemExit(main())
                     ~~~~^^
  File "/Volumes/移动硬盘（512G）/ReSETP/baselines/china_e3_e7/run_carbon_timing_rescore_20260802.py", line 1348, in main
    solution_tmp.replace(OUT / "solutions.jsonl.gz")
    ~~~~~~~~~~~~~~~~~~~~^^^^^^^^^^^^^^^^^^^^^^^^^^^^
  File "/Library/Frameworks/Python.framework/Versions/3.14/lib/python3.14/pathlib/__init__.py", line 1091, in replace
    os.replace(self, target)
    ~~~~~~~~~~^^^^^^^^^^^^^^
FileNotFoundError: [Errno 2] No such file or directory: '/Volumes/移动硬盘（512G）/ReSETP/baselines/china_e3_e7/carbon_timing_rescore_20260802/solutions.jsonl.gz.tmp' -> '/Volumes/移动硬盘（512G）/ReSETP/baselines/china_e3_e7/carbon_timing_rescore_20260802/solutions.jsonl.gz'
