\BOOKMARK [1][]{section.1}{\376\377\0001\000\040\137\025\212\000}{}% 1
\BOOKMARK [1][]{section.2}{\376\377\0002\000\040\225\356\230\230\143\317\217\360\116\016\152\041\127\213}{}% 2
\BOOKMARK [2][-]{subsection.2.1}{\376\377\0002\000.\0001\000\040\225\356\230\230\143\317\217\360}{section.2}% 3
\BOOKMARK [2][-]{subsection.2.2}{\376\377\0002\000.\0002\000\040\200\375\200\027\060\001\121\105\165\065\116\016\145\366\123\330\170\263\143\222\145\076\150\070\173\227}{section.2}% 4
\BOOKMARK [2][-]{subsection.2.3}{\376\377\0002\000.\0003\000\040\166\356\150\007\121\375\145\160\116\016\176\246\147\137}{section.2}% 5
\BOOKMARK [1][]{section.3}{\376\377\0003\000\040\173\227\154\325\213\276\213\241}{}% 6
\BOOKMARK [2][-]{subsection.3.1}{\376\377\0003\000.\0001\000\040\173\227\154\325\150\106\147\266}{section.3}% 7
\BOOKMARK [2][-]{subsection.3.2}{\376\377\0003\000.\0002\000\040\173\227\154\325\153\145\232\244}{section.3}% 8
\BOOKMARK [1][]{section.4}{\376\377\0004\000\040\145\160\120\074\133\236\232\214\213\276\213\241\116\016\173\227\154\325\147\011\145\110\140\047}{}% 9
\BOOKMARK [2][-]{subsection.4.1}{\376\377\0004\000.\0001\000\040\173\227\117\213\116\016\123\302\145\160}{section.4}% 10
\BOOKMARK [2][-]{subsection.4.2}{\376\377\0004\000.\0002\000\040\121\154\137\000\173\227\117\213\116\012\166\204\154\102\211\343\176\323\147\234}{section.4}% 11
\BOOKMARK [2][-]{subsection.4.3}{\376\377\0004\000.\0003\000\040\116\343\210\150\133\236\117\213\147\000\176\310\211\343}{section.4}% 12
\BOOKMARK [2][-]{subsection.4.4}{\376\377\0004\000.\0004\000\040\147\054\145\207\173\227\154\325\145\066\145\133\217\307\172\013}{section.4}% 13
\BOOKMARK [1][]{section.5}{\376\377\0005\000\040\145\366\123\330\170\263\137\072\136\246\116\013\166\204\121\317\143\222\147\140\147\106}{}% 14
\BOOKMARK [2][-]{subsection.5.1}{\376\377\0005\000.\0001\000\040\121\105\165\065\145\366\122\073\134\102}{section.5}% 15
\BOOKMARK [2][-]{subsection.5.2}{\376\377\0005\000.\0002\000\040\217\146\127\213\143\007\155\076\134\102}{section.5}% 16
\BOOKMARK [2][-]{subsection.5.3}{\376\377\0005\000.\0003\000\040\122\250\140\001\123\321\217\146\134\102}{section.5}% 17
\BOOKMARK [1][]{section.6}{\376\377\0006\000\040\131\032\217\146\127\072\123\117\124\014}{}% 18
\BOOKMARK [1][]{section.7}{\376\377\0007\000\040\227\136\176\277\140\047\121\105\165\065\116\016\170\263\116\367\140\305\146\157}{}% 19
\BOOKMARK [2][-]{subsection.7.1}{\376\377\0007\000.\0001\000\040\227\136\176\277\140\047\121\105\165\065}{section.7}% 20
\BOOKMARK [2][-]{subsection.7.2}{\376\377\0007\000.\0002\000\040\170\263\116\367\140\305\146\157\142\153\143\317}{section.7}% 21
\BOOKMARK [1][]{section.8}{\376\377\0008\000\040\121\154\136\163\122\006\221\115}{}% 22
\BOOKMARK [1][]{section.9}{\376\377\0009\000\040\176\323\213\272\116\016\173\241\164\006\124\057\171\072}{}% 23
