{"task_id": "G1__HGS_M__S2026080201", "terminal_status": "PASS_FEASIBLE", "objective_cny": 3621.569907766804}
{"task_id": "G1__HGS_F__S2026080201", "terminal_status": "PASS_FEASIBLE", "objective_cny": 3621.569907766804}
{"task_id": "G1__PYVRP_HGS__S2026080201", "terminal_status": "PASS_FEASIBLE", "objective_cny": 3621.569907766804}
{"task_id": "G1__HGS_E__S2026080201", "terminal_status": "PASS_FEASIBLE", "objective_cny": 3621.569907766804}
{"task_id": "G1__HGS_F__S2026080202", "terminal_status": "PASS_FEASIBLE", "objective_cny": 3621.569907766804}
{"task_id": "G1__PYVRP_HGS__S2026080202", "terminal_status": "PASS_FEASIBLE", "objective_cny": 3621.569907766804}
{"task_id": "G1__MV_HGS_SP__S2026080201", "terminal_status": "PASS_FEASIBLE", "objective_cny": 3621.569907766804}
{"task_id": "G1__HGS_E__S2026080202", "terminal_status": "PASS_FEASIBLE", "objective_cny": 3621.569907766804}
{"task_id": "G1__PYVRP_HGS__S2026080203", "terminal_status": "PASS_FEASIBLE", "objective_cny": 3621.569907766804}
{"task_id": "G1__HGS_M__S2026080202", "terminal_status": "PASS_FEASIBLE", "objective_cny": 3621.569907766804}
{"task_id": "G1__HGS_F__S2026080203", "terminal_status": "PASS_FEASIBLE", "objective_cny": 3621.569907766804}
{"task_id": "G1__MV_HGS_SP__S2026080202", "terminal_status": "PASS_FEASIBLE", "objective_cny": 3621.569907766804}
{"task_id": "G1__HGS_E__S2026080203", "terminal_status": "PASS_FEASIBLE", "objective_cny": 3621.569907766804}
{"task_id": "G1__HGS_M__S2026080203", "terminal_status": "PASS_FEASIBLE", "objective_cny": 3621.569907766804}
{"task_id": "G1__PYVRP_HGS__S2026080204", "terminal_status": "PASS_FEASIBLE", "objective_cny": 3621.569907766804}
{"task_id": "G1__HGS_F__S2026080204", "terminal_status": "PASS_FEASIBLE", "objective_cny": 3621.569907766804}
{"task_id": "G1__HGS_E__S2026080204", "terminal_status": "PASS_FEASIBLE", "objective_cny": 3621.569907766804}
{"task_id": "G1__MV_HGS_SP__S2026080203", "terminal_status": "PASS_FEASIBLE", "objective_cny": 3621.569907766804}
{"task_id": "G1__HGS_M__S2026080204", "terminal_status": "PASS_FEASIBLE", "objective_cny": 3621.569907766804}
{"task_id": "G1__MV_HGS_SP__S2026080204", "terminal_status": "PASS_FEASIBLE", "objective_cny": 3621.569907766804}
{"task_id": "G1__PYVRP_HGS__S2026080205", "terminal_status": "PASS_FEASIBLE", "objective_cny": 3621.569907766804}
{"task_id": "G1__HGS_F__S2026080205", "terminal_status": "PASS_FEASIBLE", "objective_cny": 3621.569907766804}
{"task_id": "G1__HGS_E__S2026080205", "terminal_status": "PASS_FEASIBLE", "objective_cny": 3621.569907766804}
{"task_id": "G1__PYVRP_HGS__S2026080206", "terminal_status": "PASS_FEASIBLE", "objective_cny": 3621.569907766804}
{"task_id": "G1__HGS_M__S2026080205", "terminal_status": "PASS_FEASIBLE", "objective_cny": 3621.569907766804}
{"task_id": "G1__HGS_F__S2026080206", "terminal_status": "PASS_FEASIBLE", "objective_cny": 3621.569907766804}
{"task_id": "G1__MV_HGS_SP__S2026080205", "terminal_status": "PASS_FEASIBLE", "objective_cny": 3621.569907766804}
{"task_id": "G1__HGS_M__S2026080206", "terminal_status": "PASS_FEASIBLE", "objective_cny": 3621.569907766804}
{"task_id": "G1__HGS_E__S2026080206", "terminal_status": "PASS_FEASIBLE", "objective_cny": 3621.569907766804}
{"task_id": "G1__PYVRP_HGS__S2026080207", "terminal_status": "PASS_FEASIBLE", "objective_cny": 3621.569907766804}
{"task_id": "G1__MV_HGS_SP__S2026080206", "terminal_status": "PASS_FEASIBLE", "objective_cny": 3621.569907766804}
{"task_id": "G1__HGS_F__S2026080207", "terminal_status": "PASS_FEASIBLE", "objective_cny": 3621.569907766804}
{"task_id": "G1__HGS_M__S2026080207", "terminal_status": "PASS_FEASIBLE", "objective_cny": 3621.569907766804}
{"task_id": "G1__HGS_E__S2026080207", "terminal_status": "PASS_FEASIBLE", "objective_cny": 3621.569907766804}
{"task_id": "G1__PYVRP_HGS__S2026080208", "terminal_status": "PASS_FEASIBLE", "objective_cny": 3621.569907766804}
{"task_id": "G1__MV_HGS_SP__S2026080207", "terminal_status": "PASS_FEASIBLE", "objective_cny": 3621.569907766804}
{"task_id": "G1__HGS_E__S2026080208", "terminal_status": "PASS_FEASIBLE", "objective_cny": 3621.569907766804}
{"task_id": "G1__HGS_F__S2026080208", "terminal_status": "PASS_FEASIBLE", "objective_cny": 3621.569907766804}
{"task_id": "G1__PYVRP_HGS__S2026080209", "terminal_status": "PASS_FEASIBLE", "objective_cny": 3621.569907766804}
{"task_id": "G1__HGS_M__S2026080208", "terminal_status": "PASS_FEASIBLE", "objective_cny": 3621.569907766804}
{"task_id": "G1__HGS_F__S2026080209", "terminal_status": "PASS_FEASIBLE", "objective_cny": 3621.569907766804}
{"task_id": "G1__MV_HGS_SP__S2026080208", "terminal_status": "PASS_FEASIBLE", "objective_cny": 3621.569907766804}
{"task_id": "G1__HGS_E__S2026080209", "terminal_status": "PASS_FEASIBLE", "objective_cny": 3621.569907766804}
{"task_id": "G1__PYVRP_HGS__S2026080210", "terminal_status": "PASS_FEASIBLE", "objective_cny": 3621.569907766804}
{"task_id": "G1__HGS_M__S2026080209", "terminal_status": "PASS_FEASIBLE", "objective_cny": 3621.569907766804}
{"task_id": "G1__HGS_F__S2026080210", "terminal_status": "PASS_FEASIBLE", "objective_cny": 3621.569907766804}
{"task_id": "G1__MV_HGS_SP__S2026080209", "terminal_status": "PASS_FEASIBLE", "objective_cny": 3621.569907766804}
{"task_id": "G1__HGS_E__S2026080210", "terminal_status": "PASS_FEASIBLE", "objective_cny": 3621.569907766804}
{"task_id": "G1__HGS_M__S2026080210", "terminal_status": "PASS_FEASIBLE", "objective_cny": 3621.569907766804}
{"task_id": "G1__MV_HGS_SP__S2026080210", "terminal_status": "PASS_FEASIBLE", "objective_cny": 3621.569907766804}
{"task_id": "G2__HGS_M_SP_NO_MULTIVIEW__S2026080201", "terminal_status": "PASS_FEASIBLE", "objective_cny": 3621.569907766804}
{"task_id": "G2__MV_HGS_SP_FULL__S2026080201", "terminal_status": "PASS_FEASIBLE", "objective_cny": 3621.569907766804}
{"task_id": "G2__HGS_M_SP_NO_MULTIVIEW__S2026080202", "terminal_status": "PASS_FEASIBLE", "objective_cny": 3621.569907766804}
{"task_id": "G2__MV_HGS_SP_FULL__S2026080202", "terminal_status": "PASS_FEASIBLE", "objective_cny": 3621.569907766804}
{"task_id": "G2__MV_HGS_NO_SP__S2026080201", "terminal_status": "PASS_FEASIBLE", "objective_cny": 3621.569907766804}
{"task_id": "G2__MV_HGS_SP_FULL__S2026080203", "terminal_status": "PASS_FEASIBLE", "objective_cny": 3621.569907766804}
{"task_id": "G2__HGS_M_SP_NO_MULTIVIEW__S2026080203", "terminal_status": "PASS_FEASIBLE", "objective_cny": 3621.569907766804}
{"task_id": "G2__MV_HGS_NO_SP__S2026080202", "terminal_status": "PASS_FEASIBLE", "objective_cny": 3621.569907766804}
{"task_id": "G2__HGS_M_SP_NO_MULTIVIEW__S2026080204", "terminal_status": "PASS_FEASIBLE", "objective_cny": 3621.569907766804}
{"task_id": "G2__MV_HGS_SP_FULL__S2026080204", "terminal_status": "PASS_FEASIBLE", "objective_cny": 3621.569907766804}
{"task_id": "G2__HGS_M_SP_NO_MULTIVIEW__S2026080205", "terminal_status": "PASS_FEASIBLE", "objective_cny": 3621.569907766804}
{"task_id": "G2__MV_HGS_SP_FULL__S2026080205", "terminal_status": "PASS_FEASIBLE", "objective_cny": 3621.569907766804}
{"task_id": "G2__MV_HGS_NO_SP__S2026080203", "terminal_status": "PASS_FEASIBLE", "objective_cny": 3621.569907766804}
{"task_id": "G2__MV_HGS_NO_SP__S2026080204", "terminal_status": "PASS_FEASIBLE", "objective_cny": 3621.569907766804}
{"task_id": "G2__HGS_M_SP_NO_MULTIVIEW__S2026080206", "terminal_status": "PASS_FEASIBLE", "objective_cny": 3621.569907766804}
{"task_id": "G2__MV_HGS_SP_FULL__S2026080206", "terminal_status": "PASS_FEASIBLE", "objective_cny": 3621.569907766804}
{"task_id": "G2__HGS_M_SP_NO_MULTIVIEW__S2026080207", "terminal_status": "PASS_FEASIBLE", "objective_cny": 3621.569907766804}
{"task_id": "G2__MV_HGS_SP_FULL__S2026080207", "terminal_status": "PASS_FEASIBLE", "objective_cny": 3621.569907766804}
{"task_id": "G2__MV_HGS_NO_SP__S2026080206", "terminal_status": "PASS_FEASIBLE", "objective_cny": 3621.569907766804}
{"task_id": "G2__MV_HGS_NO_SP__S2026080205", "terminal_status": "PASS_FEASIBLE", "objective_cny": 3621.569907766804}
{"task_id": "G2__MV_HGS_SP_FULL__S2026080208", "terminal_status": "PASS_FEASIBLE", "objective_cny": 3621.569907766804}
{"task_id": "G2__HGS_M_SP_NO_MULTIVIEW__S2026080208", "terminal_status": "PASS_FEASIBLE", "objective_cny": 3621.569907766804}
{"task_id": "G2__MV_HGS_NO_SP__S2026080207", "terminal_status": "PASS_FEASIBLE", "objective_cny": 3621.569907766804}
{"task_id": "G2__HGS_M_SP_NO_MULTIVIEW__S2026080209", "terminal_status": "PASS_FEASIBLE", "objective_cny": 3621.569907766804}
{"task_id": "G2__MV_HGS_SP_FULL__S2026080209", "terminal_status": "PASS_FEASIBLE", "objective_cny": 3621.569907766804}
{"task_id": "G2__HGS_M_SP_NO_MULTIVIEW__S2026080210", "terminal_status": "PASS_FEASIBLE", "objective_cny": 3621.569907766804}
{"task_id": "G2__MV_HGS_SP_FULL__S2026080210", "terminal_status": "PASS_FEASIBLE", "objective_cny": 3621.569907766804}
{"task_id": "G2__MV_HGS_NO_SP__S2026080208", "terminal_status": "PASS_FEASIBLE", "objective_cny": 3621.569907766804}
{"task_id": "G2__MV_HGS_NO_SP__S2026080210", "terminal_status": "PASS_FEASIBLE", "objective_cny": 3621.569907766804}
{"task_id": "G2__MV_HGS_NO_SP__S2026080209", "terminal_status": "PASS_FEASIBLE", "objective_cny": 3621.569907766804}
{"completed_at_utc": "2026-08-02T15:59:54.523366+00:00", "status": "XA_ALGORITHM_FORMAL_COMPLETE", "terminal_run_count": 80}
