\BOOKMARK [1][]{section.1}{\376\377\0001\000\040\137\025\212\000}{}% 1
\BOOKMARK [1][]{section.2}{\376\377\0002\000\040\152\041\127\213\136\372\172\313}{}% 2
\BOOKMARK [2][-]{subsection.2.1}{\376\377\0002\000.\0001\000\040\225\356\230\230\143\317\217\360\116\016\127\372\147\054\120\107\213\276}{section.2}% 3
\BOOKMARK [2][-]{subsection.2.2}{\376\377\0002\000.\0002\000\040\155\367\124\010\217\146\226\037\200\375\200\027\116\016\170\263\143\222\145\076}{section.2}% 4
\BOOKMARK [2][-]{subsection.2.3}{\376\377\0002\000.\0003\000\040\166\356\150\007\121\375\145\160}{section.2}% 5
\BOOKMARK [2][-]{subsection.2.4}{\376\377\0002\000.\0004\000\040\131\032\217\146\127\072\131\032\215\237\215\357\137\204\176\246\147\137}{section.2}% 6
\BOOKMARK [2][-]{subsection.2.5}{\376\377\0002\000.\0005\000\040\227\136\176\277\140\047\121\105\165\065\116\016\122\006\145\366\165\065\116\367}{section.2}% 7
\BOOKMARK [2][-]{subsection.2.6}{\376\377\0002\000.\0006\000\040\122\250\140\001\117\341\140\157\131\004\164\006}{section.2}% 8
\BOOKMARK [1][]{section.3}{\376\377\0003\000\040\173\227\154\325\213\276\213\241}{}% 9
\BOOKMARK [2][-]{subsection.3.1}{\376\377\0003\000.\0001\000\040\173\227\154\325\155\101\172\013\126\376}{section.3}% 10
\BOOKMARK [2][-]{subsection.3.2}{\376\377\0003\000.\0002\000\040\173\227\154\325\153\145\232\244}{section.3}% 11
\BOOKMARK [1][]{section.4}{\376\377\0004\000\040\145\160\120\074\133\236\232\214}{}% 12
\BOOKMARK [2][-]{subsection.4.1}{\376\377\0004\000.\0001\000\040\173\227\117\213\123\312\123\302\145\160\213\364\146\016}{section.4}% 13
\BOOKMARK [2][-]{subsection.4.2}{\376\377\0004\000.\0002\000\040\173\227\154\325\147\011\145\110\140\047\122\006\147\220}{section.4}% 14
\BOOKMARK [3][-]{subsubsection.4.2.1}{\376\377\0004\000.\0002\000.\0001\000\040\121\154\137\000\173\227\117\213\133\236\232\214}{subsection.4.2}% 15
\BOOKMARK [3][-]{subsubsection.4.2.2}{\376\377\0004\000.\0002\000.\0002\000\040\116\343\210\150\173\227\117\213\154\102\211\343\176\323\147\234}{subsection.4.2}% 16
\BOOKMARK [3][-]{subsubsection.4.2.3}{\376\377\0004\000.\0002\000.\0003\000\040\173\227\154\325\145\066\145\133\140\047\122\006\147\220}{subsection.4.2}% 17
\BOOKMARK [2][-]{subsection.4.3}{\376\377\0004\000.\0003\000\040\217\146\226\037\122\250\122\233\221\115\177\156\122\006\147\220}{section.4}% 18
\BOOKMARK [2][-]{subsection.4.4}{\376\377\0004\000.\0004\000\040\227\136\176\277\140\047\121\105\165\065\121\375\145\160\133\371\221\115\220\001\145\271\150\110\166\204\137\161\124\315}{section.4}% 19
\BOOKMARK [2][-]{subsection.4.5}{\376\377\0004\000.\0005\000\040\145\366\123\330\170\263\137\072\136\246\116\016\121\105\165\065\145\366\122\073\122\006\147\220}{section.4}% 20
\BOOKMARK [2][-]{subsection.4.6}{\376\377\0004\000.\0006\000\040\116\015\124\014\221\115\220\001\152\041\137\017\133\371\153\324\122\006\147\220}{section.4}% 21
\BOOKMARK [2][-]{subsection.4.7}{\376\377\0004\000.\0007\000\040\123\117\117\134\221\115\220\001\142\020\147\054\122\006\144\112}{section.4}% 22
\BOOKMARK [2][-]{subsection.4.8}{\376\377\0004\000.\0008\000\040\122\250\140\001\227\000\154\102\116\013\166\204\221\115\220\001\145\271\150\110}{section.4}% 23
\BOOKMARK [2][-]{subsection.4.9}{\376\377\0004\000.\0009\000\040\145\160\120\074\133\236\232\214\122\006\147\220\116\016\213\250\213\272}{section.4}% 24
\BOOKMARK [1][]{section.5}{\376\377\0005\000\040\176\323\213\355}{}% 25
