[S3] representative=cn-prd-50c-01-V2-LOCATIONS; 0 complete; 40 remaining
[S3] seed=2 arm=cv_only status=OK cost=2481.6596445092614
[S3] seed=1 arm=cv_only status=OK cost=2482.4470517329405
[S3] seed=1 arm=mechanism_ev status=OK cost=2364.048690580053
[S3] seed=2 arm=naive_ev status=OK cost=2358.7308493232913
[S3] seed=2 arm=mechanism_ev status=OK cost=2358.7308493232913
[S3] seed=1 arm=naive_ev status=OK cost=2357.498946659032
[S3] seed=3 arm=cv_only status=OK cost=2480.060060310482
[S3] seed=3 arm=mechanism_ev status=OK cost=2362.1210429152775
[S3] seed=4 arm=cv_only status=OK cost=2473.7397280806654
[S3] seed=3 arm=naive_ev status=OK cost=2358.7308493232913
[S3] seed=2 arm=MV-HGS-SP status=OK cost=2358.7308493232913
[S3] seed=4 arm=naive_ev status=OK cost=2357.641276768278
[S3] seed=1 arm=MV-HGS-SP status=OK cost=2357.498946659032
[S3] seed=4 arm=mechanism_ev status=OK cost=2364.375053656231
[S3] seed=3 arm=MV-HGS-SP status=OK cost=2362.1210429152775
[S3] seed=5 arm=cv_only status=OK cost=2480.060060310482
[S3] seed=5 arm=naive_ev status=OK cost=2364.048690580053
[S3] seed=5 arm=mechanism_ev status=OK cost=2358.7308493232913
[S3] seed=6 arm=cv_only status=OK cost=2480.060060310482
[S3] seed=6 arm=naive_ev status=OK cost=2364.048690580053
[S3] seed=7 arm=cv_only status=OK cost=2480.060060310482
[S3] seed=6 arm=mechanism_ev status=OK cost=2364.2867491773877
[S3] seed=7 arm=naive_ev status=OK cost=2364.048690580053
[S3] seed=7 arm=mechanism_ev status=OK cost=2358.7308493232913
[S3] seed=5 arm=MV-HGS-SP status=OK cost=2357.11786239211
[S3] seed=8 arm=cv_only status=OK cost=2481.200305716806
[S3] seed=4 arm=MV-HGS-SP status=OK cost=2357.11786239211
[S3] seed=9 arm=cv_only status=OK cost=2480.060060310482
[S3] seed=8 arm=naive_ev status=OK cost=2357.641276768278
[S3] seed=8 arm=mechanism_ev status=OK cost=2357.763462203688
[S3] seed=6 arm=MV-HGS-SP status=OK cost=2357.11786239211
[S3] seed=9 arm=mechanism_ev status=OK cost=2357.641276768278
[S3] seed=9 arm=naive_ev status=OK cost=2359.19514463484
[S3] seed=10 arm=cv_only status=OK cost=2480.060060310482
[S3] seed=7 arm=MV-HGS-SP status=OK cost=2357.11786239211
[S3] seed=10 arm=naive_ev status=OK cost=2358.7308493232913
[S3] seed=10 arm=mechanism_ev status=OK cost=2365.8780971446868
[S3] seed=9 arm=MV-HGS-SP status=OK cost=2357.641276768278
[S3] seed=8 arm=MV-HGS-SP status=OK cost=2357.498946659032
[S3] seed=10 arm=MV-HGS-SP status=OK cost=2357.11786239211
[S3] PASS_S3_REPRESENTATIVE
