{"event": "start", "head": "7a43e8b59321ebd29e5ea1da8eee1163392cf05e", "time": 1783315398.034814}
{"event": "task_complete", "run_id": "BALANCED_SELECTOR_PROBE__multidepot__e2-multidepot-100c-01__LNS_TRACE_REFERENCE__seed1", "status": "OK", "time": 1783315401.856986}
{"event": "task_complete", "run_id": "BALANCED_SELECTOR_PROBE__multidepot__e2-multidepot-100c-01__A4_BALANCED_SELECTOR_LOCAL_SEARCH__seed1", "status": "OK", "time": 1783315586.8733382}
{"event": "task_complete", "run_id": "BALANCED_SELECTOR_PROBE__multidepot__e2-multidepot-100c-01__A0_MAIN_LOCAL_SEARCH__seed2", "status": "OK", "time": 1783315633.097913}
{"event": "task_complete", "run_id": "BALANCED_SELECTOR_PROBE__multidepot__e2-multidepot-100c-01__LNS_TRACE_REFERENCE__seed2", "status": "OK", "time": 1783315633.722763}
{"event": "task_complete", "run_id": "BALANCED_SELECTOR_PROBE__multidepot__e2-multidepot-100c-01__A0_MAIN_LOCAL_SEARCH__seed1", "status": "OK", "time": 1783315661.6815958}
{"event": "task_complete", "run_id": "BALANCED_SELECTOR_PROBE__multidepot__e2-multidepot-100c-01__A4_BALANCED_SELECTOR_LOCAL_SEARCH__seed2", "status": "OK", "time": 1783315803.9335392}
{"event": "task_complete", "run_id": "BALANCED_SELECTOR_PROBE__multidepot__e2-multidepot-100c-01__LNS_TRACE_REFERENCE__seed3", "status": "OK", "time": 1783315804.5507011}
{"event": "task_complete", "run_id": "BALANCED_SELECTOR_PROBE__multidepot__e2-multidepot-10c-01__A0_MAIN_LOCAL_SEARCH__seed1", "status": "OK", "time": 1783315812.020143}
{"event": "task_complete", "run_id": "BALANCED_SELECTOR_PROBE__multidepot__e2-multidepot-10c-01__A4_BALANCED_SELECTOR_LOCAL_SEARCH__seed1", "status": "OK", "time": 1783315827.2281458}
{"event": "task_complete", "run_id": "BALANCED_SELECTOR_PROBE__multidepot__e2-multidepot-10c-01__LNS_TRACE_REFERENCE__seed1", "status": "OK", "time": 1783315827.877656}
{"event": "task_complete", "run_id": "BALANCED_SELECTOR_PROBE__multidepot__e2-multidepot-10c-01__A0_MAIN_LOCAL_SEARCH__seed2", "status": "OK", "time": 1783315844.107957}
{"event": "task_complete", "run_id": "BALANCED_SELECTOR_PROBE__multidepot__e2-multidepot-10c-01__A4_BALANCED_SELECTOR_LOCAL_SEARCH__seed2", "status": "OK", "time": 1783315859.00111}
{"event": "task_complete", "run_id": "BALANCED_SELECTOR_PROBE__multidepot__e2-multidepot-10c-01__LNS_TRACE_REFERENCE__seed2", "status": "OK", "time": 1783315859.646833}
{"event": "task_complete", "run_id": "BALANCED_SELECTOR_PROBE__multidepot__e2-multidepot-10c-01__A0_MAIN_LOCAL_SEARCH__seed3", "status": "OK", "time": 1783315875.9047658}
{"event": "task_complete", "run_id": "BALANCED_SELECTOR_PROBE__multidepot__e2-multidepot-10c-01__A4_BALANCED_SELECTOR_LOCAL_SEARCH__seed3", "status": "OK", "time": 1783315882.482784}
{"event": "task_complete", "run_id": "BALANCED_SELECTOR_PROBE__multidepot__e2-multidepot-10c-01__LNS_TRACE_REFERENCE__seed3", "status": "OK", "time": 1783315883.1335092}
{"event": "task_complete", "run_id": "BALANCED_SELECTOR_PROBE__multidepot__e2-multidepot-100c-01__A0_MAIN_LOCAL_SEARCH__seed3", "status": "OK", "time": 1783315899.787617}
{"event": "task_complete", "run_id": "BALANCED_SELECTOR_PROBE__multidepot__e2-multidepot-100c-01__A4_BALANCED_SELECTOR_LOCAL_SEARCH__seed3", "status": "OK", "time": 1783315916.123343}
{"event": "task_complete", "run_id": "BALANCED_SELECTOR_PROBE__multidepot__e2-multidepot-150c-01__LNS_TRACE_REFERENCE__seed1", "status": "OK", "time": 1783315916.751437}
{"event": "task_complete", "run_id": "BALANCED_SELECTOR_PROBE__multidepot__e2-multidepot-150c-01__A0_MAIN_LOCAL_SEARCH__seed1", "status": "OK", "time": 1783316280.7698932}
{"event": "task_complete", "run_id": "BALANCED_SELECTOR_PROBE__multidepot__e2-multidepot-150c-01__A4_BALANCED_SELECTOR_LOCAL_SEARCH__seed1", "status": "OK", "time": 1783316336.725139}
{"event": "task_complete", "run_id": "BALANCED_SELECTOR_PROBE__multidepot__e2-multidepot-150c-01__LNS_TRACE_REFERENCE__seed2", "status": "OK", "time": 1783316337.347175}
{"event": "task_complete", "run_id": "BALANCED_SELECTOR_PROBE__multidepot__e2-multidepot-150c-01__A0_MAIN_LOCAL_SEARCH__seed2", "status": "OK", "time": 1783316428.383463}
{"event": "task_complete", "run_id": "BALANCED_SELECTOR_PROBE__multidepot__e2-multidepot-150c-01__A4_BALANCED_SELECTOR_LOCAL_SEARCH__seed2", "status": "OK", "time": 1783316607.709111}
{"event": "task_complete", "run_id": "BALANCED_SELECTOR_PROBE__multidepot__e2-multidepot-150c-01__LNS_TRACE_REFERENCE__seed3", "status": "OK", "time": 1783316608.3992572}
{"event": "task_complete", "run_id": "BALANCED_SELECTOR_PROBE__multidepot__e2-multidepot-15c-01__A0_MAIN_LOCAL_SEARCH__seed1", "status": "OK", "time": 1783316612.657543}
{"event": "task_complete", "run_id": "BALANCED_SELECTOR_PROBE__multidepot__e2-multidepot-15c-01__A4_BALANCED_SELECTOR_LOCAL_SEARCH__seed1", "status": "OK", "time": 1783316616.121501}
{"event": "task_complete", "run_id": "BALANCED_SELECTOR_PROBE__multidepot__e2-multidepot-15c-01__LNS_TRACE_REFERENCE__seed1", "status": "OK", "time": 1783316616.733633}
{"event": "task_complete", "run_id": "BALANCED_SELECTOR_PROBE__multidepot__e2-multidepot-15c-01__A0_MAIN_LOCAL_SEARCH__seed2", "status": "OK", "time": 1783316621.6314318}
{"event": "task_complete", "run_id": "BALANCED_SELECTOR_PROBE__multidepot__e2-multidepot-15c-01__A4_BALANCED_SELECTOR_LOCAL_SEARCH__seed2", "status": "OK", "time": 1783316625.94853}
{"event": "task_complete", "run_id": "BALANCED_SELECTOR_PROBE__multidepot__e2-multidepot-15c-01__LNS_TRACE_REFERENCE__seed2", "status": "OK", "time": 1783316626.572193}
{"event": "task_complete", "run_id": "BALANCED_SELECTOR_PROBE__multidepot__e2-multidepot-15c-01__A0_MAIN_LOCAL_SEARCH__seed3", "status": "OK", "time": 1783316630.4073331}
{"event": "task_complete", "run_id": "BALANCED_SELECTOR_PROBE__multidepot__e2-multidepot-15c-01__A4_BALANCED_SELECTOR_LOCAL_SEARCH__seed3", "status": "OK", "time": 1783316634.93792}
{"event": "task_complete", "run_id": "BALANCED_SELECTOR_PROBE__multidepot__e2-multidepot-15c-01__LNS_TRACE_REFERENCE__seed3", "status": "OK", "time": 1783316635.584527}
{"event": "task_complete", "run_id": "BALANCED_SELECTOR_PROBE__multidepot__e2-multidepot-20c-01__A0_MAIN_LOCAL_SEARCH__seed1", "status": "OK", "time": 1783316643.369867}
{"event": "task_complete", "run_id": "BALANCED_SELECTOR_PROBE__multidepot__e2-multidepot-20c-01__A4_BALANCED_SELECTOR_LOCAL_SEARCH__seed1", "status": "OK", "time": 1783316649.931545}
{"event": "task_complete", "run_id": "BALANCED_SELECTOR_PROBE__multidepot__e2-multidepot-20c-01__LNS_TRACE_REFERENCE__seed1", "status": "OK", "time": 1783316650.590681}
{"event": "task_complete", "run_id": "BALANCED_SELECTOR_PROBE__multidepot__e2-multidepot-20c-01__A0_MAIN_LOCAL_SEARCH__seed2", "status": "OK", "time": 1783316657.9569018}
{"event": "task_complete", "run_id": "BALANCED_SELECTOR_PROBE__multidepot__e2-multidepot-20c-01__A4_BALANCED_SELECTOR_LOCAL_SEARCH__seed2", "status": "OK", "time": 1783316665.522418}
{"event": "task_complete", "run_id": "BALANCED_SELECTOR_PROBE__multidepot__e2-multidepot-20c-01__LNS_TRACE_REFERENCE__seed2", "status": "OK", "time": 1783316666.164287}
{"event": "task_complete", "run_id": "BALANCED_SELECTOR_PROBE__multidepot__e2-multidepot-20c-01__A0_MAIN_LOCAL_SEARCH__seed3", "status": "OK", "time": 1783316673.681383}
{"event": "task_complete", "run_id": "BALANCED_SELECTOR_PROBE__multidepot__e2-multidepot-20c-01__A4_BALANCED_SELECTOR_LOCAL_SEARCH__seed3", "status": "OK", "time": 1783316681.375055}
{"event": "task_complete", "run_id": "BALANCED_SELECTOR_PROBE__multidepot__e2-multidepot-20c-01__LNS_TRACE_REFERENCE__seed3", "status": "OK", "time": 1783316682.030464}
{"event": "task_complete", "run_id": "BALANCED_SELECTOR_PROBE__multidepot__e2-multidepot-150c-01__A4_BALANCED_SELECTOR_LOCAL_SEARCH__seed3", "status": "OK", "time": 1783316695.398185}
{"event": "task_complete", "run_id": "BALANCED_SELECTOR_PROBE__multidepot__e2-multidepot-50c-01__A0_MAIN_LOCAL_SEARCH__seed1", "status": "OK", "time": 1783316759.21137}
{"event": "task_complete", "run_id": "BALANCED_SELECTOR_PROBE__multidepot__e2-multidepot-50c-01__LNS_TRACE_REFERENCE__seed1", "status": "OK", "time": 1783316759.89379}
{"event": "task_complete", "run_id": "BALANCED_SELECTOR_PROBE__multidepot__e2-multidepot-50c-01__A4_BALANCED_SELECTOR_LOCAL_SEARCH__seed1", "status": "OK", "time": 1783316799.2156549}
{"event": "task_complete", "run_id": "BALANCED_SELECTOR_PROBE__multidepot__e2-multidepot-50c-01__A0_MAIN_LOCAL_SEARCH__seed2", "status": "OK", "time": 1783316829.908046}
{"event": "task_complete", "run_id": "BALANCED_SELECTOR_PROBE__multidepot__e2-multidepot-50c-01__LNS_TRACE_REFERENCE__seed2", "status": "OK", "time": 1783316830.589927}
{"event": "task_complete", "run_id": "BALANCED_SELECTOR_PROBE__multidepot__e2-multidepot-150c-01__A0_MAIN_LOCAL_SEARCH__seed3", "status": "OK", "time": 1783316837.333241}
{"event": "task_complete", "run_id": "BALANCED_SELECTOR_PROBE__multidepot__e2-multidepot-50c-01__A4_BALANCED_SELECTOR_LOCAL_SEARCH__seed2", "status": "OK", "time": 1783316860.876817}
{"event": "task_complete", "run_id": "BALANCED_SELECTOR_PROBE__multidepot__e2-multidepot-50c-01__LNS_TRACE_REFERENCE__seed3", "status": "OK", "time": 1783316861.5323288}
{"event": "task_complete", "run_id": "BALANCED_SELECTOR_PROBE__multidepot__e2-multidepot-50c-01__A0_MAIN_LOCAL_SEARCH__seed3", "status": "OK", "time": 1783316905.394856}
{"event": "task_complete", "run_id": "BALANCED_SELECTOR_PROBE__multidepot__e2-multidepot-50c-01__A4_BALANCED_SELECTOR_LOCAL_SEARCH__seed3", "status": "OK", "time": 1783316910.6935732}
{"event": "task_complete", "run_id": "BALANCED_SELECTOR_PROBE__multidepot__e2-multidepot-75c-01__LNS_TRACE_REFERENCE__seed1", "status": "OK", "time": 1783316911.339114}
{"event": "task_complete", "run_id": "BALANCED_SELECTOR_PROBE__multidepot__e2-multidepot-75c-01__A0_MAIN_LOCAL_SEARCH__seed1", "status": "OK", "time": 1783316983.546636}
{"event": "task_complete", "run_id": "BALANCED_SELECTOR_PROBE__multidepot__e2-multidepot-75c-01__A4_BALANCED_SELECTOR_LOCAL_SEARCH__seed1", "status": "OK", "time": 1783317033.694633}
{"event": "task_complete", "run_id": "BALANCED_SELECTOR_PROBE__multidepot__e2-multidepot-75c-01__LNS_TRACE_REFERENCE__seed2", "status": "OK", "time": 1783317034.385938}
{"event": "task_complete", "run_id": "BALANCED_SELECTOR_PROBE__multidepot__e2-multidepot-75c-01__A0_MAIN_LOCAL_SEARCH__seed2", "status": "OK", "time": 1783317073.3820338}
{"event": "task_complete", "run_id": "BALANCED_SELECTOR_PROBE__multidepot__e2-multidepot-75c-01__A4_BALANCED_SELECTOR_LOCAL_SEARCH__seed2", "status": "OK", "time": 1783317121.8412428}
{"event": "task_complete", "run_id": "BALANCED_SELECTOR_PROBE__multidepot__e2-multidepot-75c-01__LNS_TRACE_REFERENCE__seed3", "status": "OK", "time": 1783317122.562631}
{"event": "task_complete", "run_id": "BALANCED_SELECTOR_PROBE__multidepot__e2-multidepot-75c-01__A0_MAIN_LOCAL_SEARCH__seed3", "status": "OK", "time": 1783317154.102566}
{"event": "task_complete", "run_id": "BALANCED_SELECTOR_PROBE__multidepot__e2-multidepot-75c-01__A4_BALANCED_SELECTOR_LOCAL_SEARCH__seed3", "status": "OK", "time": 1783317213.907813}
{"event": "task_complete", "run_id": "BALANCED_SELECTOR_PROBE__threeshift__e2-threeshift-100c-01__LNS_TRACE_REFERENCE__seed1", "status": "OK", "time": 1783317214.514066}
{"event": "task_complete", "run_id": "BALANCED_SELECTOR_PROBE__threeshift__e2-threeshift-100c-01__A0_MAIN_LOCAL_SEARCH__seed1", "status": "OK", "time": 1783317307.493119}
{"event": "task_complete", "run_id": "BALANCED_SELECTOR_PROBE__threeshift__e2-threeshift-100c-01__A4_BALANCED_SELECTOR_LOCAL_SEARCH__seed1", "status": "OK", "time": 1783317402.936342}
{"event": "task_complete", "run_id": "BALANCED_SELECTOR_PROBE__threeshift__e2-threeshift-100c-01__LNS_TRACE_REFERENCE__seed2", "status": "OK", "time": 1783317403.5699232}
{"event": "task_complete", "run_id": "BALANCED_SELECTOR_PROBE__threeshift__e2-threeshift-100c-01__A0_MAIN_LOCAL_SEARCH__seed2", "status": "OK", "time": 1783317449.568279}
{"event": "task_complete", "run_id": "BALANCED_SELECTOR_PROBE__threeshift__e2-threeshift-100c-01__A4_BALANCED_SELECTOR_LOCAL_SEARCH__seed2", "status": "OK", "time": 1783317546.9814641}
{"event": "task_complete", "run_id": "BALANCED_SELECTOR_PROBE__threeshift__e2-threeshift-100c-01__LNS_TRACE_REFERENCE__seed3", "status": "OK", "time": 1783317547.583871}
{"event": "task_complete", "run_id": "BALANCED_SELECTOR_PROBE__threeshift__e2-threeshift-100c-01__A0_MAIN_LOCAL_SEARCH__seed3", "status": "OK", "time": 1783317670.372378}
{"event": "task_complete", "run_id": "BALANCED_SELECTOR_PROBE__threeshift__e2-threeshift-100c-01__A4_BALANCED_SELECTOR_LOCAL_SEARCH__seed3", "status": "OK", "time": 1783317747.6173708}
{"event": "task_complete", "run_id": "BALANCED_SELECTOR_PROBE__threeshift__e2-threeshift-150c-01__A0_MAIN_LOCAL_SEARCH__seed1", "status": "OK", "time": 1783317748.1811268}
{"event": "task_complete", "run_id": "BALANCED_SELECTOR_PROBE__threeshift__e2-threeshift-150c-01__LNS_TRACE_REFERENCE__seed1", "status": "OK", "time": 1783317748.2593129}
{"event": "task_complete", "run_id": "BALANCED_SELECTOR_PROBE__threeshift__e2-threeshift-150c-01__A4_BALANCED_SELECTOR_LOCAL_SEARCH__seed1", "status": "OK", "time": 1783317940.751243}
{"event": "task_complete", "run_id": "BALANCED_SELECTOR_PROBE__threeshift__e2-threeshift-150c-01__LNS_TRACE_REFERENCE__seed2", "status": "OK", "time": 1783317941.3963141}
{"event": "task_complete", "run_id": "BALANCED_SELECTOR_PROBE__threeshift__e2-threeshift-150c-01__A4_BALANCED_SELECTOR_LOCAL_SEARCH__seed2", "status": "OK", "time": 1783318036.193291}
{"event": "task_complete", "run_id": "BALANCED_SELECTOR_PROBE__threeshift__e2-threeshift-150c-01__A0_MAIN_LOCAL_SEARCH__seed2", "status": "OK", "time": 1783318071.37261}
{"event": "task_complete", "run_id": "BALANCED_SELECTOR_PROBE__threeshift__e2-threeshift-150c-01__LNS_TRACE_REFERENCE__seed3", "status": "OK", "time": 1783318072.013354}
{"event": "task_complete", "run_id": "BALANCED_SELECTOR_PROBE__threeshift__e2-threeshift-50c-01__A0_MAIN_LOCAL_SEARCH__seed1", "status": "OK", "time": 1783318161.172322}
{"event": "task_complete", "run_id": "BALANCED_SELECTOR_PROBE__threeshift__e2-threeshift-50c-01__A4_BALANCED_SELECTOR_LOCAL_SEARCH__seed1", "status": "OK", "time": 1783318233.81568}
{"event": "task_complete", "run_id": "BALANCED_SELECTOR_PROBE__threeshift__e2-threeshift-50c-01__LNS_TRACE_REFERENCE__seed1", "status": "OK", "time": 1783318234.5977201}
{"event": "task_complete", "run_id": "BALANCED_SELECTOR_PROBE__threeshift__e2-threeshift-150c-01__A4_BALANCED_SELECTOR_LOCAL_SEARCH__seed3", "status": "OK", "time": 1783318301.2746089}
{"event": "task_complete", "run_id": "BALANCED_SELECTOR_PROBE__threeshift__e2-threeshift-50c-01__A0_MAIN_LOCAL_SEARCH__seed2", "status": "OK", "time": 1783318312.601509}
{"event": "task_complete", "run_id": "BALANCED_SELECTOR_PROBE__threeshift__e2-threeshift-50c-01__LNS_TRACE_REFERENCE__seed2", "status": "OK", "time": 1783318313.241245}
{"event": "task_complete", "run_id": "BALANCED_SELECTOR_PROBE__threeshift__e2-threeshift-150c-01__A0_MAIN_LOCAL_SEARCH__seed3", "status": "OK", "time": 1783318323.977421}
{"event": "task_complete", "run_id": "BALANCED_SELECTOR_PROBE__threeshift__e2-threeshift-50c-01__A4_BALANCED_SELECTOR_LOCAL_SEARCH__seed2", "status": "OK", "time": 1783318381.991874}
{"event": "task_complete", "run_id": "BALANCED_SELECTOR_PROBE__threeshift__e2-threeshift-50c-01__LNS_TRACE_REFERENCE__seed3", "status": "OK", "time": 1783318382.62927}
{"event": "task_complete", "run_id": "BALANCED_SELECTOR_PROBE__threeshift__e2-threeshift-50c-01__A4_BALANCED_SELECTOR_LOCAL_SEARCH__seed3", "status": "OK", "time": 1783318396.134351}
{"event": "task_complete", "run_id": "BALANCED_SELECTOR_PROBE__threeshift__e2-threeshift-50c-01__A0_MAIN_LOCAL_SEARCH__seed3", "status": "OK", "time": 1783318399.961035}
{"event": "task_complete", "run_id": "BALANCED_SELECTOR_PROBE__threeshift__e2-threeshift-75c-01__LNS_TRACE_REFERENCE__seed1", "status": "OK", "time": 1783318400.5991979}
{"event": "task_complete", "run_id": "BALANCED_SELECTOR_PROBE__threeshift__e2-threeshift-75c-01__A0_MAIN_LOCAL_SEARCH__seed1", "status": "OK", "time": 1783318567.958563}
{"event": "task_complete", "run_id": "BALANCED_SELECTOR_PROBE__threeshift__e2-threeshift-75c-01__A4_BALANCED_SELECTOR_LOCAL_SEARCH__seed1", "status": "OK", "time": 1783318589.0074859}
{"event": "task_complete", "run_id": "BALANCED_SELECTOR_PROBE__threeshift__e2-threeshift-75c-01__LNS_TRACE_REFERENCE__seed2", "status": "OK", "time": 1783318589.650479}
{"event": "task_complete", "run_id": "BALANCED_SELECTOR_PROBE__threeshift__e2-threeshift-75c-01__A0_MAIN_LOCAL_SEARCH__seed2", "status": "OK", "time": 1783318650.671489}
{"event": "task_complete", "run_id": "BALANCED_SELECTOR_PROBE__threeshift__e2-threeshift-75c-01__A4_BALANCED_SELECTOR_LOCAL_SEARCH__seed2", "status": "OK", "time": 1783318742.144033}
{"event": "task_complete", "run_id": "BALANCED_SELECTOR_PROBE__threeshift__e2-threeshift-75c-01__LNS_TRACE_REFERENCE__seed3", "status": "OK", "time": 1783318742.774414}
{"event": "task_complete", "run_id": "BALANCED_SELECTOR_PROBE__threeshift__e2-threeshift-75c-01__A4_BALANCED_SELECTOR_LOCAL_SEARCH__seed3", "status": "OK", "time": 1783318806.159445}
{"event": "task_complete", "run_id": "BALANCED_SELECTOR_PROBE__threeshift__e2-threeshift-75c-01__A0_MAIN_LOCAL_SEARCH__seed3", "status": "OK", "time": 1783318868.118177}
{"event": "task_complete", "run_id": "BALANCED_SELECTOR_PROBE__vanilla__e2-vanilla-100c-01__LNS_TRACE_REFERENCE__seed1", "status": "OK", "time": 1783318868.733331}
{"event": "task_complete", "run_id": "BALANCED_SELECTOR_PROBE__vanilla__e2-vanilla-100c-01__A0_MAIN_LOCAL_SEARCH__seed1", "status": "OK", "time": 1783318942.889431}
{"event": "task_complete", "run_id": "BALANCED_SELECTOR_PROBE__vanilla__e2-vanilla-100c-01__A4_BALANCED_SELECTOR_LOCAL_SEARCH__seed1", "status": "OK", "time": 1783319058.232306}
{"event": "task_complete", "run_id": "BALANCED_SELECTOR_PROBE__vanilla__e2-vanilla-100c-01__LNS_TRACE_REFERENCE__seed2", "status": "OK", "time": 1783319058.872364}
{"event": "task_complete", "run_id": "BALANCED_SELECTOR_PROBE__vanilla__e2-vanilla-100c-01__A0_MAIN_LOCAL_SEARCH__seed2", "status": "OK", "time": 1783319112.3873239}
{"event": "task_complete", "run_id": "BALANCED_SELECTOR_PROBE__vanilla__e2-vanilla-100c-01__A4_BALANCED_SELECTOR_LOCAL_SEARCH__seed2", "status": "OK", "time": 1783319126.855888}
{"event": "task_complete", "run_id": "BALANCED_SELECTOR_PROBE__vanilla__e2-vanilla-100c-01__LNS_TRACE_REFERENCE__seed3", "status": "OK", "time": 1783319127.4960608}
{"event": "task_complete", "run_id": "BALANCED_SELECTOR_PROBE__vanilla__e2-vanilla-100c-01__A0_MAIN_LOCAL_SEARCH__seed3", "status": "OK", "time": 1783319262.67463}
{"event": "task_complete", "run_id": "BALANCED_SELECTOR_PROBE__vanilla__e2-vanilla-100c-01__A4_BALANCED_SELECTOR_LOCAL_SEARCH__seed3", "status": "OK", "time": 1783319319.475938}
{"event": "task_complete", "run_id": "BALANCED_SELECTOR_PROBE__vanilla__e2-vanilla-150c-01__LNS_TRACE_REFERENCE__seed1", "status": "OK", "time": 1783319320.15408}
{"event": "task_complete", "run_id": "BALANCED_SELECTOR_PROBE__vanilla__e2-vanilla-150c-01__A4_BALANCED_SELECTOR_LOCAL_SEARCH__seed1", "status": "OK", "time": 1783319469.907933}
{"event": "task_complete", "run_id": "BALANCED_SELECTOR_PROBE__vanilla__e2-vanilla-150c-01__A0_MAIN_LOCAL_SEARCH__seed1", "status": "OK", "time": 1783319510.020746}
{"event": "task_complete", "run_id": "BALANCED_SELECTOR_PROBE__vanilla__e2-vanilla-150c-01__LNS_TRACE_REFERENCE__seed2", "status": "OK", "time": 1783319510.664258}
{"event": "task_complete", "run_id": "BALANCED_SELECTOR_PROBE__vanilla__e2-vanilla-150c-01__A0_MAIN_LOCAL_SEARCH__seed2", "status": "OK", "time": 1783319720.865067}
{"event": "task_complete", "run_id": "BALANCED_SELECTOR_PROBE__vanilla__e2-vanilla-150c-01__A4_BALANCED_SELECTOR_LOCAL_SEARCH__seed2", "status": "OK", "time": 1783319786.413853}
{"event": "task_complete", "run_id": "BALANCED_SELECTOR_PROBE__vanilla__e2-vanilla-150c-01__LNS_TRACE_REFERENCE__seed3", "status": "OK", "time": 1783319787.060129}
{"event": "task_complete", "run_id": "BALANCED_SELECTOR_PROBE__vanilla__e2-vanilla-15c-01__A0_MAIN_LOCAL_SEARCH__seed1", "status": "OK", "time": 1783319794.026487}
{"event": "task_complete", "run_id": "BALANCED_SELECTOR_PROBE__vanilla__e2-vanilla-15c-01__A4_BALANCED_SELECTOR_LOCAL_SEARCH__seed1", "status": "OK", "time": 1783319804.0947149}
{"event": "task_complete", "run_id": "BALANCED_SELECTOR_PROBE__vanilla__e2-vanilla-15c-01__LNS_TRACE_REFERENCE__seed1", "status": "OK", "time": 1783319804.744703}
{"event": "task_complete", "run_id": "BALANCED_SELECTOR_PROBE__vanilla__e2-vanilla-15c-01__A0_MAIN_LOCAL_SEARCH__seed2", "status": "OK", "time": 1783319809.8782248}
{"event": "task_complete", "run_id": "BALANCED_SELECTOR_PROBE__vanilla__e2-vanilla-15c-01__A4_BALANCED_SELECTOR_LOCAL_SEARCH__seed2", "status": "OK", "time": 1783319814.3174038}
{"event": "task_complete", "run_id": "BALANCED_SELECTOR_PROBE__vanilla__e2-vanilla-15c-01__LNS_TRACE_REFERENCE__seed2", "status": "OK", "time": 1783319814.943506}
{"event": "task_complete", "run_id": "BALANCED_SELECTOR_PROBE__vanilla__e2-vanilla-15c-01__A0_MAIN_LOCAL_SEARCH__seed3", "status": "OK", "time": 1783319822.822413}
{"event": "task_complete", "run_id": "BALANCED_SELECTOR_PROBE__vanilla__e2-vanilla-15c-01__A4_BALANCED_SELECTOR_LOCAL_SEARCH__seed3", "status": "OK", "time": 1783319833.8669581}
{"event": "task_complete", "run_id": "BALANCED_SELECTOR_PROBE__vanilla__e2-vanilla-15c-01__LNS_TRACE_REFERENCE__seed3", "status": "OK", "time": 1783319834.4945621}
{"event": "task_complete", "run_id": "BALANCED_SELECTOR_PROBE__vanilla__e2-vanilla-25c-01__A0_MAIN_LOCAL_SEARCH__seed1", "status": "OK", "time": 1783319844.888555}
{"event": "task_complete", "run_id": "BALANCED_SELECTOR_PROBE__vanilla__e2-vanilla-25c-01__A4_BALANCED_SELECTOR_LOCAL_SEARCH__seed1", "status": "OK", "time": 1783319854.764517}
{"event": "task_complete", "run_id": "BALANCED_SELECTOR_PROBE__vanilla__e2-vanilla-25c-01__LNS_TRACE_REFERENCE__seed1", "status": "OK", "time": 1783319855.420676}
{"event": "task_complete", "run_id": "BALANCED_SELECTOR_PROBE__vanilla__e2-vanilla-25c-01__A0_MAIN_LOCAL_SEARCH__seed2", "status": "OK", "time": 1783319864.884541}
{"event": "task_complete", "run_id": "BALANCED_SELECTOR_PROBE__vanilla__e2-vanilla-25c-01__A4_BALANCED_SELECTOR_LOCAL_SEARCH__seed2", "status": "OK", "time": 1783319874.274076}
{"event": "task_complete", "run_id": "BALANCED_SELECTOR_PROBE__vanilla__e2-vanilla-25c-01__LNS_TRACE_REFERENCE__seed2", "status": "OK", "time": 1783319874.882321}
{"event": "task_complete", "run_id": "BALANCED_SELECTOR_PROBE__vanilla__e2-vanilla-25c-01__A0_MAIN_LOCAL_SEARCH__seed3", "status": "OK", "time": 1783319884.404342}
{"event": "task_complete", "run_id": "BALANCED_SELECTOR_PROBE__vanilla__e2-vanilla-150c-01__A0_MAIN_LOCAL_SEARCH__seed3", "status": "OK", "time": 1783319893.86548}
{"event": "task_complete", "run_id": "BALANCED_SELECTOR_PROBE__vanilla__e2-vanilla-25c-01__LNS_TRACE_REFERENCE__seed3", "status": "OK", "time": 1783319894.519618}
{"event": "task_complete", "run_id": "BALANCED_SELECTOR_PROBE__vanilla__e2-vanilla-25c-01__A4_BALANCED_SELECTOR_LOCAL_SEARCH__seed3", "status": "OK", "time": 1783319894.847604}
{"event": "task_complete", "run_id": "BALANCED_SELECTOR_PROBE__vanilla__e2-vanilla-50c-01__A4_BALANCED_SELECTOR_LOCAL_SEARCH__seed1", "status": "OK", "time": 1783319945.158853}
{"event": "task_complete", "run_id": "BALANCED_SELECTOR_PROBE__vanilla__e2-vanilla-50c-01__LNS_TRACE_REFERENCE__seed1", "status": "OK", "time": 1783319945.7734258}
{"event": "task_complete", "run_id": "BALANCED_SELECTOR_PROBE__vanilla__e2-vanilla-50c-01__A0_MAIN_LOCAL_SEARCH__seed1", "status": "OK", "time": 1783319951.145657}
{"event": "task_complete", "run_id": "BALANCED_SELECTOR_PROBE__vanilla__e2-vanilla-50c-01__A4_BALANCED_SELECTOR_LOCAL_SEARCH__seed2", "status": "OK", "time": 1783320008.0388548}
{"event": "task_complete", "run_id": "BALANCED_SELECTOR_PROBE__vanilla__e2-vanilla-50c-01__LNS_TRACE_REFERENCE__seed2", "status": "OK", "time": 1783320010.0866308}
{"event": "task_complete", "run_id": "BALANCED_SELECTOR_PROBE__vanilla__e2-vanilla-50c-01__A0_MAIN_LOCAL_SEARCH__seed2", "status": "OK", "time": 1783320032.198904}
{"event": "task_complete", "run_id": "BALANCED_SELECTOR_PROBE__vanilla__e2-vanilla-150c-01__A4_BALANCED_SELECTOR_LOCAL_SEARCH__seed3", "status": "OK", "time": 1783320053.516049}
{"event": "task_complete", "run_id": "BALANCED_SELECTOR_PROBE__vanilla__e2-vanilla-50c-01__LNS_TRACE_REFERENCE__seed3", "status": "OK", "time": 1783320054.332642}
{"event": "task_complete", "run_id": "BALANCED_SELECTOR_PROBE__vanilla__e2-vanilla-50c-01__A0_MAIN_LOCAL_SEARCH__seed3", "status": "OK", "time": 1783320065.650818}
{"event": "task_complete", "run_id": "BALANCED_SELECTOR_PROBE__vanilla__e2-vanilla-50c-01__A4_BALANCED_SELECTOR_LOCAL_SEARCH__seed3", "status": "OK", "time": 1783320082.47976}
{"event": "complete", "fail": 0, "rows": 144, "time": 1783320093.669039, "verdict": "A4_BALANCED_SELECTOR_PROMISING"}
