{"event": "start", "head": "52f0bf709ca726ab1dc7372620fcbd042bbc8d05", "time": 1783259824.373802}
{"event": "task_start", "profile": "LNS_TRACE", "run_id": "LNS_ACCEPTANCE_SCHEDULER_AUDIT__multidepot__e2-multidepot-100c-01__LNS_TRACE__seed1", "time": 1783259826.150482}
{"event": "task_start", "profile": "A0_TRACE", "run_id": "LNS_ACCEPTANCE_SCHEDULER_AUDIT__multidepot__e2-multidepot-100c-01__A0_TRACE__seed1", "time": 1783259826.1842518}
{"event": "task_start", "profile": "LNS_TRACE", "run_id": "LNS_ACCEPTANCE_SCHEDULER_AUDIT__multidepot__e2-multidepot-100c-01__LNS_TRACE__seed2", "time": 1783259826.196779}
{"elapsed": 119.37836983300076, "event": "task_complete", "run_id": "LNS_ACCEPTANCE_SCHEDULER_AUDIT__multidepot__e2-multidepot-100c-01__A0_TRACE__seed1", "status": "OK", "time": 1783259945.5657768}
{"event": "task_start", "profile": "A0_TRACE", "run_id": "LNS_ACCEPTANCE_SCHEDULER_AUDIT__multidepot__e2-multidepot-100c-01__A0_TRACE__seed2", "time": 1783259945.587193}
{"elapsed": 193.80657687499843, "event": "task_complete", "run_id": "LNS_ACCEPTANCE_SCHEDULER_AUDIT__multidepot__e2-multidepot-100c-01__LNS_TRACE__seed2", "status": "OK", "time": 1783260020.006551}
{"event": "task_start", "profile": "LNS_TRACE", "run_id": "LNS_ACCEPTANCE_SCHEDULER_AUDIT__multidepot__e2-multidepot-100c-01__LNS_TRACE__seed3", "time": 1783260020.01768}
{"elapsed": 212.90323304199774, "event": "task_complete", "run_id": "LNS_ACCEPTANCE_SCHEDULER_AUDIT__multidepot__e2-multidepot-100c-01__LNS_TRACE__seed1", "status": "OK", "time": 1783260039.057149}
{"event": "task_start", "profile": "A0_TRACE", "run_id": "LNS_ACCEPTANCE_SCHEDULER_AUDIT__multidepot__e2-multidepot-100c-01__A0_TRACE__seed3", "time": 1783260039.067777}
{"elapsed": 114.91423270800078, "event": "task_complete", "run_id": "LNS_ACCEPTANCE_SCHEDULER_AUDIT__multidepot__e2-multidepot-100c-01__A0_TRACE__seed2", "status": "OK", "time": 1783260060.503614}
{"event": "task_start", "profile": "LNS_TRACE", "run_id": "LNS_ACCEPTANCE_SCHEDULER_AUDIT__multidepot__e2-multidepot-10c-01__LNS_TRACE__seed1", "time": 1783260060.52264}
{"elapsed": 7.678827374998946, "event": "task_complete", "run_id": "LNS_ACCEPTANCE_SCHEDULER_AUDIT__multidepot__e2-multidepot-10c-01__LNS_TRACE__seed1", "status": "OK", "time": 1783260068.201594}
{"event": "task_start", "profile": "A0_TRACE", "run_id": "LNS_ACCEPTANCE_SCHEDULER_AUDIT__multidepot__e2-multidepot-10c-01__A0_TRACE__seed1", "time": 1783260068.210221}
{"elapsed": 2.9412533750000875, "event": "task_complete", "run_id": "LNS_ACCEPTANCE_SCHEDULER_AUDIT__multidepot__e2-multidepot-10c-01__A0_TRACE__seed1", "status": "OK", "time": 1783260071.152129}
{"event": "task_start", "profile": "LNS_TRACE", "run_id": "LNS_ACCEPTANCE_SCHEDULER_AUDIT__multidepot__e2-multidepot-10c-01__LNS_TRACE__seed2", "time": 1783260071.1742861}
{"elapsed": 7.709289458998683, "event": "task_complete", "run_id": "LNS_ACCEPTANCE_SCHEDULER_AUDIT__multidepot__e2-multidepot-10c-01__LNS_TRACE__seed2", "status": "OK", "time": 1783260078.883817}
{"event": "task_start", "profile": "A0_TRACE", "run_id": "LNS_ACCEPTANCE_SCHEDULER_AUDIT__multidepot__e2-multidepot-10c-01__A0_TRACE__seed2", "time": 1783260078.893229}
{"elapsed": 4.009780249998585, "event": "task_complete", "run_id": "LNS_ACCEPTANCE_SCHEDULER_AUDIT__multidepot__e2-multidepot-10c-01__A0_TRACE__seed2", "status": "OK", "time": 1783260082.9034529}
{"event": "task_start", "profile": "LNS_TRACE", "run_id": "LNS_ACCEPTANCE_SCHEDULER_AUDIT__multidepot__e2-multidepot-10c-01__LNS_TRACE__seed3", "time": 1783260082.921699}
{"elapsed": 6.640702541997598, "event": "task_complete", "run_id": "LNS_ACCEPTANCE_SCHEDULER_AUDIT__multidepot__e2-multidepot-10c-01__LNS_TRACE__seed3", "status": "OK", "time": 1783260089.5623722}
{"event": "task_start", "profile": "A0_TRACE", "run_id": "LNS_ACCEPTANCE_SCHEDULER_AUDIT__multidepot__e2-multidepot-10c-01__A0_TRACE__seed3", "time": 1783260089.570704}
{"elapsed": 2.9271653329997207, "event": "task_complete", "run_id": "LNS_ACCEPTANCE_SCHEDULER_AUDIT__multidepot__e2-multidepot-10c-01__A0_TRACE__seed3", "status": "OK", "time": 1783260092.498272}
{"event": "task_start", "profile": "LNS_TRACE", "run_id": "LNS_ACCEPTANCE_SCHEDULER_AUDIT__multidepot__e2-multidepot-150c-01__LNS_TRACE__seed1", "time": 1783260092.518636}
{"elapsed": 117.17947012500008, "event": "task_complete", "run_id": "LNS_ACCEPTANCE_SCHEDULER_AUDIT__multidepot__e2-multidepot-100c-01__A0_TRACE__seed3", "status": "OK", "time": 1783260156.2499342}
{"event": "task_start", "profile": "A0_TRACE", "run_id": "LNS_ACCEPTANCE_SCHEDULER_AUDIT__multidepot__e2-multidepot-150c-01__A0_TRACE__seed1", "time": 1783260156.27204}
{"elapsed": 188.222082166998, "event": "task_complete", "run_id": "LNS_ACCEPTANCE_SCHEDULER_AUDIT__multidepot__e2-multidepot-100c-01__LNS_TRACE__seed3", "status": "OK", "time": 1783260208.242933}
{"event": "task_start", "profile": "LNS_TRACE", "run_id": "LNS_ACCEPTANCE_SCHEDULER_AUDIT__multidepot__e2-multidepot-150c-01__LNS_TRACE__seed2", "time": 1783260208.2525508}
{"elapsed": 317.1821874160014, "event": "task_complete", "run_id": "LNS_ACCEPTANCE_SCHEDULER_AUDIT__multidepot__e2-multidepot-150c-01__LNS_TRACE__seed1", "status": "OK", "time": 1783260409.7052212}
{"event": "task_start", "profile": "A0_TRACE", "run_id": "LNS_ACCEPTANCE_SCHEDULER_AUDIT__multidepot__e2-multidepot-150c-01__A0_TRACE__seed2", "time": 1783260409.714972}
{"elapsed": 282.94491650000055, "event": "task_complete", "run_id": "LNS_ACCEPTANCE_SCHEDULER_AUDIT__multidepot__e2-multidepot-150c-01__A0_TRACE__seed1", "status": "OK", "time": 1783260439.22125}
{"event": "task_start", "profile": "LNS_TRACE", "run_id": "LNS_ACCEPTANCE_SCHEDULER_AUDIT__multidepot__e2-multidepot-150c-01__LNS_TRACE__seed3", "time": 1783260439.2417338}
{"elapsed": 329.6222493749956, "event": "task_complete", "run_id": "LNS_ACCEPTANCE_SCHEDULER_AUDIT__multidepot__e2-multidepot-150c-01__LNS_TRACE__seed2", "status": "OK", "time": 1783260537.879128}
{"event": "task_start", "profile": "A0_TRACE", "run_id": "LNS_ACCEPTANCE_SCHEDULER_AUDIT__multidepot__e2-multidepot-150c-01__A0_TRACE__seed3", "time": 1783260537.8906481}
{"elapsed": 254.72527845899822, "event": "task_complete", "run_id": "LNS_ACCEPTANCE_SCHEDULER_AUDIT__multidepot__e2-multidepot-150c-01__A0_TRACE__seed2", "status": "OK", "time": 1783260664.534793}
{"event": "task_start", "profile": "LNS_TRACE", "run_id": "LNS_ACCEPTANCE_SCHEDULER_AUDIT__multidepot__e2-multidepot-15c-01__LNS_TRACE__seed1", "time": 1783260664.558012}
{"elapsed": 7.527790125001047, "event": "task_complete", "run_id": "LNS_ACCEPTANCE_SCHEDULER_AUDIT__multidepot__e2-multidepot-15c-01__LNS_TRACE__seed1", "status": "OK", "time": 1783260672.086093}
{"event": "task_start", "profile": "A0_TRACE", "run_id": "LNS_ACCEPTANCE_SCHEDULER_AUDIT__multidepot__e2-multidepot-15c-01__A0_TRACE__seed1", "time": 1783260672.094653}
{"elapsed": 3.612320999993244, "event": "task_complete", "run_id": "LNS_ACCEPTANCE_SCHEDULER_AUDIT__multidepot__e2-multidepot-15c-01__A0_TRACE__seed1", "status": "OK", "time": 1783260675.707438}
{"event": "task_start", "profile": "LNS_TRACE", "run_id": "LNS_ACCEPTANCE_SCHEDULER_AUDIT__multidepot__e2-multidepot-15c-01__LNS_TRACE__seed2", "time": 1783260675.7331572}
{"elapsed": 7.070352624999941, "event": "task_complete", "run_id": "LNS_ACCEPTANCE_SCHEDULER_AUDIT__multidepot__e2-multidepot-15c-01__LNS_TRACE__seed2", "status": "OK", "time": 1783260682.8036218}
{"event": "task_start", "profile": "A0_TRACE", "run_id": "LNS_ACCEPTANCE_SCHEDULER_AUDIT__multidepot__e2-multidepot-15c-01__A0_TRACE__seed2", "time": 1783260682.812418}
{"elapsed": 4.275194958005159, "event": "task_complete", "run_id": "LNS_ACCEPTANCE_SCHEDULER_AUDIT__multidepot__e2-multidepot-15c-01__A0_TRACE__seed2", "status": "OK", "time": 1783260687.0881212}
{"event": "task_start", "profile": "LNS_TRACE", "run_id": "LNS_ACCEPTANCE_SCHEDULER_AUDIT__multidepot__e2-multidepot-15c-01__LNS_TRACE__seed3", "time": 1783260687.109748}
{"elapsed": 10.436847208002291, "event": "task_complete", "run_id": "LNS_ACCEPTANCE_SCHEDULER_AUDIT__multidepot__e2-multidepot-15c-01__LNS_TRACE__seed3", "status": "OK", "time": 1783260697.54804}
{"event": "task_start", "profile": "A0_TRACE", "run_id": "LNS_ACCEPTANCE_SCHEDULER_AUDIT__multidepot__e2-multidepot-15c-01__A0_TRACE__seed3", "time": 1783260697.557429}
{"elapsed": 3.9041016249975655, "event": "task_complete", "run_id": "LNS_ACCEPTANCE_SCHEDULER_AUDIT__multidepot__e2-multidepot-15c-01__A0_TRACE__seed3", "status": "OK", "time": 1783260701.461487}
{"event": "task_start", "profile": "LNS_TRACE", "run_id": "LNS_ACCEPTANCE_SCHEDULER_AUDIT__multidepot__e2-multidepot-20c-01__LNS_TRACE__seed1", "time": 1783260701.489394}
{"elapsed": 25.968119292003394, "event": "task_complete", "run_id": "LNS_ACCEPTANCE_SCHEDULER_AUDIT__multidepot__e2-multidepot-20c-01__LNS_TRACE__seed1", "status": "OK", "time": 1783260727.458019}
{"event": "task_start", "profile": "A0_TRACE", "run_id": "LNS_ACCEPTANCE_SCHEDULER_AUDIT__multidepot__e2-multidepot-20c-01__A0_TRACE__seed1", "time": 1783260727.4678242}
{"elapsed": 6.304180500002985, "event": "task_complete", "run_id": "LNS_ACCEPTANCE_SCHEDULER_AUDIT__multidepot__e2-multidepot-20c-01__A0_TRACE__seed1", "status": "OK", "time": 1783260733.7721238}
{"event": "task_start", "profile": "LNS_TRACE", "run_id": "LNS_ACCEPTANCE_SCHEDULER_AUDIT__multidepot__e2-multidepot-20c-01__LNS_TRACE__seed2", "time": 1783260733.7931678}
{"elapsed": 21.382956249995914, "event": "task_complete", "run_id": "LNS_ACCEPTANCE_SCHEDULER_AUDIT__multidepot__e2-multidepot-20c-01__LNS_TRACE__seed2", "status": "OK", "time": 1783260755.1776462}
{"event": "task_start", "profile": "A0_TRACE", "run_id": "LNS_ACCEPTANCE_SCHEDULER_AUDIT__multidepot__e2-multidepot-20c-01__A0_TRACE__seed2", "time": 1783260755.187396}
{"elapsed": 6.299133833002998, "event": "task_complete", "run_id": "LNS_ACCEPTANCE_SCHEDULER_AUDIT__multidepot__e2-multidepot-20c-01__A0_TRACE__seed2", "status": "OK", "time": 1783260761.48673}
{"event": "task_start", "profile": "LNS_TRACE", "run_id": "LNS_ACCEPTANCE_SCHEDULER_AUDIT__multidepot__e2-multidepot-20c-01__LNS_TRACE__seed3", "time": 1783260761.5115352}
{"elapsed": 22.798330332996557, "event": "task_complete", "run_id": "LNS_ACCEPTANCE_SCHEDULER_AUDIT__multidepot__e2-multidepot-20c-01__LNS_TRACE__seed3", "status": "OK", "time": 1783260784.311445}
{"event": "task_start", "profile": "A0_TRACE", "run_id": "LNS_ACCEPTANCE_SCHEDULER_AUDIT__multidepot__e2-multidepot-20c-01__A0_TRACE__seed3", "time": 1783260784.320191}
{"elapsed": 6.641393958998378, "event": "task_complete", "run_id": "LNS_ACCEPTANCE_SCHEDULER_AUDIT__multidepot__e2-multidepot-20c-01__A0_TRACE__seed3", "status": "OK", "time": 1783260790.961846}
{"event": "task_start", "profile": "LNS_TRACE", "run_id": "LNS_ACCEPTANCE_SCHEDULER_AUDIT__multidepot__e2-multidepot-50c-01__LNS_TRACE__seed1", "time": 1783260790.9853592}
{"elapsed": 255.51185579199955, "event": "task_complete", "run_id": "LNS_ACCEPTANCE_SCHEDULER_AUDIT__multidepot__e2-multidepot-150c-01__A0_TRACE__seed3", "status": "OK", "time": 1783260793.4970229}
{"event": "task_start", "profile": "A0_TRACE", "run_id": "LNS_ACCEPTANCE_SCHEDULER_AUDIT__multidepot__e2-multidepot-50c-01__A0_TRACE__seed1", "time": 1783260793.526137}
{"elapsed": 356.08549837499595, "event": "task_complete", "run_id": "LNS_ACCEPTANCE_SCHEDULER_AUDIT__multidepot__e2-multidepot-150c-01__LNS_TRACE__seed3", "status": "OK", "time": 1783260795.4232152}
{"event": "task_start", "profile": "LNS_TRACE", "run_id": "LNS_ACCEPTANCE_SCHEDULER_AUDIT__multidepot__e2-multidepot-50c-01__LNS_TRACE__seed2", "time": 1783260795.4340532}
{"elapsed": 30.78403079200507, "event": "task_complete", "run_id": "LNS_ACCEPTANCE_SCHEDULER_AUDIT__multidepot__e2-multidepot-50c-01__A0_TRACE__seed1", "status": "OK", "time": 1783260824.311761}
{"event": "task_start", "profile": "A0_TRACE", "run_id": "LNS_ACCEPTANCE_SCHEDULER_AUDIT__multidepot__e2-multidepot-50c-01__A0_TRACE__seed2", "time": 1783260824.3299992}
{"elapsed": 31.76408841599914, "event": "task_complete", "run_id": "LNS_ACCEPTANCE_SCHEDULER_AUDIT__multidepot__e2-multidepot-50c-01__A0_TRACE__seed2", "status": "OK", "time": 1783260856.0958982}
{"event": "task_start", "profile": "LNS_TRACE", "run_id": "LNS_ACCEPTANCE_SCHEDULER_AUDIT__multidepot__e2-multidepot-50c-01__LNS_TRACE__seed3", "time": 1783260856.1136131}
{"elapsed": 101.03328133399918, "event": "task_complete", "run_id": "LNS_ACCEPTANCE_SCHEDULER_AUDIT__multidepot__e2-multidepot-50c-01__LNS_TRACE__seed2", "status": "OK", "time": 1783260896.470429}
{"event": "task_start", "profile": "A0_TRACE", "run_id": "LNS_ACCEPTANCE_SCHEDULER_AUDIT__multidepot__e2-multidepot-50c-01__A0_TRACE__seed3", "time": 1783260896.480423}
{"elapsed": 112.30939220799337, "event": "task_complete", "run_id": "LNS_ACCEPTANCE_SCHEDULER_AUDIT__multidepot__e2-multidepot-50c-01__LNS_TRACE__seed1", "status": "OK", "time": 1783260903.2972622}
{"event": "task_start", "profile": "LNS_TRACE", "run_id": "LNS_ACCEPTANCE_SCHEDULER_AUDIT__multidepot__e2-multidepot-75c-01__LNS_TRACE__seed1", "time": 1783260903.308138}
{"elapsed": 29.476551917003235, "event": "task_complete", "run_id": "LNS_ACCEPTANCE_SCHEDULER_AUDIT__multidepot__e2-multidepot-50c-01__A0_TRACE__seed3", "status": "OK", "time": 1783260925.958317}
{"event": "task_start", "profile": "A0_TRACE", "run_id": "LNS_ACCEPTANCE_SCHEDULER_AUDIT__multidepot__e2-multidepot-75c-01__A0_TRACE__seed1", "time": 1783260925.9763641}
{"elapsed": 118.65963495899632, "event": "task_complete", "run_id": "LNS_ACCEPTANCE_SCHEDULER_AUDIT__multidepot__e2-multidepot-50c-01__LNS_TRACE__seed3", "status": "OK", "time": 1783260974.776858}
{"event": "task_start", "profile": "LNS_TRACE", "run_id": "LNS_ACCEPTANCE_SCHEDULER_AUDIT__multidepot__e2-multidepot-75c-01__LNS_TRACE__seed2", "time": 1783260974.786932}
{"elapsed": 65.64743991699652, "event": "task_complete", "run_id": "LNS_ACCEPTANCE_SCHEDULER_AUDIT__multidepot__e2-multidepot-75c-01__A0_TRACE__seed1", "status": "OK", "time": 1783260991.626173}
{"event": "task_start", "profile": "A0_TRACE", "run_id": "LNS_ACCEPTANCE_SCHEDULER_AUDIT__multidepot__e2-multidepot-75c-01__A0_TRACE__seed2", "time": 1783260991.645178}
{"elapsed": 148.93517329099996, "event": "task_complete", "run_id": "LNS_ACCEPTANCE_SCHEDULER_AUDIT__multidepot__e2-multidepot-75c-01__LNS_TRACE__seed1", "status": "OK", "time": 1783261052.2474859}
{"event": "task_start", "profile": "LNS_TRACE", "run_id": "LNS_ACCEPTANCE_SCHEDULER_AUDIT__multidepot__e2-multidepot-75c-01__LNS_TRACE__seed3", "time": 1783261052.257497}
{"elapsed": 63.09525420799764, "event": "task_complete", "run_id": "LNS_ACCEPTANCE_SCHEDULER_AUDIT__multidepot__e2-multidepot-75c-01__A0_TRACE__seed2", "status": "OK", "time": 1783261054.741905}
{"event": "task_start", "profile": "A0_TRACE", "run_id": "LNS_ACCEPTANCE_SCHEDULER_AUDIT__multidepot__e2-multidepot-75c-01__A0_TRACE__seed3", "time": 1783261054.7613142}
{"elapsed": 141.20779262499855, "event": "task_complete", "run_id": "LNS_ACCEPTANCE_SCHEDULER_AUDIT__multidepot__e2-multidepot-75c-01__LNS_TRACE__seed2", "status": "OK", "time": 1783261115.999572}
{"event": "task_start", "profile": "LNS_TRACE", "run_id": "LNS_ACCEPTANCE_SCHEDULER_AUDIT__threeshift__e2-threeshift-100c-01__LNS_TRACE__seed1", "time": 1783261116.009006}
{"elapsed": 75.94255554100528, "event": "task_complete", "run_id": "LNS_ACCEPTANCE_SCHEDULER_AUDIT__multidepot__e2-multidepot-75c-01__A0_TRACE__seed3", "status": "OK", "time": 1783261130.706343}
{"event": "task_start", "profile": "A0_TRACE", "run_id": "LNS_ACCEPTANCE_SCHEDULER_AUDIT__threeshift__e2-threeshift-100c-01__A0_TRACE__seed1", "time": 1783261130.7261791}
{"elapsed": 146.46309425000072, "event": "task_complete", "run_id": "LNS_ACCEPTANCE_SCHEDULER_AUDIT__multidepot__e2-multidepot-75c-01__LNS_TRACE__seed3", "status": "OK", "time": 1783261198.724687}
{"event": "task_start", "profile": "LNS_TRACE", "run_id": "LNS_ACCEPTANCE_SCHEDULER_AUDIT__threeshift__e2-threeshift-100c-01__LNS_TRACE__seed2", "time": 1783261198.7349162}
{"elapsed": 110.44904512500216, "event": "task_complete", "run_id": "LNS_ACCEPTANCE_SCHEDULER_AUDIT__threeshift__e2-threeshift-100c-01__A0_TRACE__seed1", "status": "OK", "time": 1783261241.1791658}
{"event": "task_start", "profile": "A0_TRACE", "run_id": "LNS_ACCEPTANCE_SCHEDULER_AUDIT__threeshift__e2-threeshift-100c-01__A0_TRACE__seed2", "time": 1783261241.199151}
{"elapsed": 195.63416504199995, "event": "task_complete", "run_id": "LNS_ACCEPTANCE_SCHEDULER_AUDIT__threeshift__e2-threeshift-100c-01__LNS_TRACE__seed1", "status": "OK", "time": 1783261311.6482408}
{"event": "task_start", "profile": "LNS_TRACE", "run_id": "LNS_ACCEPTANCE_SCHEDULER_AUDIT__threeshift__e2-threeshift-100c-01__LNS_TRACE__seed3", "time": 1783261311.657792}
{"elapsed": 113.04280175000167, "event": "task_complete", "run_id": "LNS_ACCEPTANCE_SCHEDULER_AUDIT__threeshift__e2-threeshift-100c-01__A0_TRACE__seed2", "status": "OK", "time": 1783261354.2462568}
{"event": "task_start", "profile": "A0_TRACE", "run_id": "LNS_ACCEPTANCE_SCHEDULER_AUDIT__threeshift__e2-threeshift-100c-01__A0_TRACE__seed3", "time": 1783261354.266804}
{"elapsed": 232.6086057079956, "event": "task_complete", "run_id": "LNS_ACCEPTANCE_SCHEDULER_AUDIT__threeshift__e2-threeshift-100c-01__LNS_TRACE__seed2", "status": "OK", "time": 1783261431.34939}
{"event": "task_start", "profile": "LNS_TRACE", "run_id": "LNS_ACCEPTANCE_SCHEDULER_AUDIT__threeshift__e2-threeshift-150c-01__LNS_TRACE__seed1", "time": 1783261431.359696}
{"elapsed": 109.63348579200101, "event": "task_complete", "run_id": "LNS_ACCEPTANCE_SCHEDULER_AUDIT__threeshift__e2-threeshift-100c-01__A0_TRACE__seed3", "status": "OK", "time": 1783261463.90378}
{"event": "task_start", "profile": "A0_TRACE", "run_id": "LNS_ACCEPTANCE_SCHEDULER_AUDIT__threeshift__e2-threeshift-150c-01__A0_TRACE__seed1", "time": 1783261463.921865}
{"elapsed": 28.230634042003658, "event": "task_complete", "run_id": "LNS_ACCEPTANCE_SCHEDULER_AUDIT__threeshift__e2-threeshift-150c-01__A0_TRACE__seed1", "status": "OK", "time": 1783261492.154274}
{"event": "task_start", "profile": "LNS_TRACE", "run_id": "LNS_ACCEPTANCE_SCHEDULER_AUDIT__threeshift__e2-threeshift-150c-01__LNS_TRACE__seed2", "time": 1783261492.1744561}
{"elapsed": 188.7539756660044, "event": "task_complete", "run_id": "LNS_ACCEPTANCE_SCHEDULER_AUDIT__threeshift__e2-threeshift-100c-01__LNS_TRACE__seed3", "status": "OK", "time": 1783261500.415811}
{"event": "task_start", "profile": "A0_TRACE", "run_id": "LNS_ACCEPTANCE_SCHEDULER_AUDIT__threeshift__e2-threeshift-150c-01__A0_TRACE__seed2", "time": 1783261500.4274719}
{"elapsed": 176.48912037499395, "event": "task_complete", "run_id": "LNS_ACCEPTANCE_SCHEDULER_AUDIT__threeshift__e2-threeshift-150c-01__A0_TRACE__seed2", "status": "OK", "time": 1783261676.799372}
{"event": "task_start", "profile": "LNS_TRACE", "run_id": "LNS_ACCEPTANCE_SCHEDULER_AUDIT__threeshift__e2-threeshift-150c-01__LNS_TRACE__seed3", "time": 1783261676.820727}
{"elapsed": 271.44389900000533, "event": "task_complete", "run_id": "LNS_ACCEPTANCE_SCHEDULER_AUDIT__threeshift__e2-threeshift-150c-01__LNS_TRACE__seed1", "status": "OK", "time": 1783261702.687814}
{"event": "task_start", "profile": "A0_TRACE", "run_id": "LNS_ACCEPTANCE_SCHEDULER_AUDIT__threeshift__e2-threeshift-150c-01__A0_TRACE__seed3", "time": 1783261702.6982982}
{"elapsed": 289.0211113340047, "event": "task_complete", "run_id": "LNS_ACCEPTANCE_SCHEDULER_AUDIT__threeshift__e2-threeshift-150c-01__LNS_TRACE__seed2", "status": "OK", "time": 1783261781.078562}
{"event": "task_start", "profile": "LNS_TRACE", "run_id": "LNS_ACCEPTANCE_SCHEDULER_AUDIT__threeshift__e2-threeshift-50c-01__LNS_TRACE__seed1", "time": 1783261781.090944}
{"elapsed": 102.86617270799616, "event": "task_complete", "run_id": "LNS_ACCEPTANCE_SCHEDULER_AUDIT__threeshift__e2-threeshift-50c-01__LNS_TRACE__seed1", "status": "OK", "time": 1783261883.958271}
{"event": "task_start", "profile": "A0_TRACE", "run_id": "LNS_ACCEPTANCE_SCHEDULER_AUDIT__threeshift__e2-threeshift-50c-01__A0_TRACE__seed1", "time": 1783261883.9678369}
{"elapsed": 29.397653291998722, "event": "task_complete", "run_id": "LNS_ACCEPTANCE_SCHEDULER_AUDIT__threeshift__e2-threeshift-50c-01__A0_TRACE__seed1", "status": "OK", "time": 1783261913.36725}
{"event": "task_start", "profile": "LNS_TRACE", "run_id": "LNS_ACCEPTANCE_SCHEDULER_AUDIT__threeshift__e2-threeshift-50c-01__LNS_TRACE__seed2", "time": 1783261913.385647}
{"elapsed": 226.30775412500225, "event": "task_complete", "run_id": "LNS_ACCEPTANCE_SCHEDULER_AUDIT__threeshift__e2-threeshift-150c-01__A0_TRACE__seed3", "status": "OK", "time": 1783261929.007921}
{"event": "task_start", "profile": "A0_TRACE", "run_id": "LNS_ACCEPTANCE_SCHEDULER_AUDIT__threeshift__e2-threeshift-50c-01__A0_TRACE__seed2", "time": 1783261929.027116}
{"elapsed": 26.65717675000633, "event": "task_complete", "run_id": "LNS_ACCEPTANCE_SCHEDULER_AUDIT__threeshift__e2-threeshift-50c-01__A0_TRACE__seed2", "status": "OK", "time": 1783261955.6853209}
{"event": "task_start", "profile": "LNS_TRACE", "run_id": "LNS_ACCEPTANCE_SCHEDULER_AUDIT__threeshift__e2-threeshift-50c-01__LNS_TRACE__seed3", "time": 1783261955.703213}
{"elapsed": 314.73464533300285, "event": "task_complete", "run_id": "LNS_ACCEPTANCE_SCHEDULER_AUDIT__threeshift__e2-threeshift-150c-01__LNS_TRACE__seed3", "status": "OK", "time": 1783261991.5579252}
{"event": "task_start", "profile": "A0_TRACE", "run_id": "LNS_ACCEPTANCE_SCHEDULER_AUDIT__threeshift__e2-threeshift-50c-01__A0_TRACE__seed3", "time": 1783261991.5669692}
{"elapsed": 28.320566416994552, "event": "task_complete", "run_id": "LNS_ACCEPTANCE_SCHEDULER_AUDIT__threeshift__e2-threeshift-50c-01__A0_TRACE__seed3", "status": "OK", "time": 1783262019.8886971}
{"event": "task_start", "profile": "LNS_TRACE", "run_id": "LNS_ACCEPTANCE_SCHEDULER_AUDIT__threeshift__e2-threeshift-75c-01__LNS_TRACE__seed1", "time": 1783262019.907504}
{"elapsed": 111.3828259580041, "event": "task_complete", "run_id": "LNS_ACCEPTANCE_SCHEDULER_AUDIT__threeshift__e2-threeshift-50c-01__LNS_TRACE__seed2", "status": "OK", "time": 1783262024.769094}
{"event": "task_start", "profile": "A0_TRACE", "run_id": "LNS_ACCEPTANCE_SCHEDULER_AUDIT__threeshift__e2-threeshift-75c-01__A0_TRACE__seed1", "time": 1783262024.7790542}
{"elapsed": 102.2001524590014, "event": "task_complete", "run_id": "LNS_ACCEPTANCE_SCHEDULER_AUDIT__threeshift__e2-threeshift-50c-01__LNS_TRACE__seed3", "status": "OK", "time": 1783262057.904809}
{"event": "task_start", "profile": "LNS_TRACE", "run_id": "LNS_ACCEPTANCE_SCHEDULER_AUDIT__threeshift__e2-threeshift-75c-01__LNS_TRACE__seed2", "time": 1783262057.915275}
{"elapsed": 72.03992933299742, "event": "task_complete", "run_id": "LNS_ACCEPTANCE_SCHEDULER_AUDIT__threeshift__e2-threeshift-75c-01__A0_TRACE__seed1", "status": "OK", "time": 1783262096.8207538}
{"event": "task_start", "profile": "A0_TRACE", "run_id": "LNS_ACCEPTANCE_SCHEDULER_AUDIT__threeshift__e2-threeshift-75c-01__A0_TRACE__seed2", "time": 1783262096.83835}
{"elapsed": 50.320467958001245, "event": "task_complete", "run_id": "LNS_ACCEPTANCE_SCHEDULER_AUDIT__threeshift__e2-threeshift-75c-01__A0_TRACE__seed2", "status": "OK", "time": 1783262147.160678}
{"event": "task_start", "profile": "LNS_TRACE", "run_id": "LNS_ACCEPTANCE_SCHEDULER_AUDIT__threeshift__e2-threeshift-75c-01__LNS_TRACE__seed3", "time": 1783262147.1782389}
{"elapsed": 156.12474762499915, "event": "task_complete", "run_id": "LNS_ACCEPTANCE_SCHEDULER_AUDIT__threeshift__e2-threeshift-75c-01__LNS_TRACE__seed1", "status": "OK", "time": 1783262176.034132}
{"event": "task_start", "profile": "A0_TRACE", "run_id": "LNS_ACCEPTANCE_SCHEDULER_AUDIT__threeshift__e2-threeshift-75c-01__A0_TRACE__seed3", "time": 1783262176.043649}
{"elapsed": 160.87533287499537, "event": "task_complete", "run_id": "LNS_ACCEPTANCE_SCHEDULER_AUDIT__threeshift__e2-threeshift-75c-01__LNS_TRACE__seed2", "status": "OK", "time": 1783262218.792138}
{"event": "task_start", "profile": "LNS_TRACE", "run_id": "LNS_ACCEPTANCE_SCHEDULER_AUDIT__vanilla__e2-vanilla-100c-01__LNS_TRACE__seed1", "time": 1783262218.801845}
{"elapsed": 58.25570591699943, "event": "task_complete", "run_id": "LNS_ACCEPTANCE_SCHEDULER_AUDIT__threeshift__e2-threeshift-75c-01__A0_TRACE__seed3", "status": "OK", "time": 1783262234.30078}
{"event": "task_start", "profile": "A0_TRACE", "run_id": "LNS_ACCEPTANCE_SCHEDULER_AUDIT__vanilla__e2-vanilla-100c-01__A0_TRACE__seed1", "time": 1783262234.320097}
{"elapsed": 161.9291892090041, "event": "task_complete", "run_id": "LNS_ACCEPTANCE_SCHEDULER_AUDIT__threeshift__e2-threeshift-75c-01__LNS_TRACE__seed3", "status": "OK", "time": 1783262309.108831}
{"event": "task_start", "profile": "LNS_TRACE", "run_id": "LNS_ACCEPTANCE_SCHEDULER_AUDIT__vanilla__e2-vanilla-100c-01__LNS_TRACE__seed2", "time": 1783262309.119353}
{"elapsed": 118.91046283300238, "event": "task_complete", "run_id": "LNS_ACCEPTANCE_SCHEDULER_AUDIT__vanilla__e2-vanilla-100c-01__A0_TRACE__seed1", "status": "OK", "time": 1783262353.2326488}
{"event": "task_start", "profile": "A0_TRACE", "run_id": "LNS_ACCEPTANCE_SCHEDULER_AUDIT__vanilla__e2-vanilla-100c-01__A0_TRACE__seed2", "time": 1783262353.2512178}
{"elapsed": 171.5655143749973, "event": "task_complete", "run_id": "LNS_ACCEPTANCE_SCHEDULER_AUDIT__vanilla__e2-vanilla-100c-01__LNS_TRACE__seed1", "status": "OK", "time": 1783262390.369001}
{"event": "task_start", "profile": "LNS_TRACE", "run_id": "LNS_ACCEPTANCE_SCHEDULER_AUDIT__vanilla__e2-vanilla-100c-01__LNS_TRACE__seed3", "time": 1783262390.377952}
{"elapsed": 119.47039075000066, "event": "task_complete", "run_id": "LNS_ACCEPTANCE_SCHEDULER_AUDIT__vanilla__e2-vanilla-100c-01__A0_TRACE__seed2", "status": "OK", "time": 1783262472.723576}
{"event": "task_start", "profile": "A0_TRACE", "run_id": "LNS_ACCEPTANCE_SCHEDULER_AUDIT__vanilla__e2-vanilla-100c-01__A0_TRACE__seed3", "time": 1783262472.743496}
{"elapsed": 208.89646758299932, "event": "task_complete", "run_id": "LNS_ACCEPTANCE_SCHEDULER_AUDIT__vanilla__e2-vanilla-100c-01__LNS_TRACE__seed2", "status": "OK", "time": 1783262518.02773}
{"event": "task_start", "profile": "LNS_TRACE", "run_id": "LNS_ACCEPTANCE_SCHEDULER_AUDIT__vanilla__e2-vanilla-150c-01__LNS_TRACE__seed1", "time": 1783262518.038096}
{"elapsed": 181.00934091700037, "event": "task_complete", "run_id": "LNS_ACCEPTANCE_SCHEDULER_AUDIT__vanilla__e2-vanilla-100c-01__LNS_TRACE__seed3", "status": "OK", "time": 1783262571.4014888}
{"event": "task_start", "profile": "A0_TRACE", "run_id": "LNS_ACCEPTANCE_SCHEDULER_AUDIT__vanilla__e2-vanilla-150c-01__A0_TRACE__seed1", "time": 1783262571.4119968}
{"elapsed": 124.20911516599881, "event": "task_complete", "run_id": "LNS_ACCEPTANCE_SCHEDULER_AUDIT__vanilla__e2-vanilla-100c-01__A0_TRACE__seed3", "status": "OK", "time": 1783262596.96676}
{"event": "task_start", "profile": "LNS_TRACE", "run_id": "LNS_ACCEPTANCE_SCHEDULER_AUDIT__vanilla__e2-vanilla-150c-01__LNS_TRACE__seed2", "time": 1783262596.985334}
