START arm=O seed=1 budget=100 run_id=O_seed1_budget100
DONE arm=O seed=1 budget=100 search=2149.591734441078 full=2164.772885253248 success=35/35 elapsed=4.085s
START arm=C seed=1 budget=100 run_id=C_seed1_budget100
DONE arm=C seed=1 budget=100 search=2152.150230388952 full=2164.626578675601 success=35/35 elapsed=4.418s
START arm=P seed=1 budget=100 run_id=P_seed1_budget100
DONE arm=P seed=1 budget=100 search=2149.591734441078 full=2164.772885253248 success=35/35 elapsed=4.082s
START arm=O seed=2 budget=100 run_id=O_seed2_budget100
DONE arm=O seed=2 budget=100 search=2152.946017544280 full=2168.150729239561 success=35/35 elapsed=4.179s
START arm=C seed=2 budget=100 run_id=C_seed2_budget100
DONE arm=C seed=2 budget=100 search=2155.538671001026 full=2168.001534491213 success=35/35 elapsed=4.731s
START arm=P seed=2 budget=100 run_id=P_seed2_budget100
DONE arm=P seed=2 budget=100 search=2152.946017544280 full=2168.150729239561 success=35/35 elapsed=4.289s
START arm=O seed=3 budget=100 run_id=O_seed3_budget100
DONE arm=O seed=3 budget=100 search=2156.301385787454 full=2171.618996422380 success=35/35 elapsed=4.108s
START arm=C seed=3 budget=100 run_id=C_seed3_budget100
DONE arm=C seed=3 budget=100 search=2158.986647006411 full=2171.469917740401 success=35/35 elapsed=4.700s
START arm=P seed=3 budget=100 run_id=P_seed3_budget100
DONE arm=P seed=3 budget=100 search=2183.815200319094 full=2199.544825114966 success=35/35 elapsed=4.128s
START arm=O seed=1 budget=1000 run_id=O_seed1_budget1000
DONE arm=O seed=1 budget=1000 search=2164.645959283908 full=2180.118751270395 success=62/62 elapsed=14.559s
START arm=C seed=1 budget=1000 run_id=C_seed1_budget1000
DONE arm=C seed=1 budget=1000 search=2167.306078755338 full=2179.971798436025 success=62/62 elapsed=15.239s
START arm=P seed=1 budget=1000 run_id=P_seed1_budget1000
DONE arm=P seed=1 budget=1000 search=2179.202258781264 full=2194.809879929801 success=62/62 elapsed=14.915s
START arm=O seed=2 budget=1000 run_id=O_seed2_budget1000
DONE arm=O seed=2 budget=1000 search=2178.418761296495 full=2194.008240581904 success=61/62 elapsed=14.458s
START arm=C seed=2 budget=1000 run_id=C_seed2_budget1000
DONE arm=C seed=2 budget=1000 search=2180.842147939982 full=2193.881304570783 success=61/62 elapsed=15.946s
START arm=P seed=2 budget=1000 run_id=P_seed2_budget1000
DONE arm=P seed=2 budget=1000 search=2170.813547853797 full=2186.307606616886 success=62/62 elapsed=14.399s
START arm=O seed=3 budget=1000 run_id=O_seed3_budget1000
DONE arm=O seed=3 budget=1000 search=2178.475154698954 full=2194.128319476733 success=62/62 elapsed=15.256s
START arm=C seed=3 budget=1000 run_id=C_seed3_budget1000
DONE arm=C seed=3 budget=1000 search=2179.690316264491 full=2192.459617460848 success=62/62 elapsed=15.548s
START arm=P seed=3 budget=1000 run_id=P_seed3_budget1000
DONE arm=P seed=3 budget=1000 search=2179.463282246601 full=2195.097177627504 success=62/62 elapsed=14.634s
RUNNER_COMPLETE run_count=18
