This is XeTeX, Version 3.141592653-2.6-0.999993 (MiKTeX 22.1) (preloaded format=xelatex 2026.5.15)  27 AUG 2026 17:39
entering extended mode
 restricted \write18 enabled.
 %&-line parsing enabled.
**./literature_formula_symbol_audit.tex
(literature_formula_symbol_audit.tex
LaTeX2e <2025-11-01>
L3 programming layer <2026-03-20>

(/Users/zhouleixishu/Library/Application Support/MiKTeX/texmfs/install/tex/late
x/ctex/ctexart.cls
(/Users/zhouleixishu/Library/Application Support/MiKTeX/texmfs/install/tex/late
x/ctex/config/ctexbackend.cfg
File: ctexbackend.cfg 2022/07/14 v2.5.10 Backend configuration file (CTEX)
)
(/Library/Application Support/MiKTeX/texmfs/install/tex/latex/l3kernel/expl3.st
y
Package: expl3 2026-03-20 L3 programming layer (loader) 

(/Library/Application Support/MiKTeX/texmfs/install/tex/latex/l3backend/l3backe
nd-xetex.def
File: l3backend-xetex.def 2026-02-18 L3 backend support: XeTeX
\g__graphics_track_int=\count271
\g__pdfannot_backend_int=\count272
\g__pdfannot_backend_link_int=\count273
))
Document Class: ctexart 2022/07/14 v2.5.10 Chinese adapter for class article (C
TEX)

(/Users/zhouleixishu/Library/Application Support/MiKTeX/texmfs/install/tex/late
x/ctex/ctexhook.sty
Package: ctexhook 2022/07/14 v2.5.10 Document and package hooks (CTEX)
)
(/Users/zhouleixishu/Library/Application Support/MiKTeX/texmfs/install/tex/late
x/ctex/ctexpatch.sty
Package: ctexpatch 2022/07/14 v2.5.10 Patching commands (CTEX)
)
(/Library/Application Support/MiKTeX/texmfs/install/tex/latex/base/fix-cm.sty
Package: fix-cm 2020/11/24 v1.1t fixes to LaTeX

(/Library/Application Support/MiKTeX/texmfs/install/tex/latex/base/ts1enc.def
File: ts1enc.def 2001/06/05 v3.0e (jk/car/fm) Standard LaTeX file
LaTeX Font Info:    Redeclaring font encoding TS1 on input line 47.
LaTeX Encoding Info:    Redeclaring text command \capitalcedilla (encoding TS1)
 on input line 49.
LaTeX Encoding Info:    Redeclaring text command \capitalogonek (encoding TS1) 
on input line 52.
LaTeX Encoding Info:    Redeclaring text command \capitalgrave (encoding TS1) o
n input line 55.
LaTeX Encoding Info:    Redeclaring text command \capitalacute (encoding TS1) o
n input line 56.
LaTeX Encoding Info:    Redeclaring text command \capitalcircumflex (encoding T
S1) on input line 57.
LaTeX Encoding Info:    Redeclaring text command \capitaltilde (encoding TS1) o
n input line 58.
LaTeX Encoding Info:    Redeclaring text command \capitaldieresis (encoding TS1
) on input line 59.
LaTeX Encoding Info:    Redeclaring text command \capitalhungarumlaut (encoding
 TS1) on input line 60.
LaTeX Encoding Info:    Redeclaring text command \capitalring (encoding TS1) on
 input line 61.
LaTeX Encoding Info:    Redeclaring text command \capitalcaron (encoding TS1) o
n input line 62.
LaTeX Encoding Info:    Redeclaring text command \capitalbreve (encoding TS1) o
n input line 63.
LaTeX Encoding Info:    Redeclaring text command \capitalmacron (encoding TS1) 
on input line 64.
LaTeX Encoding Info:    Redeclaring text command \capitaldotaccent (encoding TS
1) on input line 65.
LaTeX Encoding Info:    Redeclaring text command \t (encoding TS1) on input lin
e 66.
LaTeX Encoding Info:    Redeclaring text command \capitaltie (encoding TS1) on 
input line 67.
LaTeX Encoding Info:    Redeclaring text command \newtie (encoding TS1) on inpu
t line 68.
LaTeX Encoding Info:    Redeclaring text command \capitalnewtie (encoding TS1) 
on input line 69.
LaTeX Encoding Info:    Redeclaring text symbol \textcapitalcompwordmark (encod
ing TS1) on input line 70.
LaTeX Encoding Info:    Redeclaring text symbol \textascendercompwordmark (enco
ding TS1) on input line 71.
LaTeX Encoding Info:    Redeclaring text symbol \textquotestraightbase (encodin
g TS1) on input line 72.
LaTeX Encoding Info:    Redeclaring text symbol \textquotestraightdblbase (enco
ding TS1) on input line 73.
LaTeX Encoding Info:    Redeclaring text symbol \texttwelveudash (encoding TS1)
 on input line 74.
LaTeX Encoding Info:    Redeclaring text symbol \textthreequartersemdash (encod
ing TS1) on input line 75.
LaTeX Encoding Info:    Redeclaring text symbol \textleftarrow (encoding TS1) o
n input line 76.
LaTeX Encoding Info:    Redeclaring text symbol \textrightarrow (encoding TS1) 
on input line 77.
LaTeX Encoding Info:    Redeclaring text symbol \textblank (encoding TS1) on in
put line 78.
LaTeX Encoding Info:    Redeclaring text symbol \textdollar (encoding TS1) on i
nput line 79.
LaTeX Encoding Info:    Redeclaring text symbol \textquotesingle (encoding TS1)
 on input line 80.
LaTeX Encoding Info:    Redeclaring text command \textasteriskcentered (encodin
g TS1) on input line 81.
LaTeX Encoding Info:    Redeclaring text symbol \textdblhyphen (encoding TS1) o
n input line 92.
LaTeX Encoding Info:    Redeclaring text symbol \textfractionsolidus (encoding 
TS1) on input line 93.
LaTeX Encoding Info:    Redeclaring text symbol \textzerooldstyle (encoding TS1
) on input line 94.
LaTeX Encoding Info:    Redeclaring text symbol \textoneoldstyle (encoding TS1)
 on input line 95.
LaTeX Encoding Info:    Redeclaring text symbol \texttwooldstyle (encoding TS1)
 on input line 96.
LaTeX Encoding Info:    Redeclaring text symbol \textthreeoldstyle (encoding TS
1) on input line 97.
LaTeX Encoding Info:    Redeclaring text symbol \textfouroldstyle (encoding TS1
) on input line 98.
LaTeX Encoding Info:    Redeclaring text symbol \textfiveoldstyle (encoding TS1
) on input line 99.
LaTeX Encoding Info:    Redeclaring text symbol \textsixoldstyle (encoding TS1)
 on input line 100.
LaTeX Encoding Info:    Redeclaring text symbol \textsevenoldstyle (encoding TS
1) on input line 101.
LaTeX Encoding Info:    Redeclaring text symbol \texteightoldstyle (encoding TS
1) on input line 102.
LaTeX Encoding Info:    Redeclaring text symbol \textnineoldstyle (encoding TS1
) on input line 103.
LaTeX Encoding Info:    Redeclaring text symbol \textlangle (encoding TS1) on i
nput line 104.
LaTeX Encoding Info:    Redeclaring text symbol \textminus (encoding TS1) on in
put line 105.
LaTeX Encoding Info:    Redeclaring text symbol \textrangle (encoding TS1) on i
nput line 106.
LaTeX Encoding Info:    Redeclaring text symbol \textmho (encoding TS1) on inpu
t line 107.
LaTeX Encoding Info:    Redeclaring text symbol \textbigcircle (encoding TS1) o
n input line 108.
LaTeX Encoding Info:    Redeclaring text command \textcircled (encoding TS1) on
 input line 109.
LaTeX Encoding Info:    Redeclaring text symbol \textohm (encoding TS1) on inpu
t line 115.
LaTeX Encoding Info:    Redeclaring text symbol \textlbrackdbl (encoding TS1) o
n input line 116.
LaTeX Encoding Info:    Redeclaring text symbol \textrbrackdbl (encoding TS1) o
n input line 117.
LaTeX Encoding Info:    Redeclaring text symbol \textuparrow (encoding TS1) on 
input line 118.
LaTeX Encoding Info:    Redeclaring text symbol \textdownarrow (encoding TS1) o
n input line 119.
LaTeX Encoding Info:    Redeclaring text symbol \textasciigrave (encoding TS1) 
on input line 120.
LaTeX Encoding Info:    Redeclaring text symbol \textborn (encoding TS1) on inp
ut line 121.
LaTeX Encoding Info:    Redeclaring text symbol \textdivorced (encoding TS1) on
 input line 122.
LaTeX Encoding Info:    Redeclaring text symbol \textdied (encoding TS1) on inp
ut line 123.
LaTeX Encoding Info:    Redeclaring text symbol \textleaf (encoding TS1) on inp
ut line 124.
LaTeX Encoding Info:    Redeclaring text symbol \textmarried (encoding TS1) on 
input line 125.
LaTeX Encoding Info:    Redeclaring text symbol \textmusicalnote (encoding TS1)
 on input line 126.
LaTeX Encoding Info:    Redeclaring text symbol \texttildelow (encoding TS1) on
 input line 127.
LaTeX Encoding Info:    Redeclaring text symbol \textdblhyphenchar (encoding TS
1) on input line 128.
LaTeX Encoding Info:    Redeclaring text symbol \textasciibreve (encoding TS1) 
on input line 129.
LaTeX Encoding Info:    Redeclaring text symbol \textasciicaron (encoding TS1) 
on input line 130.
LaTeX Encoding Info:    Redeclaring text symbol \textacutedbl (encoding TS1) on
 input line 131.
LaTeX Encoding Info:    Redeclaring text symbol \textgravedbl (encoding TS1) on
 input line 132.
LaTeX Encoding Info:    Redeclaring text symbol \textdagger (encoding TS1) on i
nput line 133.
LaTeX Encoding Info:    Redeclaring text symbol \textdaggerdbl (encoding TS1) o
n input line 134.
LaTeX Encoding Info:    Redeclaring text symbol \textbardbl (encoding TS1) on i
nput line 135.
LaTeX Encoding Info:    Redeclaring text symbol \textperthousand (encoding TS1)
 on input line 136.
LaTeX Encoding Info:    Redeclaring text symbol \textbullet (encoding TS1) on i
nput line 137.
LaTeX Encoding Info:    Redeclaring text symbol \textcelsius (encoding TS1) on 
input line 138.
LaTeX Encoding Info:    Redeclaring text symbol \textdollaroldstyle (encoding T
S1) on input line 139.
LaTeX Encoding Info:    Redeclaring text symbol \textcentoldstyle (encoding TS1
) on input line 140.
LaTeX Encoding Info:    Redeclaring text symbol \textflorin (encoding TS1) on i
nput line 141.
LaTeX Encoding Info:    Redeclaring text symbol \textcolonmonetary (encoding TS
1) on input line 142.
LaTeX Encoding Info:    Redeclaring text symbol \textwon (encoding TS1) on inpu
t line 143.
LaTeX Encoding Info:    Redeclaring text symbol \textnaira (encoding TS1) on in
put line 144.
LaTeX Encoding Info:    Redeclaring text symbol \textguarani (encoding TS1) on 
input line 145.
LaTeX Encoding Info:    Redeclaring text symbol \textpeso (encoding TS1) on inp
ut line 146.
LaTeX Encoding Info:    Redeclaring text symbol \textlira (encoding TS1) on inp
ut line 147.
LaTeX Encoding Info:    Redeclaring text symbol \textrecipe (encoding TS1) on i
nput line 148.
LaTeX Encoding Info:    Redeclaring text symbol \textinterrobang (encoding TS1)
 on input line 149.
LaTeX Encoding Info:    Redeclaring text symbol \textinterrobangdown (encoding 
TS1) on input line 150.
LaTeX Encoding Info:    Redeclaring text symbol \textdong (encoding TS1) on inp
ut line 151.
LaTeX Encoding Info:    Redeclaring text symbol \texttrademark (encoding TS1) o
n input line 152.
LaTeX Encoding Info:    Redeclaring text symbol \textpertenthousand (encoding T
S1) on input line 153.
LaTeX Encoding Info:    Redeclaring text symbol \textpilcrow (encoding TS1) on 
input line 154.
LaTeX Encoding Info:    Redeclaring text symbol \textbaht (encoding TS1) on inp
ut line 155.
LaTeX Encoding Info:    Redeclaring text symbol \textnumero (encoding TS1) on i
nput line 156.
LaTeX Encoding Info:    Redeclaring text symbol \textdiscount (encoding TS1) on
 input line 157.
LaTeX Encoding Info:    Redeclaring text symbol \textestimated (encoding TS1) o
n input line 158.
LaTeX Encoding Info:    Redeclaring text symbol \textopenbullet (encoding TS1) 
on input line 159.
LaTeX Encoding Info:    Redeclaring text symbol \textservicemark (encoding TS1)
 on input line 160.
LaTeX Encoding Info:    Redeclaring text symbol \textlquill (encoding TS1) on i
nput line 161.
LaTeX Encoding Info:    Redeclaring text symbol \textrquill (encoding TS1) on i
nput line 162.
LaTeX Encoding Info:    Redeclaring text symbol \textcent (encoding TS1) on inp
ut line 163.
LaTeX Encoding Info:    Redeclaring text symbol \textsterling (encoding TS1) on
 input line 164.
LaTeX Encoding Info:    Redeclaring text symbol \textcurrency (encoding TS1) on
 input line 165.
LaTeX Encoding Info:    Redeclaring text symbol \textyen (encoding TS1) on inpu
t line 166.
LaTeX Encoding Info:    Redeclaring text symbol \textbrokenbar (encoding TS1) o
n input line 167.
LaTeX Encoding Info:    Redeclaring text symbol \textsection (encoding TS1) on 
input line 168.
LaTeX Encoding Info:    Redeclaring text symbol \textasciidieresis (encoding TS
1) on input line 169.
LaTeX Encoding Info:    Redeclaring text symbol \textcopyright (encoding TS1) o
n input line 170.
LaTeX Encoding Info:    Redeclaring text symbol \textordfeminine (encoding TS1)
 on input line 171.
LaTeX Encoding Info:    Redeclaring text symbol \textcopyleft (encoding TS1) on
 input line 172.
LaTeX Encoding Info:    Redeclaring text symbol \textlnot (encoding TS1) on inp
ut line 173.
LaTeX Encoding Info:    Redeclaring text symbol \textcircledP (encoding TS1) on
 input line 174.
LaTeX Encoding Info:    Redeclaring text symbol \textregistered (encoding TS1) 
on input line 175.
LaTeX Encoding Info:    Redeclaring text symbol \textasciimacron (encoding TS1)
 on input line 176.
LaTeX Encoding Info:    Redeclaring text symbol \textdegree (encoding TS1) on i
nput line 177.
LaTeX Encoding Info:    Redeclaring text symbol \textpm (encoding TS1) on input
 line 178.
LaTeX Encoding Info:    Redeclaring text symbol \texttwosuperior (encoding TS1)
 on input line 179.
LaTeX Encoding Info:    Redeclaring text symbol \textthreesuperior (encoding TS
1) on input line 180.
LaTeX Encoding Info:    Redeclaring text symbol \textasciiacute (encoding TS1) 
on input line 181.
LaTeX Encoding Info:    Redeclaring text symbol \textmu (encoding TS1) on input
 line 182.
LaTeX Encoding Info:    Redeclaring text symbol \textparagraph (encoding TS1) o
n input line 183.
LaTeX Encoding Info:    Redeclaring text symbol \textperiodcentered (encoding T
S1) on input line 184.
LaTeX Encoding Info:    Redeclaring text symbol \textreferencemark (encoding TS
1) on input line 185.
LaTeX Encoding Info:    Redeclaring text symbol \textonesuperior (encoding TS1)
 on input line 186.
LaTeX Encoding Info:    Redeclaring text symbol \textordmasculine (encoding TS1
) on input line 187.
LaTeX Encoding Info:    Redeclaring text symbol \textsurd (encoding TS1) on inp
ut line 188.
LaTeX Encoding Info:    Redeclaring text symbol \textonequarter (encoding TS1) 
on input line 189.
LaTeX Encoding Info:    Redeclaring text symbol \textonehalf (encoding TS1) on 
input line 190.
LaTeX Encoding Info:    Redeclaring text symbol \textthreequarters (encoding TS
1) on input line 191.
LaTeX Encoding Info:    Redeclaring text symbol \texteuro (encoding TS1) on inp
ut line 192.
LaTeX Encoding Info:    Redeclaring text symbol \texttimes (encoding TS1) on in
put line 193.
LaTeX Encoding Info:    Redeclaring text symbol \textdiv (encoding TS1) on inpu
t line 194.
))
\l__ctex_tmp_int=\count274
\l__ctex_tmp_box=\box53
\l__ctex_tmp_dim=\dimen150
\g__ctex_section_depth_int=\count275
\g__ctex_font_size_int=\count276

(/Users/zhouleixishu/Library/Application Support/MiKTeX/texmfs/install/tex/late
x/ctex/config/ctexopts.cfg
File: ctexopts.cfg 2022/07/14 v2.5.10 Option configuration file (CTEX)
)
(/Library/Application Support/MiKTeX/texmfs/install/tex/latex/base/article.cls
Document Class: article 2025/01/22 v1.4n Standard LaTeX document class
(/Library/Application Support/MiKTeX/texmfs/install/tex/latex/base/size11.clo
File: size11.clo 2025/01/22 v1.4n Standard LaTeX file (size option)
)
\c@part=\count277
\c@section=\count278
\c@subsection=\count279
\c@subsubsection=\count280
\c@paragraph=\count281
\c@subparagraph=\count282
\c@figure=\count283
\c@table=\count284
\abovecaptionskip=\skip49
\belowcaptionskip=\skip50
\bibindent=\dimen151
)
(/Users/zhouleixishu/Library/Application Support/MiKTeX/texmfs/install/tex/late
x/ctex/engine/ctex-engine-xetex.def
File: ctex-engine-xetex.def 2022/07/14 v2.5.10 XeLaTeX adapter (CTEX)

(/Users/zhouleixishu/Library/Application Support/MiKTeX/texmfs/install/tex/xela
tex/xecjk/xeCJK.sty
Package: xeCJK 2022/08/05 v3.9.1 Typesetting CJK scripts with XeLaTeX

(/Library/Application Support/MiKTeX/texmfs/install/tex/latex/l3packages/xtempl
ate/xtemplate.sty
Package: xtemplate 2025-10-09 L3 Experimental prototype document functions
)
\l__xeCJK_tmp_int=\count285
\l__xeCJK_tmp_box=\box54
\l__xeCJK_tmp_dim=\dimen152
\l__xeCJK_tmp_skip=\skip51
\g__xeCJK_space_factor_int=\count286
\l__xeCJK_begin_int=\count287
\l__xeCJK_end_int=\count288
\c__xeCJK_CJK_class_int=\XeTeXcharclass1
\c__xeCJK_FullLeft_class_int=\XeTeXcharclass2
\c__xeCJK_FullRight_class_int=\XeTeXcharclass3
\c__xeCJK_HalfLeft_class_int=\XeTeXcharclass4
\c__xeCJK_HalfRight_class_int=\XeTeXcharclass5
\c__xeCJK_NormalSpace_class_int=\XeTeXcharclass6
\c__xeCJK_CM_class_int=\XeTeXcharclass7
\c__xeCJK_HangulJamo_class_int=\XeTeXcharclass8
\l__xeCJK_last_skip=\skip52
\c__xeCJK_none_node=\count289
\g__xeCJK_node_int=\count290
\c__xeCJK_CJK_node_dim=\dimen153
\c__xeCJK_CJK-space_node_dim=\dimen154
\c__xeCJK_default_node_dim=\dimen155
\c__xeCJK_CJK-widow_node_dim=\dimen156
\c__xeCJK_normalspace_node_dim=\dimen157
\c__xeCJK_default-space_node_skip=\skip53
\l__xeCJK_ccglue_skip=\skip54
\l__xeCJK_ecglue_skip=\skip55
\l__xeCJK_punct_kern_skip=\skip56
\l__xeCJK_indent_box=\box55
\l__xeCJK_last_penalty_int=\count291
\l__xeCJK_last_bound_dim=\dimen158
\l__xeCJK_last_kern_dim=\dimen159
\l__xeCJK_widow_penalty_int=\count292

LaTeX template Info: Declaring template type 'xeCJK/punctuation' taking 0
(template)           argument(s) on line 2396.

\l__xeCJK_fixed_punct_width_dim=\dimen160
\l__xeCJK_mixed_punct_width_dim=\dimen161
\l__xeCJK_middle_punct_width_dim=\dimen162
\l__xeCJK_fixed_margin_width_dim=\dimen163
\l__xeCJK_mixed_margin_width_dim=\dimen164
\l__xeCJK_middle_margin_width_dim=\dimen165
\l__xeCJK_bound_punct_width_dim=\dimen166
\l__xeCJK_bound_margin_width_dim=\dimen167
\l__xeCJK_margin_minimum_dim=\dimen168
\l__xeCJK_kerning_total_width_dim=\dimen169
\l__xeCJK_same_align_margin_dim=\dimen170
\l__xeCJK_different_align_margin_dim=\dimen171
\l__xeCJK_kerning_margin_width_dim=\dimen172
\l__xeCJK_kerning_margin_minimum_dim=\dimen173
\l__xeCJK_bound_dim=\dimen174
\l__xeCJK_reverse_bound_dim=\dimen175
\l__xeCJK_margin_dim=\dimen176
\l__xeCJK_minimum_bound_dim=\dimen177
\l__xeCJK_kerning_margin_dim=\dimen178
\g__xeCJK_family_int=\count293
\l__xeCJK_fam_int=\count294
\g__xeCJK_fam_allocation_int=\count295
\l__xeCJK_verb_case_int=\count296
\l__xeCJK_verb_exspace_skip=\skip57

(/Library/Application Support/MiKTeX/texmfs/install/tex/latex/fontspec/fontspec
.sty
(/Library/Application Support/MiKTeX/texmfs/install/tex/latex/l3packages/xparse
/xparse.sty
Package: xparse 2025-10-09 L3 Experimental document command parser
)
Package: fontspec 2025/09/29 v2.9g Font selection for XeLaTeX and LuaLaTeX

(/Library/Application Support/MiKTeX/texmfs/install/tex/latex/fontspec/fontspec
-xetex.sty
Package: fontspec-xetex 2025/09/29 v2.9g Font selection for XeLaTeX and LuaLaTe
X
\l__fontspec_script_int=\count297
\l__fontspec_language_int=\count298
\l__fontspec_strnum_int=\count299
\l__fontspec_tmp_int=\count300
\l__fontspec_tmpa_int=\count301
\l__fontspec_tmpb_int=\count302
\l__fontspec_tmpc_int=\count303
\l__fontspec_em_int=\count304
\l__fontspec_emdef_int=\count305
\l__fontspec_strong_int=\count306
\l__fontspec_strongdef_int=\count307
\l__fontspec_tmpa_dim=\dimen179
\l__fontspec_tmpb_dim=\dimen180
\l__fontspec_tmpc_dim=\dimen181

(/Library/Application Support/MiKTeX/texmfs/install/tex/latex/base/fontenc.sty
Package: fontenc 2025/07/18 v2.1d Standard LaTeX package
)
(/Library/Application Support/MiKTeX/texmfs/install/tex/latex/fontspec/fontspec
.cfg)))
(/Users/zhouleixishu/Library/Application Support/MiKTeX/texmfs/install/tex/xela
tex/xecjk/xeCJK.cfg
File: xeCJK.cfg 2022/08/05 v3.9.1 Configuration file for xeCJK package
))
\ccwd=\dimen182
\l__ctex_ccglue_skip=\skip58
)
\l__ctex_ziju_dim=\dimen183

(/Users/zhouleixishu/Library/Application Support/MiKTeX/texmfs/install/tex/late
x/zhnumber/zhnumber.sty
Package: zhnumber 2022/07/14 v3.0 Typesetting numbers with Chinese glyphs
\l__zhnum_scale_int=\count308
\l__zhnum_tmp_int=\count309

(/Users/zhouleixishu/Library/Application Support/MiKTeX/texmfs/install/tex/late
x/zhnumber/zhnumber-utf8.cfg
File: zhnumber-utf8.cfg 2022/07/14 v3.0 Chinese numerals with UTF8 encoding
))
\l__ctex_heading_skip=\skip59

(/Users/zhouleixishu/Library/Application Support/MiKTeX/texmfs/install/tex/late
x/ctex/scheme/ctex-scheme-chinese-article.def
File: ctex-scheme-chinese-article.def 2022/07/14 v2.5.10 Chinese scheme for art
icle (CTEX)

(/Users/zhouleixishu/Library/Application Support/MiKTeX/texmfs/install/tex/late
x/ctex/config/ctex-name-utf8.cfg
File: ctex-name-utf8.cfg 2022/07/14 v2.5.10 Caption with encoding UTF-8 (CTEX)
)))
(/Users/zhouleixishu/Library/Application Support/MiKTeX/texmfs/install/tex/late
x/ctex/config/ctex.cfg
File: ctex.cfg 2022/07/14 v2.5.10 Configuration file (CTEX)
)

Package fontspec Info: 
(fontspec)             Font family 'TimesNewRoman(0)' created for font 'Times
(fontspec)             New Roman' with options [Ligatures=TeX].
(fontspec)              
(fontspec)              This font family consists of the following NFSS
(fontspec)             series/shapes:
(fontspec)              
(fontspec)             - 'normal' (m/n) with NFSS spec.: <->"Times New
(fontspec)             Roman/OT:script=latn;language=dflt;mapping=tex-text;"
(fontspec)             - 'bold' (b/n) with NFSS spec.: <->"Times New
(fontspec)             Roman/B/OT:script=latn;language=dflt;mapping=tex-text;"
(fontspec)             - 'italic' (m/it) with NFSS spec.: <->"Times New
(fontspec)             Roman/I/OT:script=latn;language=dflt;mapping=tex-text;"
(fontspec)             - 'bold italic' (b/it) with NFSS spec.: <->"Times New
(fontspec)             Roman/BI/OT:script=latn;language=dflt;mapping=tex-text;"



Package fontspec Info: 
(fontspec)             Font family 'Arial(0)' created for font 'Arial' with
(fontspec)             options [Ligatures=TeX].
(fontspec)              
(fontspec)              This font family consists of the following NFSS
(fontspec)             series/shapes:
(fontspec)              
(fontspec)             - 'normal' (m/n) with NFSS spec.:
(fontspec)             <->"Arial/OT:script=latn;language=dflt;mapping=tex-text;
"
(fontspec)             - 'bold' (b/n) with NFSS spec.:
(fontspec)             <->"Arial/B/OT:script=latn;language=dflt;mapping=tex-tex
t;"
(fontspec)             - 'italic' (m/it) with NFSS spec.:
(fontspec)             <->"Arial/I/OT:script=latn;language=dflt;mapping=tex-tex
t;"
(fontspec)             - 'bold italic' (b/it) with NFSS spec.:
(fontspec)             <->"Arial/BI/OT:script=latn;language=dflt;mapping=tex-te
xt;"


Package fontspec Info: 
(fontspec)             Script 'CJK' not explicitly supported within font
(fontspec)             'Songti SC'. Check the typeset output, and if it is
(fontspec)             okay then ignore this warning. Otherwise a different
(fontspec)             font should be chosen.


Package fontspec Info: 
(fontspec)             Could not resolve font "Songti SC Bold/I" (it probably
(fontspec)             doesn't exist).


Package fontspec Info: 
(fontspec)             Could not resolve font "Songti SC/I" (it probably
(fontspec)             doesn't exist).


Package fontspec Info: 
(fontspec)             Font family 'SongtiSC(0)' created for font 'Songti SC'
(fontspec)             with options [Script={CJK},BoldFont={Songti SC Bold}].
(fontspec)              
(fontspec)              This font family consists of the following NFSS
(fontspec)             series/shapes:
(fontspec)              
(fontspec)             - 'normal' (m/n) with NFSS spec.: <->"Songti
(fontspec)             SC/OT:script=hani;language=dflt;"
(fontspec)             - 'bold' (b/n) with NFSS spec.: <->"Songti SC
(fontspec)             Bold/OT:script=hani;language=dflt;"
(fontspec)             - 'bold italic' (b/it) with NFSS spec.: <->"Songti
(fontspec)             SC/BI/OT:script=hani;language=dflt;"


(/Users/zhouleixishu/Library/Application Support/MiKTeX/texmfs/install/tex/late
x/geometry/geometry.sty
Package: geometry 2026/03/07 v6.0 Page Geometry

(/Library/Application Support/MiKTeX/texmfs/install/tex/latex/graphics/keyval.s
ty
Package: keyval 2022/05/29 v1.15 key=value parser (DPC)
\KV@toks@=\toks17
)
(/Library/Application Support/MiKTeX/texmfs/install/tex/generic/iftex/ifvtex.st
y
Package: ifvtex 2019/10/25 v1.7 ifvtex legacy package. Use iftex instead.

(/Library/Application Support/MiKTeX/texmfs/install/tex/generic/iftex/iftex.sty
Package: iftex 2024/12/12 v1.0g TeX engine tests
))
\Gm@cnth=\count310
\Gm@cntv=\count311
\c@Gm@tempcnt=\count312
\Gm@bindingoffset=\dimen184
\Gm@wd@mp=\dimen185
\Gm@odd@mp=\dimen186
\Gm@even@mp=\dimen187
\Gm@layoutwidth=\dimen188
\Gm@layoutheight=\dimen189
\Gm@layouthoffset=\dimen190
\Gm@layoutvoffset=\dimen191
\Gm@dimlist=\toks18

(/Users/zhouleixishu/Library/Application Support/MiKTeX/texmfs/install/tex/late
x/geometry/geometry.cfg))
(/Library/Application Support/MiKTeX/texmfs/install/tex/latex/amsmath/amsmath.s
ty
Package: amsmath 2025/07/09 v2.17z AMS math features
\@mathmargin=\skip60

For additional information on amsmath, use the `?' option.

(/Library/Application Support/MiKTeX/texmfs/install/tex/latex/amsmath/amstext.s
ty
Package: amstext 2024/11/17 v2.01 AMS text

(/Library/Application Support/MiKTeX/texmfs/install/tex/latex/amsmath/amsgen.st
y
File: amsgen.sty 1999/11/30 v2.0 generic functions
\@emptytoks=\toks19
\ex@=\dimen192
))
(/Library/Application Support/MiKTeX/texmfs/install/tex/latex/amsmath/amsbsy.st
y
Package: amsbsy 1999/11/29 v1.2d Bold Symbols
\pmbraise@=\dimen193
)
(/Library/Application Support/MiKTeX/texmfs/install/tex/latex/amsmath/amsopn.st
y
Package: amsopn 2022/04/08 v2.04 operator names
)
\inf@bad=\count313
LaTeX Info: Redefining \frac on input line 233.
\uproot@=\count314
\leftroot@=\count315
LaTeX Info: Redefining \overline on input line 398.
LaTeX Info: Redefining \colon on input line 409.
\classnum@=\count316
\DOTSCASE@=\count317
LaTeX Info: Redefining \ldots on input line 495.
LaTeX Info: Redefining \dots on input line 498.
LaTeX Info: Redefining \cdots on input line 619.
\Mathstrutbox@=\box56
\strutbox@=\box57
LaTeX Info: Redefining \big on input line 721.
LaTeX Info: Redefining \Big on input line 722.
LaTeX Info: Redefining \bigg on input line 723.
LaTeX Info: Redefining \Bigg on input line 724.
\big@size=\dimen194
LaTeX Font Info:    Redeclaring font encoding OML on input line 742.
LaTeX Font Info:    Redeclaring font encoding OMS on input line 743.
\macc@depth=\count318
LaTeX Info: Redefining \bmod on input line 904.
LaTeX Info: Redefining \pmod on input line 909.
LaTeX Info: Redefining \smash on input line 939.
LaTeX Info: Redefining \relbar on input line 969.
LaTeX Info: Redefining \Relbar on input line 970.
\c@MaxMatrixCols=\count319
\dotsspace@=\muskip17
\c@parentequation=\count320
\dspbrk@lvl=\count321
\tag@help=\toks20
\row@=\count322
\column@=\count323
\maxfields@=\count324
\andhelp@=\toks21
\eqnshift@=\dimen195
\alignsep@=\dimen196
\tagshift@=\dimen197
\tagwidth@=\dimen198
\totwidth@=\dimen199
\lineht@=\dimen256
\@envbody=\toks22
\multlinegap=\skip61
\multlinetaggap=\skip62
\mathdisplay@stack=\toks23
LaTeX Info: Redefining \[ on input line 2950.
LaTeX Info: Redefining \] on input line 2951.
)
(/Library/Application Support/MiKTeX/texmfs/install/tex/latex/amsfonts/amssymb.
sty
Package: amssymb 2013/01/14 v3.01 AMS font symbols

(/Library/Application Support/MiKTeX/texmfs/install/tex/latex/amsfonts/amsfonts
.sty
Package: amsfonts 2013/01/14 v3.01 Basic AMSFonts support
\symAMSa=\mathgroup4
\symAMSb=\mathgroup5
LaTeX Font Info:    Redeclaring math symbol \hbar on input line 98.
LaTeX Font Info:    Overwriting math alphabet `\mathfrak' in version `bold'
(Font)                  U/euf/m/n --> U/euf/b/n on input line 106.
))
(/Users/zhouleixishu/Library/Application Support/MiKTeX/texmfs/install/tex/late
x/booktabs/booktabs.sty
Package: booktabs 2020/01/12 v1.61803398 Publication quality tables
\heavyrulewidth=\dimen257
\lightrulewidth=\dimen258
\cmidrulewidth=\dimen259
\belowrulesep=\dimen260
\belowbottomsep=\dimen261
\aboverulesep=\dimen262
\abovetopsep=\dimen263
\cmidrulesep=\dimen264
\cmidrulekern=\dimen265
\defaultaddspace=\dimen266
\@cmidla=\count325
\@cmidlb=\count326
\@aboverulesep=\dimen267
\@belowrulesep=\dimen268
\@thisruleclass=\count327
\@lastruleclass=\count328
\@thisrulewidth=\dimen269
)
(/Library/Application Support/MiKTeX/texmfs/install/tex/latex/tools/longtable.s
ty
Package: longtable 2025-10-13 v4.24 Multi-page Table package (DPC)
\LTleft=\skip63
\LTright=\skip64
\LTpre=\skip65
\LTpost=\skip66
\LTchunksize=\count329
\LTcapwidth=\dimen270
\LT@head=\box58
\LT@firsthead=\box59
\LT@foot=\box60
\LT@lastfoot=\box61
\LT@gbox=\box62
\LT@cols=\count330
\LT@rows=\count331
\c@LT@tables=\count332
\c@LT@chunks=\count333
\LT@p@ftn=\toks24
)
(/Library/Application Support/MiKTeX/texmfs/install/tex/latex/tools/tabularx.st
y
Package: tabularx 2023/12/11 v2.12a `tabularx' package (DPC)
 (/Library/Application Support/MiKTeX/texmfs/install/tex/latex/tools/array.sty
Package: array 2025/09/25 v2.6n Tabular extension package (FMi)
\col@sep=\dimen271
\ar@mcellbox=\box63
\extrarowheight=\dimen272
\NC@list=\toks25
\extratabsurround=\skip67
\backup@length=\skip68
\ar@cellbox=\box64
)
\TX@col@width=\dimen273
\TX@old@table=\dimen274
\TX@old@col=\dimen275
\TX@target=\dimen276
\TX@delta=\dimen277
\TX@cols=\count334
\TX@ftn=\toks26
)
(/Library/Application Support/MiKTeX/texmfs/install/tex/latex/ragged2e/ragged2e
.sty
Package: ragged2e 2023/06/22 v3.6 ragged2e Package
\CenteringLeftskip=\skip69
\RaggedLeftLeftskip=\skip70
\RaggedRightLeftskip=\skip71
\CenteringRightskip=\skip72
\RaggedLeftRightskip=\skip73
\RaggedRightRightskip=\skip74
\CenteringParfillskip=\skip75
\RaggedLeftParfillskip=\skip76
\RaggedRightParfillskip=\skip77
\JustifyingParfillskip=\skip78
\CenteringParindent=\skip79
\RaggedLeftParindent=\skip80
\RaggedRightParindent=\skip81
\JustifyingParindent=\skip82
)
(/Library/Application Support/MiKTeX/texmfs/install/tex/latex/xcolor/xcolor.sty
Package: xcolor 2024/09/29 v3.02 LaTeX color extensions (UK)

(/Library/Application Support/MiKTeX/texmfs/install/tex/latex/graphics-cfg/colo
r.cfg
File: color.cfg 2016/01/02 v1.6 sample color configuration
)
Package xcolor Info: Driver file: xetex.def on input line 274.

(/Library/Application Support/MiKTeX/texmfs/install/tex/latex/graphics-def/xete
x.def
File: xetex.def 2025/11/01 v5.0p Graphics/color driver for xetex
)
(/Library/Application Support/MiKTeX/texmfs/install/tex/latex/graphics/mathcolo
r.ltx)
Package xcolor Info: Model `cmy' substituted by `cmy0' on input line 1349.
Package xcolor Info: Model `RGB' extended on input line 1365.
Package xcolor Info: Model `HTML' substituted by `rgb' on input line 1367.
Package xcolor Info: Model `Hsb' substituted by `hsb' on input line 1368.
Package xcolor Info: Model `tHsb' substituted by `hsb' on input line 1369.
Package xcolor Info: Model `HSB' substituted by `hsb' on input line 1370.
Package xcolor Info: Model `Gray' substituted by `gray' on input line 1371.
Package xcolor Info: Model `wave' substituted by `hsb' on input line 1372.
)
(/Users/zhouleixishu/Library/Application Support/MiKTeX/texmfs/install/tex/late
x/enumitem/enumitem.sty
Package: enumitem 2025/02/06 v3.11 Customized lists
\labelindent=\skip83
\enit@outerparindent=\dimen278
\enit@toks=\toks27
\enit@inbox=\box65
\enit@count@id=\count335
\enitdp@description=\count336
)
(/Users/zhouleixishu/Library/Application Support/MiKTeX/texmfs/install/tex/late
x/pdfpages/pdfpages.sty
Package: pdfpages 2026/03/30 v0.6h Insert pages of external PDF documents (AM)

(/Library/Application Support/MiKTeX/texmfs/install/tex/latex/base/ifthen.sty
Package: ifthen 2024/03/16 v1.1e Standard LaTeX ifthen package (DPC)
)
(/Library/Application Support/MiKTeX/texmfs/install/tex/latex/tools/calc.sty
Package: calc 2025/03/01 v4.3b Infix arithmetic (KKT,FJ)
\calc@Acount=\count337
\calc@Bcount=\count338
\calc@Adimen=\dimen279
\calc@Bdimen=\dimen280
\calc@Askip=\skip84
\calc@Bskip=\skip85
LaTeX Info: Redefining \setlength on input line 86.
LaTeX Info: Redefining \addtolength on input line 87.
\calc@Ccount=\count339
\calc@Cskip=\skip86
)
(/Users/zhouleixishu/Library/Application Support/MiKTeX/texmfs/install/tex/late
x/eso-pic/eso-pic.sty
Package: eso-pic 2025/12/10 v3.0d eso-pic (RN)
\ESO@tempdima=\dimen281
\ESO@tempdimb=\dimen282
)
(/Library/Application Support/MiKTeX/texmfs/install/tex/latex/etoolbox/etoolbox
.sty
Package: etoolbox 2025/10/02 v2.5m e-TeX tools for LaTeX (JAW)
\etb@tempcnta=\count340
)
(/Library/Application Support/MiKTeX/texmfs/install/tex/latex/graphics/graphicx
.sty
Package: graphicx 2024/12/31 v1.2e Enhanced LaTeX Graphics (DPC,SPQR)

(/Library/Application Support/MiKTeX/texmfs/install/tex/latex/graphics/graphics
.sty
Package: graphics 2024/08/06 v1.4g Standard LaTeX Graphics (DPC,SPQR)

(/Library/Application Support/MiKTeX/texmfs/install/tex/latex/graphics/trig.sty
Package: trig 2023/12/02 v1.11 sin cos tan (DPC)
)
(/Library/Application Support/MiKTeX/texmfs/install/tex/latex/graphics-cfg/grap
hics.cfg
File: graphics.cfg 2016/06/04 v1.11 sample graphics configuration
)
Package graphics Info: Driver file: xetex.def on input line 106.
)
\Gin@req@height=\dimen283
\Gin@req@width=\dimen284
)
\AM@pagewidth=\dimen285
\AM@pageheight=\dimen286
\AM@fboxrule=\dimen287

(/Users/zhouleixishu/Library/Application Support/MiKTeX/texmfs/install/tex/late
x/pdfpages/ppxetex.def
File: ppxetex.def 2026/03/30 v0.6h Pdfpages driver for XeTeX (AM)
)
\pdfpages@includegraphics@status=\count341
\AM@pagebox=\box66
\AM@global@opts=\toks28
\AM@pagecnt=\count342
\AM@toc@title=\toks29
\AM@lof@heading=\toks30
\c@AM@survey=\count343
\AM@templatesizebox=\box67
)
(/Library/Application Support/MiKTeX/texmfs/install/tex/latex/hyperref/hyperref
.sty
Package: hyperref 2026-04-24 v7.01q Hypertext links for LaTeX

(/Users/zhouleixishu/Library/Application Support/MiKTeX/texmfs/install/tex/late
x/kvsetkeys/kvsetkeys.sty
Package: kvsetkeys 2022-10-05 v1.19 Key value parser (HO)
)
(/Users/zhouleixishu/Library/Application Support/MiKTeX/texmfs/install/tex/gene
ric/kvdefinekeys/kvdefinekeys.sty
Package: kvdefinekeys 2019-12-19 v1.6 Define keys (HO)
)
(/Users/zhouleixishu/Library/Application Support/MiKTeX/texmfs/install/tex/gene
ric/pdfescape/pdfescape.sty
Package: pdfescape 2019/12/09 v1.15 Implements pdfTeX's escape features (HO)

(/Users/zhouleixishu/Library/Application Support/MiKTeX/texmfs/install/tex/gene
ric/ltxcmds/ltxcmds.sty
Package: ltxcmds 2023-12-04 v1.26 LaTeX kernel commands for general use (HO)
)
(/Library/Application Support/MiKTeX/texmfs/install/tex/generic/pdftexcmds/pdft
excmds.sty
Package: pdftexcmds 2020-06-27 v0.33 Utility functions of pdfTeX for LuaTeX (HO
)

(/Users/zhouleixishu/Library/Application Support/MiKTeX/texmfs/install/tex/gene
ric/infwarerr/infwarerr.sty
Package: infwarerr 2019/12/03 v1.5 Providing info/warning/error messages (HO)
)
Package pdftexcmds Info: \pdf@primitive is available.
Package pdftexcmds Info: \pdf@ifprimitive is available.
Package pdftexcmds Info: \pdfdraftmode not found.
))
(/Users/zhouleixishu/Library/Application Support/MiKTeX/texmfs/install/tex/late
x/hycolor/hycolor.sty
Package: hycolor 2020-01-27 v1.10 Color options for hyperref/bookmark (HO)
)
(/Library/Application Support/MiKTeX/texmfs/install/tex/latex/hyperref/nameref.
sty
Package: nameref 2026-01-29 v2.58 Cross-referencing by name of section

(/Users/zhouleixishu/Library/Application Support/MiKTeX/texmfs/install/tex/late
x/refcount/refcount.sty
Package: refcount 2019/12/15 v3.6 Data extraction from label references (HO)
)
(/Users/zhouleixishu/Library/Application Support/MiKTeX/texmfs/install/tex/gene
ric/gettitlestring/gettitlestring.sty
Package: gettitlestring 2019/12/15 v1.6 Cleanup title references (HO)

(/Users/zhouleixishu/Library/Application Support/MiKTeX/texmfs/install/tex/late
x/kvoptions/kvoptions.sty
Package: kvoptions 2022-06-15 v3.15 Key value format for package options (HO)
))
\c@section@level=\count344
)
(/Users/zhouleixishu/Library/Application Support/MiKTeX/texmfs/install/tex/gene
ric/stringenc/stringenc.sty
Package: stringenc 2019/11/29 v1.12 Convert strings between diff. encodings (HO
)
)
\@linkdim=\dimen288
\Hy@linkcounter=\count345
\Hy@pagecounter=\count346

(/Library/Application Support/MiKTeX/texmfs/install/tex/latex/hyperref/pd1enc.d
ef
File: pd1enc.def 2026-04-24 v7.01q Hyperref: PDFDocEncoding definition (HO)
)
(/Users/zhouleixishu/Library/Application Support/MiKTeX/texmfs/install/tex/gene
ric/intcalc/intcalc.sty
Package: intcalc 2019/12/15 v1.3 Expandable calculations with integers (HO)
)
\Hy@SavedSpaceFactor=\count347

(/Library/Application Support/MiKTeX/texmfs/install/tex/latex/hyperref/puenc.de
f
File: puenc.def 2026-04-24 v7.01q Hyperref: PDF Unicode definition (HO)
)
Package hyperref Info: Option `unicode' set `true' on input line 4070.
Package hyperref Info: Hyper figures OFF on input line 4199.
Package hyperref Info: Link nesting OFF on input line 4204.
Package hyperref Info: Hyper index ON on input line 4207.
Package hyperref Info: Plain pages OFF on input line 4214.
Package hyperref Info: Backreferencing OFF on input line 4219.
Package hyperref Info: Implicit mode ON; LaTeX internals redefined.
Package hyperref Info: Bookmarks ON on input line 4466.
\c@Hy@tempcnt=\count348
 (/Library/Application Support/MiKTeX/texmfs/install/tex/latex/url/url.sty
\Urlmuskip=\muskip18
Package: url 2013/09/16  ver 3.4  Verb mode for urls, etc.
)
LaTeX Info: Redefining \url on input line 4805.
\XeTeXLinkMargin=\dimen289

(/Users/zhouleixishu/Library/Application Support/MiKTeX/texmfs/install/tex/gene
ric/bitset/bitset.sty
Package: bitset 2019/12/09 v1.3 Handle bit-vector datatype (HO)

(/Users/zhouleixishu/Library/Application Support/MiKTeX/texmfs/install/tex/gene
ric/bigintcalc/bigintcalc.sty
Package: bigintcalc 2019/12/15 v1.5 Expandable calculations on big integers (HO
)
))
\Fld@menulength=\count349
\Field@Width=\dimen290
\Fld@charsize=\dimen291
Package hyperref Info: Hyper figures OFF on input line 6091.
Package hyperref Info: Link nesting OFF on input line 6096.
Package hyperref Info: Hyper index ON on input line 6099.
Package hyperref Info: backreferencing OFF on input line 6106.
Package hyperref Info: Link coloring OFF on input line 6111.
Package hyperref Info: Link coloring with OCG OFF on input line 6116.
Package hyperref Info: PDF/A mode OFF on input line 6121.
\Hy@abspage=\count350
\c@Item=\count351
\c@Hfootnote=\count352
)
Package hyperref Info: Driver (autodetected): hxetex.

(/Library/Application Support/MiKTeX/texmfs/install/tex/latex/hyperref/hxetex.d
ef
File: hxetex.def 2026-04-24 v7.01q Hyperref driver for XeTeX
\pdfm@box=\box68
\c@Hy@AnnotLevel=\count353
\HyField@AnnotCount=\count354
\Fld@listcount=\count355
\c@bookmark@seq@number=\count356

(/Users/zhouleixishu/Library/Application Support/MiKTeX/texmfs/install/tex/late
x/rerunfilecheck/rerunfilecheck.sty
Package: rerunfilecheck 2025-06-21 v1.11 Rerun checks for auxiliary files (HO)

(/Users/zhouleixishu/Library/Application Support/MiKTeX/texmfs/install/tex/gene
ric/uniquecounter/uniquecounter.sty
Package: uniquecounter 2019/12/15 v1.4 Provide unlimited unique counter (HO)
)
Package uniquecounter Info: New unique counter `rerunfilecheck' on input line 2
84.
)
\Hy@SectionHShift=\skip87
) (literature_formula_symbol_audit.aux)
\openout1 = `literature_formula_symbol_audit.aux'.

LaTeX Font Info:    Checking defaults for OML/cmm/m/it on input line 38.
LaTeX Font Info:    ... okay on input line 38.
LaTeX Font Info:    Checking defaults for OMS/cmsy/m/n on input line 38.
LaTeX Font Info:    ... okay on input line 38.
LaTeX Font Info:    Checking defaults for OT1/cmr/m/n on input line 38.
LaTeX Font Info:    ... okay on input line 38.
LaTeX Font Info:    Checking defaults for T1/cmr/m/n on input line 38.
LaTeX Font Info:    ... okay on input line 38.
LaTeX Font Info:    Checking defaults for TS1/cmr/m/n on input line 38.
LaTeX Font Info:    ... okay on input line 38.
LaTeX Font Info:    Checking defaults for TU/lmr/m/n on input line 38.
LaTeX Font Info:    ... okay on input line 38.
LaTeX Font Info:    Checking defaults for OMX/cmex/m/n on input line 38.
LaTeX Font Info:    ... okay on input line 38.
LaTeX Font Info:    Checking defaults for U/cmr/m/n on input line 38.
LaTeX Font Info:    ... okay on input line 38.
LaTeX Font Info:    Checking defaults for PD1/pdf/m/n on input line 38.
LaTeX Font Info:    ... okay on input line 38.
LaTeX Font Info:    Checking defaults for PU/pdf/m/n on input line 38.
LaTeX Font Info:    ... okay on input line 38.

Package fontspec Info: 
(fontspec)             Adjusting the maths setup (use [no-math] to avoid
(fontspec)             this).

\symlegacymaths=\mathgroup6
LaTeX Font Info:    Overwriting symbol font `legacymaths' in version `bold'
(Font)                  OT1/cmr/m/n --> OT1/cmr/bx/n on input line 38.
LaTeX Font Info:    Redeclaring math accent \acute on input line 38.
LaTeX Font Info:    Redeclaring math accent \grave on input line 38.
LaTeX Font Info:    Redeclaring math accent \ddot on input line 38.
LaTeX Font Info:    Redeclaring math accent \tilde on input line 38.
LaTeX Font Info:    Redeclaring math accent \bar on input line 38.
LaTeX Font Info:    Redeclaring math accent \breve on input line 38.
LaTeX Font Info:    Redeclaring math accent \check on input line 38.
LaTeX Font Info:    Redeclaring math accent \hat on input line 38.
LaTeX Font Info:    Redeclaring math accent \dot on input line 38.
LaTeX Font Info:    Redeclaring math accent \mathring on input line 38.
LaTeX Font Info:    Redeclaring math symbol \Gamma on input line 38.
LaTeX Font Info:    Redeclaring math symbol \Delta on input line 38.
LaTeX Font Info:    Redeclaring math symbol \Theta on input line 38.
LaTeX Font Info:    Redeclaring math symbol \Lambda on input line 38.
LaTeX Font Info:    Redeclaring math symbol \Xi on input line 38.
LaTeX Font Info:    Redeclaring math symbol \Pi on input line 38.
LaTeX Font Info:    Redeclaring math symbol \Sigma on input line 38.
LaTeX Font Info:    Redeclaring math symbol \Upsilon on input line 38.
LaTeX Font Info:    Redeclaring math symbol \Phi on input line 38.
LaTeX Font Info:    Redeclaring math symbol \Psi on input line 38.
LaTeX Font Info:    Redeclaring math symbol \Omega on input line 38.
LaTeX Font Info:    Redeclaring math symbol \mathdollar on input line 38.
LaTeX Font Info:    Redeclaring symbol font `operators' on input line 38.
LaTeX Font Info:    Encoding `OT1' has changed to `TU' for symbol font
(Font)              `operators' in the math version `normal' on input line 38.
LaTeX Font Info:    Overwriting symbol font `operators' in version `normal'
(Font)                  OT1/cmr/m/n --> TU/TimesNewRoman(0)/m/n on input line 3
8.
LaTeX Font Info:    Encoding `OT1' has changed to `TU' for symbol font
(Font)              `operators' in the math version `bold' on input line 38.
LaTeX Font Info:    Overwriting symbol font `operators' in version `bold'
(Font)                  OT1/cmr/bx/n --> TU/TimesNewRoman(0)/m/n on input line 
38.
LaTeX Font Info:    Overwriting symbol font `operators' in version `normal'
(Font)                  TU/TimesNewRoman(0)/m/n --> TU/TimesNewRoman(0)/m/n on 
input line 38.
LaTeX Font Info:    Overwriting math alphabet `\mathit' in version `normal'
(Font)                  OT1/cmr/m/it --> TU/TimesNewRoman(0)/m/it on input line
 38.
LaTeX Font Info:    Overwriting math alphabet `\mathbf' in version `normal'
(Font)                  OT1/cmr/bx/n --> TU/TimesNewRoman(0)/b/n on input line 
38.
LaTeX Font Info:    Overwriting math alphabet `\mathsf' in version `normal'
(Font)                  OT1/cmss/m/n --> TU/Arial(0)/m/n on input line 38.
LaTeX Font Info:    Overwriting math alphabet `\mathtt' in version `normal'
(Font)                  OT1/cmtt/m/n --> TU/lmtt/m/n on input line 38.
LaTeX Font Info:    Overwriting symbol font `operators' in version `bold'
(Font)                  TU/TimesNewRoman(0)/m/n --> TU/TimesNewRoman(0)/b/n on 
input line 38.
LaTeX Font Info:    Overwriting math alphabet `\mathit' in version `bold'
(Font)                  OT1/cmr/bx/it --> TU/TimesNewRoman(0)/b/it on input lin
e 38.
LaTeX Font Info:    Overwriting math alphabet `\mathsf' in version `bold'
(Font)                  OT1/cmss/bx/n --> TU/Arial(0)/b/n on input line 38.
LaTeX Font Info:    Overwriting math alphabet `\mathtt' in version `bold'
(Font)                  OT1/cmtt/m/n --> TU/lmtt/b/n on input line 38.

*geometry* driver: auto-detecting
*geometry* detected driver: xetex
*geometry* verbose mode - [ preamble ] result:
* driver: xetex
* paper: a4paper
* layout: <same size as paper>
* layoutoffset:(h,v)=(0.0pt,0.0pt)
* modes: 
* h-part:(L,W,R)=(56.9055pt, 483.69687pt, 56.9055pt)
* v-part:(T,H,B)=(56.9055pt, 731.23584pt, 56.9055pt)
* \paperwidth=597.50787pt
* \paperheight=845.04684pt
* \textwidth=483.69687pt
* \textheight=731.23584pt
* \oddsidemargin=-15.36449pt
* \evensidemargin=-15.36449pt
* \topmargin=-52.36449pt
* \headheight=12.0pt
* \headsep=25.0pt
* \topskip=11.0pt
* \footskip=30.0pt
* \marginparwidth=50.0pt
* \marginparsep=10.0pt
* \columnsep=10.0pt
* \skip\footins=10.0pt plus 4.0pt minus 2.0pt
* \hoffset=0.0pt
* \voffset=0.0pt
* \mag=1000
* \@twocolumnfalse
* \@twosidefalse
* \@mparswitchfalse
* \@reversemarginfalse
* (1in=72.27pt=25.4mm, 1cm=28.453pt)


(/Users/zhouleixishu/Library/Application Support/MiKTeX/texmfs/install/tex/late
x/pdflscape/pdflscape.sty
Package: pdflscape 2022-10-27 v0.13 Display of landscape pages in PDF

(/Users/zhouleixishu/Library/Application Support/MiKTeX/texmfs/install/tex/late
x/pdflscape/pdflscape-nometadata.sty
Package: pdflscape-nometadata 2022-10-28 v0.13 Display of landscape pages in PD
F (HO)

(/Library/Application Support/MiKTeX/texmfs/install/tex/latex/graphics/lscape.s
ty
Package: lscape 2020/05/28 v3.02 Landscape Pages (DPC)
)
Package pdflscape Info: Auto-detected driver: dvipdfm (xetex) on input line 98.

))
Package hyperref Info: Link coloring OFF on input line 38.
 (literature_formula_symbol_audit.out)
(literature_formula_symbol_audit.out)
\@outlinefile=\write3
\openout3 = `literature_formula_symbol_audit.out'.

LaTeX Font Info:    Trying to load font information for U+msa on input line 40.


(/Library/Application Support/MiKTeX/texmfs/install/tex/latex/amsfonts/umsa.fd
File: umsa.fd 2013/01/14 v3.01 AMS symbols A
)
LaTeX Font Info:    Trying to load font information for U+msb on input line 40.

(/Library/Application Support/MiKTeX/texmfs/install/tex/latex/amsfonts/umsb.fd
File: umsb.fd 2013/01/14 v3.01 AMS symbols B
)

Package fontspec Info: 
(fontspec)             Script 'CJK' not explicitly supported within font
(fontspec)             'Songti SC'. Check the typeset output, and if it is
(fontspec)             okay then ignore this warning. Otherwise a different
(fontspec)             font should be chosen.


Package fontspec Info: 
(fontspec)             Could not resolve font "Songti SC/I" (it probably
(fontspec)             doesn't exist).


Package fontspec Info: 
(fontspec)             Font family 'SongtiSC(1)' created for font 'Songti SC'
(fontspec)             with options [Script={CJK}].
(fontspec)              
(fontspec)              This font family consists of the following NFSS
(fontspec)             series/shapes:
(fontspec)              
(fontspec)             - 'normal' (m/n) with NFSS spec.: <->"Songti
(fontspec)             SC/OT:script=hani;language=dflt;"
(fontspec)             - 'bold' (b/n) with NFSS spec.: <->"Songti
(fontspec)             SC/B/OT:script=hani;language=dflt;"
(fontspec)             - 'bold italic' (b/it) with NFSS spec.: <->"Songti
(fontspec)             SC/BI/OT:script=hani;language=dflt;"

(literature_formula_symbol_audit.toc

[1

])
\tf@toc=\write4
\openout4 = `literature_formula_symbol_audit.toc'.



LaTeX Font Info:    Font shape `TU/TimesNewRoman(0)/m/sl' in size <10.95> not a
vailable
(Font)              Font shape `TU/TimesNewRoman(0)/m/it' tried instead on inpu
t line 50.

LaTeX Font Warning: Font shape `TU/SongtiSC(0)/m/sl' undefined
(Font)              using `TU/SongtiSC(0)/m/n' instead on input line 50.

[2]

[3

]

[4]

[5]

[6]

[7]

[8]
File: source_excerpts/00_current_paper_model_pages_4_10.pdf Graphic file (type 
pdf)
<use source_excerpts/00_current_paper_model_pages_4_10.pdf>
File: source_excerpts/00_current_paper_model_pages_4_10.pdf Graphic file (type 
pdf)
<use source_excerpts/00_current_paper_model_pages_4_10.pdf, page 1>
File: source_excerpts/00_current_paper_model_pages_4_10.pdf Graphic file (type 
pdf)
<use source_excerpts/00_current_paper_model_pages_4_10.pdf, page 1>


[9]
File: source_excerpts/00_current_paper_model_pages_4_10.pdf Graphic file (type 
pdf)
<use source_excerpts/00_current_paper_model_pages_4_10.pdf, page 1>
File: source_excerpts/00_current_paper_model_pages_4_10.pdf Graphic file (type 
pdf)
<use source_excerpts/00_current_paper_model_pages_4_10.pdf, page 1>


File: source_excerpts/00_current_paper_model_pages_4_10.pdf Graphic file (type 
pdf)
<use source_excerpts/00_current_paper_model_pages_4_10.pdf, page 1>
[10

]
File: source_excerpts/00_current_paper_model_pages_4_10.pdf Graphic file (type 
pdf)
<use source_excerpts/00_current_paper_model_pages_4_10.pdf, page 2>
File: source_excerpts/00_current_paper_model_pages_4_10.pdf Graphic file (type 
pdf)
<use source_excerpts/00_current_paper_model_pages_4_10.pdf, page 2>


File: source_excerpts/00_current_paper_model_pages_4_10.pdf Graphic file (type 
pdf)
<use source_excerpts/00_current_paper_model_pages_4_10.pdf, page 2>
[11

]
File: source_excerpts/00_current_paper_model_pages_4_10.pdf Graphic file (type 
pdf)
<use source_excerpts/00_current_paper_model_pages_4_10.pdf, page 3>
File: source_excerpts/00_current_paper_model_pages_4_10.pdf Graphic file (type 
pdf)
<use source_excerpts/00_current_paper_model_pages_4_10.pdf, page 3>


File: source_excerpts/00_current_paper_model_pages_4_10.pdf Graphic file (type 
pdf)
<use source_excerpts/00_current_paper_model_pages_4_10.pdf, page 3>
[12

]
File: source_excerpts/00_current_paper_model_pages_4_10.pdf Graphic file (type 
pdf)
<use source_excerpts/00_current_paper_model_pages_4_10.pdf, page 4>
File: source_excerpts/00_current_paper_model_pages_4_10.pdf Graphic file (type 
pdf)
<use source_excerpts/00_current_paper_model_pages_4_10.pdf, page 4>


File: source_excerpts/00_current_paper_model_pages_4_10.pdf Graphic file (type 
pdf)
<use source_excerpts/00_current_paper_model_pages_4_10.pdf, page 4>
[13

]
File: source_excerpts/00_current_paper_model_pages_4_10.pdf Graphic file (type 
pdf)
<use source_excerpts/00_current_paper_model_pages_4_10.pdf, page 5>
File: source_excerpts/00_current_paper_model_pages_4_10.pdf Graphic file (type 
pdf)
<use source_excerpts/00_current_paper_model_pages_4_10.pdf, page 5>


File: source_excerpts/00_current_paper_model_pages_4_10.pdf Graphic file (type 
pdf)
<use source_excerpts/00_current_paper_model_pages_4_10.pdf, page 5>
[14

]
File: source_excerpts/00_current_paper_model_pages_4_10.pdf Graphic file (type 
pdf)
<use source_excerpts/00_current_paper_model_pages_4_10.pdf, page 6>
File: source_excerpts/00_current_paper_model_pages_4_10.pdf Graphic file (type 
pdf)
<use source_excerpts/00_current_paper_model_pages_4_10.pdf, page 6>


File: source_excerpts/00_current_paper_model_pages_4_10.pdf Graphic file (type 
pdf)
<use source_excerpts/00_current_paper_model_pages_4_10.pdf, page 6>
[15

]
File: source_excerpts/00_current_paper_model_pages_4_10.pdf Graphic file (type 
pdf)
<use source_excerpts/00_current_paper_model_pages_4_10.pdf, page 7>
File: source_excerpts/00_current_paper_model_pages_4_10.pdf Graphic file (type 
pdf)
<use source_excerpts/00_current_paper_model_pages_4_10.pdf, page 7>


File: source_excerpts/00_current_paper_model_pages_4_10.pdf Graphic file (type 
pdf)
<use source_excerpts/00_current_paper_model_pages_4_10.pdf, page 7>
[16

]
File: source_excerpts/01_chen_yudie_2025_pages_5_8.pdf Graphic file (type pdf)
<use source_excerpts/01_chen_yudie_2025_pages_5_8.pdf>
File: source_excerpts/01_chen_yudie_2025_pages_5_8.pdf Graphic file (type pdf)
<use source_excerpts/01_chen_yudie_2025_pages_5_8.pdf, page 1>
File: source_excerpts/01_chen_yudie_2025_pages_5_8.pdf Graphic file (type pdf)
<use source_excerpts/01_chen_yudie_2025_pages_5_8.pdf, page 1>


[17]
File: source_excerpts/01_chen_yudie_2025_pages_5_8.pdf Graphic file (type pdf)
<use source_excerpts/01_chen_yudie_2025_pages_5_8.pdf, page 1>
File: source_excerpts/01_chen_yudie_2025_pages_5_8.pdf Graphic file (type pdf)
<use source_excerpts/01_chen_yudie_2025_pages_5_8.pdf, page 1>


File: source_excerpts/01_chen_yudie_2025_pages_5_8.pdf Graphic file (type pdf)
<use source_excerpts/01_chen_yudie_2025_pages_5_8.pdf, page 1>
[18

]
File: source_excerpts/01_chen_yudie_2025_pages_5_8.pdf Graphic file (type pdf)
<use source_excerpts/01_chen_yudie_2025_pages_5_8.pdf, page 2>
File: source_excerpts/01_chen_yudie_2025_pages_5_8.pdf Graphic file (type pdf)
<use source_excerpts/01_chen_yudie_2025_pages_5_8.pdf, page 2>


File: source_excerpts/01_chen_yudie_2025_pages_5_8.pdf Graphic file (type pdf)
<use source_excerpts/01_chen_yudie_2025_pages_5_8.pdf, page 2>
[19

]
File: source_excerpts/01_chen_yudie_2025_pages_5_8.pdf Graphic file (type pdf)
<use source_excerpts/01_chen_yudie_2025_pages_5_8.pdf, page 3>
File: source_excerpts/01_chen_yudie_2025_pages_5_8.pdf Graphic file (type pdf)
<use source_excerpts/01_chen_yudie_2025_pages_5_8.pdf, page 3>


File: source_excerpts/01_chen_yudie_2025_pages_5_8.pdf Graphic file (type pdf)
<use source_excerpts/01_chen_yudie_2025_pages_5_8.pdf, page 3>
[20

]
File: source_excerpts/01_chen_yudie_2025_pages_5_8.pdf Graphic file (type pdf)
<use source_excerpts/01_chen_yudie_2025_pages_5_8.pdf, page 4>
File: source_excerpts/01_chen_yudie_2025_pages_5_8.pdf Graphic file (type pdf)
<use source_excerpts/01_chen_yudie_2025_pages_5_8.pdf, page 4>


File: source_excerpts/01_chen_yudie_2025_pages_5_8.pdf Graphic file (type pdf)
<use source_excerpts/01_chen_yudie_2025_pages_5_8.pdf, page 4>
[21

]
File: source_excerpts/02_chen_wanru_2023_pages_4_6.pdf Graphic file (type pdf)
<use source_excerpts/02_chen_wanru_2023_pages_4_6.pdf>
File: source_excerpts/02_chen_wanru_2023_pages_4_6.pdf Graphic file (type pdf)
<use source_excerpts/02_chen_wanru_2023_pages_4_6.pdf, page 1>
File: source_excerpts/02_chen_wanru_2023_pages_4_6.pdf Graphic file (type pdf)
<use source_excerpts/02_chen_wanru_2023_pages_4_6.pdf, page 1>


[22]
File: source_excerpts/02_chen_wanru_2023_pages_4_6.pdf Graphic file (type pdf)
<use source_excerpts/02_chen_wanru_2023_pages_4_6.pdf, page 1>
File: source_excerpts/02_chen_wanru_2023_pages_4_6.pdf Graphic file (type pdf)
<use source_excerpts/02_chen_wanru_2023_pages_4_6.pdf, page 1>


File: source_excerpts/02_chen_wanru_2023_pages_4_6.pdf Graphic file (type pdf)
<use source_excerpts/02_chen_wanru_2023_pages_4_6.pdf, page 1>
[23

]
File: source_excerpts/02_chen_wanru_2023_pages_4_6.pdf Graphic file (type pdf)
<use source_excerpts/02_chen_wanru_2023_pages_4_6.pdf, page 2>
File: source_excerpts/02_chen_wanru_2023_pages_4_6.pdf Graphic file (type pdf)
<use source_excerpts/02_chen_wanru_2023_pages_4_6.pdf, page 2>


File: source_excerpts/02_chen_wanru_2023_pages_4_6.pdf Graphic file (type pdf)
<use source_excerpts/02_chen_wanru_2023_pages_4_6.pdf, page 2>
[24

]
File: source_excerpts/02_chen_wanru_2023_pages_4_6.pdf Graphic file (type pdf)
<use source_excerpts/02_chen_wanru_2023_pages_4_6.pdf, page 3>
File: source_excerpts/02_chen_wanru_2023_pages_4_6.pdf Graphic file (type pdf)
<use source_excerpts/02_chen_wanru_2023_pages_4_6.pdf, page 3>


File: source_excerpts/02_chen_wanru_2023_pages_4_6.pdf Graphic file (type pdf)
<use source_excerpts/02_chen_wanru_2023_pages_4_6.pdf, page 3>
[25

]
File: source_excerpts/03_goeke_schneider_2015_pages_4_5.pdf Graphic file (type 
pdf)
<use source_excerpts/03_goeke_schneider_2015_pages_4_5.pdf>
File: source_excerpts/03_goeke_schneider_2015_pages_4_5.pdf Graphic file (type 
pdf)
<use source_excerpts/03_goeke_schneider_2015_pages_4_5.pdf, page 1>
File: source_excerpts/03_goeke_schneider_2015_pages_4_5.pdf Graphic file (type 
pdf)
<use source_excerpts/03_goeke_schneider_2015_pages_4_5.pdf, page 1>


[26]
File: source_excerpts/03_goeke_schneider_2015_pages_4_5.pdf Graphic file (type 
pdf)
<use source_excerpts/03_goeke_schneider_2015_pages_4_5.pdf, page 1>
File: source_excerpts/03_goeke_schneider_2015_pages_4_5.pdf Graphic file (type 
pdf)
<use source_excerpts/03_goeke_schneider_2015_pages_4_5.pdf, page 1>


File: source_excerpts/03_goeke_schneider_2015_pages_4_5.pdf Graphic file (type 
pdf)
<use source_excerpts/03_goeke_schneider_2015_pages_4_5.pdf, page 1>
[27

]
File: source_excerpts/03_goeke_schneider_2015_pages_4_5.pdf Graphic file (type 
pdf)
<use source_excerpts/03_goeke_schneider_2015_pages_4_5.pdf, page 2>
File: source_excerpts/03_goeke_schneider_2015_pages_4_5.pdf Graphic file (type 
pdf)
<use source_excerpts/03_goeke_schneider_2015_pages_4_5.pdf, page 2>


File: source_excerpts/03_goeke_schneider_2015_pages_4_5.pdf Graphic file (type 
pdf)
<use source_excerpts/03_goeke_schneider_2015_pages_4_5.pdf, page 2>
[28

]
File: source_excerpts/04_zhen_2020_pages_4_5.pdf Graphic file (type pdf)
<use source_excerpts/04_zhen_2020_pages_4_5.pdf>
File: source_excerpts/04_zhen_2020_pages_4_5.pdf Graphic file (type pdf)
<use source_excerpts/04_zhen_2020_pages_4_5.pdf, page 1>
File: source_excerpts/04_zhen_2020_pages_4_5.pdf Graphic file (type pdf)
<use source_excerpts/04_zhen_2020_pages_4_5.pdf, page 1>


[29]
File: source_excerpts/04_zhen_2020_pages_4_5.pdf Graphic file (type pdf)
<use source_excerpts/04_zhen_2020_pages_4_5.pdf, page 1>
File: source_excerpts/04_zhen_2020_pages_4_5.pdf Graphic file (type pdf)
<use source_excerpts/04_zhen_2020_pages_4_5.pdf, page 1>


File: source_excerpts/04_zhen_2020_pages_4_5.pdf Graphic file (type pdf)
<use source_excerpts/04_zhen_2020_pages_4_5.pdf, page 1>
[30

]
File: source_excerpts/04_zhen_2020_pages_4_5.pdf Graphic file (type pdf)
<use source_excerpts/04_zhen_2020_pages_4_5.pdf, page 2>
File: source_excerpts/04_zhen_2020_pages_4_5.pdf Graphic file (type pdf)
<use source_excerpts/04_zhen_2020_pages_4_5.pdf, page 2>


File: source_excerpts/04_zhen_2020_pages_4_5.pdf Graphic file (type pdf)
<use source_excerpts/04_zhen_2020_pages_4_5.pdf, page 2>
[31

]
File: source_excerpts/05_keskin_catay_2016_pages_4_5.pdf Graphic file (type pdf
)
<use source_excerpts/05_keskin_catay_2016_pages_4_5.pdf>
File: source_excerpts/05_keskin_catay_2016_pages_4_5.pdf Graphic file (type pdf
)
<use source_excerpts/05_keskin_catay_2016_pages_4_5.pdf, page 1>
File: source_excerpts/05_keskin_catay_2016_pages_4_5.pdf Graphic file (type pdf
)
<use source_excerpts/05_keskin_catay_2016_pages_4_5.pdf, page 1>


[32]
File: source_excerpts/05_keskin_catay_2016_pages_4_5.pdf Graphic file (type pdf
)
<use source_excerpts/05_keskin_catay_2016_pages_4_5.pdf, page 1>
File: source_excerpts/05_keskin_catay_2016_pages_4_5.pdf Graphic file (type pdf
)
<use source_excerpts/05_keskin_catay_2016_pages_4_5.pdf, page 1>


File: source_excerpts/05_keskin_catay_2016_pages_4_5.pdf Graphic file (type pdf
)
<use source_excerpts/05_keskin_catay_2016_pages_4_5.pdf, page 1>
[33

]
File: source_excerpts/05_keskin_catay_2016_pages_4_5.pdf Graphic file (type pdf
)
<use source_excerpts/05_keskin_catay_2016_pages_4_5.pdf, page 2>
File: source_excerpts/05_keskin_catay_2016_pages_4_5.pdf Graphic file (type pdf
)
<use source_excerpts/05_keskin_catay_2016_pages_4_5.pdf, page 2>


File: source_excerpts/05_keskin_catay_2016_pages_4_5.pdf Graphic file (type pdf
)
<use source_excerpts/05_keskin_catay_2016_pages_4_5.pdf, page 2>
[34

]
File: source_excerpts/06_montoya_2017_pages_4_7.pdf Graphic file (type pdf)
<use source_excerpts/06_montoya_2017_pages_4_7.pdf>
File: source_excerpts/06_montoya_2017_pages_4_7.pdf Graphic file (type pdf)
<use source_excerpts/06_montoya_2017_pages_4_7.pdf, page 1>
File: source_excerpts/06_montoya_2017_pages_4_7.pdf Graphic file (type pdf)
<use source_excerpts/06_montoya_2017_pages_4_7.pdf, page 1>


[35]
File: source_excerpts/06_montoya_2017_pages_4_7.pdf Graphic file (type pdf)
<use source_excerpts/06_montoya_2017_pages_4_7.pdf, page 1>
File: source_excerpts/06_montoya_2017_pages_4_7.pdf Graphic file (type pdf)
<use source_excerpts/06_montoya_2017_pages_4_7.pdf, page 1>


File: source_excerpts/06_montoya_2017_pages_4_7.pdf Graphic file (type pdf)
<use source_excerpts/06_montoya_2017_pages_4_7.pdf, page 1>
[36

]
File: source_excerpts/06_montoya_2017_pages_4_7.pdf Graphic file (type pdf)
<use source_excerpts/06_montoya_2017_pages_4_7.pdf, page 2>
File: source_excerpts/06_montoya_2017_pages_4_7.pdf Graphic file (type pdf)
<use source_excerpts/06_montoya_2017_pages_4_7.pdf, page 2>


File: source_excerpts/06_montoya_2017_pages_4_7.pdf Graphic file (type pdf)
<use source_excerpts/06_montoya_2017_pages_4_7.pdf, page 2>
[37

]
File: source_excerpts/06_montoya_2017_pages_4_7.pdf Graphic file (type pdf)
<use source_excerpts/06_montoya_2017_pages_4_7.pdf, page 3>
File: source_excerpts/06_montoya_2017_pages_4_7.pdf Graphic file (type pdf)
<use source_excerpts/06_montoya_2017_pages_4_7.pdf, page 3>


File: source_excerpts/06_montoya_2017_pages_4_7.pdf Graphic file (type pdf)
<use source_excerpts/06_montoya_2017_pages_4_7.pdf, page 3>
[38

]
File: source_excerpts/06_montoya_2017_pages_4_7.pdf Graphic file (type pdf)
<use source_excerpts/06_montoya_2017_pages_4_7.pdf, page 4>
File: source_excerpts/06_montoya_2017_pages_4_7.pdf Graphic file (type pdf)
<use source_excerpts/06_montoya_2017_pages_4_7.pdf, page 4>


File: source_excerpts/06_montoya_2017_pages_4_7.pdf Graphic file (type pdf)
<use source_excerpts/06_montoya_2017_pages_4_7.pdf, page 4>
[39

]
File: source_excerpts/07_diefenbach_2023_pages_6_9.pdf Graphic file (type pdf)
<use source_excerpts/07_diefenbach_2023_pages_6_9.pdf>
File: source_excerpts/07_diefenbach_2023_pages_6_9.pdf Graphic file (type pdf)
<use source_excerpts/07_diefenbach_2023_pages_6_9.pdf, page 1>
File: source_excerpts/07_diefenbach_2023_pages_6_9.pdf Graphic file (type pdf)
<use source_excerpts/07_diefenbach_2023_pages_6_9.pdf, page 1>


[40]
File: source_excerpts/07_diefenbach_2023_pages_6_9.pdf Graphic file (type pdf)
<use source_excerpts/07_diefenbach_2023_pages_6_9.pdf, page 1>
File: source_excerpts/07_diefenbach_2023_pages_6_9.pdf Graphic file (type pdf)
<use source_excerpts/07_diefenbach_2023_pages_6_9.pdf, page 1>


File: source_excerpts/07_diefenbach_2023_pages_6_9.pdf Graphic file (type pdf)
<use source_excerpts/07_diefenbach_2023_pages_6_9.pdf, page 1>
[41

]
File: source_excerpts/07_diefenbach_2023_pages_6_9.pdf Graphic file (type pdf)
<use source_excerpts/07_diefenbach_2023_pages_6_9.pdf, page 2>
File: source_excerpts/07_diefenbach_2023_pages_6_9.pdf Graphic file (type pdf)
<use source_excerpts/07_diefenbach_2023_pages_6_9.pdf, page 2>


File: source_excerpts/07_diefenbach_2023_pages_6_9.pdf Graphic file (type pdf)
<use source_excerpts/07_diefenbach_2023_pages_6_9.pdf, page 2>
[42

]
File: source_excerpts/07_diefenbach_2023_pages_6_9.pdf Graphic file (type pdf)
<use source_excerpts/07_diefenbach_2023_pages_6_9.pdf, page 3>
File: source_excerpts/07_diefenbach_2023_pages_6_9.pdf Graphic file (type pdf)
<use source_excerpts/07_diefenbach_2023_pages_6_9.pdf, page 3>


File: source_excerpts/07_diefenbach_2023_pages_6_9.pdf Graphic file (type pdf)
<use source_excerpts/07_diefenbach_2023_pages_6_9.pdf, page 3>
[43

]
File: source_excerpts/07_diefenbach_2023_pages_6_9.pdf Graphic file (type pdf)
<use source_excerpts/07_diefenbach_2023_pages_6_9.pdf, page 4>
File: source_excerpts/07_diefenbach_2023_pages_6_9.pdf Graphic file (type pdf)
<use source_excerpts/07_diefenbach_2023_pages_6_9.pdf, page 4>


File: source_excerpts/07_diefenbach_2023_pages_6_9.pdf Graphic file (type pdf)
<use source_excerpts/07_diefenbach_2023_pages_6_9.pdf, page 4>
[44

]
File: source_excerpts/08_froger_2022_pages_7_10.pdf Graphic file (type pdf)
<use source_excerpts/08_froger_2022_pages_7_10.pdf>
File: source_excerpts/08_froger_2022_pages_7_10.pdf Graphic file (type pdf)
<use source_excerpts/08_froger_2022_pages_7_10.pdf, page 1>
File: source_excerpts/08_froger_2022_pages_7_10.pdf Graphic file (type pdf)
<use source_excerpts/08_froger_2022_pages_7_10.pdf, page 1>


[45]
File: source_excerpts/08_froger_2022_pages_7_10.pdf Graphic file (type pdf)
<use source_excerpts/08_froger_2022_pages_7_10.pdf, page 1>
File: source_excerpts/08_froger_2022_pages_7_10.pdf Graphic file (type pdf)
<use source_excerpts/08_froger_2022_pages_7_10.pdf, page 1>


File: source_excerpts/08_froger_2022_pages_7_10.pdf Graphic file (type pdf)
<use source_excerpts/08_froger_2022_pages_7_10.pdf, page 1>
[46

]
File: source_excerpts/08_froger_2022_pages_7_10.pdf Graphic file (type pdf)
<use source_excerpts/08_froger_2022_pages_7_10.pdf, page 2>
File: source_excerpts/08_froger_2022_pages_7_10.pdf Graphic file (type pdf)
<use source_excerpts/08_froger_2022_pages_7_10.pdf, page 2>


File: source_excerpts/08_froger_2022_pages_7_10.pdf Graphic file (type pdf)
<use source_excerpts/08_froger_2022_pages_7_10.pdf, page 2>
[47

]
File: source_excerpts/08_froger_2022_pages_7_10.pdf Graphic file (type pdf)
<use source_excerpts/08_froger_2022_pages_7_10.pdf, page 3>
File: source_excerpts/08_froger_2022_pages_7_10.pdf Graphic file (type pdf)
<use source_excerpts/08_froger_2022_pages_7_10.pdf, page 3>


File: source_excerpts/08_froger_2022_pages_7_10.pdf Graphic file (type pdf)
<use source_excerpts/08_froger_2022_pages_7_10.pdf, page 3>
[48

]
File: source_excerpts/08_froger_2022_pages_7_10.pdf Graphic file (type pdf)
<use source_excerpts/08_froger_2022_pages_7_10.pdf, page 4>
File: source_excerpts/08_froger_2022_pages_7_10.pdf Graphic file (type pdf)
<use source_excerpts/08_froger_2022_pages_7_10.pdf, page 4>


File: source_excerpts/08_froger_2022_pages_7_10.pdf Graphic file (type pdf)
<use source_excerpts/08_froger_2022_pages_7_10.pdf, page 4>
[49

]
File: source_excerpts/09_qiu_2024_pages_30_39.pdf Graphic file (type pdf)
<use source_excerpts/09_qiu_2024_pages_30_39.pdf>
File: source_excerpts/09_qiu_2024_pages_30_39.pdf Graphic file (type pdf)
<use source_excerpts/09_qiu_2024_pages_30_39.pdf, page 1>
File: source_excerpts/09_qiu_2024_pages_30_39.pdf Graphic file (type pdf)
<use source_excerpts/09_qiu_2024_pages_30_39.pdf, page 1>


[50]
File: source_excerpts/09_qiu_2024_pages_30_39.pdf Graphic file (type pdf)
<use source_excerpts/09_qiu_2024_pages_30_39.pdf, page 1>
File: source_excerpts/09_qiu_2024_pages_30_39.pdf Graphic file (type pdf)
<use source_excerpts/09_qiu_2024_pages_30_39.pdf, page 1>


File: source_excerpts/09_qiu_2024_pages_30_39.pdf Graphic file (type pdf)
<use source_excerpts/09_qiu_2024_pages_30_39.pdf, page 1>
[51

]
File: source_excerpts/09_qiu_2024_pages_30_39.pdf Graphic file (type pdf)
<use source_excerpts/09_qiu_2024_pages_30_39.pdf, page 2>
File: source_excerpts/09_qiu_2024_pages_30_39.pdf Graphic file (type pdf)
<use source_excerpts/09_qiu_2024_pages_30_39.pdf, page 2>


File: source_excerpts/09_qiu_2024_pages_30_39.pdf Graphic file (type pdf)
<use source_excerpts/09_qiu_2024_pages_30_39.pdf, page 2>
[52

]
File: source_excerpts/09_qiu_2024_pages_30_39.pdf Graphic file (type pdf)
<use source_excerpts/09_qiu_2024_pages_30_39.pdf, page 3>
File: source_excerpts/09_qiu_2024_pages_30_39.pdf Graphic file (type pdf)
<use source_excerpts/09_qiu_2024_pages_30_39.pdf, page 3>


File: source_excerpts/09_qiu_2024_pages_30_39.pdf Graphic file (type pdf)
<use source_excerpts/09_qiu_2024_pages_30_39.pdf, page 3>
[53

]
File: source_excerpts/09_qiu_2024_pages_30_39.pdf Graphic file (type pdf)
<use source_excerpts/09_qiu_2024_pages_30_39.pdf, page 4>
File: source_excerpts/09_qiu_2024_pages_30_39.pdf Graphic file (type pdf)
<use source_excerpts/09_qiu_2024_pages_30_39.pdf, page 4>


File: source_excerpts/09_qiu_2024_pages_30_39.pdf Graphic file (type pdf)
<use source_excerpts/09_qiu_2024_pages_30_39.pdf, page 4>
[54

]
File: source_excerpts/09_qiu_2024_pages_30_39.pdf Graphic file (type pdf)
<use source_excerpts/09_qiu_2024_pages_30_39.pdf, page 5>
File: source_excerpts/09_qiu_2024_pages_30_39.pdf Graphic file (type pdf)
<use source_excerpts/09_qiu_2024_pages_30_39.pdf, page 5>


File: source_excerpts/09_qiu_2024_pages_30_39.pdf Graphic file (type pdf)
<use source_excerpts/09_qiu_2024_pages_30_39.pdf, page 5>
[55

]
File: source_excerpts/09_qiu_2024_pages_30_39.pdf Graphic file (type pdf)
<use source_excerpts/09_qiu_2024_pages_30_39.pdf, page 6>
File: source_excerpts/09_qiu_2024_pages_30_39.pdf Graphic file (type pdf)
<use source_excerpts/09_qiu_2024_pages_30_39.pdf, page 6>


File: source_excerpts/09_qiu_2024_pages_30_39.pdf Graphic file (type pdf)
<use source_excerpts/09_qiu_2024_pages_30_39.pdf, page 6>
[56

]
File: source_excerpts/09_qiu_2024_pages_30_39.pdf Graphic file (type pdf)
<use source_excerpts/09_qiu_2024_pages_30_39.pdf, page 7>
File: source_excerpts/09_qiu_2024_pages_30_39.pdf Graphic file (type pdf)
<use source_excerpts/09_qiu_2024_pages_30_39.pdf, page 7>


File: source_excerpts/09_qiu_2024_pages_30_39.pdf Graphic file (type pdf)
<use source_excerpts/09_qiu_2024_pages_30_39.pdf, page 7>
[57

]
File: source_excerpts/09_qiu_2024_pages_30_39.pdf Graphic file (type pdf)
<use source_excerpts/09_qiu_2024_pages_30_39.pdf, page 8>
File: source_excerpts/09_qiu_2024_pages_30_39.pdf Graphic file (type pdf)
<use source_excerpts/09_qiu_2024_pages_30_39.pdf, page 8>


File: source_excerpts/09_qiu_2024_pages_30_39.pdf Graphic file (type pdf)
<use source_excerpts/09_qiu_2024_pages_30_39.pdf, page 8>
[58

]
File: source_excerpts/09_qiu_2024_pages_30_39.pdf Graphic file (type pdf)
<use source_excerpts/09_qiu_2024_pages_30_39.pdf, page 9>
File: source_excerpts/09_qiu_2024_pages_30_39.pdf Graphic file (type pdf)
<use source_excerpts/09_qiu_2024_pages_30_39.pdf, page 9>


File: source_excerpts/09_qiu_2024_pages_30_39.pdf Graphic file (type pdf)
<use source_excerpts/09_qiu_2024_pages_30_39.pdf, page 9>
[59

]
File: source_excerpts/09_qiu_2024_pages_30_39.pdf Graphic file (type pdf)
<use source_excerpts/09_qiu_2024_pages_30_39.pdf, page 10>
File: source_excerpts/09_qiu_2024_pages_30_39.pdf Graphic file (type pdf)
<use source_excerpts/09_qiu_2024_pages_30_39.pdf, page 10>


File: source_excerpts/09_qiu_2024_pages_30_39.pdf Graphic file (type pdf)
<use source_excerpts/09_qiu_2024_pages_30_39.pdf, page 10>
[60

]
File: source_excerpts/10_rao_2022_pages_5_9.pdf Graphic file (type pdf)
<use source_excerpts/10_rao_2022_pages_5_9.pdf>
File: source_excerpts/10_rao_2022_pages_5_9.pdf Graphic file (type pdf)
<use source_excerpts/10_rao_2022_pages_5_9.pdf, page 1>
File: source_excerpts/10_rao_2022_pages_5_9.pdf Graphic file (type pdf)
<use source_excerpts/10_rao_2022_pages_5_9.pdf, page 1>


[61]
File: source_excerpts/10_rao_2022_pages_5_9.pdf Graphic file (type pdf)
<use source_excerpts/10_rao_2022_pages_5_9.pdf, page 1>
File: source_excerpts/10_rao_2022_pages_5_9.pdf Graphic file (type pdf)
<use source_excerpts/10_rao_2022_pages_5_9.pdf, page 1>


File: source_excerpts/10_rao_2022_pages_5_9.pdf Graphic file (type pdf)
<use source_excerpts/10_rao_2022_pages_5_9.pdf, page 1>
[62

]
File: source_excerpts/10_rao_2022_pages_5_9.pdf Graphic file (type pdf)
<use source_excerpts/10_rao_2022_pages_5_9.pdf, page 2>
File: source_excerpts/10_rao_2022_pages_5_9.pdf Graphic file (type pdf)
<use source_excerpts/10_rao_2022_pages_5_9.pdf, page 2>


File: source_excerpts/10_rao_2022_pages_5_9.pdf Graphic file (type pdf)
<use source_excerpts/10_rao_2022_pages_5_9.pdf, page 2>
[63

]
File: source_excerpts/10_rao_2022_pages_5_9.pdf Graphic file (type pdf)
<use source_excerpts/10_rao_2022_pages_5_9.pdf, page 3>
File: source_excerpts/10_rao_2022_pages_5_9.pdf Graphic file (type pdf)
<use source_excerpts/10_rao_2022_pages_5_9.pdf, page 3>


File: source_excerpts/10_rao_2022_pages_5_9.pdf Graphic file (type pdf)
<use source_excerpts/10_rao_2022_pages_5_9.pdf, page 3>
[64

]
File: source_excerpts/10_rao_2022_pages_5_9.pdf Graphic file (type pdf)
<use source_excerpts/10_rao_2022_pages_5_9.pdf, page 4>
File: source_excerpts/10_rao_2022_pages_5_9.pdf Graphic file (type pdf)
<use source_excerpts/10_rao_2022_pages_5_9.pdf, page 4>


File: source_excerpts/10_rao_2022_pages_5_9.pdf Graphic file (type pdf)
<use source_excerpts/10_rao_2022_pages_5_9.pdf, page 4>
[65

]
File: source_excerpts/10_rao_2022_pages_5_9.pdf Graphic file (type pdf)
<use source_excerpts/10_rao_2022_pages_5_9.pdf, page 5>
File: source_excerpts/10_rao_2022_pages_5_9.pdf Graphic file (type pdf)
<use source_excerpts/10_rao_2022_pages_5_9.pdf, page 5>


File: source_excerpts/10_rao_2022_pages_5_9.pdf Graphic file (type pdf)
<use source_excerpts/10_rao_2022_pages_5_9.pdf, page 5>
[66

]
File: source_excerpts/11_hu_2025_pages_3_4.pdf Graphic file (type pdf)
<use source_excerpts/11_hu_2025_pages_3_4.pdf>
File: source_excerpts/11_hu_2025_pages_3_4.pdf Graphic file (type pdf)
<use source_excerpts/11_hu_2025_pages_3_4.pdf, page 1>
File: source_excerpts/11_hu_2025_pages_3_4.pdf Graphic file (type pdf)
<use source_excerpts/11_hu_2025_pages_3_4.pdf, page 1>


[67]
File: source_excerpts/11_hu_2025_pages_3_4.pdf Graphic file (type pdf)
<use source_excerpts/11_hu_2025_pages_3_4.pdf, page 1>
File: source_excerpts/11_hu_2025_pages_3_4.pdf Graphic file (type pdf)
<use source_excerpts/11_hu_2025_pages_3_4.pdf, page 1>


File: source_excerpts/11_hu_2025_pages_3_4.pdf Graphic file (type pdf)
<use source_excerpts/11_hu_2025_pages_3_4.pdf, page 1>
[68

]
File: source_excerpts/11_hu_2025_pages_3_4.pdf Graphic file (type pdf)
<use source_excerpts/11_hu_2025_pages_3_4.pdf, page 2>
File: source_excerpts/11_hu_2025_pages_3_4.pdf Graphic file (type pdf)
<use source_excerpts/11_hu_2025_pages_3_4.pdf, page 2>


File: source_excerpts/11_hu_2025_pages_3_4.pdf Graphic file (type pdf)
<use source_excerpts/11_hu_2025_pages_3_4.pdf, page 2>
[69

]
File: source_excerpts/12_cheng_2022_pages_3_4.pdf Graphic file (type pdf)
<use source_excerpts/12_cheng_2022_pages_3_4.pdf>
File: source_excerpts/12_cheng_2022_pages_3_4.pdf Graphic file (type pdf)
<use source_excerpts/12_cheng_2022_pages_3_4.pdf, page 1>
File: source_excerpts/12_cheng_2022_pages_3_4.pdf Graphic file (type pdf)
<use source_excerpts/12_cheng_2022_pages_3_4.pdf, page 1>


[70]
File: source_excerpts/12_cheng_2022_pages_3_4.pdf Graphic file (type pdf)
<use source_excerpts/12_cheng_2022_pages_3_4.pdf, page 1>
File: source_excerpts/12_cheng_2022_pages_3_4.pdf Graphic file (type pdf)
<use source_excerpts/12_cheng_2022_pages_3_4.pdf, page 1>


File: source_excerpts/12_cheng_2022_pages_3_4.pdf Graphic file (type pdf)
<use source_excerpts/12_cheng_2022_pages_3_4.pdf, page 1>
[71

]
File: source_excerpts/12_cheng_2022_pages_3_4.pdf Graphic file (type pdf)
<use source_excerpts/12_cheng_2022_pages_3_4.pdf, page 2>
File: source_excerpts/12_cheng_2022_pages_3_4.pdf Graphic file (type pdf)
<use source_excerpts/12_cheng_2022_pages_3_4.pdf, page 2>


File: source_excerpts/12_cheng_2022_pages_3_4.pdf Graphic file (type pdf)
<use source_excerpts/12_cheng_2022_pages_3_4.pdf, page 2>
[72

]
File: source_excerpts/13_lin_2021_pages_6_9.pdf Graphic file (type pdf)
<use source_excerpts/13_lin_2021_pages_6_9.pdf>
File: source_excerpts/13_lin_2021_pages_6_9.pdf Graphic file (type pdf)
<use source_excerpts/13_lin_2021_pages_6_9.pdf, page 1>
File: source_excerpts/13_lin_2021_pages_6_9.pdf Graphic file (type pdf)
<use source_excerpts/13_lin_2021_pages_6_9.pdf, page 1>


[73]
File: source_excerpts/13_lin_2021_pages_6_9.pdf Graphic file (type pdf)
<use source_excerpts/13_lin_2021_pages_6_9.pdf, page 1>
File: source_excerpts/13_lin_2021_pages_6_9.pdf Graphic file (type pdf)
<use source_excerpts/13_lin_2021_pages_6_9.pdf, page 1>


File: source_excerpts/13_lin_2021_pages_6_9.pdf Graphic file (type pdf)
<use source_excerpts/13_lin_2021_pages_6_9.pdf, page 1>
[74

]
File: source_excerpts/13_lin_2021_pages_6_9.pdf Graphic file (type pdf)
<use source_excerpts/13_lin_2021_pages_6_9.pdf, page 2>
File: source_excerpts/13_lin_2021_pages_6_9.pdf Graphic file (type pdf)
<use source_excerpts/13_lin_2021_pages_6_9.pdf, page 2>


File: source_excerpts/13_lin_2021_pages_6_9.pdf Graphic file (type pdf)
<use source_excerpts/13_lin_2021_pages_6_9.pdf, page 2>
[75

]
File: source_excerpts/13_lin_2021_pages_6_9.pdf Graphic file (type pdf)
<use source_excerpts/13_lin_2021_pages_6_9.pdf, page 3>
File: source_excerpts/13_lin_2021_pages_6_9.pdf Graphic file (type pdf)
<use source_excerpts/13_lin_2021_pages_6_9.pdf, page 3>


File: source_excerpts/13_lin_2021_pages_6_9.pdf Graphic file (type pdf)
<use source_excerpts/13_lin_2021_pages_6_9.pdf, page 3>
[76

]
File: source_excerpts/13_lin_2021_pages_6_9.pdf Graphic file (type pdf)
<use source_excerpts/13_lin_2021_pages_6_9.pdf, page 4>
File: source_excerpts/13_lin_2021_pages_6_9.pdf Graphic file (type pdf)
<use source_excerpts/13_lin_2021_pages_6_9.pdf, page 4>


File: source_excerpts/13_lin_2021_pages_6_9.pdf Graphic file (type pdf)
<use source_excerpts/13_lin_2021_pages_6_9.pdf, page 4>
[77

] (literature_formula_symbol_audit.aux)
 ***********
LaTeX2e <2025-11-01>
L3 programming layer <2022/07/14>
 ***********


LaTeX Font Warning: Some font shapes were not available, defaults substituted.

Package rerunfilecheck Info: File `literature_formula_symbol_audit.out' has not
 changed.
(rerunfilecheck)             Checksum: BDA7AC3A3E902ABFDAFC71D8CFE1CD10;4045.
 ) 
Here is how much of TeX's memory you used:
 18414 strings out of 402809
 407188 string characters out of 5443919
 834314 words of memory out of 5000000
 47012 multiletter control sequences out of 15000+600000
 636308 words of font info for 116 fonts, out of 8000000 for 9000
 1348 hyphenation exceptions out of 8191
 93i,18n,101p,393b,500s stack positions out of 10000i,1000n,20000p,200000b,200000s

Output written on literature_formula_symbol_audit.pdf (77 pages).
