\BOOKMARK [1][-]{section.1}{\376\377\176\323\213\272}{}% 1
\BOOKMARK [1][-]{section.2}{\376\377\133\241\150\070\123\343\137\204}{}% 2
\BOOKMARK [1][-]{section.3}{\376\377\220\020\176\304\121\154\137\017\133\241\150\070}{}% 3
\BOOKMARK [1][-]{section.4}{\376\377\173\046\123\367\117\123\174\373\133\241\150\070}{}% 4
\BOOKMARK [2][-]{subsection.4.1}{\376\377\227\000\211\201\210\145\237\120\166\204\175\042\137\025\116\016\226\306\124\010}{section.4}% 5
\BOOKMARK [2][-]{subsection.4.2}{\376\377\121\154\137\017\116\055\121\372\163\260\117\106\173\046\123\367\210\150\177\072\131\061\166\204\221\317}{section.4}% 6
\BOOKMARK [2][-]{subsection.4.3}{\376\377\122\006\174\173\142\026\124\053\116\111\227\000\211\201\145\071\153\143\166\204\221\317}{section.4}% 7
\BOOKMARK [1][-]{section.5}{\376\377\117\123\174\373\134\102\227\142\166\204\135\356\215\335}{}% 8
\BOOKMARK [1][-]{section.6}{\376\377\145\207\163\056\147\145\156\220\116\016\123\237\230\165\175\042\137\025}{}% 9
\BOOKMARK [1][-]{section.7}{\376\377\123\237\131\313\152\041\127\213\230\165}{}% 10
\BOOKMARK [2][-]{subsection.7.1}{\376\377\137\123\122\115\213\272\145\207\377\032\210\253\133\241\150\070\166\204\152\041\127\213\230\165}{section.7}% 11
\BOOKMARK [2][-]{subsection.7.2}{\376\377\226\110\226\350\207\166\173\111\377\010\0002\0000\0002\0005\377\011\377\032\124\014\122\012\152\041\127\213\172\340\210\150\217\276}{section.7}% 12
\BOOKMARK [2][-]{subsection.7.3}{\376\377\226\110\132\111\203\071\173\111\377\010\0002\0000\0002\0003\377\011\377\032\155\367\124\010\217\146\226\037\060\001\200\375\200\027\116\016\170\263\116\244\146\023}{section.7}% 13
\BOOKMARK [2][-]{subsection.7.4}{\376\377\000G\000o\000e\000k\000e\040\023\000S\000c\000h\000n\000e\000i\000d\000e\000r\377\010\0002\0000\0001\0005\377\011\377\032\155\367\124\010\217\146\226\037\200\375\200\027\123\237\137\017}{section.7}% 14
\BOOKMARK [2][-]{subsection.7.5}{\376\377\000Z\000h\000e\000n\000\040\173\111\377\010\0002\0000\0002\0000\377\011\377\032\131\032\217\146\127\072\131\032\215\237\123\237\137\017}{section.7}% 15
\BOOKMARK [2][-]{subsection.7.6}{\376\377\000K\000e\000s\000k\000i\000n\040\023\000\307\000a\000t\000a\000y\377\010\0002\0000\0001\0006\377\011\377\032\176\277\140\047\220\350\122\006\121\105\165\065\123\237\137\017}{section.7}% 16
\BOOKMARK [2][-]{subsection.7.7}{\376\377\000M\000o\000n\000t\000o\000y\000a\000\040\173\111\377\010\0002\0000\0001\0007\377\011\377\032\227\136\176\277\140\047\121\105\165\065\215\357\137\204\152\041\127\213}{section.7}% 17
\BOOKMARK [2][-]{subsection.7.8}{\376\377\000D\000i\000e\000f\000e\000n\000b\000a\000c\000h\000\040\173\111\377\010\0002\0000\0002\0003\377\011\377\032\227\136\176\277\140\047\121\105\165\065\143\222\163\355\152\041\127\213}{section.7}% 18
\BOOKMARK [2][-]{subsection.7.9}{\376\377\000F\000r\000o\000g\000e\000r\000\040\173\111\377\010\0002\0000\0002\0002\377\011\377\032\133\271\221\317\123\327\226\120\121\105\165\065\172\331\152\041\127\213}{section.7}% 19
\BOOKMARK [2][-]{subsection.7.10}{\376\377\220\261\203\271\203\271\377\010\0002\0000\0002\0004\377\011\377\032\155\367\124\010\217\146\226\037\116\016\122\250\140\001\227\000\154\102\152\041\127\213}{section.7}% 20
\BOOKMARK [2][-]{subsection.7.11}{\376\377\231\166\123\153\143\057\173\111\377\010\0002\0000\0002\0002\377\011\377\032\123\117\124\014\221\115\220\001\116\016\142\020\147\054\122\006\144\112\152\041\127\213}{section.7}% 21
\BOOKMARK [2][-]{subsection.7.12}{\376\377\200\341\215\357\173\111\377\010\0002\0000\0002\0005\377\011\377\032\121\105\165\065\150\151\143\222\226\037\116\016\215\357\137\204\152\041\127\213}{section.7}% 22
\BOOKMARK [2][-]{subsection.7.13}{\376\377\000C\000h\000e\000n\000g\000\040\173\111\377\010\0002\0000\0002\0002\377\011\377\032\122\006\145\366\170\263\137\072\136\246\121\105\165\065\152\041\127\213}{section.7}% 23
\BOOKMARK [2][-]{subsection.7.14}{\376\377\000L\000i\000n\000\040\173\111\377\010\0002\0000\0002\0001\377\011\377\032\122\006\145\366\165\065\116\367\121\105\145\076\165\065\152\041\127\213}{section.7}% 24
