\BOOKMARK [1][]{section.1}{\376\377\0001\000\040\137\025\212\000}{}% 1
\BOOKMARK [1][]{section.2}{\376\377\0002\000\040\152\041\127\213\136\372\172\313}{}% 2
\BOOKMARK [2][-]{subsection.2.1}{\376\377\0002\000.\0001\000\040\225\356\230\230\143\317\217\360}{section.2}% 3
\BOOKMARK [2][-]{subsection.2.2}{\376\377\0002\000.\0002\000\040\166\356\150\007\121\375\145\160}{section.2}% 4
\BOOKMARK [2][-]{subsection.2.3}{\376\377\0002\000.\0003\000\040\217\146\217\206\200\375\200\027\116\016\121\105\165\065\143\222\145\076\121\375\145\160}{section.2}% 5
\BOOKMARK [2][-]{subsection.2.4}{\376\377\0002\000.\0004\000\040\152\041\127\213\136\372\172\313}{section.2}% 6
\BOOKMARK [1][]{section.3}{\376\377\0003\000\040\173\227\154\325\213\276\213\241}{}% 7
\BOOKMARK [2][-]{subsection.3.1}{\376\377\0003\000.\0001\000\040\173\227\154\325\155\101\172\013}{section.3}% 8
\BOOKMARK [2][-]{subsection.3.2}{\376\377\0003\000.\0002\000\040\173\227\154\325\153\145\232\244}{section.3}% 9
\BOOKMARK [1][]{section.4}{\376\377\0004\000\040\145\160\120\074\213\325\232\214}{}% 10
\BOOKMARK [2][-]{subsection.4.1}{\376\377\0004\000.\0001\000\040\133\236\232\214\213\276\213\241\124\214\147\000\176\310\211\343\122\006\147\220}{section.4}% 11
\BOOKMARK [3][-]{subsubsection.4.1.1}{\376\377\0004\000.\0001\000.\0001\000\040\133\236\232\214\213\276\213\241}{subsection.4.1}% 12
\BOOKMARK [2][-]{subsection.4.2}{\376\377\0004\000.\0002\000\040\173\227\154\325\147\011\145\110\140\047\122\006\147\220}{section.4}% 13
\BOOKMARK [3][-]{subsubsection.4.2.1}{\376\377\0004\000.\0002\000.\0001\000\040\147\054\145\207\152\041\127\213\133\236\232\214}{subsection.4.2}% 14
\BOOKMARK [2][-]{subsection.4.3}{\376\377\0004\000.\0003\000\040\173\227\154\325\176\304\116\366\117\134\165\050\122\006\147\220}{section.4}% 15
\BOOKMARK [2][-]{subsection.4.4}{\376\377\0004\000.\0004\000\040\133\242\142\067\172\172\225\364\176\304\176\307\116\016\123\117\124\014\142\020\147\054}{section.4}% 16
\BOOKMARK [2][-]{subsection.4.5}{\376\377\0004\000.\0005\000\040\145\366\123\330\170\263\137\072\136\246\116\013\166\204\121\105\165\065\143\222\145\076}{section.4}% 17
\BOOKMARK [2][-]{subsection.4.6}{\376\377\0004\000.\0006\000\040\124\010\117\134\123\302\116\016\147\141\116\366}{section.4}% 18
\BOOKMARK [2][-]{subsection.4.7}{\376\377\0004\000.\0007\000\040\145\160\120\074\213\325\232\214\122\006\147\220\213\250\213\272}{section.4}% 19
\BOOKMARK [1][]{section.5}{\376\377\0005\000\040\176\323\213\272}{}% 20
