2026-07-30T02:03:33.813721+00:00 UNIT PASS cn-prd-50c-01-V2-LOCATIONS seed=02 eval=298 events=99 pool=95 fair=0 F=I_FALLBACK bitwise=true
2026-07-30T02:03:37.068512+00:00 UNIT PASS cn-prd-50c-01-V2-LOCATIONS seed=01 eval=331 events=147 pool=142 fair=0 F=I_FALLBACK bitwise=true
2026-07-30T02:04:27.001111+00:00 UNIT PASS cn-prd-50c-01-V2-LOCATIONS seed=03 eval=333 events=132 pool=127 fair=0 F=I_FALLBACK bitwise=true
2026-07-30T02:04:31.125918+00:00 UNIT PASS cn-prd-50c-01-V2-LOCATIONS seed=04 eval=320 events=133 pool=128 fair=0 F=I_FALLBACK bitwise=true
2026-07-30T02:05:22.683241+00:00 UNIT PASS cn-prd-50c-01-V2-LOCATIONS seed=05 eval=310 events=137 pool=132 fair=0 F=I_FALLBACK bitwise=true
2026-07-30T02:05:24.890482+00:00 UNIT PASS cn-prd-50c-01-V2-LOCATIONS seed=06 eval=376 events=159 pool=154 fair=0 F=I_FALLBACK bitwise=true
2026-07-30T02:06:15.573588+00:00 UNIT PASS cn-prd-50c-01-V2-LOCATIONS seed=07 eval=314 events=119 pool=115 fair=0 F=I_FALLBACK bitwise=true
2026-07-30T02:06:18.142310+00:00 UNIT PASS cn-prd-50c-01-V2-LOCATIONS seed=08 eval=363 events=143 pool=137 fair=0 F=I_FALLBACK bitwise=true
2026-07-30T02:07:14.776812+00:00 UNIT PASS cn-prd-50c-01-V2-LOCATIONS seed=09 eval=364 events=148 pool=144 fair=0 F=I_FALLBACK bitwise=true
2026-07-30T02:07:15.782499+00:00 UNIT PASS cn-prd-50c-01-V2-LOCATIONS seed=10 eval=339 events=156 pool=152 fair=0 F=I_FALLBACK bitwise=true
2026-07-30T02:09:15.568166+00:00 UNIT PASS cn-prd-100c-02-V2-LOCATIONS seed=01 eval=352 events=142 pool=136 fair=0 F=I_FALLBACK bitwise=true
2026-07-30T02:09:15.871830+00:00 UNIT PASS cn-prd-100c-02-V2-LOCATIONS seed=02 eval=326 events=152 pool=147 fair=0 F=I_FALLBACK bitwise=true
2026-07-30T02:11:14.202685+00:00 UNIT PASS cn-prd-100c-02-V2-LOCATIONS seed=03 eval=352 events=157 pool=152 fair=0 F=I_FALLBACK bitwise=true
2026-07-30T02:11:22.463787+00:00 UNIT PASS cn-prd-100c-02-V2-LOCATIONS seed=04 eval=388 events=166 pool=161 fair=0 F=I_FALLBACK bitwise=true
2026-07-30T02:13:16.262021+00:00 UNIT PASS cn-prd-100c-02-V2-LOCATIONS seed=05 eval=396 events=170 pool=163 fair=0 F=I_FALLBACK bitwise=true
2026-07-30T02:13:17.045693+00:00 UNIT PASS cn-prd-100c-02-V2-LOCATIONS seed=06 eval=313 events=107 pool=101 fair=0 F=I_FALLBACK bitwise=true
2026-07-30T02:15:33.568271+00:00 UNIT PASS cn-prd-100c-02-V2-LOCATIONS seed=08 eval=380 events=147 pool=142 fair=0 F=I_FALLBACK bitwise=true
2026-07-30T02:15:35.202554+00:00 UNIT PASS cn-prd-100c-02-V2-LOCATIONS seed=07 eval=356 events=167 pool=160 fair=0 F=I_FALLBACK bitwise=true
2026-07-30T02:17:40.501667+00:00 UNIT PASS cn-prd-100c-02-V2-LOCATIONS seed=09 eval=349 events=143 pool=137 fair=0 F=I_FALLBACK bitwise=true
2026-07-30T02:17:41.724938+00:00 UNIT PASS cn-prd-100c-02-V2-LOCATIONS seed=10 eval=347 events=145 pool=139 fair=0 F=I_FALLBACK bitwise=true
2026-07-30T02:17:43.508468+00:00 FINALIZE PASS natural=0/20 F_equals_I=20/20 fairness_cost_pct=1.511783667 pending independent verification
2026-07-30T02:17:44.798379+00:00 VERIFY PASS cn-prd-50c-01-V2-LOCATIONS seed=01 events=147 pool=142 fair=0 F=I_FALLBACK
2026-07-30T02:17:44.886699+00:00 VERIFY PASS cn-prd-50c-01-V2-LOCATIONS seed=02 events=99 pool=95 fair=0 F=I_FALLBACK
2026-07-30T02:17:45.004146+00:00 VERIFY PASS cn-prd-50c-01-V2-LOCATIONS seed=03 events=132 pool=127 fair=0 F=I_FALLBACK
2026-07-30T02:17:45.121161+00:00 VERIFY PASS cn-prd-50c-01-V2-LOCATIONS seed=04 events=133 pool=128 fair=0 F=I_FALLBACK
2026-07-30T02:17:45.242485+00:00 VERIFY PASS cn-prd-50c-01-V2-LOCATIONS seed=05 events=137 pool=132 fair=0 F=I_FALLBACK
2026-07-30T02:17:45.383186+00:00 VERIFY PASS cn-prd-50c-01-V2-LOCATIONS seed=06 events=159 pool=154 fair=0 F=I_FALLBACK
2026-07-30T02:17:45.490692+00:00 VERIFY PASS cn-prd-50c-01-V2-LOCATIONS seed=07 events=119 pool=115 fair=0 F=I_FALLBACK
2026-07-30T02:17:45.615774+00:00 VERIFY PASS cn-prd-50c-01-V2-LOCATIONS seed=08 events=143 pool=137 fair=0 F=I_FALLBACK
2026-07-30T02:17:45.751206+00:00 VERIFY PASS cn-prd-50c-01-V2-LOCATIONS seed=09 events=148 pool=144 fair=0 F=I_FALLBACK
2026-07-30T02:17:45.890007+00:00 VERIFY PASS cn-prd-50c-01-V2-LOCATIONS seed=10 events=156 pool=152 fair=0 F=I_FALLBACK
2026-07-30T02:17:46.219967+00:00 VERIFY PASS cn-prd-100c-02-V2-LOCATIONS seed=01 events=142 pool=136 fair=0 F=I_FALLBACK
2026-07-30T02:17:46.430495+00:00 VERIFY PASS cn-prd-100c-02-V2-LOCATIONS seed=02 events=152 pool=147 fair=0 F=I_FALLBACK
2026-07-30T02:17:46.652849+00:00 VERIFY PASS cn-prd-100c-02-V2-LOCATIONS seed=03 events=157 pool=152 fair=0 F=I_FALLBACK
2026-07-30T02:17:46.880269+00:00 VERIFY PASS cn-prd-100c-02-V2-LOCATIONS seed=04 events=166 pool=161 fair=0 F=I_FALLBACK
2026-07-30T02:17:47.109944+00:00 VERIFY PASS cn-prd-100c-02-V2-LOCATIONS seed=05 events=170 pool=163 fair=0 F=I_FALLBACK
2026-07-30T02:17:47.269478+00:00 VERIFY PASS cn-prd-100c-02-V2-LOCATIONS seed=06 events=107 pool=101 fair=0 F=I_FALLBACK
2026-07-30T02:17:47.501357+00:00 VERIFY PASS cn-prd-100c-02-V2-LOCATIONS seed=07 events=167 pool=160 fair=0 F=I_FALLBACK
2026-07-30T02:17:47.704039+00:00 VERIFY PASS cn-prd-100c-02-V2-LOCATIONS seed=08 events=147 pool=142 fair=0 F=I_FALLBACK
2026-07-30T02:17:47.933759+00:00 VERIFY PASS cn-prd-100c-02-V2-LOCATIONS seed=09 events=143 pool=137 fair=0 F=I_FALLBACK
2026-07-30T02:17:48.129774+00:00 VERIFY PASS cn-prd-100c-02-V2-LOCATIONS seed=10 events=145 pool=139 fair=0 F=I_FALLBACK
2026-07-30T02:17:48.163488+00:00 INDEPENDENT VERIFICATION PASS units=20 events=2869 pool=2764 fair=0 natural=0 F_equals_I=20
2026-07-30T02:17:48.338397+00:00 DONE COMPLETE natural=0/20 F_equals_I=20/20 fairness_cost_pct=1.511783667
