[CHAIN] started 2026-07-22T02:36:03.413994+00:00; S2->S5 PASS-only progression
[CHAIN] waiting for S2 completion
[CHAIN] waiting for S2 completion
[CHAIN] waiting for S2 completion
[CHAIN] waiting for S2 completion
[CHAIN] waiting for S2 completion
[CHAIN] waiting for S2 completion
[CHAIN] waiting for S2 completion
[CHAIN] waiting for S2 completion
[CHAIN] waiting for S2 completion
[CHAIN] waiting for S2 completion
[CHAIN] waiting for S2 completion
[CHAIN] waiting for S2 completion
[CHAIN] waiting for S2 completion
[CHAIN] waiting for S2 completion
[CHAIN] waiting for S2 completion
[CHAIN] waiting for S2 completion
[CHAIN] waiting for S2 completion
[CHAIN] waiting for S2 completion
[CHAIN] waiting for S2 completion
[CHAIN] waiting for S2 completion
[CHAIN] waiting for S2 completion
[CHAIN] waiting for S2 completion
Traceback (most recent call last):
  File "/Volumes/移动硬盘（512G）/ReSETP/baselines/e2_final_campaign_20260720/p2p3_threeview/chain_controller.py", line 245, in <module>
    raise SystemExit(main())
                     ~~~~^^
  File "/Volumes/移动硬盘（512G）/ReSETP/baselines/e2_final_campaign_20260720/p2p3_threeview/chain_controller.py", line 213, in main
    _wait_pass(previous)
    ~~~~~~~~~~^^^^^^^^^^
  File "/Volumes/移动硬盘（512G）/ReSETP/baselines/e2_final_campaign_20260720/p2p3_threeview/chain_controller.py", line 186, in _wait_pass
    raise RuntimeError(
    ...<2 lines>...
    )
RuntimeError: S2 halted: HALT_S2_VIEW_INFEASIBLE_OR_ERROR: non-OK rows=1, rows with violations=0
