{"event": "start", "head": "cef2d49fd7665f8d9319cb64ebeea4d7fa29e543", "time": 1783266775.711755}
{"event": "task_start", "profile": "A0_TRACE", "run_id": "STRONG_BRIDGE_BACKEND_PROBE__multidepot__e2-multidepot-100c-01__A0_TRACE__seed1", "time": 1783266778.417675}
{"event": "task_start", "profile": "A3_STRONG_BRIDGE_BACKEND", "run_id": "STRONG_BRIDGE_BACKEND_PROBE__multidepot__e2-multidepot-100c-01__A3_STRONG_BRIDGE_BACKEND__seed1", "time": 1783266778.449425}
{"event": "task_start", "profile": "LNS_TRACE_REFERENCE", "run_id": "STRONG_BRIDGE_BACKEND_PROBE__multidepot__e2-multidepot-100c-01__LNS_TRACE_REFERENCE__seed1", "time": 1783266778.463588}
{"elapsed": 1.4239984169980744, "event": "task_complete", "run_id": "STRONG_BRIDGE_BACKEND_PROBE__multidepot__e2-multidepot-100c-01__LNS_TRACE_REFERENCE__seed1", "status": "OK", "time": 1783266779.8876328}
{"event": "task_start", "profile": "A0_TRACE", "run_id": "STRONG_BRIDGE_BACKEND_PROBE__multidepot__e2-multidepot-100c-01__A0_TRACE__seed2", "time": 1783266779.893424}
{"elapsed": 49.84694899999886, "event": "task_complete", "run_id": "STRONG_BRIDGE_BACKEND_PROBE__multidepot__e2-multidepot-100c-01__A3_STRONG_BRIDGE_BACKEND__seed1", "status": "OK", "time": 1783266828.297626}
{"event": "task_start", "profile": "A3_STRONG_BRIDGE_BACKEND", "run_id": "STRONG_BRIDGE_BACKEND_PROBE__multidepot__e2-multidepot-100c-01__A3_STRONG_BRIDGE_BACKEND__seed2", "time": 1783266828.3256571}
{"elapsed": 48.97833779199573, "event": "task_complete", "run_id": "STRONG_BRIDGE_BACKEND_PROBE__multidepot__e2-multidepot-100c-01__A3_STRONG_BRIDGE_BACKEND__seed2", "status": "OK", "time": 1783266877.305258}
{"event": "task_start", "profile": "LNS_TRACE_REFERENCE", "run_id": "STRONG_BRIDGE_BACKEND_PROBE__multidepot__e2-multidepot-100c-01__LNS_TRACE_REFERENCE__seed2", "time": 1783266877.332258}
{"elapsed": 1.0989695839962224, "event": "task_complete", "run_id": "STRONG_BRIDGE_BACKEND_PROBE__multidepot__e2-multidepot-100c-01__LNS_TRACE_REFERENCE__seed2", "status": "OK", "time": 1783266878.4312582}
{"event": "task_start", "profile": "A0_TRACE", "run_id": "STRONG_BRIDGE_BACKEND_PROBE__multidepot__e2-multidepot-100c-01__A0_TRACE__seed3", "time": 1783266878.435515}
{"elapsed": 116.91488429200399, "event": "task_complete", "run_id": "STRONG_BRIDGE_BACKEND_PROBE__multidepot__e2-multidepot-100c-01__A0_TRACE__seed2", "status": "OK", "time": 1783266896.810596}
{"event": "task_start", "profile": "A3_STRONG_BRIDGE_BACKEND", "run_id": "STRONG_BRIDGE_BACKEND_PROBE__multidepot__e2-multidepot-100c-01__A3_STRONG_BRIDGE_BACKEND__seed3", "time": 1783266896.84193}
{"elapsed": 121.23333899999852, "event": "task_complete", "run_id": "STRONG_BRIDGE_BACKEND_PROBE__multidepot__e2-multidepot-100c-01__A0_TRACE__seed1", "status": "OK", "time": 1783266899.652968}
{"event": "task_start", "profile": "LNS_TRACE_REFERENCE", "run_id": "STRONG_BRIDGE_BACKEND_PROBE__multidepot__e2-multidepot-100c-01__LNS_TRACE_REFERENCE__seed3", "time": 1783266899.683084}
{"elapsed": 1.3449183749980875, "event": "task_complete", "run_id": "STRONG_BRIDGE_BACKEND_PROBE__multidepot__e2-multidepot-100c-01__LNS_TRACE_REFERENCE__seed3", "status": "OK", "time": 1783266901.028047}
{"event": "task_start", "profile": "A0_TRACE", "run_id": "STRONG_BRIDGE_BACKEND_PROBE__multidepot__e2-multidepot-10c-01__A0_TRACE__seed1", "time": 1783266901.0319738}
{"elapsed": 2.9732137079990935, "event": "task_complete", "run_id": "STRONG_BRIDGE_BACKEND_PROBE__multidepot__e2-multidepot-10c-01__A0_TRACE__seed1", "status": "OK", "time": 1783266904.005294}
{"event": "task_start", "profile": "A3_STRONG_BRIDGE_BACKEND", "run_id": "STRONG_BRIDGE_BACKEND_PROBE__multidepot__e2-multidepot-10c-01__A3_STRONG_BRIDGE_BACKEND__seed1", "time": 1783266904.037044}
{"elapsed": 4.315123083993967, "event": "task_complete", "run_id": "STRONG_BRIDGE_BACKEND_PROBE__multidepot__e2-multidepot-10c-01__A3_STRONG_BRIDGE_BACKEND__seed1", "status": "OK", "time": 1783266908.352312}
{"event": "task_start", "profile": "LNS_TRACE_REFERENCE", "run_id": "STRONG_BRIDGE_BACKEND_PROBE__multidepot__e2-multidepot-10c-01__LNS_TRACE_REFERENCE__seed1", "time": 1783266908.381369}
{"elapsed": 1.0546590839949204, "event": "task_complete", "run_id": "STRONG_BRIDGE_BACKEND_PROBE__multidepot__e2-multidepot-10c-01__LNS_TRACE_REFERENCE__seed1", "status": "OK", "time": 1783266909.4360662}
{"event": "task_start", "profile": "A0_TRACE", "run_id": "STRONG_BRIDGE_BACKEND_PROBE__multidepot__e2-multidepot-10c-01__A0_TRACE__seed2", "time": 1783266909.445709}
{"elapsed": 4.415639457998623, "event": "task_complete", "run_id": "STRONG_BRIDGE_BACKEND_PROBE__multidepot__e2-multidepot-10c-01__A0_TRACE__seed2", "status": "OK", "time": 1783266913.861462}
{"event": "task_start", "profile": "A3_STRONG_BRIDGE_BACKEND", "run_id": "STRONG_BRIDGE_BACKEND_PROBE__multidepot__e2-multidepot-10c-01__A3_STRONG_BRIDGE_BACKEND__seed2", "time": 1783266913.890149}
{"elapsed": 3.42164204200526, "event": "task_complete", "run_id": "STRONG_BRIDGE_BACKEND_PROBE__multidepot__e2-multidepot-10c-01__A3_STRONG_BRIDGE_BACKEND__seed2", "status": "OK", "time": 1783266917.312098}
{"event": "task_start", "profile": "LNS_TRACE_REFERENCE", "run_id": "STRONG_BRIDGE_BACKEND_PROBE__multidepot__e2-multidepot-10c-01__LNS_TRACE_REFERENCE__seed2", "time": 1783266917.338496}
{"elapsed": 1.1045214590049, "event": "task_complete", "run_id": "STRONG_BRIDGE_BACKEND_PROBE__multidepot__e2-multidepot-10c-01__LNS_TRACE_REFERENCE__seed2", "status": "OK", "time": 1783266918.443028}
{"event": "task_start", "profile": "A0_TRACE", "run_id": "STRONG_BRIDGE_BACKEND_PROBE__multidepot__e2-multidepot-10c-01__A0_TRACE__seed3", "time": 1783266918.447209}
{"elapsed": 3.1458912500020233, "event": "task_complete", "run_id": "STRONG_BRIDGE_BACKEND_PROBE__multidepot__e2-multidepot-10c-01__A0_TRACE__seed3", "status": "OK", "time": 1783266921.5932212}
{"event": "task_start", "profile": "A3_STRONG_BRIDGE_BACKEND", "run_id": "STRONG_BRIDGE_BACKEND_PROBE__multidepot__e2-multidepot-10c-01__A3_STRONG_BRIDGE_BACKEND__seed3", "time": 1783266921.652108}
{"elapsed": 4.214555624996137, "event": "task_complete", "run_id": "STRONG_BRIDGE_BACKEND_PROBE__multidepot__e2-multidepot-10c-01__A3_STRONG_BRIDGE_BACKEND__seed3", "status": "OK", "time": 1783266925.866816}
{"event": "task_start", "profile": "LNS_TRACE_REFERENCE", "run_id": "STRONG_BRIDGE_BACKEND_PROBE__multidepot__e2-multidepot-10c-01__LNS_TRACE_REFERENCE__seed3", "time": 1783266925.8969128}
{"elapsed": 1.7482431659955182, "event": "task_complete", "run_id": "STRONG_BRIDGE_BACKEND_PROBE__multidepot__e2-multidepot-10c-01__LNS_TRACE_REFERENCE__seed3", "status": "OK", "time": 1783266927.645629}
{"event": "task_start", "profile": "A0_TRACE", "run_id": "STRONG_BRIDGE_BACKEND_PROBE__multidepot__e2-multidepot-150c-01__A0_TRACE__seed1", "time": 1783266927.653813}
{"elapsed": 51.17290091700124, "event": "task_complete", "run_id": "STRONG_BRIDGE_BACKEND_PROBE__multidepot__e2-multidepot-100c-01__A3_STRONG_BRIDGE_BACKEND__seed3", "status": "OK", "time": 1783266948.016364}
{"event": "task_start", "profile": "A3_STRONG_BRIDGE_BACKEND", "run_id": "STRONG_BRIDGE_BACKEND_PROBE__multidepot__e2-multidepot-150c-01__A3_STRONG_BRIDGE_BACKEND__seed1", "time": 1783266948.042759}
{"elapsed": 120.86621737499809, "event": "task_complete", "run_id": "STRONG_BRIDGE_BACKEND_PROBE__multidepot__e2-multidepot-100c-01__A0_TRACE__seed3", "status": "OK", "time": 1783266999.304072}
{"event": "task_start", "profile": "LNS_TRACE_REFERENCE", "run_id": "STRONG_BRIDGE_BACKEND_PROBE__multidepot__e2-multidepot-150c-01__LNS_TRACE_REFERENCE__seed1", "time": 1783266999.3331141}
{"elapsed": 1.055241207999643, "event": "task_complete", "run_id": "STRONG_BRIDGE_BACKEND_PROBE__multidepot__e2-multidepot-150c-01__LNS_TRACE_REFERENCE__seed1", "status": "OK", "time": 1783267000.3883991}
{"event": "task_start", "profile": "A0_TRACE", "run_id": "STRONG_BRIDGE_BACKEND_PROBE__multidepot__e2-multidepot-150c-01__A0_TRACE__seed2", "time": 1783267000.393502}
{"elapsed": 61.88290433400107, "event": "task_complete", "run_id": "STRONG_BRIDGE_BACKEND_PROBE__multidepot__e2-multidepot-150c-01__A3_STRONG_BRIDGE_BACKEND__seed1", "status": "OK", "time": 1783267009.9270852}
{"event": "task_start", "profile": "A3_STRONG_BRIDGE_BACKEND", "run_id": "STRONG_BRIDGE_BACKEND_PROBE__multidepot__e2-multidepot-150c-01__A3_STRONG_BRIDGE_BACKEND__seed2", "time": 1783267009.954941}
{"elapsed": 65.92295304099389, "event": "task_complete", "run_id": "STRONG_BRIDGE_BACKEND_PROBE__multidepot__e2-multidepot-150c-01__A3_STRONG_BRIDGE_BACKEND__seed2", "status": "OK", "time": 1783267075.881325}
{"event": "task_start", "profile": "LNS_TRACE_REFERENCE", "run_id": "STRONG_BRIDGE_BACKEND_PROBE__multidepot__e2-multidepot-150c-01__LNS_TRACE_REFERENCE__seed2", "time": 1783267075.912179}
{"elapsed": 1.1243744579987833, "event": "task_complete", "run_id": "STRONG_BRIDGE_BACKEND_PROBE__multidepot__e2-multidepot-150c-01__LNS_TRACE_REFERENCE__seed2", "status": "OK", "time": 1783267077.0369961}
{"event": "task_start", "profile": "A0_TRACE", "run_id": "STRONG_BRIDGE_BACKEND_PROBE__multidepot__e2-multidepot-150c-01__A0_TRACE__seed3", "time": 1783267077.041719}
{"event": "task_start", "profile": "LNS_TRACE_REFERENCE", "run_id": "STRONG_BRIDGE_BACKEND_PROBE__multidepot__e2-multidepot-150c-01__LNS_TRACE_REFERENCE__seed3", "time": 1783267133.405764}
{"event": "task_start", "profile": "A3_STRONG_BRIDGE_BACKEND", "run_id": "STRONG_BRIDGE_BACKEND_PROBE__multidepot__e2-multidepot-150c-01__A3_STRONG_BRIDGE_BACKEND__seed3", "time": 1783267133.4052851}
{"event": "task_start", "profile": "A0_TRACE", "run_id": "STRONG_BRIDGE_BACKEND_PROBE__multidepot__e2-multidepot-15c-01__A0_TRACE__seed1", "time": 1783267133.4066849}
{"elapsed": 1.221260041995265, "event": "task_complete", "run_id": "STRONG_BRIDGE_BACKEND_PROBE__multidepot__e2-multidepot-150c-01__LNS_TRACE_REFERENCE__seed3", "status": "OK", "time": 1783267134.627064}
{"event": "task_start", "profile": "A3_STRONG_BRIDGE_BACKEND", "run_id": "STRONG_BRIDGE_BACKEND_PROBE__multidepot__e2-multidepot-15c-01__A3_STRONG_BRIDGE_BACKEND__seed1", "time": 1783267134.630764}
{"event": "start", "head": "cef2d49fd7665f8d9319cb64ebeea4d7fa29e543", "time": 1783267184.737571}
{"event": "task_start", "profile": "A0_TRACE", "run_id": "STRONG_BRIDGE_BACKEND_PROBE__multidepot__e2-multidepot-150c-01__A0_TRACE__seed1", "time": 1783267190.22035}
{"event": "task_start", "profile": "A0_TRACE", "run_id": "STRONG_BRIDGE_BACKEND_PROBE__multidepot__e2-multidepot-150c-01__A0_TRACE__seed2", "time": 1783267190.2204878}
{"event": "task_start", "profile": "A0_TRACE", "run_id": "STRONG_BRIDGE_BACKEND_PROBE__multidepot__e2-multidepot-150c-01__A0_TRACE__seed3", "time": 1783267190.2988532}
