[FINAL-confirm] 9 units across 5 workers
[FINAL-confirm] PR20B seed=1 mother=10240.207 hybrid=10177.481 win gap_closed=27.7% cpu_ratio=2.00
[FINAL-confirm] PR16A seed=1 mother=14657.261 hybrid=14421.845 win gap_closed=35.4% cpu_ratio=2.00
[FINAL-confirm] PR16A seed=2 mother=14648.520 hybrid=14338.388 win gap_closed=47.3% cpu_ratio=2.00
[FINAL-confirm] PR20B seed=2 mother=10307.885 hybrid=10231.246 win gap_closed=26.0% cpu_ratio=2.00
[FINAL-confirm] PR16A seed=3 mother=14599.152 hybrid=14372.440 win gap_closed=37.4% cpu_ratio=2.00
[FINAL-confirm] PR20B seed=3 mother=10210.717 hybrid=10187.653 win gap_closed=11.7% cpu_ratio=2.00
[FINAL-confirm] PR24A seed=3 mother=12119.532 hybrid=11957.007 win gap_closed=33.8% cpu_ratio=2.00
[FINAL-confirm] PR24A seed=1 mother=11997.057 hybrid=11858.919 win gap_closed=38.5% cpu_ratio=2.00
[FINAL-confirm] PR24A seed=2 mother=12109.716 hybrid=11925.865 win gap_closed=39.0% cpu_ratio=2.00
{
  "schema_version": "resetp.e2-final-campaign.mv-hgs-sp-final-gate.v1",
  "block": "confirm",
  "decision": "PASS_MV_HGS_SP_FINAL_GCONFIRM",
  "passed": true,
  "wins": 9,
  "ties": 0,
  "losses": 0,
  "median_cpu_ratio": 2.0023818959671607,
  "mean_percent_of_mother_gap_closed": 32.97987192302746,
  "round_func": "exact",
  "scale": 1000.0
}
