[FINAL-dev] 9 units across 5 workers
[FINAL-dev] PR11A seed=2 mother=6733.715 hybrid=6733.715 tie gap_closed=0.0% cpu_ratio=1.19
[FINAL-dev] PR17A seed=2 mother=6316.446 hybrid=6313.879 win gap_closed=10.8% cpu_ratio=1.36
[FINAL-dev] PR11A seed=1 mother=6694.747 hybrid=6687.800 win gap_closed=17.7% cpu_ratio=1.24
[FINAL-dev] PR11A seed=3 mother=6705.706 hybrid=6696.781 win gap_closed=17.8% cpu_ratio=1.63
[FINAL-dev] PR17A seed=1 mother=6310.396 hybrid=6298.011 win gap_closed=69.6% cpu_ratio=1.74
[FINAL-dev] PR17A seed=3 mother=6308.618 hybrid=6306.111 win gap_closed=15.6% cpu_ratio=1.54
[FINAL-dev] PR21A seed=1 mother=6247.480 hybrid=6247.480 tie gap_closed=0.0% cpu_ratio=1.19
[FINAL-dev] PR21A seed=2 mother=6253.356 hybrid=6239.388 win gap_closed=59.9% cpu_ratio=1.54
[FINAL-dev] PR21A seed=3 mother=6234.884 hybrid=6234.394 win gap_closed=10.1% cpu_ratio=1.30
{
  "schema_version": "resetp.e2-final-campaign.mv-hgs-sp-final-gate.v1",
  "block": "dev",
  "decision": "FAIL_MV_HGS_SP_FINAL_DEV",
  "passed": false,
  "wins": 7,
  "ties": 2,
  "losses": 0,
  "median_cpu_ratio": 1.3613159682790097,
  "mean_percent_of_mother_gap_closed": 22.393934628877414,
  "round_func": "exact",
  "scale": 1000.0
}
