[P1-FORMAL] 0 units already complete; 280 remaining across 6 workers (28 instances x 10 seeds = 280 total)
[P1-FORMAL] PR11A seed=6 mother=6709.871 hybrid=6709.152 win (+0.011%) cpu_ratio=1.40
[P1-FORMAL] PR11A seed=2 mother=6733.715 hybrid=6733.715 tie (+0.000%) cpu_ratio=1.19
[P1-FORMAL] PR11A seed=5 mother=6672.748 hybrid=6672.748 tie (+0.000%) cpu_ratio=1.19
[P1-FORMAL] PR11A seed=4 mother=6681.358 hybrid=6677.277 win (+0.061%) cpu_ratio=1.36
[P1-FORMAL] PR11A seed=1 mother=6697.072 hybrid=6690.124 win (+0.104%) cpu_ratio=1.55
[P1-FORMAL] PR11A seed=3 mother=6705.706 hybrid=6696.781 win (+0.133%) cpu_ratio=1.64
[P1-FORMAL] PR11A seed=7 mother=6743.008 hybrid=6738.423 win (+0.068%) cpu_ratio=1.64
[P1-FORMAL] PR11A seed=9 mother=6758.831 hybrid=6731.582 win (+0.403%) cpu_ratio=1.69
[P1-FORMAL] PR11A seed=8 mother=6723.376 hybrid=6690.797 win (+0.485%) cpu_ratio=1.88
[P1-FORMAL] PR11B seed=1 mother=4849.102 hybrid=4847.949 win (+0.024%) cpu_ratio=1.95
[P1-FORMAL] PR11B seed=2 mother=4837.779 hybrid=4816.902 win (+0.432%) cpu_ratio=1.44
[P1-FORMAL] PR11A seed=10 mother=6731.743 hybrid=6730.198 win (+0.023%) cpu_ratio=1.49
[P1-FORMAL] PR11B seed=3 mother=4839.767 hybrid=4831.190 win (+0.177%) cpu_ratio=1.59
[P1-FORMAL] PR11B seed=4 mother=4844.550 hybrid=4843.750 win (+0.017%) cpu_ratio=1.57
[P1-FORMAL] PR11B seed=8 mother=4820.019 hybrid=4820.019 tie (+0.000%) cpu_ratio=1.29
[P1-FORMAL] PR11B seed=6 mother=4834.547 hybrid=4831.688 win (+0.059%) cpu_ratio=1.51
[P1-FORMAL] PR11B seed=7 mother=4853.059 hybrid=4853.059 tie (+0.000%) cpu_ratio=1.19
[P1-FORMAL] PR11B seed=5 mother=4853.577 hybrid=4846.140 win (+0.153%) cpu_ratio=2.10
[P1-FORMAL] PR11B seed=9 mother=4843.741 hybrid=4839.857 win (+0.080%) cpu_ratio=1.56
[P1-FORMAL] PR11B seed=10 mother=4843.289 hybrid=4838.668 win (+0.095%) cpu_ratio=1.69
[P1-FORMAL] PR12A seed=1 mother=8219.917 hybrid=8194.636 win (+0.308%) cpu_ratio=1.90
[P1-FORMAL] PR12A seed=2 mother=8238.997 hybrid=8229.271 win (+0.118%) cpu_ratio=1.70
[P1-FORMAL] PR12A seed=3 mother=8243.811 hybrid=8232.415 win (+0.138%) cpu_ratio=1.72
[P1-FORMAL] PR12A seed=4 mother=8281.338 hybrid=8242.418 win (+0.470%) cpu_ratio=1.67
[P1-FORMAL] PR12A seed=5 mother=8212.208 hybrid=8196.006 win (+0.197%) cpu_ratio=1.66
[P1-FORMAL] PR12A seed=6 mother=8224.238 hybrid=8214.720 win (+0.116%) cpu_ratio=1.78
[P1-FORMAL] PR12A seed=9 mother=8207.332 hybrid=8204.262 win (+0.037%) cpu_ratio=1.54
[P1-FORMAL] PR12A seed=8 mother=8257.901 hybrid=8254.048 win (+0.047%) cpu_ratio=1.69
[P1-FORMAL] PR12A seed=10 mother=8225.769 hybrid=8204.590 win (+0.257%) cpu_ratio=1.80
[P1-FORMAL] PR12A seed=7 mother=8278.462 hybrid=8230.634 win (+0.578%) cpu_ratio=2.00
[P1-FORMAL] PR12B seed=1 mother=6055.926 hybrid=6055.564 win (+0.006%) cpu_ratio=1.52
[P1-FORMAL] PR12B seed=2 mother=6047.656 hybrid=6030.239 win (+0.288%) cpu_ratio=1.90
[P1-FORMAL] PR12B seed=5 mother=6045.317 hybrid=6045.317 tie (+0.000%) cpu_ratio=1.27
[P1-FORMAL] PR12B seed=3 mother=6057.090 hybrid=6043.128 win (+0.231%) cpu_ratio=1.78
[P1-FORMAL] PR12B seed=4 mother=6062.863 hybrid=6037.173 win (+0.424%) cpu_ratio=1.75
[P1-FORMAL] PR12B seed=6 mother=6085.208 hybrid=6034.162 win (+0.839%) cpu_ratio=1.91
[P1-FORMAL] PR12B seed=7 mother=6068.619 hybrid=6044.803 win (+0.392%) cpu_ratio=2.00
[P1-FORMAL] PR12B seed=9 mother=6048.850 hybrid=6048.850 tie (+0.000%) cpu_ratio=1.26
[P1-FORMAL] PR12B seed=8 mother=6030.682 hybrid=6011.056 win (+0.325%) cpu_ratio=1.77
[P1-FORMAL] PR12B seed=10 mother=6085.913 hybrid=6082.910 win (+0.049%) cpu_ratio=1.82
[P1-FORMAL] PR13A seed=1 mother=9652.602 hybrid=9607.396 win (+0.468%) cpu_ratio=1.96
[P1-FORMAL] PR13A seed=2 mother=9667.534 hybrid=9613.759 win (+0.556%) cpu_ratio=2.00
[P1-FORMAL] PR13A seed=3 mother=9672.864 hybrid=9591.794 win (+0.838%) cpu_ratio=2.00
[P1-FORMAL] PR13A seed=4 mother=9685.793 hybrid=9610.564 win (+0.777%) cpu_ratio=1.95
[P1-FORMAL] PR13A seed=5 mother=9733.996 hybrid=9647.412 win (+0.890%) cpu_ratio=2.00
[P1-FORMAL] PR13A seed=6 mother=9688.941 hybrid=9633.635 win (+0.571%) cpu_ratio=2.00
[P1-FORMAL] PR13A seed=7 mother=9612.583 hybrid=9580.149 win (+0.337%) cpu_ratio=1.94
[P1-FORMAL] PR13A seed=8 mother=9650.028 hybrid=9622.682 win (+0.283%) cpu_ratio=1.91
[P1-FORMAL] PR13A seed=9 mother=9694.915 hybrid=9673.745 win (+0.218%) cpu_ratio=1.96
[P1-FORMAL] PR13A seed=10 mother=9755.573 hybrid=9691.226 win (+0.660%) cpu_ratio=2.00
[P1-FORMAL] PR13B seed=1 mother=7289.769 hybrid=7264.264 win (+0.350%) cpu_ratio=1.92
[P1-FORMAL] PR13B seed=2 mother=7274.983 hybrid=7274.583 win (+0.005%) cpu_ratio=1.77
[P1-FORMAL] PR13B seed=3 mother=7309.886 hybrid=7296.486 win (+0.183%) cpu_ratio=1.94
[P1-FORMAL] PR13B seed=4 mother=7292.854 hybrid=7276.542 win (+0.224%) cpu_ratio=1.94
[P1-FORMAL] PR13B seed=5 mother=7289.472 hybrid=7270.737 win (+0.257%) cpu_ratio=1.92
[P1-FORMAL] PR13B seed=6 mother=7321.735 hybrid=7291.415 win (+0.414%) cpu_ratio=1.92
[P1-FORMAL] PR13B seed=7 mother=7286.203 hybrid=7258.482 win (+0.380%) cpu_ratio=1.92
[P1-FORMAL] PR13B seed=8 mother=7299.240 hybrid=7288.266 win (+0.150%) cpu_ratio=1.93
[P1-FORMAL] PR13B seed=9 mother=7306.554 hybrid=7237.115 win (+0.950%) cpu_ratio=2.00
[P1-FORMAL] PR13B seed=10 mother=7249.925 hybrid=7230.335 win (+0.270%) cpu_ratio=1.97
[P1-FORMAL] PR14A seed=1 mother=11226.832 hybrid=11140.199 win (+0.772%) cpu_ratio=2.00
[P1-FORMAL] PR14A seed=2 mother=11122.262 hybrid=11060.170 win (+0.558%) cpu_ratio=2.00
[P1-FORMAL] PR14A seed=3 mother=11205.018 hybrid=11127.273 win (+0.694%) cpu_ratio=2.00
[P1-FORMAL] PR14A seed=4 mother=11189.696 hybrid=11055.153 win (+1.202%) cpu_ratio=2.00
[P1-FORMAL] PR14A seed=5 mother=11256.075 hybrid=11140.572 win (+1.026%) cpu_ratio=2.00
[P1-FORMAL] PR14A seed=6 mother=11180.503 hybrid=11086.256 win (+0.843%) cpu_ratio=2.00
[P1-FORMAL] PR14A seed=7 mother=11192.486 hybrid=11082.437 win (+0.983%) cpu_ratio=2.00
[P1-FORMAL] PR14A seed=8 mother=11094.776 hybrid=11059.087 win (+0.322%) cpu_ratio=2.00
[P1-FORMAL] PR14A seed=9 mother=11297.006 hybrid=11164.642 win (+1.172%) cpu_ratio=2.00
[P1-FORMAL] PR14A seed=10 mother=11260.733 hybrid=11139.510 win (+1.077%) cpu_ratio=2.00
[P1-FORMAL] PR14B seed=1 mother=8837.960 hybrid=8799.366 win (+0.437%) cpu_ratio=2.00
[P1-FORMAL] PR14B seed=2 mother=8782.332 hybrid=8729.859 win (+0.597%) cpu_ratio=2.00
[P1-FORMAL] PR14B seed=3 mother=8840.201 hybrid=8752.281 win (+0.995%) cpu_ratio=2.00
[P1-FORMAL] PR14B seed=4 mother=8827.197 hybrid=8798.830 win (+0.321%) cpu_ratio=2.00
[P1-FORMAL] PR14B seed=5 mother=8783.922 hybrid=8756.501 win (+0.312%) cpu_ratio=1.98
[P1-FORMAL] PR14B seed=6 mother=8859.885 hybrid=8780.545 win (+0.895%) cpu_ratio=2.00
[P1-FORMAL] PR14B seed=7 mother=8815.624 hybrid=8735.375 win (+0.910%) cpu_ratio=2.00
[P1-FORMAL] PR14B seed=8 mother=8818.552 hybrid=8726.369 win (+1.045%) cpu_ratio=2.00
[P1-FORMAL] PR14B seed=9 mother=8856.699 hybrid=8793.931 win (+0.709%) cpu_ratio=2.00
[P1-FORMAL] PR14B seed=10 mother=8755.970 hybrid=8722.913 win (+0.378%) cpu_ratio=2.00
[P1-FORMAL] PR15A seed=1 mother=13178.170 hybrid=13001.191 win (+1.343%) cpu_ratio=2.00
[P1-FORMAL] PR15A seed=2 mother=13055.940 hybrid=12897.333 win (+1.215%) cpu_ratio=2.00
[P1-FORMAL] PR15A seed=3 mother=13221.431 hybrid=13081.114 win (+1.061%) cpu_ratio=2.00
[P1-FORMAL] PR15A seed=4 mother=13169.329 hybrid=12977.893 win (+1.454%) cpu_ratio=2.00
[P1-FORMAL] PR15A seed=5 mother=13218.289 hybrid=12977.677 win (+1.820%) cpu_ratio=2.00
[P1-FORMAL] PR15A seed=6 mother=13152.940 hybrid=12991.218 win (+1.230%) cpu_ratio=2.01
[P1-FORMAL] PR15A seed=7 mother=13214.025 hybrid=13045.686 win (+1.274%) cpu_ratio=2.00
[P1-FORMAL] PR15A seed=8 mother=13252.935 hybrid=13085.872 win (+1.261%) cpu_ratio=2.00
[P1-FORMAL] PR15A seed=9 mother=13157.533 hybrid=13051.106 win (+0.809%) cpu_ratio=2.00
[P1-FORMAL] PR15A seed=10 mother=13181.823 hybrid=13027.394 win (+1.172%) cpu_ratio=2.00
[P1-FORMAL] PR15B seed=1 mother=10556.580 hybrid=10436.753 win (+1.135%) cpu_ratio=2.00
[P1-FORMAL] PR15B seed=2 mother=10497.382 hybrid=10397.570 win (+0.951%) cpu_ratio=2.00
[P1-FORMAL] PR15B seed=3 mother=10470.271 hybrid=10410.603 win (+0.570%) cpu_ratio=2.00
[P1-FORMAL] PR15B seed=4 mother=10447.477 hybrid=10410.965 win (+0.349%) cpu_ratio=2.00
[P1-FORMAL] PR15B seed=5 mother=10499.101 hybrid=10369.112 win (+1.238%) cpu_ratio=2.00
[P1-FORMAL] PR15B seed=6 mother=10570.240 hybrid=10388.474 win (+1.720%) cpu_ratio=2.00
[P1-FORMAL] PR15B seed=7 mother=10468.959 hybrid=10402.926 win (+0.631%) cpu_ratio=2.00
[P1-FORMAL] PR15B seed=8 mother=10428.253 hybrid=10385.137 win (+0.413%) cpu_ratio=2.00
[P1-FORMAL] PR15B seed=9 mother=10485.025 hybrid=10430.085 win (+0.524%) cpu_ratio=2.00
[P1-FORMAL] PR15B seed=10 mother=10563.533 hybrid=10437.805 win (+1.190%) cpu_ratio=2.00
[P1-FORMAL] PR16A seed=1 mother=14657.261 hybrid=14465.639 win (+1.307%) cpu_ratio=2.00
[P1-FORMAL] PR16A seed=2 mother=14695.496 hybrid=14400.364 win (+2.008%) cpu_ratio=2.00
[P1-FORMAL] PR16A seed=3 mother=14643.683 hybrid=14417.544 win (+1.544%) cpu_ratio=2.00
[P1-FORMAL] PR16A seed=4 mother=14511.109 hybrid=14299.112 win (+1.461%) cpu_ratio=2.00
[P1-FORMAL] PR16A seed=5 mother=14719.323 hybrid=14454.510 win (+1.799%) cpu_ratio=2.00
[P1-FORMAL] PR16A seed=6 mother=14821.267 hybrid=14550.825 win (+1.825%) cpu_ratio=2.00
[P1-FORMAL] PR16A seed=7 mother=14745.957 hybrid=14523.795 win (+1.507%) cpu_ratio=2.00
[P1-FORMAL] PR16A seed=8 mother=14652.716 hybrid=14459.830 win (+1.316%) cpu_ratio=2.00
[P1-FORMAL] PR16A seed=9 mother=14731.923 hybrid=14572.277 win (+1.084%) cpu_ratio=2.00
[P1-FORMAL] PR16A seed=10 mother=14684.680 hybrid=14534.734 win (+1.021%) cpu_ratio=2.00
[P1-FORMAL] PR16B seed=1 mother=11754.399 hybrid=11603.673 win (+1.282%) cpu_ratio=2.01
[P1-FORMAL] PR16B seed=2 mother=11681.041 hybrid=11479.315 win (+1.727%) cpu_ratio=2.00
[P1-FORMAL] PR16B seed=3 mother=11768.191 hybrid=11607.907 win (+1.362%) cpu_ratio=2.00
[P1-FORMAL] PR16B seed=4 mother=11698.712 hybrid=11560.699 win (+1.180%) cpu_ratio=2.00
[P1-FORMAL] PR16B seed=5 mother=11688.049 hybrid=11482.477 win (+1.759%) cpu_ratio=2.00
[P1-FORMAL] PR16B seed=6 mother=11714.877 hybrid=11505.518 win (+1.787%) cpu_ratio=2.00
[P1-FORMAL] PR16B seed=7 mother=11637.406 hybrid=11522.738 win (+0.985%) cpu_ratio=2.00
[P1-FORMAL] PR16B seed=8 mother=11655.320 hybrid=11503.726 win (+1.301%) cpu_ratio=2.00
[P1-FORMAL] PR16B seed=9 mother=11646.448 hybrid=11484.894 win (+1.387%) cpu_ratio=2.00
[P1-FORMAL] PR16B seed=10 mother=11673.586 hybrid=11493.109 win (+1.546%) cpu_ratio=2.00
[P1-FORMAL] PR17A seed=2 mother=6316.446 hybrid=6313.879 win (+0.041%) cpu_ratio=1.37
[P1-FORMAL] PR17A seed=1 mother=6310.396 hybrid=6307.418 win (+0.047%) cpu_ratio=1.63
[P1-FORMAL] PR17A seed=4 mother=6317.857 hybrid=6317.857 tie (+0.000%) cpu_ratio=1.30
[P1-FORMAL] PR17A seed=3 mother=6308.618 hybrid=6306.111 win (+0.040%) cpu_ratio=1.52
[P1-FORMAL] PR17A seed=5 mother=6310.864 hybrid=6307.907 win (+0.047%) cpu_ratio=1.73
[P1-FORMAL] PR17A seed=8 mother=6313.809 hybrid=6308.664 win (+0.081%) cpu_ratio=1.73
[P1-FORMAL] PR17A seed=10 mother=6322.836 hybrid=6322.836 tie (+0.000%) cpu_ratio=1.50
[P1-FORMAL] PR17A seed=7 mother=6310.114 hybrid=6307.819 win (+0.036%) cpu_ratio=1.32
[P1-FORMAL] PR17A seed=9 mother=6311.144 hybrid=6311.144 tie (+0.000%) cpu_ratio=1.27
[P1-FORMAL] PR17A seed=6 mother=6312.668 hybrid=6304.696 win (+0.126%) cpu_ratio=1.33
[P1-FORMAL] PR17B seed=2 mother=4802.688 hybrid=4802.688 tie (+0.000%) cpu_ratio=1.19
[P1-FORMAL] PR17B seed=1 mother=4776.851 hybrid=4776.578 win (+0.006%) cpu_ratio=1.30
[P1-FORMAL] PR17B seed=3 mother=4820.239 hybrid=4814.056 win (+0.128%) cpu_ratio=1.52
[P1-FORMAL] PR17B seed=4 mother=4800.399 hybrid=4800.399 tie (+0.000%) cpu_ratio=1.24
[P1-FORMAL] PR17B seed=6 mother=4802.471 hybrid=4798.202 win (+0.089%) cpu_ratio=1.26
[P1-FORMAL] PR17B seed=5 mother=4789.879 hybrid=4774.532 win (+0.320%) cpu_ratio=1.88
[P1-FORMAL] PR17B seed=9 mother=4806.717 hybrid=4806.717 tie (+0.000%) cpu_ratio=1.56
[P1-FORMAL] PR17B seed=7 mother=4776.027 hybrid=4771.155 win (+0.102%) cpu_ratio=1.74
[P1-FORMAL] PR17B seed=10 mother=4788.083 hybrid=4781.904 win (+0.129%) cpu_ratio=1.66
[P1-FORMAL] PR17B seed=8 mother=4803.888 hybrid=4792.826 win (+0.230%) cpu_ratio=1.64
[P1-FORMAL] PR18A seed=2 mother=8265.297 hybrid=8255.544 win (+0.118%) cpu_ratio=1.73
[P1-FORMAL] PR18A seed=1 mother=8291.595 hybrid=8269.258 win (+0.269%) cpu_ratio=1.92
[P1-FORMAL] PR18A seed=3 mother=8289.170 hybrid=8249.910 win (+0.474%) cpu_ratio=1.92
[P1-FORMAL] PR18A seed=4 mother=8345.374 hybrid=8301.416 win (+0.527%) cpu_ratio=2.00
[P1-FORMAL] PR18A seed=6 mother=8287.280 hybrid=8270.515 win (+0.202%) cpu_ratio=1.97
[P1-FORMAL] PR18A seed=5 mother=8260.810 hybrid=8215.182 win (+0.552%) cpu_ratio=2.00
[P1-FORMAL] PR18A seed=7 mother=8311.287 hybrid=8287.936 win (+0.281%) cpu_ratio=1.85
[P1-FORMAL] PR18A seed=8 mother=8313.176 hybrid=8267.000 win (+0.555%) cpu_ratio=1.95
[P1-FORMAL] PR18A seed=9 mother=8261.147 hybrid=8237.803 win (+0.283%) cpu_ratio=1.94
[P1-FORMAL] PR18A seed=10 mother=8290.790 hybrid=8284.586 win (+0.075%) cpu_ratio=1.87
[P1-FORMAL] PR18B seed=1 mother=6512.351 hybrid=6475.249 win (+0.570%) cpu_ratio=1.87
[P1-FORMAL] PR18B seed=2 mother=6519.672 hybrid=6503.876 win (+0.242%) cpu_ratio=1.82
[P1-FORMAL] PR18B seed=3 mother=6497.303 hybrid=6486.699 win (+0.163%) cpu_ratio=1.81
[P1-FORMAL] PR18B seed=4 mother=6480.004 hybrid=6464.984 win (+0.232%) cpu_ratio=1.73
[P1-FORMAL] PR18B seed=5 mother=6510.836 hybrid=6509.225 win (+0.025%) cpu_ratio=1.44
[P1-FORMAL] PR18B seed=6 mother=6511.558 hybrid=6501.120 win (+0.160%) cpu_ratio=1.61
[P1-FORMAL] PR18B seed=7 mother=6501.234 hybrid=6496.031 win (+0.080%) cpu_ratio=1.76
[P1-FORMAL] PR18B seed=8 mother=6515.061 hybrid=6477.869 win (+0.571%) cpu_ratio=1.91
[P1-FORMAL] PR18B seed=9 mother=6474.661 hybrid=6462.527 win (+0.187%) cpu_ratio=1.82
[P1-FORMAL] PR18B seed=10 mother=6479.040 hybrid=6473.021 win (+0.093%) cpu_ratio=1.85
[P1-FORMAL] PR19A seed=1 mother=10818.886 hybrid=10650.927 win (+1.552%) cpu_ratio=2.00
[P1-FORMAL] PR19A seed=2 mother=10790.511 hybrid=10712.854 win (+0.720%) cpu_ratio=2.00
[P1-FORMAL] PR19A seed=3 mother=10708.592 hybrid=10652.150 win (+0.527%) cpu_ratio=2.00
[P1-FORMAL] PR19A seed=4 mother=10805.549 hybrid=10751.035 win (+0.505%) cpu_ratio=1.99
[P1-FORMAL] PR19A seed=5 mother=10790.437 hybrid=10741.112 win (+0.457%) cpu_ratio=2.00
[P1-FORMAL] PR19A seed=6 mother=10748.429 hybrid=10678.831 win (+0.648%) cpu_ratio=2.00
[P1-FORMAL] PR19A seed=7 mother=10790.873 hybrid=10687.035 win (+0.962%) cpu_ratio=2.00
[P1-FORMAL] PR19A seed=8 mother=10861.917 hybrid=10696.331 win (+1.524%) cpu_ratio=2.00
[P1-FORMAL] PR19A seed=9 mother=10781.960 hybrid=10670.234 win (+1.036%) cpu_ratio=2.00
[P1-FORMAL] PR19A seed=10 mother=10840.413 hybrid=10752.769 win (+0.808%) cpu_ratio=2.00
[P1-FORMAL] PR19B seed=1 mother=8224.388 hybrid=8189.606 win (+0.423%) cpu_ratio=2.00
[P1-FORMAL] PR19B seed=2 mother=8210.443 hybrid=8195.488 win (+0.182%) cpu_ratio=2.00
[P1-FORMAL] PR19B seed=3 mother=8189.464 hybrid=8170.945 win (+0.226%) cpu_ratio=2.00
[P1-FORMAL] PR19B seed=4 mother=8169.269 hybrid=8131.012 win (+0.468%) cpu_ratio=2.00
[P1-FORMAL] PR19B seed=5 mother=8198.957 hybrid=8158.570 win (+0.493%) cpu_ratio=2.00
[P1-FORMAL] PR19B seed=6 mother=8191.689 hybrid=8168.532 win (+0.283%) cpu_ratio=2.00
[P1-FORMAL] PR19B seed=7 mother=8234.166 hybrid=8207.612 win (+0.322%) cpu_ratio=2.00
[P1-FORMAL] PR19B seed=8 mother=8237.070 hybrid=8176.594 win (+0.734%) cpu_ratio=2.00
[P1-FORMAL] PR19B seed=9 mother=8198.646 hybrid=8145.154 win (+0.652%) cpu_ratio=2.00
[P1-FORMAL] PR19B seed=10 mother=8193.288 hybrid=8184.853 win (+0.103%) cpu_ratio=1.99
[P1-FORMAL] PR20A seed=1 mother=12074.385 hybrid=11928.333 win (+1.210%) cpu_ratio=2.00
[P1-FORMAL] PR20A seed=2 mother=12185.169 hybrid=12007.465 win (+1.458%) cpu_ratio=2.00
[P1-FORMAL] PR20A seed=3 mother=12070.846 hybrid=11951.681 win (+0.987%) cpu_ratio=2.00
[P1-FORMAL] PR20A seed=4 mother=12004.104 hybrid=11946.357 win (+0.481%) cpu_ratio=2.00
[P1-FORMAL] PR20A seed=5 mother=12115.617 hybrid=11925.775 win (+1.567%) cpu_ratio=2.00
[P1-FORMAL] PR20A seed=6 mother=12130.468 hybrid=11924.648 win (+1.697%) cpu_ratio=2.00
[P1-FORMAL] PR20A seed=7 mother=12061.498 hybrid=11941.960 win (+0.991%) cpu_ratio=2.00
[P1-FORMAL] PR20A seed=8 mother=12180.537 hybrid=11949.172 win (+1.899%) cpu_ratio=2.00
[P1-FORMAL] PR20A seed=9 mother=12106.349 hybrid=11944.486 win (+1.337%) cpu_ratio=2.00
[P1-FORMAL] PR20A seed=10 mother=12165.512 hybrid=11976.835 win (+1.551%) cpu_ratio=2.00
[P1-FORMAL] PR20B seed=1 mother=10240.207 hybrid=10199.101 win (+0.401%) cpu_ratio=2.00
[P1-FORMAL] PR20B seed=2 mother=10307.885 hybrid=10221.515 win (+0.838%) cpu_ratio=2.00
[P1-FORMAL] PR20B seed=3 mother=10230.646 hybrid=10193.248 win (+0.366%) cpu_ratio=2.00
[P1-FORMAL] PR20B seed=4 mother=10334.423 hybrid=10263.903 win (+0.682%) cpu_ratio=2.00
[P1-FORMAL] PR20B seed=5 mother=10283.882 hybrid=10195.400 win (+0.860%) cpu_ratio=2.00
[P1-FORMAL] PR20B seed=6 mother=10285.363 hybrid=10220.350 win (+0.632%) cpu_ratio=2.00
[P1-FORMAL] PR20B seed=7 mother=10228.787 hybrid=10141.893 win (+0.850%) cpu_ratio=2.00
[P1-FORMAL] PR20B seed=8 mother=10223.681 hybrid=10166.632 win (+0.558%) cpu_ratio=2.00
[P1-FORMAL] PR20B seed=9 mother=10321.508 hybrid=10179.748 win (+1.373%) cpu_ratio=2.00
[P1-FORMAL] PR21A seed=1 mother=6247.480 hybrid=6247.480 tie (+0.000%) cpu_ratio=1.25
[P1-FORMAL] PR20B seed=10 mother=10237.648 hybrid=10166.401 win (+0.696%) cpu_ratio=2.00
[P1-FORMAL] PR21A seed=2 mother=6253.356 hybrid=6239.388 win (+0.223%) cpu_ratio=1.51
[P1-FORMAL] PR21A seed=3 mother=6238.078 hybrid=6235.479 win (+0.042%) cpu_ratio=1.34
[P1-FORMAL] PR21A seed=4 mother=6278.930 hybrid=6234.884 win (+0.701%) cpu_ratio=1.92
[P1-FORMAL] PR21A seed=7 mother=6234.989 hybrid=6234.394 win (+0.010%) cpu_ratio=1.51
[P1-FORMAL] PR21A seed=5 mother=6283.602 hybrid=6242.497 win (+0.654%) cpu_ratio=1.75
[P1-FORMAL] PR21A seed=9 mother=6246.897 hybrid=6244.966 win (+0.031%) cpu_ratio=1.34
[P1-FORMAL] PR21A seed=6 mother=6294.222 hybrid=6248.908 win (+0.720%) cpu_ratio=1.80
[P1-FORMAL] PR21A seed=8 mother=6261.617 hybrid=6238.098 win (+0.376%) cpu_ratio=1.72
[P1-FORMAL] PR21A seed=10 mother=6261.859 hybrid=6245.706 win (+0.258%) cpu_ratio=1.47
[P1-FORMAL] PR21B seed=1 mother=4855.506 hybrid=4855.506 tie (+0.000%) cpu_ratio=1.25
[P1-FORMAL] PR21B seed=2 mother=4854.834 hybrid=4844.090 win (+0.221%) cpu_ratio=2.11
[P1-FORMAL] PR21B seed=4 mother=4831.995 hybrid=4831.995 tie (+0.000%) cpu_ratio=1.25
[P1-FORMAL] PR21B seed=3 mother=4829.522 hybrid=4828.802 win (+0.015%) cpu_ratio=1.43
[P1-FORMAL] PR21B seed=5 mother=4857.459 hybrid=4857.086 win (+0.008%) cpu_ratio=1.45
[P1-FORMAL] PR21B seed=7 mother=4851.774 hybrid=4851.774 tie (+0.000%) cpu_ratio=1.27
[P1-FORMAL] PR21B seed=6 mother=4861.533 hybrid=4850.346 win (+0.230%) cpu_ratio=1.63
[P1-FORMAL] PR21B seed=8 mother=4865.823 hybrid=4854.441 win (+0.234%) cpu_ratio=1.69
[P1-FORMAL] PR21B seed=9 mother=4839.169 hybrid=4822.912 win (+0.336%) cpu_ratio=1.93
[P1-FORMAL] PR21B seed=10 mother=4858.191 hybrid=4848.554 win (+0.198%) cpu_ratio=1.59
[P1-FORMAL] PR22A seed=1 mother=8030.399 hybrid=7942.135 win (+1.099%) cpu_ratio=1.95
[P1-FORMAL] PR22A seed=2 mother=8013.040 hybrid=7956.600 win (+0.704%) cpu_ratio=1.92
[P1-FORMAL] PR22A seed=3 mother=8002.779 hybrid=7956.670 win (+0.576%) cpu_ratio=1.97
[P1-FORMAL] PR22A seed=4 mother=8009.047 hybrid=7956.511 win (+0.656%) cpu_ratio=1.95
[P1-FORMAL] PR22A seed=5 mother=7965.081 hybrid=7948.993 win (+0.202%) cpu_ratio=1.96
[P1-FORMAL] PR22A seed=6 mother=8033.238 hybrid=7974.143 win (+0.736%) cpu_ratio=2.00
[P1-FORMAL] PR22A seed=7 mother=7957.460 hybrid=7936.795 win (+0.260%) cpu_ratio=1.95
[P1-FORMAL] PR22A seed=8 mother=8067.346 hybrid=7959.397 win (+1.338%) cpu_ratio=2.00
[P1-FORMAL] PR22A seed=9 mother=7986.896 hybrid=7957.216 win (+0.372%) cpu_ratio=1.90
[P1-FORMAL] PR22B seed=1 mother=6453.895 hybrid=6432.559 win (+0.331%) cpu_ratio=1.89
[P1-FORMAL] PR22A seed=10 mother=8041.573 hybrid=7955.089 win (+1.075%) cpu_ratio=2.00
[P1-FORMAL] PR22B seed=2 mother=6509.428 hybrid=6442.945 win (+1.021%) cpu_ratio=2.00
[P1-FORMAL] PR22B seed=3 mother=6541.212 hybrid=6529.649 win (+0.177%) cpu_ratio=2.00
[P1-FORMAL] PR22B seed=4 mother=6492.595 hybrid=6466.552 win (+0.401%) cpu_ratio=2.00
[P1-FORMAL] PR22B seed=5 mother=6494.957 hybrid=6476.369 win (+0.286%) cpu_ratio=1.97
[P1-FORMAL] PR22B seed=7 mother=6486.609 hybrid=6473.895 win (+0.196%) cpu_ratio=1.92
[P1-FORMAL] PR22B seed=6 mother=6470.882 hybrid=6454.380 win (+0.255%) cpu_ratio=2.00
[P1-FORMAL] PR22B seed=8 mother=6473.029 hybrid=6472.160 win (+0.013%) cpu_ratio=1.97
[P1-FORMAL] PR22B seed=10 mother=6452.051 hybrid=6442.852 win (+0.143%) cpu_ratio=1.81
[P1-FORMAL] PR22B seed=9 mother=6461.588 hybrid=6417.919 win (+0.676%) cpu_ratio=2.00
[P1-FORMAL] PR23A seed=1 mother=10072.190 hybrid=9923.957 win (+1.472%) cpu_ratio=2.00
[P1-FORMAL] PR23A seed=2 mother=10143.297 hybrid=9981.311 win (+1.597%) cpu_ratio=2.00
[P1-FORMAL] PR23A seed=3 mother=10029.124 hybrid=9892.624 win (+1.361%) cpu_ratio=2.00
[P1-FORMAL] PR23A seed=4 mother=10065.001 hybrid=9914.811 win (+1.492%) cpu_ratio=2.00
[P1-FORMAL] PR23A seed=5 mother=10178.326 hybrid=10007.363 win (+1.680%) cpu_ratio=2.00
[P1-FORMAL] PR23A seed=6 mother=10089.354 hybrid=9900.873 win (+1.868%) cpu_ratio=2.00
[P1-FORMAL] PR23A seed=7 mother=10037.329 hybrid=9948.140 win (+0.889%) cpu_ratio=2.00
[P1-FORMAL] PR23A seed=8 mother=10159.053 hybrid=10027.339 win (+1.297%) cpu_ratio=2.00
[P1-FORMAL] PR23A seed=9 mother=10102.318 hybrid=9964.881 win (+1.360%) cpu_ratio=2.00
[P1-FORMAL] PR23A seed=10 mother=10025.006 hybrid=9919.113 win (+1.056%) cpu_ratio=2.00
[P1-FORMAL] PR23B seed=1 mother=8509.384 hybrid=8450.473 win (+0.692%) cpu_ratio=2.00
[P1-FORMAL] PR23B seed=2 mother=8607.868 hybrid=8504.636 win (+1.199%) cpu_ratio=2.00
[P1-FORMAL] PR23B seed=3 mother=8518.286 hybrid=8467.949 win (+0.591%) cpu_ratio=2.00
[P1-FORMAL] PR23B seed=4 mother=8482.199 hybrid=8416.383 win (+0.776%) cpu_ratio=2.00
[P1-FORMAL] PR23B seed=5 mother=8490.133 hybrid=8469.622 win (+0.242%) cpu_ratio=2.00
[P1-FORMAL] PR23B seed=6 mother=8533.972 hybrid=8479.375 win (+0.640%) cpu_ratio=2.00
[P1-FORMAL] PR23B seed=7 mother=8510.314 hybrid=8459.971 win (+0.592%) cpu_ratio=2.00
[P1-FORMAL] PR23B seed=8 mother=8482.875 hybrid=8448.164 win (+0.409%) cpu_ratio=2.00
[P1-FORMAL] PR23B seed=9 mother=8489.679 hybrid=8440.222 win (+0.583%) cpu_ratio=2.00
[P1-FORMAL] PR23B seed=10 mother=8485.410 hybrid=8405.473 win (+0.942%) cpu_ratio=2.00
[P1-FORMAL] PR24A seed=1 mother=12098.684 hybrid=11963.522 win (+1.117%) cpu_ratio=2.00
[P1-FORMAL] PR24A seed=2 mother=12134.991 hybrid=11939.746 win (+1.609%) cpu_ratio=2.00
[P1-FORMAL] PR24A seed=3 mother=12278.975 hybrid=12011.073 win (+2.182%) cpu_ratio=2.00
[P1-FORMAL] PR24A seed=4 mother=12104.410 hybrid=11889.491 win (+1.776%) cpu_ratio=2.00
[P1-FORMAL] PR24A seed=5 mother=12146.421 hybrid=11954.771 win (+1.578%) cpu_ratio=2.00
[P1-FORMAL] PR24A seed=6 mother=12130.540 hybrid=11963.495 win (+1.377%) cpu_ratio=2.00
[P1-FORMAL] PR24A seed=7 mother=12167.095 hybrid=11988.169 win (+1.471%) cpu_ratio=2.00
[P1-FORMAL] PR24A seed=8 mother=12173.038 hybrid=11931.612 win (+1.983%) cpu_ratio=2.00
[P1-FORMAL] PR24A seed=9 mother=12174.991 hybrid=12033.572 win (+1.162%) cpu_ratio=2.00
[P1-FORMAL] PR24A seed=10 mother=12142.631 hybrid=11929.938 win (+1.752%) cpu_ratio=2.00
[P1-FORMAL] PR24B seed=1 mother=10827.514 hybrid=10684.640 win (+1.320%) cpu_ratio=2.00
[P1-FORMAL] PR24B seed=2 mother=10721.544 hybrid=10654.538 win (+0.625%) cpu_ratio=2.00
[P1-FORMAL] PR24B seed=3 mother=10763.603 hybrid=10689.571 win (+0.688%) cpu_ratio=2.00
[P1-FORMAL] PR24B seed=4 mother=10818.374 hybrid=10757.956 win (+0.558%) cpu_ratio=2.00
[P1-FORMAL] PR24B seed=5 mother=10753.644 hybrid=10675.547 win (+0.726%) cpu_ratio=2.00
[P1-FORMAL] PR24B seed=6 mother=10831.019 hybrid=10663.342 win (+1.548%) cpu_ratio=2.00
[P1-FORMAL] PR24B seed=7 mother=10842.643 hybrid=10733.084 win (+1.010%) cpu_ratio=2.00
[P1-FORMAL] PR24B seed=8 mother=10807.424 hybrid=10690.190 win (+1.085%) cpu_ratio=2.00
[P1-FORMAL] PR24B seed=9 mother=10818.459 hybrid=10641.270 win (+1.638%) cpu_ratio=2.00
[P1-FORMAL] PR24B seed=10 mother=10837.672 hybrid=10724.832 win (+1.041%) cpu_ratio=2.00
