[P3-CHINA81] 0 units complete; 405 remaining across 4 workers (81 instances x 5 seeds)
[P3-CHINA81] cn-cy-100c-01-V2-LOCATIONS seed=2 mother=5159.89 abl=5159.89 full=5159.89 fvm=tie fva=tie
[P3-CHINA81] cn-cy-100c-01-V2-LOCATIONS seed=3 mother=5160.61 abl=5160.61 full=5160.61 fvm=tie fva=tie
[P3-CHINA81] cn-cy-100c-01-V2-LOCATIONS seed=4 mother=5162.99 abl=5162.99 full=5159.21 fvm=win fva=win
[P3-CHINA81] cn-cy-100c-01-V2-LOCATIONS seed=1 mother=5170.11 abl=5162.88 full=5158.94 fvm=win fva=win
[P3-CHINA81] cn-cy-100c-02-V2-LOCATIONS seed=2 mother=4833.34 abl=4833.34 full=4833.34 fvm=tie fva=tie
[P3-CHINA81] cn-cy-100c-01-V2-LOCATIONS seed=5 mother=5164.13 abl=5164.13 full=5164.13 fvm=tie fva=tie
[P3-CHINA81] cn-cy-100c-02-V2-LOCATIONS seed=1 mother=4952.20 abl=4839.01 full=4813.21 fvm=win fva=win
[P3-CHINA81] cn-cy-100c-02-V2-LOCATIONS seed=3 mother=4813.21 abl=4813.21 full=4813.21 fvm=tie fva=tie
[P3-CHINA81] cn-cy-100c-03-V2-LOCATIONS seed=1 mother=4716.61 abl=4716.61 full=4716.61 fvm=tie fva=tie
[P3-CHINA81] cn-cy-100c-02-V2-LOCATIONS seed=5 mother=4954.10 abl=4848.97 full=4948.92 fvm=win fva=loss
[P3-CHINA81] cn-cy-100c-02-V2-LOCATIONS seed=4 mother=4949.33 abl=4813.21 full=4821.52 fvm=win fva=loss
[P3-CHINA81] cn-cy-100c-03-V2-LOCATIONS seed=2 mother=4716.70 abl=4716.56 full=4716.56 fvm=win fva=tie
[P3-CHINA81] cn-cy-10c-01-V2-LOCATIONS seed=1 mother=575.84 abl=575.84 full=575.84 fvm=tie fva=tie
[P3-CHINA81] cn-cy-10c-01-V2-LOCATIONS seed=2 mother=575.84 abl=575.84 full=575.84 fvm=tie fva=tie
[P3-CHINA81] cn-cy-10c-01-V2-LOCATIONS seed=3 mother=575.84 abl=575.84 full=575.84 fvm=tie fva=tie
[P3-CHINA81] cn-cy-10c-01-V2-LOCATIONS seed=4 mother=575.84 abl=575.84 full=575.84 fvm=tie fva=tie
[P3-CHINA81] cn-cy-10c-01-V2-LOCATIONS seed=5 mother=575.84 abl=575.84 full=575.84 fvm=tie fva=tie
[P3-CHINA81] cn-cy-10c-02-V2-LOCATIONS seed=1 mother=633.84 abl=633.84 full=633.84 fvm=tie fva=tie
[P3-CHINA81] cn-cy-10c-02-V2-LOCATIONS seed=2 mother=633.84 abl=633.84 full=633.84 fvm=tie fva=tie
[P3-CHINA81] cn-cy-100c-03-V2-LOCATIONS seed=3 mother=4717.61 abl=4717.56 full=4717.56 fvm=win fva=tie
[P3-CHINA81] cn-cy-10c-02-V2-LOCATIONS seed=3 mother=633.84 abl=633.84 full=633.84 fvm=tie fva=tie
[P3-CHINA81] cn-cy-10c-02-V2-LOCATIONS seed=4 mother=633.84 abl=633.84 full=633.84 fvm=tie fva=tie
[P3-CHINA81] cn-cy-10c-02-V2-LOCATIONS seed=5 mother=633.84 abl=633.84 full=633.84 fvm=tie fva=tie
[P3-CHINA81] cn-cy-10c-03-V2-LOCATIONS seed=1 mother=657.88 abl=657.88 full=657.88 fvm=tie fva=tie
[P3-CHINA81] cn-cy-10c-03-V2-LOCATIONS seed=2 mother=657.88 abl=657.88 full=657.88 fvm=tie fva=tie
[P3-CHINA81] cn-cy-10c-03-V2-LOCATIONS seed=3 mother=657.88 abl=657.88 full=657.88 fvm=tie fva=tie
[P3-CHINA81] cn-cy-10c-03-V2-LOCATIONS seed=4 mother=657.88 abl=657.88 full=657.88 fvm=tie fva=tie
[P3-CHINA81] cn-cy-10c-03-V2-LOCATIONS seed=5 mother=657.88 abl=657.88 full=657.88 fvm=tie fva=tie
[P3-CHINA81] cn-cy-100c-03-V2-LOCATIONS seed=4 mother=4717.70 abl=4716.38 full=4716.38 fvm=win fva=tie
[P3-CHINA81] cn-cy-100c-03-V2-LOCATIONS seed=5 mother=4718.63 abl=4715.38 full=4717.61 fvm=win fva=loss
[P3-CHINA81] cn-cy-150c-01-V2-LOCATIONS seed=3 mother=7260.80 abl=7250.61 full=7249.11 fvm=win fva=win
[P3-CHINA81] cn-cy-150c-01-V2-LOCATIONS seed=2 mother=7243.76 abl=7242.74 full=7242.68 fvm=win fva=win
[P3-CHINA81] cn-cy-150c-01-V2-LOCATIONS seed=4 mother=7253.15 abl=7245.16 full=7242.09 fvm=win fva=win
[P3-CHINA81] cn-cy-150c-01-V2-LOCATIONS seed=1 mother=7255.27 abl=7246.58 full=7244.88 fvm=win fva=win
[P3-CHINA81] cn-cy-150c-02-V2-LOCATIONS seed=3 mother=7553.97 abl=7553.97 full=7553.97 fvm=tie fva=tie
[P3-CHINA81] cn-cy-150c-01-V2-LOCATIONS seed=5 mother=7247.73 abl=7247.73 full=7246.10 fvm=win fva=win
[P3-CHINA81] cn-cy-150c-02-V2-LOCATIONS seed=1 mother=7551.10 abl=7551.10 full=7551.10 fvm=tie fva=tie
[P3-CHINA81] cn-cy-150c-02-V2-LOCATIONS seed=2 mother=7555.57 abl=7555.57 full=7555.06 fvm=win fva=win
[P3-CHINA81] cn-cy-150c-02-V2-LOCATIONS seed=5 mother=7550.73 abl=7550.73 full=7550.73 fvm=tie fva=tie
[P3-CHINA81] cn-cy-150c-02-V2-LOCATIONS seed=4 mother=7571.62 abl=7571.62 full=7558.25 fvm=win fva=win
[P3-CHINA81] cn-cy-150c-03-V2-LOCATIONS seed=1 mother=7448.95 abl=7448.95 full=7327.97 fvm=win fva=win
[P3-CHINA81] cn-cy-150c-03-V2-LOCATIONS seed=2 mother=7472.72 abl=7472.72 full=7459.81 fvm=win fva=win
[P3-CHINA81] cn-cy-15c-01-V2-LOCATIONS seed=1 mother=892.59 abl=892.59 full=892.59 fvm=tie fva=tie
[P3-CHINA81] cn-cy-15c-01-V2-LOCATIONS seed=2 mother=892.59 abl=892.59 full=892.59 fvm=tie fva=tie
[P3-CHINA81] cn-cy-15c-01-V2-LOCATIONS seed=3 mother=892.59 abl=892.59 full=892.59 fvm=tie fva=tie
[P3-CHINA81] cn-cy-15c-01-V2-LOCATIONS seed=4 mother=892.59 abl=892.59 full=892.59 fvm=tie fva=tie
[P3-CHINA81] cn-cy-15c-01-V2-LOCATIONS seed=5 mother=892.59 abl=892.59 full=892.59 fvm=tie fva=tie
[P3-CHINA81] cn-cy-15c-02-V2-LOCATIONS seed=1 mother=912.75 abl=912.75 full=912.75 fvm=tie fva=tie
[P3-CHINA81] cn-cy-15c-02-V2-LOCATIONS seed=2 mother=912.75 abl=912.75 full=912.75 fvm=tie fva=tie
[P3-CHINA81] cn-cy-15c-02-V2-LOCATIONS seed=3 mother=912.75 abl=912.75 full=912.75 fvm=tie fva=tie
[P3-CHINA81] cn-cy-15c-02-V2-LOCATIONS seed=4 mother=912.75 abl=912.75 full=912.75 fvm=tie fva=tie
[P3-CHINA81] cn-cy-15c-02-V2-LOCATIONS seed=5 mother=912.75 abl=912.75 full=912.75 fvm=tie fva=tie
[P3-CHINA81] cn-cy-15c-03-V2-LOCATIONS seed=1 mother=900.10 abl=900.10 full=900.10 fvm=tie fva=tie
[P3-CHINA81] cn-cy-15c-03-V2-LOCATIONS seed=2 mother=900.10 abl=900.10 full=900.10 fvm=tie fva=tie
[P3-CHINA81] cn-cy-15c-03-V2-LOCATIONS seed=3 mother=900.10 abl=900.10 full=900.10 fvm=tie fva=tie
[P3-CHINA81] cn-cy-15c-03-V2-LOCATIONS seed=4 mother=900.10 abl=900.10 full=900.10 fvm=tie fva=tie
[P3-CHINA81] cn-cy-15c-03-V2-LOCATIONS seed=5 mother=900.10 abl=900.10 full=900.10 fvm=tie fva=tie
[P3-CHINA81] cn-cy-150c-03-V2-LOCATIONS seed=4 mother=7306.96 abl=7191.85 full=7191.85 fvm=win fva=tie
[P3-CHINA81] cn-cy-150c-03-V2-LOCATIONS seed=3 mother=7460.39 abl=7356.35 full=7323.84 fvm=win fva=win
[P3-CHINA81] cn-cy-150c-03-V2-LOCATIONS seed=5 mother=7466.52 abl=7466.52 full=7462.56 fvm=win fva=win
[P3-CHINA81] cn-cy-200c-01-V2-LOCATIONS seed=1 mother=9409.83 abl=9390.21 full=9394.46 fvm=win fva=loss
[P3-CHINA81] cn-cy-200c-01-V2-LOCATIONS seed=3 mother=9545.46 abl=9386.77 full=9392.08 fvm=win fva=loss
[P3-CHINA81] cn-cy-200c-01-V2-LOCATIONS seed=2 mother=9517.98 abl=9387.61 full=9392.03 fvm=win fva=loss
[P3-CHINA81] cn-cy-200c-01-V2-LOCATIONS seed=4 mother=9522.46 abl=9392.96 full=9387.07 fvm=win fva=win
[P3-CHINA81] cn-cy-200c-02-V2-LOCATIONS seed=1 mother=9384.21 abl=9384.21 full=9384.21 fvm=tie fva=tie
[P3-CHINA81] cn-cy-200c-01-V2-LOCATIONS seed=5 mother=9404.30 abl=9402.70 full=9399.93 fvm=win fva=win
[P3-CHINA81] cn-cy-200c-02-V2-LOCATIONS seed=2 mother=9388.80 abl=9384.48 full=9384.05 fvm=win fva=win
[P3-CHINA81] cn-cy-200c-02-V2-LOCATIONS seed=3 mother=9560.86 abl=9385.48 full=9384.84 fvm=win fva=win
[P3-CHINA81] cn-cy-200c-03-V2-LOCATIONS seed=1 mother=9669.89 abl=9669.89 full=9669.89 fvm=tie fva=tie
[P3-CHINA81] cn-cy-200c-02-V2-LOCATIONS seed=5 mother=9384.26 abl=9383.92 full=9383.92 fvm=win fva=tie
[P3-CHINA81] cn-cy-200c-02-V2-LOCATIONS seed=4 mother=9391.29 abl=9384.84 full=9384.21 fvm=win fva=win
[P3-CHINA81] cn-cy-200c-03-V2-LOCATIONS seed=4 mother=9668.87 abl=9668.87 full=9668.87 fvm=tie fva=tie
[P3-CHINA81] cn-cy-200c-03-V2-LOCATIONS seed=2 mother=9665.53 abl=9663.60 full=9663.60 fvm=win fva=tie
[P3-CHINA81] cn-cy-20c-01-V2-LOCATIONS seed=1 mother=1201.93 abl=1201.93 full=1201.93 fvm=tie fva=tie
[P3-CHINA81] cn-cy-20c-01-V2-LOCATIONS seed=2 mother=1201.93 abl=1201.93 full=1201.93 fvm=tie fva=tie
[P3-CHINA81] cn-cy-20c-01-V2-LOCATIONS seed=3 mother=1201.93 abl=1201.93 full=1201.93 fvm=tie fva=tie
[P3-CHINA81] cn-cy-20c-01-V2-LOCATIONS seed=4 mother=1201.93 abl=1201.93 full=1201.93 fvm=tie fva=tie
[P3-CHINA81] cn-cy-200c-03-V2-LOCATIONS seed=3 mother=9660.86 abl=9660.86 full=9660.86 fvm=tie fva=tie
[P3-CHINA81] cn-cy-20c-01-V2-LOCATIONS seed=5 mother=1201.93 abl=1201.93 full=1201.93 fvm=tie fva=tie
[P3-CHINA81] cn-cy-20c-02-V2-LOCATIONS seed=3 mother=1173.87 abl=1173.87 full=1173.87 fvm=tie fva=tie
[P3-CHINA81] cn-cy-20c-02-V2-LOCATIONS seed=2 mother=1174.57 abl=1174.57 full=1173.87 fvm=win fva=win
[P3-CHINA81] cn-cy-20c-02-V2-LOCATIONS seed=1 mother=1174.57 abl=1173.87 full=1173.87 fvm=win fva=tie
[P3-CHINA81] cn-cy-20c-02-V2-LOCATIONS seed=4 mother=1174.57 abl=1173.87 full=1173.87 fvm=win fva=tie
[P3-CHINA81] cn-cy-20c-03-V2-LOCATIONS seed=1 mother=1228.65 abl=1228.65 full=1228.65 fvm=tie fva=tie
[P3-CHINA81] cn-cy-20c-02-V2-LOCATIONS seed=5 mother=1174.57 abl=1173.87 full=1173.87 fvm=win fva=tie
[P3-CHINA81] cn-cy-20c-03-V2-LOCATIONS seed=2 mother=1228.65 abl=1228.65 full=1228.65 fvm=tie fva=tie
[P3-CHINA81] cn-cy-20c-03-V2-LOCATIONS seed=3 mother=1228.65 abl=1228.65 full=1228.65 fvm=tie fva=tie
[P3-CHINA81] cn-cy-20c-03-V2-LOCATIONS seed=4 mother=1228.65 abl=1228.65 full=1228.65 fvm=tie fva=tie
[P3-CHINA81] cn-cy-20c-03-V2-LOCATIONS seed=5 mother=1228.65 abl=1228.65 full=1228.65 fvm=tie fva=tie
[P3-CHINA81] cn-cy-25c-01-V2-LOCATIONS seed=1 mother=1279.64 abl=1279.64 full=1279.64 fvm=tie fva=tie
[P3-CHINA81] cn-cy-25c-01-V2-LOCATIONS seed=2 mother=1279.64 abl=1279.64 full=1279.64 fvm=tie fva=tie
[P3-CHINA81] cn-cy-25c-01-V2-LOCATIONS seed=3 mother=1279.64 abl=1279.64 full=1279.64 fvm=tie fva=tie
[P3-CHINA81] cn-cy-25c-01-V2-LOCATIONS seed=4 mother=1279.64 abl=1279.64 full=1279.64 fvm=tie fva=tie
[P3-CHINA81] cn-cy-25c-01-V2-LOCATIONS seed=5 mother=1279.64 abl=1279.64 full=1279.64 fvm=tie fva=tie
[P3-CHINA81] cn-cy-25c-02-V2-LOCATIONS seed=2 mother=1498.45 abl=1417.25 full=1417.25 fvm=win fva=tie
[P3-CHINA81] cn-cy-25c-02-V2-LOCATIONS seed=3 mother=1419.36 abl=1419.36 full=1419.36 fvm=tie fva=tie
[P3-CHINA81] cn-cy-25c-02-V2-LOCATIONS seed=1 mother=1498.30 abl=1411.68 full=1410.41 fvm=win fva=win
[P3-CHINA81] cn-cy-25c-02-V2-LOCATIONS seed=4 mother=1499.25 abl=1411.68 full=1411.68 fvm=win fva=tie
[P3-CHINA81] cn-cy-25c-02-V2-LOCATIONS seed=5 mother=1498.30 abl=1411.68 full=1411.68 fvm=win fva=tie
[P3-CHINA81] cn-cy-25c-03-V2-LOCATIONS seed=1 mother=1494.02 abl=1494.02 full=1494.02 fvm=tie fva=tie
[P3-CHINA81] cn-cy-25c-03-V2-LOCATIONS seed=3 mother=1505.22 abl=1505.22 full=1505.22 fvm=tie fva=tie
[P3-CHINA81] cn-cy-25c-03-V2-LOCATIONS seed=2 mother=1528.28 abl=1501.73 full=1501.73 fvm=win fva=tie
[P3-CHINA81] cn-cy-25c-03-V2-LOCATIONS seed=4 mother=1528.28 abl=1527.22 full=1527.22 fvm=win fva=tie
[P3-CHINA81] cn-cy-200c-03-V2-LOCATIONS seed=5 mother=9666.26 abl=9665.50 full=9665.50 fvm=win fva=loss
[P3-CHINA81] cn-cy-25c-03-V2-LOCATIONS seed=5 mother=1494.02 abl=1494.02 full=1494.02 fvm=tie fva=tie
[P3-CHINA81] cn-cy-50c-01-V2-LOCATIONS seed=1 mother=2544.08 abl=2544.08 full=2544.08 fvm=tie fva=tie
[P3-CHINA81] cn-cy-50c-01-V2-LOCATIONS seed=2 mother=2544.08 abl=2544.08 full=2544.08 fvm=tie fva=tie
[P3-CHINA81] cn-cy-50c-01-V2-LOCATIONS seed=3 mother=2544.08 abl=2544.08 full=2544.08 fvm=tie fva=tie
[P3-CHINA81] cn-cy-50c-01-V2-LOCATIONS seed=4 mother=2544.08 abl=2544.08 full=2544.08 fvm=tie fva=tie
[P3-CHINA81] cn-cy-50c-01-V2-LOCATIONS seed=5 mother=2544.08 abl=2544.08 full=2544.08 fvm=tie fva=tie
[P3-CHINA81] cn-cy-50c-02-V2-LOCATIONS seed=1 mother=2584.29 abl=2584.29 full=2584.29 fvm=tie fva=tie
[P3-CHINA81] cn-cy-50c-02-V2-LOCATIONS seed=3 mother=2584.29 abl=2584.29 full=2584.29 fvm=tie fva=tie
[P3-CHINA81] cn-cy-50c-02-V2-LOCATIONS seed=2 mother=2586.01 abl=2584.29 full=2584.29 fvm=win fva=tie
[P3-CHINA81] cn-cy-50c-03-V2-LOCATIONS seed=1 mother=2680.33 abl=2680.33 full=2680.33 fvm=tie fva=tie
[P3-CHINA81] cn-cy-50c-02-V2-LOCATIONS seed=4 mother=2587.92 abl=2584.29 full=2584.29 fvm=win fva=tie
[P3-CHINA81] cn-cy-50c-03-V2-LOCATIONS seed=2 mother=2680.33 abl=2680.33 full=2680.33 fvm=tie fva=tie
[P3-CHINA81] cn-cy-50c-02-V2-LOCATIONS seed=5 mother=2611.90 abl=2584.29 full=2584.29 fvm=win fva=tie
[P3-CHINA81] cn-cy-50c-03-V2-LOCATIONS seed=3 mother=2680.33 abl=2680.33 full=2680.33 fvm=tie fva=tie
[P3-CHINA81] cn-cy-50c-03-V2-LOCATIONS seed=4 mother=2680.33 abl=2680.33 full=2680.33 fvm=tie fva=tie
[P3-CHINA81] cn-cy-50c-03-V2-LOCATIONS seed=5 mother=2680.33 abl=2680.33 full=2680.33 fvm=tie fva=tie
[P3-CHINA81] cn-cy-75c-01-V2-LOCATIONS seed=2 mother=3520.32 abl=3520.32 full=3520.32 fvm=tie fva=tie
[P3-CHINA81] cn-cy-75c-01-V2-LOCATIONS seed=3 mother=3520.32 abl=3520.32 full=3520.32 fvm=tie fva=tie
[P3-CHINA81] cn-cy-75c-01-V2-LOCATIONS seed=1 mother=3520.60 abl=3520.32 full=3520.32 fvm=win fva=tie
[P3-CHINA81] cn-cy-75c-01-V2-LOCATIONS seed=5 mother=3520.32 abl=3520.32 full=3520.32 fvm=tie fva=tie
[P3-CHINA81] cn-cy-75c-01-V2-LOCATIONS seed=4 mother=3532.41 abl=3520.32 full=3520.32 fvm=win fva=tie
[P3-CHINA81] cn-cy-75c-02-V2-LOCATIONS seed=1 mother=3758.48 abl=3758.48 full=3758.48 fvm=tie fva=tie
[P3-CHINA81] cn-cy-75c-02-V2-LOCATIONS seed=2 mother=3758.48 abl=3758.48 full=3758.48 fvm=tie fva=tie
[P3-CHINA81] cn-cy-75c-02-V2-LOCATIONS seed=3 mother=3758.48 abl=3758.48 full=3758.48 fvm=tie fva=tie
[P3-CHINA81] cn-cy-75c-02-V2-LOCATIONS seed=4 mother=3758.48 abl=3758.48 full=3758.48 fvm=tie fva=tie
[P3-CHINA81] cn-cy-75c-02-V2-LOCATIONS seed=5 mother=3758.48 abl=3758.48 full=3758.48 fvm=tie fva=tie
[P3-CHINA81] cn-cy-75c-03-V2-LOCATIONS seed=1 mother=3596.17 abl=3596.17 full=3596.17 fvm=tie fva=tie
[P3-CHINA81] cn-cy-75c-03-V2-LOCATIONS seed=4 mother=3596.24 abl=3596.24 full=3596.17 fvm=win fva=win
[P3-CHINA81] cn-cy-75c-03-V2-LOCATIONS seed=2 mother=3610.45 abl=3597.65 full=3597.65 fvm=win fva=tie
[P3-CHINA81] cn-cy-75c-03-V2-LOCATIONS seed=3 mother=3597.83 abl=3596.24 full=3597.65 fvm=win fva=loss
[P3-CHINA81] cn-cy-75c-03-V2-LOCATIONS seed=5 mother=3601.98 abl=3596.27 full=3596.17 fvm=win fva=win
[P3-CHINA81] cn-jjj-100c-01-V2-LOCATIONS seed=1 mother=4861.16 abl=4861.16 full=4850.36 fvm=win fva=win
[P3-CHINA81] cn-jjj-100c-01-V2-LOCATIONS seed=2 mother=4862.46 abl=4862.46 full=4849.22 fvm=win fva=win
[P3-CHINA81] cn-jjj-100c-01-V2-LOCATIONS seed=4 mother=4861.69 abl=4849.90 full=4849.22 fvm=win fva=win
[P3-CHINA81] cn-jjj-100c-01-V2-LOCATIONS seed=3 mother=4861.69 abl=4853.12 full=4849.22 fvm=win fva=win
[P3-CHINA81] cn-jjj-100c-02-V2-LOCATIONS seed=1 mother=4914.44 abl=4914.44 full=4914.43 fvm=win fva=win
[P3-CHINA81] cn-jjj-100c-02-V2-LOCATIONS seed=4 mother=4914.57 abl=4914.57 full=4914.57 fvm=tie fva=tie
[P3-CHINA81] cn-jjj-100c-01-V2-LOCATIONS seed=5 mother=4858.21 abl=4850.86 full=4849.22 fvm=win fva=win
[P3-CHINA81] cn-jjj-100c-02-V2-LOCATIONS seed=2 mother=4900.72 abl=4900.72 full=4900.72 fvm=tie fva=tie
[P3-CHINA81] cn-jjj-100c-02-V2-LOCATIONS seed=3 mother=4899.59 abl=4899.59 full=4899.59 fvm=tie fva=tie
[P3-CHINA81] cn-jjj-100c-03-V2-LOCATIONS seed=1 mother=4897.68 abl=4897.68 full=4897.68 fvm=tie fva=tie
[P3-CHINA81] cn-jjj-100c-02-V2-LOCATIONS seed=5 mother=4912.28 abl=4912.28 full=4912.28 fvm=tie fva=tie
[P3-CHINA81] cn-jjj-100c-03-V2-LOCATIONS seed=2 mother=4901.12 abl=4899.06 full=4899.49 fvm=win fva=loss
[P3-CHINA81] cn-jjj-10c-01-V2-LOCATIONS seed=1 mother=644.35 abl=644.35 full=644.35 fvm=tie fva=tie
[P3-CHINA81] cn-jjj-10c-01-V2-LOCATIONS seed=2 mother=644.35 abl=644.35 full=644.35 fvm=tie fva=tie
[P3-CHINA81] cn-jjj-10c-01-V2-LOCATIONS seed=3 mother=644.35 abl=644.35 full=644.35 fvm=tie fva=tie
[P3-CHINA81] cn-jjj-10c-01-V2-LOCATIONS seed=4 mother=644.35 abl=644.35 full=644.35 fvm=tie fva=tie
[P3-CHINA81] cn-jjj-10c-01-V2-LOCATIONS seed=5 mother=644.35 abl=644.35 full=644.35 fvm=tie fva=tie
[P3-CHINA81] cn-jjj-10c-02-V2-LOCATIONS seed=1 mother=589.74 abl=589.74 full=589.74 fvm=tie fva=tie
[P3-CHINA81] cn-jjj-10c-02-V2-LOCATIONS seed=2 mother=589.74 abl=589.74 full=589.74 fvm=tie fva=tie
[P3-CHINA81] cn-jjj-10c-02-V2-LOCATIONS seed=3 mother=589.74 abl=589.74 full=589.74 fvm=tie fva=tie
[P3-CHINA81] cn-jjj-100c-03-V2-LOCATIONS seed=3 mother=4899.49 abl=4898.56 full=4898.64 fvm=win fva=loss
[P3-CHINA81] cn-jjj-10c-02-V2-LOCATIONS seed=4 mother=589.74 abl=589.74 full=589.74 fvm=tie fva=tie
[P3-CHINA81] cn-jjj-10c-02-V2-LOCATIONS seed=5 mother=589.74 abl=589.74 full=589.74 fvm=tie fva=tie
[P3-CHINA81] cn-jjj-10c-03-V2-LOCATIONS seed=1 mother=595.30 abl=595.30 full=595.30 fvm=tie fva=tie
[P3-CHINA81] cn-jjj-10c-03-V2-LOCATIONS seed=2 mother=595.30 abl=595.30 full=595.30 fvm=tie fva=tie
[P3-CHINA81] cn-jjj-10c-03-V2-LOCATIONS seed=3 mother=595.30 abl=595.30 full=595.30 fvm=tie fva=tie
[P3-CHINA81] cn-jjj-100c-03-V2-LOCATIONS seed=5 mother=4898.60 abl=4898.60 full=4898.60 fvm=tie fva=tie
[P3-CHINA81] cn-jjj-10c-03-V2-LOCATIONS seed=4 mother=595.30 abl=595.30 full=595.30 fvm=tie fva=tie
[P3-CHINA81] cn-jjj-10c-03-V2-LOCATIONS seed=5 mother=595.30 abl=595.30 full=595.30 fvm=tie fva=tie
[P3-CHINA81] cn-jjj-100c-03-V2-LOCATIONS seed=4 mother=4898.65 abl=4898.65 full=4898.64 fvm=win fva=win
[P3-CHINA81] cn-jjj-150c-01-V2-LOCATIONS seed=3 mother=6806.21 abl=6806.21 full=6806.21 fvm=tie fva=tie
[P3-CHINA81] cn-jjj-150c-01-V2-LOCATIONS seed=1 mother=6809.39 abl=6809.39 full=6809.39 fvm=tie fva=tie
[P3-CHINA81] cn-jjj-150c-01-V2-LOCATIONS seed=4 mother=6818.23 abl=6818.23 full=6818.23 fvm=tie fva=tie
[P3-CHINA81] cn-jjj-150c-01-V2-LOCATIONS seed=2 mother=6824.08 abl=6824.08 full=6809.48 fvm=win fva=win
[P3-CHINA81] cn-jjj-150c-02-V2-LOCATIONS seed=1 mother=7143.13 abl=7143.13 full=7142.24 fvm=win fva=win
[P3-CHINA81] cn-jjj-150c-02-V2-LOCATIONS seed=2 mother=7135.55 abl=7135.55 full=7135.36 fvm=win fva=win
[P3-CHINA81] cn-jjj-150c-02-V2-LOCATIONS seed=3 mother=7141.03 abl=7141.03 full=7138.73 fvm=win fva=win
[P3-CHINA81] cn-jjj-150c-01-V2-LOCATIONS seed=5 mother=6815.34 abl=6815.34 full=6813.58 fvm=win fva=win
[P3-CHINA81] cn-jjj-150c-02-V2-LOCATIONS seed=4 mother=7134.99 abl=7134.99 full=7134.99 fvm=tie fva=tie
[P3-CHINA81] cn-jjj-150c-03-V2-LOCATIONS seed=1 mother=7143.93 abl=7143.93 full=7143.93 fvm=tie fva=tie
[P3-CHINA81] cn-jjj-150c-02-V2-LOCATIONS seed=5 mother=7141.25 abl=7137.17 full=7136.80 fvm=win fva=win
[P3-CHINA81] cn-jjj-150c-03-V2-LOCATIONS seed=2 mother=7141.36 abl=7141.36 full=7140.05 fvm=win fva=win
[P3-CHINA81] cn-jjj-15c-01-V2-LOCATIONS seed=1 mother=903.58 abl=903.58 full=903.58 fvm=tie fva=tie
[P3-CHINA81] cn-jjj-15c-01-V2-LOCATIONS seed=2 mother=903.58 abl=903.58 full=903.58 fvm=tie fva=tie
[P3-CHINA81] cn-jjj-15c-01-V2-LOCATIONS seed=3 mother=903.58 abl=903.58 full=903.58 fvm=tie fva=tie
[P3-CHINA81] cn-jjj-15c-01-V2-LOCATIONS seed=4 mother=903.58 abl=903.58 full=903.58 fvm=tie fva=tie
[P3-CHINA81] cn-jjj-15c-01-V2-LOCATIONS seed=5 mother=903.58 abl=903.58 full=903.58 fvm=tie fva=tie
[P3-CHINA81] cn-jjj-15c-02-V2-LOCATIONS seed=1 mother=978.47 abl=978.47 full=978.47 fvm=tie fva=tie
[P3-CHINA81] cn-jjj-15c-02-V2-LOCATIONS seed=2 mother=978.47 abl=978.47 full=978.47 fvm=tie fva=tie
[P3-CHINA81] cn-jjj-15c-02-V2-LOCATIONS seed=3 mother=978.47 abl=978.47 full=978.47 fvm=tie fva=tie
[P3-CHINA81] cn-jjj-15c-02-V2-LOCATIONS seed=4 mother=978.47 abl=978.47 full=978.47 fvm=tie fva=tie
[P3-CHINA81] cn-jjj-15c-02-V2-LOCATIONS seed=5 mother=978.47 abl=978.47 full=978.47 fvm=tie fva=tie
[P3-CHINA81] cn-jjj-15c-03-V2-LOCATIONS seed=1 mother=972.96 abl=972.96 full=972.96 fvm=tie fva=tie
[P3-CHINA81] cn-jjj-150c-03-V2-LOCATIONS seed=3 mother=7147.67 abl=7147.67 full=7147.67 fvm=tie fva=tie
[P3-CHINA81] cn-jjj-15c-03-V2-LOCATIONS seed=2 mother=972.96 abl=972.96 full=972.96 fvm=tie fva=tie
[P3-CHINA81] cn-jjj-15c-03-V2-LOCATIONS seed=3 mother=972.96 abl=972.96 full=972.96 fvm=tie fva=tie
[P3-CHINA81] cn-jjj-15c-03-V2-LOCATIONS seed=4 mother=972.96 abl=972.96 full=972.96 fvm=tie fva=tie
[P3-CHINA81] cn-jjj-15c-03-V2-LOCATIONS seed=5 mother=972.96 abl=972.96 full=972.96 fvm=tie fva=tie
[P3-CHINA81] cn-jjj-150c-03-V2-LOCATIONS seed=5 mother=7146.87 abl=7146.87 full=7146.87 fvm=tie fva=tie
[P3-CHINA81] cn-jjj-150c-03-V2-LOCATIONS seed=4 mother=7252.56 abl=7147.29 full=7144.37 fvm=win fva=win
[P3-CHINA81] cn-jjj-200c-01-V2-LOCATIONS seed=2 mother=9489.35 abl=9489.35 full=9483.79 fvm=win fva=win
[P3-CHINA81] cn-jjj-200c-01-V2-LOCATIONS seed=1 mother=9487.40 abl=9481.92 full=9483.22 fvm=win fva=loss
[P3-CHINA81] cn-jjj-200c-01-V2-LOCATIONS seed=3 mother=9484.57 abl=9478.82 full=9476.47 fvm=win fva=win
[P3-CHINA81] cn-jjj-200c-01-V2-LOCATIONS seed=4 mother=9490.24 abl=9479.74 full=9489.42 fvm=win fva=loss
[P3-CHINA81] cn-jjj-200c-01-V2-LOCATIONS seed=5 mother=9483.33 abl=9481.69 full=9481.69 fvm=win fva=tie
[P3-CHINA81] cn-jjj-200c-02-V2-LOCATIONS seed=1 mother=9674.06 abl=9656.57 full=9650.30 fvm=win fva=win
[P3-CHINA81] cn-jjj-200c-02-V2-LOCATIONS seed=2 mother=9652.13 abl=9652.13 full=9631.31 fvm=win fva=win
[P3-CHINA81] cn-jjj-200c-02-V2-LOCATIONS seed=3 mother=9680.99 abl=9666.96 full=9668.41 fvm=win fva=loss
[P3-CHINA81] cn-jjj-200c-02-V2-LOCATIONS seed=4 mother=9759.45 abl=9657.88 full=9641.12 fvm=win fva=win
[P3-CHINA81] cn-jjj-200c-02-V2-LOCATIONS seed=5 mother=9644.25 abl=9644.25 full=9634.95 fvm=win fva=win
[P3-CHINA81] cn-jjj-200c-03-V2-LOCATIONS seed=1 mother=9423.75 abl=9423.75 full=9415.49 fvm=win fva=win
[P3-CHINA81] cn-jjj-200c-03-V2-LOCATIONS seed=3 mother=9407.42 abl=9407.42 full=9403.26 fvm=win fva=win
[P3-CHINA81] cn-jjj-20c-01-V2-LOCATIONS seed=1 mother=1002.14 abl=1002.14 full=1002.14 fvm=tie fva=tie
[P3-CHINA81] cn-jjj-20c-01-V2-LOCATIONS seed=2 mother=1002.14 abl=1002.14 full=1002.14 fvm=tie fva=tie
[P3-CHINA81] cn-jjj-20c-01-V2-LOCATIONS seed=3 mother=1002.14 abl=1002.14 full=1002.14 fvm=tie fva=tie
[P3-CHINA81] cn-jjj-20c-01-V2-LOCATIONS seed=4 mother=1002.14 abl=1002.14 full=1002.14 fvm=tie fva=tie
[P3-CHINA81] cn-jjj-20c-01-V2-LOCATIONS seed=5 mother=1002.14 abl=1002.14 full=1002.14 fvm=tie fva=tie
[P3-CHINA81] cn-jjj-200c-03-V2-LOCATIONS seed=2 mother=9424.33 abl=9415.42 full=9404.21 fvm=win fva=win
[P3-CHINA81] cn-jjj-20c-02-V2-LOCATIONS seed=1 mother=1123.70 abl=1123.70 full=1123.70 fvm=tie fva=tie
[P3-CHINA81] cn-jjj-20c-02-V2-LOCATIONS seed=2 mother=1123.70 abl=1123.70 full=1123.70 fvm=tie fva=tie
[P3-CHINA81] cn-jjj-20c-02-V2-LOCATIONS seed=3 mother=1123.70 abl=1123.70 full=1123.70 fvm=tie fva=tie
[P3-CHINA81] cn-jjj-20c-02-V2-LOCATIONS seed=4 mother=1123.70 abl=1123.70 full=1123.70 fvm=tie fva=tie
[P3-CHINA81] cn-jjj-20c-02-V2-LOCATIONS seed=5 mother=1123.70 abl=1123.70 full=1123.70 fvm=tie fva=tie
[P3-CHINA81] cn-jjj-20c-03-V2-LOCATIONS seed=1 mother=1144.67 abl=1144.67 full=1144.67 fvm=tie fva=tie
[P3-CHINA81] cn-jjj-20c-03-V2-LOCATIONS seed=2 mother=1144.67 abl=1144.67 full=1144.67 fvm=tie fva=tie
[P3-CHINA81] cn-jjj-20c-03-V2-LOCATIONS seed=3 mother=1144.67 abl=1144.67 full=1144.67 fvm=tie fva=tie
[P3-CHINA81] cn-jjj-20c-03-V2-LOCATIONS seed=4 mother=1144.67 abl=1144.67 full=1144.67 fvm=tie fva=tie
[P3-CHINA81] cn-jjj-20c-03-V2-LOCATIONS seed=5 mother=1144.67 abl=1144.67 full=1144.67 fvm=tie fva=tie
[P3-CHINA81] cn-jjj-25c-01-V2-LOCATIONS seed=2 mother=1214.61 abl=1214.61 full=1214.61 fvm=tie fva=tie
[P3-CHINA81] cn-jjj-25c-01-V2-LOCATIONS seed=1 mother=1216.95 abl=1214.61 full=1214.61 fvm=win fva=tie
[P3-CHINA81] cn-jjj-25c-01-V2-LOCATIONS seed=3 mother=1214.61 abl=1214.61 full=1214.61 fvm=tie fva=tie
[P3-CHINA81] cn-jjj-25c-01-V2-LOCATIONS seed=4 mother=1214.61 abl=1214.61 full=1214.61 fvm=tie fva=tie
[P3-CHINA81] cn-jjj-25c-01-V2-LOCATIONS seed=5 mother=1214.61 abl=1214.61 full=1214.61 fvm=tie fva=tie
[P3-CHINA81] cn-jjj-25c-02-V2-LOCATIONS seed=1 mother=1450.90 abl=1450.90 full=1450.90 fvm=tie fva=tie
[P3-CHINA81] cn-jjj-25c-02-V2-LOCATIONS seed=2 mother=1450.90 abl=1450.90 full=1450.90 fvm=tie fva=tie
[P3-CHINA81] cn-jjj-25c-02-V2-LOCATIONS seed=3 mother=1450.90 abl=1450.90 full=1450.90 fvm=tie fva=tie
[P3-CHINA81] cn-jjj-25c-02-V2-LOCATIONS seed=4 mother=1450.90 abl=1450.90 full=1450.90 fvm=tie fva=tie
[P3-CHINA81] cn-jjj-25c-03-V2-LOCATIONS seed=1 mother=1464.35 abl=1464.35 full=1464.35 fvm=tie fva=tie
[P3-CHINA81] cn-jjj-25c-02-V2-LOCATIONS seed=5 mother=1450.90 abl=1450.90 full=1450.90 fvm=tie fva=tie
[P3-CHINA81] cn-jjj-25c-03-V2-LOCATIONS seed=2 mother=1464.35 abl=1464.35 full=1464.35 fvm=tie fva=tie
[P3-CHINA81] cn-jjj-25c-03-V2-LOCATIONS seed=3 mother=1464.35 abl=1464.35 full=1464.35 fvm=tie fva=tie
[P3-CHINA81] cn-jjj-25c-03-V2-LOCATIONS seed=4 mother=1464.35 abl=1464.35 full=1464.35 fvm=tie fva=tie
[P3-CHINA81] cn-jjj-25c-03-V2-LOCATIONS seed=5 mother=1464.35 abl=1464.35 full=1464.35 fvm=tie fva=tie
[P3-CHINA81] cn-jjj-50c-01-V2-LOCATIONS seed=1 mother=2456.77 abl=2456.77 full=2456.77 fvm=tie fva=tie
[P3-CHINA81] cn-jjj-50c-01-V2-LOCATIONS seed=2 mother=2456.77 abl=2456.77 full=2456.77 fvm=tie fva=tie
[P3-CHINA81] cn-jjj-50c-01-V2-LOCATIONS seed=4 mother=2456.77 abl=2456.77 full=2456.77 fvm=tie fva=tie
[P3-CHINA81] cn-jjj-50c-01-V2-LOCATIONS seed=3 mother=2456.77 abl=2456.49 full=2456.49 fvm=win fva=tie
[P3-CHINA81] cn-jjj-50c-01-V2-LOCATIONS seed=5 mother=2457.19 abl=2456.77 full=2456.77 fvm=win fva=tie
[P3-CHINA81] cn-jjj-50c-02-V2-LOCATIONS seed=1 mother=2582.67 abl=2582.67 full=2582.67 fvm=tie fva=tie
[P3-CHINA81] cn-jjj-50c-02-V2-LOCATIONS seed=2 mother=2582.67 abl=2582.67 full=2582.67 fvm=tie fva=tie
[P3-CHINA81] cn-jjj-50c-02-V2-LOCATIONS seed=3 mother=2582.67 abl=2582.67 full=2582.67 fvm=tie fva=tie
[P3-CHINA81] cn-jjj-50c-02-V2-LOCATIONS seed=4 mother=2582.67 abl=2582.67 full=2582.67 fvm=tie fva=tie
[P3-CHINA81] cn-jjj-50c-02-V2-LOCATIONS seed=5 mother=2582.67 abl=2582.67 full=2582.67 fvm=tie fva=tie
[P3-CHINA81] cn-jjj-200c-03-V2-LOCATIONS seed=4 mother=9433.12 abl=9433.12 full=9418.97 fvm=win fva=win
[P3-CHINA81] cn-jjj-50c-03-V2-LOCATIONS seed=2 mother=2827.20 abl=2827.20 full=2827.20 fvm=tie fva=tie
[P3-CHINA81] cn-jjj-50c-03-V2-LOCATIONS seed=1 mother=2825.85 abl=2825.85 full=2825.85 fvm=tie fva=tie
[P3-CHINA81] cn-jjj-50c-03-V2-LOCATIONS seed=3 mother=2827.20 abl=2827.20 full=2827.20 fvm=tie fva=tie
[P3-CHINA81] cn-jjj-50c-03-V2-LOCATIONS seed=4 mother=2825.85 abl=2825.85 full=2825.85 fvm=tie fva=tie
[P3-CHINA81] cn-jjj-50c-03-V2-LOCATIONS seed=5 mother=2825.85 abl=2825.85 full=2825.85 fvm=tie fva=tie
[P3-CHINA81] cn-jjj-200c-03-V2-LOCATIONS seed=5 mother=9435.65 abl=9430.20 full=9431.87 fvm=win fva=loss
[P3-CHINA81] cn-jjj-75c-01-V2-LOCATIONS seed=2 mother=3754.32 abl=3754.32 full=3754.32 fvm=tie fva=tie
[P3-CHINA81] cn-jjj-75c-01-V2-LOCATIONS seed=1 mother=3754.32 abl=3754.02 full=3754.02 fvm=win fva=tie
[P3-CHINA81] cn-jjj-75c-01-V2-LOCATIONS seed=3 mother=3754.32 abl=3754.02 full=3754.02 fvm=win fva=tie
[P3-CHINA81] cn-jjj-75c-01-V2-LOCATIONS seed=4 mother=3754.32 abl=3754.02 full=3754.02 fvm=win fva=tie
[P3-CHINA81] cn-jjj-75c-02-V2-LOCATIONS seed=1 mother=3620.55 abl=3613.19 full=3613.19 fvm=win fva=tie
[P3-CHINA81] cn-jjj-75c-01-V2-LOCATIONS seed=5 mother=3754.57 abl=3754.27 full=3754.02 fvm=win fva=win
[P3-CHINA81] cn-jjj-75c-02-V2-LOCATIONS seed=2 mother=3617.51 abl=3617.51 full=3617.51 fvm=tie fva=tie
[P3-CHINA81] cn-jjj-75c-02-V2-LOCATIONS seed=3 mother=3613.19 abl=3613.19 full=3613.19 fvm=tie fva=tie
[P3-CHINA81] cn-jjj-75c-02-V2-LOCATIONS seed=4 mother=3613.19 abl=3613.19 full=3613.19 fvm=tie fva=tie
[P3-CHINA81] cn-jjj-75c-02-V2-LOCATIONS seed=5 mother=3614.63 abl=3614.63 full=3614.63 fvm=tie fva=tie
[P3-CHINA81] cn-jjj-75c-03-V2-LOCATIONS seed=1 mother=3839.80 abl=3839.80 full=3834.69 fvm=win fva=win
[P3-CHINA81] cn-jjj-75c-03-V2-LOCATIONS seed=3 mother=3836.94 abl=3836.94 full=3836.94 fvm=tie fva=tie
[P3-CHINA81] cn-jjj-75c-03-V2-LOCATIONS seed=2 mother=3838.18 abl=3838.18 full=3838.18 fvm=tie fva=tie
[P3-CHINA81] cn-jjj-75c-03-V2-LOCATIONS seed=4 mother=3837.52 abl=3837.52 full=3834.69 fvm=win fva=win
[P3-CHINA81] cn-prd-100c-01-V2-LOCATIONS seed=2 mother=4261.36 abl=4261.36 full=4261.36 fvm=tie fva=tie
[P3-CHINA81] cn-prd-100c-01-V2-LOCATIONS seed=1 mother=4261.36 abl=4261.36 full=4261.36 fvm=tie fva=tie
[P3-CHINA81] cn-jjj-75c-03-V2-LOCATIONS seed=5 mother=3839.69 abl=3838.18 full=3838.18 fvm=win fva=tie
[P3-CHINA81] cn-prd-100c-01-V2-LOCATIONS seed=3 mother=4266.88 abl=4262.57 full=4261.68 fvm=win fva=win
[P3-CHINA81] cn-prd-100c-01-V2-LOCATIONS seed=4 mother=4261.95 abl=4261.95 full=4261.36 fvm=win fva=win
[P3-CHINA81] cn-prd-100c-02-V2-LOCATIONS seed=1 mother=4924.87 abl=4924.87 full=4924.87 fvm=tie fva=tie
[P3-CHINA81] cn-prd-100c-01-V2-LOCATIONS seed=5 mother=4262.86 abl=4261.85 full=4261.36 fvm=win fva=win
[P3-CHINA81] cn-prd-100c-02-V2-LOCATIONS seed=3 mother=4932.58 abl=4923.90 full=4925.57 fvm=win fva=loss
[P3-CHINA81] cn-prd-100c-02-V2-LOCATIONS seed=5 mother=4935.25 abl=4935.25 full=4924.23 fvm=win fva=win
[P3-CHINA81] cn-prd-100c-02-V2-LOCATIONS seed=2 mother=4939.16 abl=4938.22 full=4927.75 fvm=win fva=win
[P3-CHINA81] cn-prd-100c-03-V2-LOCATIONS seed=1 mother=4551.83 abl=4551.83 full=4551.83 fvm=tie fva=tie
[P3-CHINA81] cn-prd-100c-03-V2-LOCATIONS seed=3 mother=4551.83 abl=4551.83 full=4551.83 fvm=tie fva=tie
[P3-CHINA81] cn-prd-100c-02-V2-LOCATIONS seed=4 mother=4938.07 abl=4926.78 full=4925.31 fvm=win fva=win
[P3-CHINA81] cn-prd-10c-01-V2-LOCATIONS seed=1 mother=609.47 abl=609.47 full=609.47 fvm=tie fva=tie
[P3-CHINA81] cn-prd-10c-01-V2-LOCATIONS seed=2 mother=609.47 abl=609.47 full=609.47 fvm=tie fva=tie
[P3-CHINA81] cn-prd-10c-01-V2-LOCATIONS seed=3 mother=609.47 abl=609.47 full=609.47 fvm=tie fva=tie
[P3-CHINA81] cn-prd-10c-01-V2-LOCATIONS seed=4 mother=609.47 abl=609.47 full=609.47 fvm=tie fva=tie
[P3-CHINA81] cn-prd-100c-03-V2-LOCATIONS seed=2 mother=4553.48 abl=4552.98 full=4552.98 fvm=win fva=tie
[P3-CHINA81] cn-prd-10c-02-V2-LOCATIONS seed=1 mother=512.67 abl=512.67 full=512.67 fvm=tie fva=tie
[P3-CHINA81] cn-prd-10c-02-V2-LOCATIONS seed=2 mother=512.67 abl=512.67 full=512.67 fvm=tie fva=tie
[P3-CHINA81] cn-prd-10c-01-V2-LOCATIONS seed=5 mother=609.47 abl=609.47 full=609.47 fvm=tie fva=tie
[P3-CHINA81] cn-prd-10c-02-V2-LOCATIONS seed=3 mother=512.67 abl=512.67 full=512.67 fvm=tie fva=tie
[P3-CHINA81] cn-prd-10c-02-V2-LOCATIONS seed=4 mother=512.67 abl=512.67 full=512.67 fvm=tie fva=tie
[P3-CHINA81] cn-prd-10c-02-V2-LOCATIONS seed=5 mother=512.67 abl=512.67 full=512.67 fvm=tie fva=tie
[P3-CHINA81] cn-prd-10c-03-V2-LOCATIONS seed=1 mother=501.00 abl=501.00 full=501.00 fvm=tie fva=tie
[P3-CHINA81] cn-prd-10c-03-V2-LOCATIONS seed=2 mother=501.00 abl=501.00 full=501.00 fvm=tie fva=tie
[P3-CHINA81] cn-prd-10c-03-V2-LOCATIONS seed=3 mother=501.00 abl=501.00 full=501.00 fvm=tie fva=tie
[P3-CHINA81] cn-prd-10c-03-V2-LOCATIONS seed=4 mother=501.00 abl=501.00 full=501.00 fvm=tie fva=tie
[P3-CHINA81] cn-prd-10c-03-V2-LOCATIONS seed=5 mother=501.00 abl=501.00 full=501.00 fvm=tie fva=tie
[P3-CHINA81] cn-prd-100c-03-V2-LOCATIONS seed=5 mother=4551.83 abl=4551.83 full=4551.83 fvm=tie fva=tie
[P3-CHINA81] cn-prd-100c-03-V2-LOCATIONS seed=4 mother=4552.40 abl=4552.40 full=4551.83 fvm=win fva=win
[P3-CHINA81] cn-prd-150c-01-V2-LOCATIONS seed=2 mother=7145.74 abl=7102.67 full=7102.67 fvm=win fva=tie
[P3-CHINA81] cn-prd-150c-01-V2-LOCATIONS seed=4 mother=7117.25 abl=7117.25 full=7117.16 fvm=win fva=win
[P3-CHINA81] cn-prd-150c-01-V2-LOCATIONS seed=1 mother=7165.11 abl=7147.27 full=7131.11 fvm=win fva=win
[P3-CHINA81] cn-prd-150c-01-V2-LOCATIONS seed=3 mother=7164.97 abl=7119.04 full=7105.09 fvm=win fva=win
[P3-CHINA81] cn-prd-150c-02-V2-LOCATIONS seed=2 mother=7349.81 abl=7119.10 full=7118.83 fvm=win fva=win
[P3-CHINA81] cn-prd-150c-01-V2-LOCATIONS seed=5 mother=7184.23 abl=7122.58 full=7134.44 fvm=win fva=loss
[P3-CHINA81] cn-prd-150c-02-V2-LOCATIONS seed=3 mother=7238.84 abl=7116.91 full=7111.93 fvm=win fva=win
[P3-CHINA81] cn-prd-150c-02-V2-LOCATIONS seed=1 mother=7260.37 abl=7119.56 full=7120.04 fvm=win fva=loss
[P3-CHINA81] cn-prd-150c-02-V2-LOCATIONS seed=4 mother=7236.32 abl=7236.32 full=7236.32 fvm=tie fva=tie
[P3-CHINA81] cn-prd-150c-02-V2-LOCATIONS seed=5 mother=7336.69 abl=7115.72 full=7235.65 fvm=win fva=loss
[P3-CHINA81] cn-prd-150c-03-V2-LOCATIONS seed=2 mother=6761.41 abl=6761.41 full=6736.01 fvm=win fva=win
[P3-CHINA81] cn-prd-150c-03-V2-LOCATIONS seed=1 mother=6874.52 abl=6738.48 full=6738.48 fvm=win fva=tie
[P3-CHINA81] cn-prd-15c-01-V2-LOCATIONS seed=1 mother=780.70 abl=780.70 full=780.70 fvm=tie fva=tie
[P3-CHINA81] cn-prd-15c-01-V2-LOCATIONS seed=2 mother=780.70 abl=780.70 full=780.70 fvm=tie fva=tie
[P3-CHINA81] cn-prd-15c-01-V2-LOCATIONS seed=3 mother=780.70 abl=780.70 full=780.70 fvm=tie fva=tie
[P3-CHINA81] cn-prd-15c-01-V2-LOCATIONS seed=4 mother=780.70 abl=780.70 full=780.70 fvm=tie fva=tie
[P3-CHINA81] cn-prd-15c-01-V2-LOCATIONS seed=5 mother=780.70 abl=780.70 full=780.70 fvm=tie fva=tie
[P3-CHINA81] cn-prd-15c-02-V2-LOCATIONS seed=1 mother=770.67 abl=770.67 full=770.67 fvm=tie fva=tie
[P3-CHINA81] cn-prd-15c-02-V2-LOCATIONS seed=2 mother=770.67 abl=770.67 full=770.67 fvm=tie fva=tie
[P3-CHINA81] cn-prd-15c-02-V2-LOCATIONS seed=3 mother=770.67 abl=770.67 full=770.67 fvm=tie fva=tie
[P3-CHINA81] cn-prd-15c-02-V2-LOCATIONS seed=4 mother=770.67 abl=770.67 full=770.67 fvm=tie fva=tie
[P3-CHINA81] cn-prd-15c-02-V2-LOCATIONS seed=5 mother=770.67 abl=770.67 full=770.67 fvm=tie fva=tie
[P3-CHINA81] cn-prd-15c-03-V2-LOCATIONS seed=1 mother=770.51 abl=770.51 full=770.51 fvm=tie fva=tie
[P3-CHINA81] cn-prd-15c-03-V2-LOCATIONS seed=2 mother=770.51 abl=770.51 full=770.51 fvm=tie fva=tie
[P3-CHINA81] cn-prd-15c-03-V2-LOCATIONS seed=3 mother=770.51 abl=770.51 full=770.51 fvm=tie fva=tie
[P3-CHINA81] cn-prd-15c-03-V2-LOCATIONS seed=4 mother=770.51 abl=770.51 full=770.51 fvm=tie fva=tie
[P3-CHINA81] cn-prd-15c-03-V2-LOCATIONS seed=5 mother=770.51 abl=770.51 full=770.51 fvm=tie fva=tie
[P3-CHINA81] cn-prd-150c-03-V2-LOCATIONS seed=3 mother=6813.28 abl=6739.71 full=6731.89 fvm=win fva=win
[P3-CHINA81] cn-prd-150c-03-V2-LOCATIONS seed=4 mother=7012.24 abl=6752.35 full=6744.69 fvm=win fva=win
[P3-CHINA81] cn-prd-150c-03-V2-LOCATIONS seed=5 mother=7027.57 abl=6742.28 full=6741.26 fvm=win fva=win
[P3-CHINA81] cn-prd-200c-01-V2-LOCATIONS seed=1 mother=9481.18 abl=9481.18 full=9478.47 fvm=win fva=win
[P3-CHINA81] cn-prd-200c-01-V2-LOCATIONS seed=2 mother=9506.42 abl=9473.76 full=9488.92 fvm=win fva=loss
[P3-CHINA81] cn-prd-200c-01-V2-LOCATIONS seed=3 mother=9482.92 abl=9482.92 full=9472.02 fvm=win fva=win
[P3-CHINA81] cn-prd-200c-01-V2-LOCATIONS seed=4 mother=9490.09 abl=9490.09 full=9483.78 fvm=win fva=win
[P3-CHINA81] cn-prd-200c-01-V2-LOCATIONS seed=5 mother=9499.94 abl=9472.91 full=9486.80 fvm=win fva=loss
[P3-CHINA81] cn-prd-200c-02-V2-LOCATIONS seed=1 mother=9785.48 abl=9747.52 full=9736.92 fvm=win fva=win
[P3-CHINA81] cn-prd-200c-02-V2-LOCATIONS seed=3 mother=9762.38 abl=9737.64 full=9735.98 fvm=win fva=win
[P3-CHINA81] cn-prd-200c-02-V2-LOCATIONS seed=2 mother=9892.13 abl=9743.23 full=9739.06 fvm=win fva=win
[P3-CHINA81] cn-prd-200c-02-V2-LOCATIONS seed=4 mother=9786.60 abl=9741.19 full=9774.94 fvm=win fva=loss
[P3-CHINA81] cn-prd-200c-03-V2-LOCATIONS seed=2 mother=9713.24 abl=9713.24 full=9712.81 fvm=win fva=win
[P3-CHINA81] cn-prd-200c-02-V2-LOCATIONS seed=5 mother=9747.86 abl=9737.23 full=9743.96 fvm=win fva=loss
[P3-CHINA81] cn-prd-200c-03-V2-LOCATIONS seed=1 mother=9752.11 abl=9752.11 full=9722.96 fvm=win fva=win
[P3-CHINA81] cn-prd-20c-01-V2-LOCATIONS seed=1 mother=998.87 abl=997.31 full=997.31 fvm=win fva=tie
[P3-CHINA81] cn-prd-20c-01-V2-LOCATIONS seed=2 mother=1004.26 abl=997.31 full=997.31 fvm=win fva=tie
[P3-CHINA81] cn-prd-20c-01-V2-LOCATIONS seed=3 mother=997.31 abl=997.31 full=997.31 fvm=tie fva=tie
[P3-CHINA81] cn-prd-20c-01-V2-LOCATIONS seed=4 mother=997.31 abl=997.31 full=997.31 fvm=tie fva=tie
[P3-CHINA81] cn-prd-20c-01-V2-LOCATIONS seed=5 mother=998.87 abl=997.31 full=997.31 fvm=win fva=tie
[P3-CHINA81] cn-prd-20c-02-V2-LOCATIONS seed=1 mother=1044.30 abl=1044.30 full=1044.30 fvm=tie fva=tie
[P3-CHINA81] cn-prd-20c-02-V2-LOCATIONS seed=2 mother=1044.30 abl=1044.30 full=1044.30 fvm=tie fva=tie
[P3-CHINA81] cn-prd-20c-02-V2-LOCATIONS seed=3 mother=1044.30 abl=1044.30 full=1044.30 fvm=tie fva=tie
[P3-CHINA81] cn-prd-200c-03-V2-LOCATIONS seed=3 mother=9758.39 abl=9758.39 full=9758.39 fvm=tie fva=tie
[P3-CHINA81] cn-prd-20c-02-V2-LOCATIONS seed=4 mother=1044.30 abl=1044.30 full=1044.30 fvm=tie fva=tie
[P3-CHINA81] cn-prd-20c-02-V2-LOCATIONS seed=5 mother=1061.50 abl=1061.50 full=1061.50 fvm=tie fva=tie
[P3-CHINA81] cn-prd-20c-03-V2-LOCATIONS seed=1 mother=1030.26 abl=1030.26 full=1030.26 fvm=tie fva=tie
[P3-CHINA81] cn-prd-20c-03-V2-LOCATIONS seed=2 mother=1030.26 abl=1030.26 full=1030.26 fvm=tie fva=tie
[P3-CHINA81] cn-prd-20c-03-V2-LOCATIONS seed=3 mother=1030.26 abl=1030.26 full=1030.26 fvm=tie fva=tie
[P3-CHINA81] cn-prd-20c-03-V2-LOCATIONS seed=4 mother=1030.26 abl=1030.26 full=1030.26 fvm=tie fva=tie
[P3-CHINA81] cn-prd-20c-03-V2-LOCATIONS seed=5 mother=1030.26 abl=1030.26 full=1030.26 fvm=tie fva=tie
[P3-CHINA81] cn-prd-25c-01-V2-LOCATIONS seed=2 mother=1107.35 abl=1107.35 full=1107.35 fvm=tie fva=tie
[P3-CHINA81] cn-prd-25c-01-V2-LOCATIONS seed=1 mother=1107.35 abl=1107.35 full=1107.35 fvm=tie fva=tie
[P3-CHINA81] cn-prd-25c-01-V2-LOCATIONS seed=3 mother=1107.35 abl=1107.35 full=1107.35 fvm=tie fva=tie
[P3-CHINA81] cn-prd-25c-01-V2-LOCATIONS seed=4 mother=1107.35 abl=1107.35 full=1107.35 fvm=tie fva=tie
[P3-CHINA81] cn-prd-25c-01-V2-LOCATIONS seed=5 mother=1107.35 abl=1107.35 full=1107.35 fvm=tie fva=tie
[P3-CHINA81] cn-prd-25c-02-V2-LOCATIONS seed=1 mother=1289.95 abl=1289.95 full=1289.95 fvm=tie fva=tie
[P3-CHINA81] cn-prd-25c-02-V2-LOCATIONS seed=2 mother=1289.95 abl=1289.95 full=1289.95 fvm=tie fva=tie
[P3-CHINA81] cn-prd-25c-02-V2-LOCATIONS seed=3 mother=1289.95 abl=1289.95 full=1289.95 fvm=tie fva=tie
[P3-CHINA81] cn-prd-25c-02-V2-LOCATIONS seed=4 mother=1289.95 abl=1289.95 full=1289.95 fvm=tie fva=tie
[P3-CHINA81] cn-prd-25c-02-V2-LOCATIONS seed=5 mother=1289.95 abl=1289.95 full=1289.95 fvm=tie fva=tie
[P3-CHINA81] cn-prd-25c-03-V2-LOCATIONS seed=1 mother=1099.74 abl=1099.74 full=1099.74 fvm=tie fva=tie
[P3-CHINA81] cn-prd-25c-03-V2-LOCATIONS seed=2 mother=1099.74 abl=1099.74 full=1099.74 fvm=tie fva=tie
[P3-CHINA81] cn-prd-25c-03-V2-LOCATIONS seed=3 mother=1099.74 abl=1099.74 full=1099.74 fvm=tie fva=tie
[P3-CHINA81] cn-prd-25c-03-V2-LOCATIONS seed=4 mother=1099.74 abl=1099.74 full=1099.74 fvm=tie fva=tie
[P3-CHINA81] cn-prd-25c-03-V2-LOCATIONS seed=5 mother=1099.74 abl=1099.74 full=1099.74 fvm=tie fva=tie
[P3-CHINA81] cn-prd-50c-01-V2-LOCATIONS seed=2 mother=2358.73 abl=2358.73 full=2358.73 fvm=tie fva=tie
[P3-CHINA81] cn-prd-50c-01-V2-LOCATIONS seed=1 mother=2364.05 abl=2362.60 full=2357.50 fvm=win fva=win
[P3-CHINA81] cn-prd-50c-01-V2-LOCATIONS seed=3 mother=2362.12 abl=2362.12 full=2362.12 fvm=tie fva=tie
[P3-CHINA81] cn-prd-200c-03-V2-LOCATIONS seed=5 mother=9725.26 abl=9725.26 full=9725.26 fvm=tie fva=tie
[P3-CHINA81] cn-prd-50c-01-V2-LOCATIONS seed=4 mother=2364.38 abl=2364.38 full=2357.12 fvm=win fva=win
[P3-CHINA81] cn-prd-50c-01-V2-LOCATIONS seed=5 mother=2358.73 abl=2358.73 full=2357.12 fvm=win fva=win
[P3-CHINA81] cn-prd-200c-03-V2-LOCATIONS seed=4 mother=9749.04 abl=9749.04 full=9749.04 fvm=tie fva=tie
[P3-CHINA81] cn-prd-50c-02-V2-LOCATIONS seed=2 mother=2435.49 abl=2435.49 full=2435.49 fvm=tie fva=tie
[P3-CHINA81] cn-prd-50c-02-V2-LOCATIONS seed=1 mother=2458.71 abl=2458.71 full=2454.54 fvm=win fva=win
[P3-CHINA81] cn-prd-50c-02-V2-LOCATIONS seed=3 mother=2433.46 abl=2433.46 full=2433.46 fvm=tie fva=tie
[P3-CHINA81] cn-prd-50c-02-V2-LOCATIONS seed=5 mother=2433.31 abl=2433.31 full=2433.31 fvm=tie fva=tie
[P3-CHINA81] cn-prd-50c-02-V2-LOCATIONS seed=4 mother=2456.89 abl=2456.89 full=2454.54 fvm=win fva=win
[P3-CHINA81] cn-prd-50c-03-V2-LOCATIONS seed=1 mother=2500.60 abl=2500.56 full=2500.56 fvm=win fva=tie
[P3-CHINA81] cn-prd-50c-03-V2-LOCATIONS seed=2 mother=2505.50 abl=2500.56 full=2500.56 fvm=win fva=tie
[P3-CHINA81] cn-prd-50c-03-V2-LOCATIONS seed=3 mother=2500.60 abl=2500.56 full=2500.56 fvm=win fva=tie
[P3-CHINA81] cn-prd-50c-03-V2-LOCATIONS seed=5 mother=2501.28 abl=2500.56 full=2500.56 fvm=win fva=tie
[P3-CHINA81] cn-prd-50c-03-V2-LOCATIONS seed=4 mother=2500.60 abl=2500.56 full=2500.56 fvm=win fva=tie
[P3-CHINA81] cn-prd-75c-01-V2-LOCATIONS seed=1 mother=3576.75 abl=3576.75 full=3576.27 fvm=win fva=win
[P3-CHINA81] cn-prd-75c-01-V2-LOCATIONS seed=4 mother=3576.27 abl=3576.27 full=3576.27 fvm=tie fva=tie
[P3-CHINA81] cn-prd-75c-01-V2-LOCATIONS seed=2 mother=3576.27 abl=3576.27 full=3576.27 fvm=tie fva=tie
[P3-CHINA81] cn-prd-75c-01-V2-LOCATIONS seed=3 mother=3576.71 abl=3576.71 full=3576.71 fvm=tie fva=tie
[P3-CHINA81] cn-prd-75c-02-V2-LOCATIONS seed=1 mother=3588.80 abl=3588.80 full=3588.80 fvm=tie fva=tie
[P3-CHINA81] cn-prd-75c-02-V2-LOCATIONS seed=3 mother=3588.80 abl=3588.80 full=3588.80 fvm=tie fva=tie
[P3-CHINA81] cn-prd-75c-02-V2-LOCATIONS seed=2 mother=3588.80 abl=3588.80 full=3588.80 fvm=tie fva=tie
[P3-CHINA81] cn-prd-75c-01-V2-LOCATIONS seed=5 mother=3577.38 abl=3576.68 full=3576.68 fvm=win fva=tie
[P3-CHINA81] cn-prd-75c-02-V2-LOCATIONS seed=4 mother=3588.80 abl=3588.80 full=3588.80 fvm=tie fva=tie
[P3-CHINA81] cn-prd-75c-02-V2-LOCATIONS seed=5 mother=3588.82 abl=3588.82 full=3588.82 fvm=tie fva=tie
[P3-CHINA81] cn-prd-75c-03-V2-LOCATIONS seed=1 mother=3897.50 abl=3897.50 full=3897.50 fvm=tie fva=tie
[P3-CHINA81] cn-prd-75c-03-V2-LOCATIONS seed=3 mother=3897.50 abl=3897.50 full=3897.50 fvm=tie fva=tie
[P3-CHINA81] cn-prd-75c-03-V2-LOCATIONS seed=2 mother=3897.50 abl=3897.50 full=3897.50 fvm=tie fva=tie
[P3-CHINA81] cn-prd-75c-03-V2-LOCATIONS seed=4 mother=3897.50 abl=3897.50 full=3897.50 fvm=tie fva=tie
[P3-CHINA81] cn-prd-75c-03-V2-LOCATIONS seed=5 mother=3897.50 abl=3897.50 full=3897.50 fvm=tie fva=tie
